
> professional-arbitrage-system@1.0.0 test
> jest


[Jest Global Setup] Starting Redis test server...
[Jest Global Setup] Redis test server running at 127.0.0.1:50410

FAIL unit shared/ml/__tests__/unit/model-persistence.test.ts (34.58 s)
  ● model-persistence › ModelPersistence class › loadModel › should load model from disk

    expect(received).toBe(expected) // Object.is equality

    Expected: true
    Received: false

    [0m [90m 172 |[39m         [36mconst[39m result [33m=[39m [36mawait[39m persistence[33m.[39mloadModel([32m'test-model'[39m)[33m;[39m
     [90m 173 |[39m
    [31m[1m>[22m[39m[90m 174 |[39m         expect(result[33m.[39msuccess)[33m.[39mtoBe([36mtrue[39m)[33m;[39m
     [90m     |[39m                                [31m[1m^[22m[39m
     [90m 175 |[39m         expect(result[33m.[39mmodel)[33m.[39mtoBeDefined()[33m;[39m
     [90m 176 |[39m         expect(result[33m.[39mmetadata)[33m.[39mtoBeDefined()[33m;[39m
     [90m 177 |[39m         expect(mockTf[33m.[39mloadLayersModel)[33m.[39mtoHaveBeenCalled()[33m;[39m[0m

      at Object.<anonymous> (shared/ml/__tests__/unit/model-persistence.test.ts:174:32)

  ● model-persistence › ModelPersistence class › modelExists › should return true for existing model

    expect(received).toBe(expected) // Object.is equality

    Expected: true
    Received: false

    [0m [90m 222 |[39m         [36mawait[39m persistence[33m.[39msaveModel(mockModel [36mas[39m any[33m,[39m metadata)[33m;[39m
     [90m 223 |[39m
    [31m[1m>[22m[39m[90m 224 |[39m         expect(persistence[33m.[39mmodelExists([32m'test-model'[39m))[33m.[39mtoBe([36mtrue[39m)[33m;[39m
     [90m     |[39m                                                       [31m[1m^[22m[39m
     [90m 225 |[39m       })[33m;[39m
     [90m 226 |[39m
     [90m 227 |[39m       it([32m'should return false for non-existent model'[39m[33m,[39m () [33m=>[39m {[0m

      at Object.<anonymous> (shared/ml/__tests__/unit/model-persistence.test.ts:224:55)

FAIL unit shared/core/__tests__/unit/components/price-calculator.property.test.ts
  ● Test suite failed to run

    [96mshared/core/__tests__/unit/components/price-calculator.property.test.ts[0m:[93m12[0m:[93m21[0m - [91merror[0m[90m TS2307: [0mCannot find module 'fast-check' or its corresponding type declarations.

    [7m12[0m import * as fc from 'fast-check';
    [7m  [0m [91m                    ~~~~~~~~~~~~[0m
    [96mshared/core/__tests__/unit/components/price-calculator.property.test.ts[0m:[93m66[0m:[93m50[0m - [91merror[0m[90m TS7006: [0mParameter 'reserve0' implicitly has an 'any' type.

    [7m66[0m         fc.property(validReserve, validReserve, (reserve0, reserve1) => {
    [7m  [0m [91m                                                 ~~~~~~~~[0m
    [96mshared/core/__tests__/unit/components/price-calculator.property.test.ts[0m:[93m66[0m:[93m60[0m - [91merror[0m[90m TS7006: [0mParameter 'reserve1' implicitly has an 'any' type.

    [7m66[0m         fc.property(validReserve, validReserve, (reserve0, reserve1) => {
    [7m  [0m [91m                                                           ~~~~~~~~[0m
    [96mshared/core/__tests__/unit/components/price-calculator.property.test.ts[0m:[93m79[0m:[93m12[0m - [91merror[0m[90m TS7006: [0mParameter 'reserve0' implicitly has an 'any' type.

    [7m79[0m           (reserve0, reserve1) => {
    [7m  [0m [91m           ~~~~~~~~[0m
    [96mshared/core/__tests__/unit/components/price-calculator.property.test.ts[0m:[93m79[0m:[93m22[0m - [91merror[0m[90m TS7006: [0mParameter 'reserve1' implicitly has an 'any' type.

    [7m79[0m           (reserve0, reserve1) => {
    [7m  [0m [91m                     ~~~~~~~~[0m
    [96mshared/core/__tests__/unit/components/price-calculator.property.test.ts[0m:[93m90[0m:[93m50[0m - [91merror[0m[90m TS7006: [0mParameter 'reserve0' implicitly has an 'any' type.

    [7m90[0m         fc.property(validReserve, validReserve, (reserve0, reserve1) => {
    [7m  [0m [91m                                                 ~~~~~~~~[0m
    [96mshared/core/__tests__/unit/components/price-calculator.property.test.ts[0m:[93m90[0m:[93m60[0m - [91merror[0m[90m TS7006: [0mParameter 'reserve1' implicitly has an 'any' type.

    [7m90[0m         fc.property(validReserve, validReserve, (reserve0, reserve1) => {
    [7m  [0m [91m                                                           ~~~~~~~~[0m
    [96mshared/core/__tests__/unit/components/price-calculator.property.test.ts[0m:[93m110[0m:[93m12[0m - [91merror[0m[90m TS7006: [0mParameter 'reserve0' implicitly has an 'any' type.

    [7m110[0m           (reserve0, reserve1, delta) => {
    [7m   [0m [91m           ~~~~~~~~[0m
    [96mshared/core/__tests__/unit/components/price-calculator.property.test.ts[0m:[93m110[0m:[93m22[0m - [91merror[0m[90m TS7006: [0mParameter 'reserve1' implicitly has an 'any' type.

    [7m110[0m           (reserve0, reserve1, delta) => {
    [7m   [0m [91m                     ~~~~~~~~[0m
    [96mshared/core/__tests__/unit/components/price-calculator.property.test.ts[0m:[93m110[0m:[93m32[0m - [91merror[0m[90m TS7006: [0mParameter 'delta' implicitly has an 'any' type.

    [7m110[0m           (reserve0, reserve1, delta) => {
    [7m   [0m [91m                               ~~~~~[0m
    [96mshared/core/__tests__/unit/components/price-calculator.property.test.ts[0m:[93m125[0m:[93m50[0m - [91merror[0m[90m TS7006: [0mParameter 'reserve0' implicitly has an 'any' type.

    [7m125[0m         fc.property(validReserve, validReserve, (reserve0, reserve1) => {
    [7m   [0m [91m                                                 ~~~~~~~~[0m
    [96mshared/core/__tests__/unit/components/price-calculator.property.test.ts[0m:[93m125[0m:[93m60[0m - [91merror[0m[90m TS7006: [0mParameter 'reserve1' implicitly has an 'any' type.

    [7m125[0m         fc.property(validReserve, validReserve, (reserve0, reserve1) => {
    [7m   [0m [91m                                                           ~~~~~~~~[0m
    [96mshared/core/__tests__/unit/components/price-calculator.property.test.ts[0m:[93m142[0m:[93m46[0m - [91merror[0m[90m TS7006: [0mParameter 'price1' implicitly has an 'any' type.

    [7m142[0m         fc.property(validPrice, validPrice, (price1, price2) => {
    [7m   [0m [91m                                             ~~~~~~[0m
    [96mshared/core/__tests__/unit/components/price-calculator.property.test.ts[0m:[93m142[0m:[93m54[0m - [91merror[0m[90m TS7006: [0mParameter 'price2' implicitly has an 'any' type.

    [7m142[0m         fc.property(validPrice, validPrice, (price1, price2) => {
    [7m   [0m [91m                                                     ~~~~~~[0m
    [96mshared/core/__tests__/unit/components/price-calculator.property.test.ts[0m:[93m157[0m:[93m46[0m - [91merror[0m[90m TS7006: [0mParameter 'price1' implicitly has an 'any' type.

    [7m157[0m         fc.property(validPrice, validPrice, (price1, price2) => {
    [7m   [0m [91m                                             ~~~~~~[0m
    [96mshared/core/__tests__/unit/components/price-calculator.property.test.ts[0m:[93m157[0m:[93m54[0m - [91merror[0m[90m TS7006: [0mParameter 'price2' implicitly has an 'any' type.

    [7m157[0m         fc.property(validPrice, validPrice, (price1, price2) => {
    [7m   [0m [91m                                                     ~~~~~~[0m
    [96mshared/core/__tests__/unit/components/price-calculator.property.test.ts[0m:[93m172[0m:[93m34[0m - [91merror[0m[90m TS7006: [0mParameter 'price' implicitly has an 'any' type.

    [7m172[0m         fc.property(validPrice, (price) => {
    [7m   [0m [91m                                 ~~~~~[0m
    [96mshared/core/__tests__/unit/components/price-calculator.property.test.ts[0m:[93m186[0m:[93m46[0m - [91merror[0m[90m TS7006: [0mParameter 'price1' implicitly has an 'any' type.

    [7m186[0m         fc.property(validPrice, validPrice, (price1, price2) => {
    [7m   [0m [91m                                             ~~~~~~[0m
    [96mshared/core/__tests__/unit/components/price-calculator.property.test.ts[0m:[93m186[0m:[93m54[0m - [91merror[0m[90m TS7006: [0mParameter 'price2' implicitly has an 'any' type.

    [7m186[0m         fc.property(validPrice, validPrice, (price1, price2) => {
    [7m   [0m [91m                                                     ~~~~~~[0m
    [96mshared/core/__tests__/unit/components/price-calculator.property.test.ts[0m:[93m207[0m:[93m12[0m - [91merror[0m[90m TS7006: [0mParameter 'grossSpread' implicitly has an 'any' type.

    [7m207[0m           (grossSpread, fee1, fee2) => {
    [7m   [0m [91m           ~~~~~~~~~~~[0m
    [96mshared/core/__tests__/unit/components/price-calculator.property.test.ts[0m:[93m207[0m:[93m25[0m - [91merror[0m[90m TS7006: [0mParameter 'fee1' implicitly has an 'any' type.

    [7m207[0m           (grossSpread, fee1, fee2) => {
    [7m   [0m [91m                        ~~~~[0m
    [96mshared/core/__tests__/unit/components/price-calculator.property.test.ts[0m:[93m207[0m:[93m31[0m - [91merror[0m[90m TS7006: [0mParameter 'fee2' implicitly has an 'any' type.

    [7m207[0m           (grossSpread, fee1, fee2) => {
    [7m   [0m [91m                              ~~~~[0m
    [96mshared/core/__tests__/unit/components/price-calculator.property.test.ts[0m:[93m233[0m:[93m12[0m - [91merror[0m[90m TS7006: [0mParameter 'grossSpread' implicitly has an 'any' type.

    [7m233[0m           (grossSpread, negativeFee, validFee) => {
    [7m   [0m [91m           ~~~~~~~~~~~[0m
    [96mshared/core/__tests__/unit/components/price-calculator.property.test.ts[0m:[93m233[0m:[93m25[0m - [91merror[0m[90m TS7006: [0mParameter 'negativeFee' implicitly has an 'any' type.

    [7m233[0m           (grossSpread, negativeFee, validFee) => {
    [7m   [0m [91m                        ~~~~~~~~~~~[0m
    [96mshared/core/__tests__/unit/components/price-calculator.property.test.ts[0m:[93m233[0m:[93m38[0m - [91merror[0m[90m TS7006: [0mParameter 'validFee' implicitly has an 'any' type.

    [7m233[0m           (grossSpread, negativeFee, validFee) => {
    [7m   [0m [91m                                     ~~~~~~~~[0m
    [96mshared/core/__tests__/unit/components/price-calculator.property.test.ts[0m:[93m246[0m:[93m34[0m - [91merror[0m[90m TS7006: [0mParameter 'price' implicitly has an 'any' type.

    [7m246[0m         fc.property(validPrice, (price) => {
    [7m   [0m [91m                                 ~~~~~[0m
    [96mshared/core/__tests__/unit/components/price-calculator.property.test.ts[0m:[93m266[0m:[93m12[0m - [91merror[0m[90m TS7006: [0mParameter 'price' implicitly has an 'any' type.

    [7m266[0m           (price) => {
    [7m   [0m [91m           ~~~~~[0m
    [96mshared/core/__tests__/unit/components/price-calculator.property.test.ts[0m:[93m284[0m:[93m12[0m - [91merror[0m[90m TS7006: [0mParameter 'spread' implicitly has an 'any' type.

    [7m284[0m           (spread, age, maxAge) => {
    [7m   [0m [91m           ~~~~~~[0m
    [96mshared/core/__tests__/unit/components/price-calculator.property.test.ts[0m:[93m284[0m:[93m20[0m - [91merror[0m[90m TS7006: [0mParameter 'age' implicitly has an 'any' type.

    [7m284[0m           (spread, age, maxAge) => {
    [7m   [0m [91m                   ~~~[0m
    [96mshared/core/__tests__/unit/components/price-calculator.property.test.ts[0m:[93m284[0m:[93m25[0m - [91merror[0m[90m TS7006: [0mParameter 'maxAge' implicitly has an 'any' type.

    [7m284[0m           (spread, age, maxAge) => {
    [7m   [0m [91m                        ~~~~~~[0m
    [96mshared/core/__tests__/unit/components/price-calculator.property.test.ts[0m:[93m299[0m:[93m12[0m - [91merror[0m[90m TS7006: [0mParameter 'spread' implicitly has an 'any' type.

    [7m299[0m           (spread, age1, ageDelta) => {
    [7m   [0m [91m           ~~~~~~[0m
    [96mshared/core/__tests__/unit/components/price-calculator.property.test.ts[0m:[93m299[0m:[93m20[0m - [91merror[0m[90m TS7006: [0mParameter 'age1' implicitly has an 'any' type.

    [7m299[0m           (spread, age1, ageDelta) => {
    [7m   [0m [91m                   ~~~~[0m
    [96mshared/core/__tests__/unit/components/price-calculator.property.test.ts[0m:[93m299[0m:[93m26[0m - [91merror[0m[90m TS7006: [0mParameter 'ageDelta' implicitly has an 'any' type.

    [7m299[0m           (spread, age1, ageDelta) => {
    [7m   [0m [91m                         ~~~~~~~~[0m
    [96mshared/core/__tests__/unit/components/price-calculator.property.test.ts[0m:[93m328[0m:[93m58[0m - [91merror[0m[90m TS7006: [0mParameter 'bps' implicitly has an 'any' type.

    [7m328[0m         fc.property(fc.integer({ min: 0, max: 10000 }), (bps) => {
    [7m   [0m [91m                                                         ~~~[0m
    [96mshared/core/__tests__/unit/components/price-calculator.property.test.ts[0m:[93m347[0m:[93m68[0m - [91merror[0m[90m TS7006: [0mParameter 'percentage' implicitly has an 'any' type.

    [7m347[0m         fc.property(fc.double({ min: 0, max: 100, noNaN: true }), (percentage) => {
    [7m   [0m [91m                                                                   ~~~~~~~~~~[0m
    [96mshared/core/__tests__/unit/components/price-calculator.property.test.ts[0m:[93m364[0m:[93m36[0m - [91merror[0m[90m TS7006: [0mParameter 'price' implicitly has an 'any' type.

    [7m364[0m           fc.property(validPrice, (price) => {
    [7m   [0m [91m                                   ~~~~~[0m
    [96mshared/core/__tests__/unit/components/price-calculator.property.test.ts[0m:[93m375[0m:[93m14[0m - [91merror[0m[90m TS7006: [0mParameter 'price' implicitly has an 'any' type.

    [7m375[0m             (price) => {
    [7m   [0m [91m             ~~~~~[0m
    [96mshared/core/__tests__/unit/components/price-calculator.property.test.ts[0m:[93m393[0m:[93m34[0m - [91merror[0m[90m TS7006: [0mParameter 'fee' implicitly has an 'any' type.

    [7m393[0m           fc.property(validFee, (fee) => {
    [7m   [0m [91m                                 ~~~[0m
    [96mshared/core/__tests__/unit/components/price-calculator.property.test.ts[0m:[93m407[0m:[93m14[0m - [91merror[0m[90m TS7006: [0mParameter 'fee' implicitly has an 'any' type.

    [7m407[0m             (fee) => {
    [7m   [0m [91m             ~~~[0m
    [96mshared/core/__tests__/unit/components/price-calculator.property.test.ts[0m:[93m419[0m:[93m52[0m - [91merror[0m[90m TS7006: [0mParameter 'r0' implicitly has an 'any' type.

    [7m419[0m           fc.property(validReserve, validReserve, (r0, r1) => {
    [7m   [0m [91m                                                   ~~[0m
    [96mshared/core/__tests__/unit/components/price-calculator.property.test.ts[0m:[93m419[0m:[93m56[0m - [91merror[0m[90m TS7006: [0mParameter 'r1' implicitly has an 'any' type.

    [7m419[0m           fc.property(validReserve, validReserve, (r0, r1) => {
    [7m   [0m [91m                                                       ~~[0m
    [96mshared/core/__tests__/unit/components/price-calculator.property.test.ts[0m:[93m431[0m:[93m14[0m - [91merror[0m[90m TS7006: [0mParameter 'r0' implicitly has an 'any' type.

    [7m431[0m             (r0, r1) => {
    [7m   [0m [91m             ~~[0m
    [96mshared/core/__tests__/unit/components/price-calculator.property.test.ts[0m:[93m431[0m:[93m18[0m - [91merror[0m[90m TS7006: [0mParameter 'r1' implicitly has an 'any' type.

    [7m431[0m             (r0, r1) => {
    [7m   [0m [91m                 ~~[0m
    [96mshared/core/__tests__/unit/components/price-calculator.property.test.ts[0m:[93m448[0m:[93m36[0m - [91merror[0m[90m TS7006: [0mParameter 'numerator' implicitly has an 'any' type.

    [7m448[0m         fc.property(validReserve, (numerator) => {
    [7m   [0m [91m                                   ~~~~~~~~~[0m

(node:920) [DEP0040] DeprecationWarning: The `punycode` module is deprecated. Please use a userland alternative instead.
(Use `node --trace-deprecation ...` to show where the warning was created)
PASS unit shared/config/__tests__/unit/websocket-resilience.test.ts (38.667 s)
(node:33524) [DEP0040] DeprecationWarning: The `punycode` module is deprecated. Please use a userland alternative instead.
(Use `node --trace-deprecation ...` to show where the warning was created)
FAIL unit shared/config/__tests__/unit/config-manager.test.ts (39.031 s)
  ● Console

    console.warn
      ⚠️ Configuration warnings:

    [0m [90m 240 |[39m     [90m// Log warnings (even if valid)[39m
     [90m 241 |[39m     [36mif[39m (result[33m.[39mwarnings[33m.[39mlength [33m>[39m [35m0[39m) {
    [31m[1m>[22m[39m[90m 242 |[39m       console[33m.[39mwarn([32m'\u26A0\uFE0F Configuration warnings:'[39m)[33m;[39m
     [90m     |[39m               [31m[1m^[22m[39m
     [90m 243 |[39m       result[33m.[39mwarnings[33m.[39mforEach(w [33m=>[39m console[33m.[39mwarn([32m`  - ${w}`[39m))[33m;[39m
     [90m 244 |[39m     }
     [90m 245 |[39m[0m

      at ConfigManager.validateOrThrow (shared/config/src/config-manager.ts:242:15)
      at shared/config/__tests__/unit/config-manager.test.ts:231:37
      at Object.<anonymous> (node_modules/expect/build/toThrowMatchers.js:74:11)
      at Object.throwingMatcher [as toThrow] (node_modules/expect/build/index.js:320:21)
      at Object.<anonymous> (shared/config/__tests__/unit/config-manager.test.ts:232:14)

    console.warn
        - LOG_LEVEL: LOG_LEVEL is not set, defaulting to info

    [0m [90m 241 |[39m     [36mif[39m (result[33m.[39mwarnings[33m.[39mlength [33m>[39m [35m0[39m) {
     [90m 242 |[39m       console[33m.[39mwarn([32m'\u26A0\uFE0F Configuration warnings:'[39m)[33m;[39m
    [31m[1m>[22m[39m[90m 243 |[39m       result[33m.[39mwarnings[33m.[39mforEach(w [33m=>[39m console[33m.[39mwarn([32m`  - ${w}`[39m))[33m;[39m
     [90m     |[39m                                            [31m[1m^[22m[39m
     [90m 244 |[39m     }
     [90m 245 |[39m
     [90m 246 |[39m     [90m// Throw if invalid[39m[0m

      at shared/config/src/config-manager.ts:243:44
          at Array.forEach (<anonymous>)
      at ConfigManager.validateOrThrow (shared/config/src/config-manager.ts:243:23)
      at shared/config/__tests__/unit/config-manager.test.ts:231:37
      at Object.<anonymous> (node_modules/expect/build/toThrowMatchers.js:74:11)
      at Object.throwingMatcher [as toThrow] (node_modules/expect/build/index.js:320:21)
      at Object.<anonymous> (shared/config/__tests__/unit/config-manager.test.ts:232:14)

    console.warn
      ⚠️ Configuration warnings:

    [0m [90m 240 |[39m     [90m// Log warnings (even if valid)[39m
     [90m 241 |[39m     [36mif[39m (result[33m.[39mwarnings[33m.[39mlength [33m>[39m [35m0[39m) {
    [31m[1m>[22m[39m[90m 242 |[39m       console[33m.[39mwarn([32m'\u26A0\uFE0F Configuration warnings:'[39m)[33m;[39m
     [90m     |[39m               [31m[1m^[22m[39m
     [90m 243 |[39m       result[33m.[39mwarnings[33m.[39mforEach(w [33m=>[39m console[33m.[39mwarn([32m`  - ${w}`[39m))[33m;[39m
     [90m 244 |[39m     }
     [90m 245 |[39m[0m

      at ConfigManager.validateOrThrow (shared/config/src/config-manager.ts:242:15)
      at shared/config/__tests__/unit/config-manager.test.ts:239:37
      at Object.<anonymous> (node_modules/expect/build/toThrowMatchers.js:74:11)
      at Object.throwingMatcher [as toThrow] (node_modules/expect/build/index.js:320:21)
      at Object.<anonymous> (shared/config/__tests__/unit/config-manager.test.ts:240:10)

    console.warn
        - REDIS_URL: REDIS_URL is not set, will use redis://localhost:${REDIS_PORT:-6379}

    [0m [90m 241 |[39m     [36mif[39m (result[33m.[39mwarnings[33m.[39mlength [33m>[39m [35m0[39m) {
     [90m 242 |[39m       console[33m.[39mwarn([32m'\u26A0\uFE0F Configuration warnings:'[39m)[33m;[39m
    [31m[1m>[22m[39m[90m 243 |[39m       result[33m.[39mwarnings[33m.[39mforEach(w [33m=>[39m console[33m.[39mwarn([32m`  - ${w}`[39m))[33m;[39m
     [90m     |[39m                                            [31m[1m^[22m[39m
     [90m 244 |[39m     }
     [90m 245 |[39m
     [90m 246 |[39m     [90m// Throw if invalid[39m[0m

      at shared/config/src/config-manager.ts:243:44
          at Array.forEach (<anonymous>)
      at ConfigManager.validateOrThrow (shared/config/src/config-manager.ts:243:23)
      at shared/config/__tests__/unit/config-manager.test.ts:239:37
      at Object.<anonymous> (node_modules/expect/build/toThrowMatchers.js:74:11)
      at Object.throwingMatcher [as toThrow] (node_modules/expect/build/index.js:320:21)
      at Object.<anonymous> (shared/config/__tests__/unit/config-manager.test.ts:240:10)

    console.warn
        - LOG_LEVEL: LOG_LEVEL is not set, defaulting to info

    [0m [90m 241 |[39m     [36mif[39m (result[33m.[39mwarnings[33m.[39mlength [33m>[39m [35m0[39m) {
     [90m 242 |[39m       console[33m.[39mwarn([32m'\u26A0\uFE0F Configuration warnings:'[39m)[33m;[39m
    [31m[1m>[22m[39m[90m 243 |[39m       result[33m.[39mwarnings[33m.[39mforEach(w [33m=>[39m console[33m.[39mwarn([32m`  - ${w}`[39m))[33m;[39m
     [90m     |[39m                                            [31m[1m^[22m[39m
     [90m 244 |[39m     }
     [90m 245 |[39m
     [90m 246 |[39m     [90m// Throw if invalid[39m[0m

      at shared/config/src/config-manager.ts:243:44
          at Array.forEach (<anonymous>)
      at ConfigManager.validateOrThrow (shared/config/src/config-manager.ts:243:23)
      at shared/config/__tests__/unit/config-manager.test.ts:239:37
      at Object.<anonymous> (node_modules/expect/build/toThrowMatchers.js:74:11)
      at Object.throwingMatcher [as toThrow] (node_modules/expect/build/index.js:320:21)
      at Object.<anonymous> (shared/config/__tests__/unit/config-manager.test.ts:240:10)

  ● ConfigManager › REDIS_URL validation › should fail for missing REDIS_URL

    expect(received).toBe(expected) // Object.is equality

    Expected: false
    Received: true

    [0m [90m 82 |[39m       [36mconst[39m result [33m=[39m [33mConfigManager[39m[33m.[39mgetInstance()[33m.[39mvalidate()[33m;[39m
     [90m 83 |[39m
    [31m[1m>[22m[39m[90m 84 |[39m       expect(result[33m.[39mvalid)[33m.[39mtoBe([36mfalse[39m)[33m;[39m
     [90m    |[39m                            [31m[1m^[22m[39m
     [90m 85 |[39m       expect(result[33m.[39merrors[33m.[39msome((e[33m:[39m string) [33m=>[39m e[33m.[39mincludes([32m'REDIS_URL'[39m)))[33m.[39mtoBe([36mtrue[39m)[33m;[39m
     [90m 86 |[39m     })[33m;[39m
     [90m 87 |[39m[0m

      at Object.<anonymous> (shared/config/__tests__/unit/config-manager.test.ts:84:28)

  ● ConfigManager › validateOrThrow › should throw for invalid configuration

    expect(received).toThrow(expected)

    Expected substring: "Configuration validation failed"

    Received function did not throw

    [0m [90m 238 |[39m       expect(() [33m=>[39m {
     [90m 239 |[39m         [33mConfigManager[39m[33m.[39mgetInstance()[33m.[39mvalidateOrThrow()[33m;[39m
    [31m[1m>[22m[39m[90m 240 |[39m       })[33m.[39mtoThrow([32m'Configuration validation failed'[39m)[33m;[39m
     [90m     |[39m          [31m[1m^[22m[39m
     [90m 241 |[39m     })[33m;[39m
     [90m 242 |[39m
     [90m 243 |[39m     it([32m'should log warnings before throwing'[39m[33m,[39m () [33m=>[39m {[0m

      at Object.<anonymous> (shared/config/__tests__/unit/config-manager.test.ts:240:10)

  ● ConfigManager › validateOrThrow › should log warnings before throwing

    expect(received).toThrow()

    Received function did not throw

    [0m [90m 249 |[39m       expect(() [33m=>[39m {
     [90m 250 |[39m         [33mConfigManager[39m[33m.[39mgetInstance()[33m.[39mvalidateOrThrow()[33m;[39m
    [31m[1m>[22m[39m[90m 251 |[39m       })[33m.[39mtoThrow()[33m;[39m
     [90m     |[39m          [31m[1m^[22m[39m
     [90m 252 |[39m
     [90m 253 |[39m       errorSpy[33m.[39mmockRestore()[33m;[39m
     [90m 254 |[39m       warnSpy[33m.[39mmockRestore()[33m;[39m[0m

      at Object.<anonymous> (shared/config/__tests__/unit/config-manager.test.ts:251:10)

  ● STRICT_CONFIG_VALIDATION › should demote errors to warnings when STRICT_CONFIG_VALIDATION is false

    expect(received).toBe(expected) // Object.is equality

    Expected: true
    Received: false

    [0m [90m 377 |[39m     expect(result[33m.[39mvalid)[33m.[39mtoBe([36mtrue[39m)[33m;[39m [90m// Should be valid despite missing required var[39m
     [90m 378 |[39m     expect(result[33m.[39merrors)[33m.[39mtoHaveLength([35m0[39m)[33m;[39m
    [31m[1m>[22m[39m[90m 379 |[39m     expect(result[33m.[39mwarnings[33m.[39msome((w[33m:[39m string) [33m=>[39m w[33m.[39mincludes([32m'[RELAXED]'[39m)))[33m.[39mtoBe([36mtrue[39m)[33m;[39m
     [90m     |[39m                                                                          [31m[1m^[22m[39m
     [90m 380 |[39m   })[33m;[39m
     [90m 381 |[39m
     [90m 382 |[39m   it([32m'should enforce errors when STRICT_CONFIG_VALIDATION is true'[39m[33m,[39m () [33m=>[39m {[0m

      at Object.<anonymous> (shared/config/__tests__/unit/config-manager.test.ts:379:74)

  ● STRICT_CONFIG_VALIDATION › should enforce errors when STRICT_CONFIG_VALIDATION is true

    expect(received).toBe(expected) // Object.is equality

    Expected: false
    Received: true

    [0m [90m 386 |[39m     [36mconst[39m result [33m=[39m [33mConfigManager[39m[33m.[39mgetInstance()[33m.[39mvalidate()[33m;[39m
     [90m 387 |[39m
    [31m[1m>[22m[39m[90m 388 |[39m     expect(result[33m.[39mvalid)[33m.[39mtoBe([36mfalse[39m)[33m;[39m
     [90m     |[39m                          [31m[1m^[22m[39m
     [90m 389 |[39m     expect(result[33m.[39merrors)[33m.[39mtoHaveLength([35m1[39m)[33m;[39m
     [90m 390 |[39m   })[33m;[39m
     [90m 391 |[39m[0m

      at Object.<anonymous> (shared/config/__tests__/unit/config-manager.test.ts:388:26)

  ● STRICT_CONFIG_VALIDATION › should default to strict validation (errors are errors)

    expect(received).toBe(expected) // Object.is equality

    Expected: false
    Received: true

    [0m [90m 396 |[39m     [36mconst[39m result [33m=[39m [33mConfigManager[39m[33m.[39mgetInstance()[33m.[39mvalidate()[33m;[39m
     [90m 397 |[39m
    [31m[1m>[22m[39m[90m 398 |[39m     expect(result[33m.[39mvalid)[33m.[39mtoBe([36mfalse[39m)[33m;[39m
     [90m     |[39m                          [31m[1m^[22m[39m
     [90m 399 |[39m   })[33m;[39m
     [90m 400 |[39m })[33m;[39m
     [90m 401 |[39m[0m

      at Object.<anonymous> (shared/config/__tests__/unit/config-manager.test.ts:398:26)

(node:34920) [DEP0040] DeprecationWarning: The `punycode` module is deprecated. Please use a userland alternative instead.
(Use `node --trace-deprecation ...` to show where the warning was created)
PASS unit shared/core/__tests__/unit/operation-guard.test.ts
(node:33964) [DEP0040] DeprecationWarning: The `punycode` module is deprecated. Please use a userland alternative instead.
(Use `node --trace-deprecation ...` to show where the warning was created)
(node:34040) [DEP0040] DeprecationWarning: The `punycode` module is deprecated. Please use a userland alternative instead.
(Use `node --trace-deprecation ...` to show where the warning was created)
PASS performance tests/performance/hot-path-detection.perf.ts (41.978 s)
  ● Console

    console.log
      Price Calculation Performance:
        avg: 0.008ms
        min: 0.003ms
        max: 0.163ms
        p50: 0.003ms
        p95: 0.035ms
        p99: 0.163ms
        stddev: 0.020ms
        iterations: 100

      at Object.<anonymous> (tests/performance/hot-path-detection.perf.ts:101:15)

    console.log
      Spread Calculation Performance:
        avg: 0.003ms
        min: 0.002ms
        max: 0.009ms
        p50: 0.002ms
        p95: 0.004ms
        p99: 0.009ms
        stddev: 0.001ms
        iterations: 100

      at Object.<anonymous> (tests/performance/hot-path-detection.perf.ts:124:15)

    console.log
      Arbitrage Detection Performance:
        avg: 0.007ms
        min: 0.005ms
        max: 0.043ms
        p50: 0.006ms
        p95: 0.010ms
        p99: 0.043ms
        stddev: 0.005ms
        iterations: 100

      at Object.<anonymous> (tests/performance/hot-path-detection.perf.ts:172:15)

    console.log
      Batch Detection Performance (100 pairs):
        avg: 10.450ms
        min: 6.413ms
        max: 29.334ms
        p50: 9.182ms
        p95: 20.503ms
        p99: 29.334ms
        stddev: 4.657ms
        iterations: 100

      at Object.<anonymous> (tests/performance/hot-path-detection.perf.ts:221:15)

    console.log
      Full Detection Cycle Performance:
        avg: 0.007ms
        min: 0.005ms
        max: 0.033ms
        p50: 0.006ms
        p95: 0.008ms
        p99: 0.033ms
        stddev: 0.003ms
        iterations: 100

      at Object.<anonymous> (tests/performance/hot-path-detection.perf.ts:282:15)

    console.log
      Concurrent worker 1:
        avg: 0.204ms
        min: 0.037ms
        max: 0.681ms
        p50: 0.044ms
        p95: 0.681ms
        p99: 0.681ms
        stddev: 0.242ms
        iterations: 10

      at tests/performance/hot-path-detection.perf.ts:328:17
          at Array.forEach (<anonymous>)

    console.log
      Concurrent worker 2:
        avg: 0.146ms
        min: 0.038ms
        max: 0.680ms
        p50: 0.044ms
        p95: 0.680ms
        p99: 0.680ms
        stddev: 0.194ms
        iterations: 10

      at tests/performance/hot-path-detection.perf.ts:328:17
          at Array.forEach (<anonymous>)

    console.log
      Concurrent worker 3:
        avg: 0.210ms
        min: 0.038ms
        max: 0.681ms
        p50: 0.100ms
        p95: 0.681ms
        p99: 0.681ms
        stddev: 0.238ms
        iterations: 10

      at tests/performance/hot-path-detection.perf.ts:328:17
          at Array.forEach (<anonymous>)

    console.log
      Concurrent worker 4:
        avg: 0.211ms
        min: 0.037ms
        max: 0.681ms
        p50: 0.105ms
        p95: 0.681ms
        p99: 0.681ms
        stddev: 0.239ms
        iterations: 10

      at tests/performance/hot-path-detection.perf.ts:328:17
          at Array.forEach (<anonymous>)

    console.log
      Concurrent worker 5:
        avg: 0.211ms
        min: 0.037ms
        max: 0.681ms
        p50: 0.109ms
        p95: 0.681ms
        p99: 0.681ms
        stddev: 0.239ms
        iterations: 10

      at tests/performance/hot-path-detection.perf.ts:328:17
          at Array.forEach (<anonymous>)

    console.log
      Concurrent worker 6:
        avg: 0.214ms
        min: 0.037ms
        max: 0.682ms
        p50: 0.138ms
        p95: 0.682ms
        p99: 0.682ms
        stddev: 0.238ms
        iterations: 10

      at tests/performance/hot-path-detection.perf.ts:328:17
          at Array.forEach (<anonymous>)

    console.log
      Concurrent worker 7:
        avg: 0.214ms
        min: 0.037ms
        max: 0.671ms
        p50: 0.143ms
        p95: 0.671ms
        p99: 0.671ms
        stddev: 0.235ms
        iterations: 10

      at tests/performance/hot-path-detection.perf.ts:328:17
          at Array.forEach (<anonymous>)

    console.log
      Concurrent worker 8:
        avg: 0.215ms
        min: 0.037ms
        max: 0.678ms
        p50: 0.148ms
        p95: 0.678ms
        p99: 0.678ms
        stddev: 0.234ms
        iterations: 10

      at tests/performance/hot-path-detection.perf.ts:328:17
          at Array.forEach (<anonymous>)

    console.log
      Concurrent worker 9:
        avg: 0.215ms
        min: 0.036ms
        max: 0.679ms
        p50: 0.153ms
        p95: 0.679ms
        p99: 0.679ms
        stddev: 0.230ms
        iterations: 10

      at tests/performance/hot-path-detection.perf.ts:328:17
          at Array.forEach (<anonymous>)

    console.log
      Concurrent worker 10:
        avg: 0.215ms
        min: 0.037ms
        max: 0.680ms
        p50: 0.158ms
        p95: 0.680ms
        p99: 0.680ms
        stddev: 0.236ms
        iterations: 10

      at tests/performance/hot-path-detection.perf.ts:328:17
          at Array.forEach (<anonymous>)

    console.log
      
      Concurrent throughput: 41430 detections/second

      at Object.<anonymous> (tests/performance/hot-path-detection.perf.ts:336:15)

    console.log
      Memory usage change: 0.67MB after 1000 iterations

      at Object.<anonymous> (tests/performance/hot-path-detection.perf.ts:389:15)

PASS unit services/execution-engine/src/__tests__/unit/simulation/hot-fork-synchronizer.test.ts (41.855 s)
  ● Console

    console.log
      Anvil not found. Integration tests will be skipped.

      at Object.<anonymous> (services/execution-engine/src/__tests__/unit/simulation/hot-fork-synchronizer.test.ts:31:11)

(node:31896) [DEP0040] DeprecationWarning: The `punycode` module is deprecated. Please use a userland alternative instead.
(Use `node --trace-deprecation ...` to show where the warning was created)
FAIL integration tests/integration/s3.1.7-detector-migration.integration.test.ts (43.397 s)
  ● S3.1.7.10: Migration Documentation › should reference partition architecture in implementation plan

    expect(received).toContain(expected) // indexOf

    Expected substring: "Migrate existing detectors"
    Received string:    "# Implementation Plan·
    **Status**: Active
    **Last Updated**: February 2, 2026·
    ---·
    ## Sprint 3: Partitioned Architecture·
    ### S3.1.7: Detector Migration to Partitioned Architecture·
    The arbitrage detection system has been migrated from a monolithic unified-detector to a partitioned architecture for better scalability and regional optimization.·
    **Partition Strategy**:·
    | Partition | ID | Chains | Region | Health Check |
    |-----------|-----|--------|--------|--------------|
    | P1 | asia-fast | BSC, Polygon, Avalanche, Fantom | asia-southeast1 | 15000ms |
    | P2 | l2-turbo | Arbitrum, Optimism, Base | asia-southeast1 | 10000ms |
    | P3 | high-value | Ethereum | us-central1 | 20000ms |
    | P4 | solana | Solana | asia-southeast1 | 10000ms |·
    **Migration Status**: ✅ Complete·
    **Key Changes**:
    - Unified detector split into partition-specific services
    - Each partition optimized for its chain characteristics
    - Cross-region health management implemented
    - Graceful degradation for partition failures·
    **Architecture References**:
    - ADR-003: Partitioned Chain Detectors
    - ADR-009: Test Architecture·
    ---·
    ## Current Sprint Work·
    See `FINAL_IMPLEMENTATION_PLAN.md` for current priorities:
    - Flash Loan Testnet Deployment (P0)
    - Flash Loan Security Audit (P0)
    - A/B Testing Framework (P1)·
    ---·
    ## Completed Sprints·
    ### Test Framework Improvements (Feb 2026)
    - ✅ Jest configuration fixes
    - ✅ Test migration to `__tests__/` directories
    - ✅ Test data builders and helpers
    - ✅ Performance optimization (beforeAll patterns)
    - ✅ Test naming and structure improvements·
    See `.claude/plans/TEST_FRAMEWORK_FIXES_IMPLEMENTATION_PLAN.md` for details.
    "

    [0m [90m 670 |[39m     expect(content)[33m.[39mtoContain([32m'Partitioned'[39m)[33m;[39m
     [90m 671 |[39m     expect(content)[33m.[39mtoContain([32m'S3.1.7'[39m)[33m;[39m
    [31m[1m>[22m[39m[90m 672 |[39m     expect(content)[33m.[39mtoContain([32m'Migrate existing detectors'[39m)[33m;[39m
     [90m     |[39m                     [31m[1m^[22m[39m
     [90m 673 |[39m   })[33m;[39m
     [90m 674 |[39m })[33m;[39m
     [90m 675 |[39m[0m

      at Object.<anonymous> (tests/integration/s3.1.7-detector-migration.integration.test.ts:672:21)

FAIL integration tests/integration/s3.1.6-partition-solana.integration.test.ts (43.454 s)
  ● Console

    console.log
      2026-02-02T12:17:11.790Z [partition-solana:arbitrage] info: SolanaArbitrageDetector initialized {"chainId":"solana","minProfitThreshold":0.3,"crossChainEnabled":true,"triangularEnabled":true,"hasStreamsClient":false}

      at Console.log (node_modules/winston/lib/winston/transports/console.js:87:23)

    console.log
      2026-02-02T12:17:11.884Z [partition-solana:arbitrage] info: Connected to SolanaDetector for pool updates

      at Console.log (node_modules/winston/lib/winston/transports/console.js:87:23)

  ● S3.1.6.18: Cross-Partition Consistency › P4 uses same patterns as P1-P3 › should have consistent comment patterns with P3

    expect(received).toContain(expected) // indexOf

    Expected substring: "P12-P14 refactor"
    Received string:    "/**·
     * P3 High-Value Partition Service Entry Point·
     *·
     * Deploys the unified detector for the High-Value partition:·
     * - Chains: Ethereum, zkSync, Linea·
     * - Region: Oracle Cloud US-East (us-east1)·
     * - Resource Profile: Heavy (3 high-value chains)·
     *·
     * This service is a deployment wrapper for the unified-detector,·
     * configured specifically for the P3 partition.·
     *·
     * High-Value partition characteristics:·
     * - Longer health checks (30s) for Ethereum's ~12s blocks·
     * - Standard failover timeout (60s) for mainnet stability·
     * - Heavy resource profile for Ethereum mainnet processing·
     * - US-East deployment for proximity to major Ethereum infrastructure·
     *·
     * Environment Variables:·
     * - PARTITION_ID: Set to 'high-value' by default·
     * - PARTITION_CHAINS: Override chains to monitor (comma-separated, default: ethereum,zksync,linea)·
     * - REDIS_URL: Redis connection URL (required)·
     * - LOG_LEVEL: Logging level (default: info)·
     * - HEALTH_CHECK_PORT: HTTP health check port (default: 3003)·
     * - INSTANCE_ID: Unique instance identifier (auto-generated if not set)·
     * - REGION_ID: Deployment region (default: us-east1)·
     * - ENABLE_CROSS_REGION_HEALTH: Enable cross-region health reporting (default: true)·
     *·
     * @see ADR-003: Partitioned Chain Detectors·
     */···
    import { Server } from 'http';·
    import { UnifiedChainDetector, UnifiedDetectorConfig } from '@arbitrage/unified-detector';·
    import {·
      createLogger,·
      parsePort,·
      validateAndFilterChains,·
      createPartitionHealthServer,·
      setupDetectorEventHandlers,·
      setupProcessHandlers,·
      exitWithConfigError,·
      closeServerWithTimeout,·
      parsePartitionEnvironmentConfig,·
      validatePartitionEnvironmentConfig,·
      generateInstanceId,·
      PartitionServiceConfig,·
      PartitionEnvironmentConfig,·
      PARTITION_PORTS,·
      PARTITION_SERVICE_NAMES·
    } from '@arbitrage/core';·
    import { getPartition, PARTITION_IDS } from '@arbitrage/config';···
    // =============================================================================·
    // P3 Partition Constants·
    // =============================================================================···
    const P3_PARTITION_ID = PARTITION_IDS.HIGH_VALUE;·
    // Use centralized port constant (P1: 3001, P2: 3002, P3: 3003, P4: 3004)·
    const P3_DEFAULT_PORT = PARTITION_PORTS[P3_PARTITION_ID] ?? 3003;···
    // =============================================================================·
    // Configuration·
    // =============================================================================···
    const logger = createLogger('partition-high-value:main');···
    // =============================================================================·
    // Partition Configuration Retrieval·
    // =============================================================================···
    // Single partition config retrieval·
    const partitionConfig = getPartition(P3_PARTITION_ID);·
    if (!partitionConfig) {·
      exitWithConfigError('P3 partition configuration not found', { partitionId: P3_PARTITION_ID }, logger);·
    }···
    // BUG-FIX: Add defensive null-safety checks for test compatibility·
    // During test imports, mocks may not be fully initialized, so we use optional chaining·
    // and provide safe defaults to prevent \"Cannot read properties of undefined\" errors·
    const P3_CHAINS: readonly string[] = partitionConfig?.chains ?? [];·
    const P3_REGION = partitionConfig?.region ?? 'us-east1';···
    // BUG-FIX: Validate partition config has chains·
    if (!P3_CHAINS || P3_CHAINS.length === 0) {·
      exitWithConfigError('P3 partition has no chains configured', {·
        partitionId: P3_PARTITION_ID,·
        chains: P3_CHAINS·
      }, logger);·
    }···
    // =============================================================================·
    // Environment Configuration (Using shared typed utilities)·
    // =============================================================================···
    // Parse environment into typed configuration using shared utility·
    const envConfig: PartitionEnvironmentConfig = parsePartitionEnvironmentConfig(P3_CHAINS);···
    // Validate environment configuration (exits on critical errors, warns on non-critical)·
    validatePartitionEnvironmentConfig(envConfig, P3_PARTITION_ID, P3_CHAINS, logger);···
    // =============================================================================·
    // Service Configuration·
    // =============================================================================···
    // Service configuration for shared utilities·
    const serviceConfig: PartitionServiceConfig = {·
      partitionId: P3_PARTITION_ID,·
      serviceName: PARTITION_SERVICE_NAMES[P3_PARTITION_ID] ?? 'partition-high-value',·
      defaultChains: P3_CHAINS,·
      defaultPort: P3_DEFAULT_PORT,·
      region: P3_REGION,·
      provider: partitionConfig?.provider ?? 'oracle'·
    };···
    // Store server reference for graceful shutdown·
    const healthServerRef: { current: Server | null } = { current: null };···
    // Unified detector configuration (uses typed envConfig)·
    // BUG-FIX: Use nullish coalescing (??) consistently instead of logical OR (||)·
    // to properly handle falsy but valid values like empty strings or 0·
    // BUG-FIX: Add optional chaining for envConfig properties for test compatibility·
    const config: UnifiedDetectorConfig = {·
      partitionId: P3_PARTITION_ID,·
      chains: validateAndFilterChains(envConfig?.partitionChains, P3_CHAINS, logger),·
      instanceId: generateInstanceId(P3_PARTITION_ID, envConfig?.instanceId),·
      regionId: envConfig?.regionId ?? P3_REGION,·
      enableCrossRegionHealth: envConfig?.enableCrossRegionHealth ?? true,·
      healthCheckPort: parsePort(envConfig?.healthCheckPort, P3_DEFAULT_PORT, logger)·
    };···
    // =============================================================================·
    // Service Instance·
    // =============================================================================···
    const detector = new UnifiedChainDetector(config);···
    // =============================================================================·
    // Event Handlers (Using shared utilities)·
    // =============================================================================···
    setupDetectorEventHandlers(detector, logger, P3_PARTITION_ID);···
    // =============================================================================·
    // Process Handlers (Using shared utilities with shutdown guard)·
    // =============================================================================···
    // Store cleanup function to prevent MaxListenersExceeded warnings·
    // in test scenarios and allow proper handler cleanup·
    const cleanupProcessHandlers = setupProcessHandlers(healthServerRef, detector, logger, serviceConfig.serviceName);···
    // =============================================================================·
    // Main Entry Point·
    // =============================================================================···
    // Guard against multiple main() invocations (e.g., from integration tests)·
    // FIX: Standardized to use single state enum (matching P2 l2-turbo pattern)·
    // This is cleaner and more explicit about the service lifecycle state·
    type MainState = 'idle' | 'starting' | 'started' | 'failed';·
    let mainState: MainState = 'idle';···
    async function main(): Promise<void> {·
      // Check-and-set guard prevents duplicate invocations within same event loop tick·
      if (mainState !== 'idle') {·
        logger.warn('main() already started or starting, ignoring duplicate invocation', {·
          currentState: mainState·
        });·
        return;·
      }·
      mainState = 'starting';···
      logger.info('Starting P3 High-Value Partition Service', {·
        partitionId: P3_PARTITION_ID,·
        chains: config.chains,·
        region: P3_REGION,·
        provider: serviceConfig.provider,·
        nodeVersion: process.version,·
        pid: process.pid·
      });···
      try {·
        // Start health check server first (using shared utilities)·
        // BUG-FIX: Use nullish coalescing for port to handle port 0 correctly·
        healthServerRef.current = createPartitionHealthServer({·
          port: config.healthCheckPort ?? P3_DEFAULT_PORT,·
          config: serviceConfig,·
          detector,·
          logger·
        });···
        // Start detector·
        await detector.start();···
        // BUG-FIX: Mark as fully started only after successful completion·
        mainState = 'started';···
        logger.info('P3 High-Value Partition Service started successfully', {·
          partitionId: detector.getPartitionId(),·
          chains: detector.getChains(),·
          healthyChains: detector.getHealthyChains()·
        });···
      } catch (error) {·
        // BUG-FIX: Mark as failed instead of resetting to idle·
        mainState = 'failed';···
        logger.error('Failed to start P3 High-Value Partition Service', { error });···
        // BUG-FIX: Explicit null check before closing server·
        // Server may be null if createPartitionHealthServer threw before assignment·
        if (healthServerRef.current) {·
          await closeServerWithTimeout(healthServerRef.current, 1000, logger);·
        }···
        // BUG-FIX: Clear server reference after closing to prevent stale reference issues·
        healthServerRef.current = null;···
        // Clean up process handlers before exit to prevent listener leaks·
        cleanupProcessHandlers();···
        process.exit(1);·
      }·
    }···
    // Run - only when this is the main entry point (not when imported by tests)·
    // Check for Jest worker to prevent auto-start during test imports·
    if (!process.env.JEST_WORKER_ID) {·
      main().catch((error) => {·
        // BUG-FIX: Wrap logging in try-catch to prevent silent failures if logger fails·
        try {·
          if (logger) {·
            logger.error('Fatal error in P3 High-Value partition main', { error });·
          } else {·
            console.error('Fatal error in P3 High-Value partition main (logger unavailable):', error);·
          }·
        } catch (logError) {·
          // Last resort - write to stderr directly·
          process.stderr.write(`FATAL: ${error}\\nLOG ERROR: ${logError}\\n`);·
        }·
        process.exit(1);·
      });·
    }···
    // =============================================================================·
    // Exports·
    // =============================================================================···
    export {·
      detector,·
      config,·
      P3_PARTITION_ID,·
      P3_CHAINS,·
      P3_REGION,·
      cleanupProcessHandlers,·
      // Export for testing·
      envConfig·
    };···
    // Re-export type from shared utilities for convenience·
    export type { PartitionEnvironmentConfig };·
    "

    [0m [90m 1665 |[39m
     [90m 1666 |[39m       [90m// Both should use P12-P14 refactor pattern[39m
    [31m[1m>[22m[39m[90m 1667 |[39m       expect(p3Content)[33m.[39mtoContain([32m'P12-P14 refactor'[39m)[33m;[39m
     [90m      |[39m                         [31m[1m^[22m[39m
     [90m 1668 |[39m       expect(p4Content)[33m.[39mtoContain([32m'P12-P14 refactor'[39m)[33m;[39m
     [90m 1669 |[39m
     [90m 1670 |[39m       [90m// Both should use P12-P16 refactor pattern[39m[0m

      at Object.<anonymous> (tests/integration/s3.1.6-partition-solana.integration.test.ts:1667:25)

  ● S3.1.6.18: Cross-Partition Consistency › All partitions share same utility patterns › should use validateAndFilterChains in all partitions

    expect(received).toContain(expected) // indexOf

    Expected substring: "validateAndFilterChains(process.env.PARTITION_CHAINS"
    Received string:    "/**·
     * P1 Asia-Fast Partition Service Entry Point·
     *·
     * Deploys the unified detector for the Asia-Fast partition:·
     * - Chains: BSC, Polygon, Avalanche, Fantom·
     * - Region: Oracle Cloud Singapore (asia-southeast1)·
     * - Resource Profile: Heavy (4 chains)·
     *·
     * This service is a deployment wrapper for the unified-detector,·
     * configured specifically for the P1 partition.·
     *·
     * Architecture Note:·
     * This service creates its own HTTP health server via createPartitionHealthServer().·
     * The UnifiedChainDetector class provides health data but NOT an HTTP server.·
     * This separation of concerns allows:·
     * - Partition-specific health endpoint configuration·
     * - Consistent health response format across all partition services·
     * - The detector class to remain transport-agnostic·
     *·
     * Environment Variables:·
     * - PARTITION_ID: Set to 'asia-fast' by default·
     * - REDIS_URL: Redis connection URL (required)·
     * - LOG_LEVEL: Logging level (default: info)·
     * - HEALTH_CHECK_PORT: HTTP health check port (default: 3001)·
     * - INSTANCE_ID: Unique instance identifier (auto-generated if not set)·
     * - REGION_ID: Region identifier (default: asia-southeast1)·
     * - ENABLE_CROSS_REGION_HEALTH: Enable cross-region health reporting (default: true)·
     * - PARTITION_CHAINS: Override default chains (comma-separated)·
     *·
     * @see ADR-003: Partitioned Chain Detectors·
     */···
    import { Server } from 'http';·
    import { UnifiedChainDetector, UnifiedDetectorConfig } from '@arbitrage/unified-detector';·
    import {·
      createLogger,·
      parsePort,·
      validateAndFilterChains,·
      createPartitionHealthServer,·
      setupDetectorEventHandlers,·
      setupProcessHandlers,·
      exitWithConfigError,·
      closeServerWithTimeout,·
      parsePartitionEnvironmentConfig,·
      validatePartitionEnvironmentConfig,·
      generateInstanceId,·
      PartitionServiceConfig,·
      PartitionEnvironmentConfig,·
      PARTITION_PORTS,·
      PARTITION_SERVICE_NAMES,·
      Logger·
    } from '@arbitrage/core';·
    import { getPartition, PARTITION_IDS } from '@arbitrage/config';···
    // =============================================================================·
    // P1 Partition Constants·
    // =============================================================================···
    const P1_PARTITION_ID = PARTITION_IDS.ASIA_FAST;·
    // Use centralized port constant (P1: 3001, P2: 3002, P3: 3003, P4: 3004)·
    const P1_DEFAULT_PORT = PARTITION_PORTS[P1_PARTITION_ID] ?? 3001;···
    // =============================================================================·
    // Configuration·
    // =============================================================================···
    const logger = createLogger('partition-asia-fast:main');···
    // =============================================================================·
    // Partition Configuration Retrieval·
    // =============================================================================···
    // Single partition config retrieval·
    const partitionConfig = getPartition(P1_PARTITION_ID);·
    if (!partitionConfig) {·
      exitWithConfigError('P1 partition configuration not found', { partitionId: P1_PARTITION_ID }, logger);·
    }···
    // BUG-FIX: Add defensive null-safety checks for test compatibility·
    // During test imports, mocks may not be fully initialized, so we use optional chaining·
    // and provide safe defaults to prevent \"Cannot read properties of undefined\" errors·
    const P1_CHAINS: readonly string[] = partitionConfig?.chains ?? [];·
    const P1_REGION = partitionConfig?.region ?? 'asia-southeast1';···
    // BUG-FIX: Validate partition config has chains·
    if (!P1_CHAINS || P1_CHAINS.length === 0) {·
      exitWithConfigError('P1 partition has no chains configured', {·
        partitionId: P1_PARTITION_ID,·
        chains: P1_CHAINS·
      }, logger);·
    }···
    // =============================================================================·
    // Environment Configuration (Using shared typed utilities)·
    // =============================================================================···
    // Parse environment into typed configuration using shared utility·
    const envConfig: PartitionEnvironmentConfig = parsePartitionEnvironmentConfig(P1_CHAINS);···
    // Validate environment configuration (exits on critical errors, warns on non-critical)·
    validatePartitionEnvironmentConfig(envConfig, P1_PARTITION_ID, P1_CHAINS, logger);···
    // =============================================================================·
    // Service Configuration·
    // =============================================================================···
    // Service configuration for shared utilities·
    const serviceConfig: PartitionServiceConfig = {·
      partitionId: P1_PARTITION_ID,·
      serviceName: PARTITION_SERVICE_NAMES[P1_PARTITION_ID] ?? 'partition-asia-fast',·
      defaultChains: P1_CHAINS,·
      defaultPort: P1_DEFAULT_PORT,·
      region: P1_REGION,·
      provider: partitionConfig?.provider ?? 'oracle'·
    };···
    // Store server reference for graceful shutdown·
    const healthServerRef: { current: Server | null } = { current: null };···
    // Unified detector configuration (uses typed envConfig)·
    // BUG-FIX: Use nullish coalescing (??) consistently instead of logical OR (||)·
    // to properly handle falsy but valid values like empty strings or 0·
    // BUG-FIX: Add optional chaining for envConfig properties for test compatibility·
    const config: UnifiedDetectorConfig = {·
      partitionId: P1_PARTITION_ID,·
      chains: validateAndFilterChains(envConfig?.partitionChains, P1_CHAINS, logger),·
      instanceId: generateInstanceId(P1_PARTITION_ID, envConfig?.instanceId),·
      regionId: envConfig?.regionId ?? P1_REGION,·
      enableCrossRegionHealth: envConfig?.enableCrossRegionHealth ?? true,·
      healthCheckPort: parsePort(envConfig?.healthCheckPort, P1_DEFAULT_PORT, logger)·
    };···
    // =============================================================================·
    // Service Instance·
    // =============================================================================···
    const detector = new UnifiedChainDetector(config);···
    // =============================================================================·
    // Event Handlers (Using shared utilities)·
    // =============================================================================···
    setupDetectorEventHandlers(detector, logger, P1_PARTITION_ID);···
    // =============================================================================·
    // Process Handlers (Using shared utilities with shutdown guard)·
    // =============================================================================···
    // Store cleanup function to prevent MaxListenersExceeded warnings·
    // in test scenarios and allow proper handler cleanup·
    const cleanupProcessHandlers = setupProcessHandlers(healthServerRef, detector, logger, serviceConfig.serviceName);···
    // =============================================================================·
    // Main Entry Point·
    // =============================================================================···
    // Guard against multiple main() invocations (e.g., from integration tests)·
    // FIX: Standardized to use single state enum (matching P2 l2-turbo pattern)·
    // This is cleaner and more explicit about the service lifecycle state·
    type MainState = 'idle' | 'starting' | 'started' | 'failed';·
    let mainState: MainState = 'idle';···
    async function main(): Promise<void> {·
      // Check-and-set guard prevents duplicate invocations within same event loop tick·
      if (mainState !== 'idle') {·
        logger.warn('main() already started or starting, ignoring duplicate invocation', {·
          currentState: mainState·
        });·
        return;·
      }·
      mainState = 'starting';···
      logger.info('Starting P1 Asia-Fast Partition Service', {·
        partitionId: P1_PARTITION_ID,·
        chains: config.chains,·
        region: P1_REGION,·
        provider: serviceConfig.provider,·
        nodeVersion: process.version,·
        pid: process.pid·
      });···
      try {·
        // Start health check server first (using shared utilities)·
        // BUG-FIX: Use nullish coalescing for port to handle port 0 correctly·
        healthServerRef.current = createPartitionHealthServer({·
          port: config.healthCheckPort ?? P1_DEFAULT_PORT,·
          config: serviceConfig,·
          detector,·
          logger·
        });···
        // Start detector·
        await detector.start();···
        // BUG-FIX: Mark as fully started only after successful completion·
        mainState = 'started';···
        logger.info('P1 Asia-Fast Partition Service started successfully', {·
          partitionId: detector.getPartitionId(),·
          chains: detector.getChains(),·
          healthyChains: detector.getHealthyChains()·
        });···
      } catch (error) {·
        // BUG-FIX: Mark as failed instead of resetting to idle·
        mainState = 'failed';···
        logger.error('Failed to start P1 Asia-Fast Partition Service', { error });···
        // BUG-FIX: Explicit null check before closing server·
        // Server may be null if createPartitionHealthServer threw before assignment·
        if (healthServerRef.current) {·
          await closeServerWithTimeout(healthServerRef.current, 1000, logger);·
        }···
        // BUG-FIX: Clear server reference after closing to prevent stale reference issues·
        healthServerRef.current = null;···
        // Clean up process handlers before exit to prevent listener leaks·
        cleanupProcessHandlers();···
        process.exit(1);·
      }·
    }···
    // Run - only when this is the main entry point (not when imported by tests)·
    // Check for Jest worker to prevent auto-start during test imports·
    if (!process.env.JEST_WORKER_ID) {·
      main().catch((error) => {·
        // BUG-FIX: Wrap logging in try-catch to prevent silent failures if logger fails·
        try {·
          if (logger) {·
            logger.error('Fatal error in P1 Asia-Fast partition main', { error });·
          } else {·
            console.error('Fatal error in P1 Asia-Fast partition main (logger unavailable):', error);·
          }·
        } catch (logError) {·
          // Last resort - write to stderr directly·
          process.stderr.write(`FATAL: ${error}\\nLOG ERROR: ${logError}\\n`);·
        }·
        process.exit(1);·
      });·
    }···
    // =============================================================================·
    // Exports·
    // =============================================================================···
    export {·
      detector,·
      config,·
      P1_PARTITION_ID,·
      P1_CHAINS,·
      P1_REGION,·
      cleanupProcessHandlers,·
      // Export for testing·
      envConfig·
    };···
    // Re-export type from shared utilities for convenience·
    export type { PartitionEnvironmentConfig };·
    "

    [0m [90m 1843 |[39m         [36mconst[39m content [33m=[39m fs[33m.[39mreadFileSync(filePath[33m,[39m [32m'utf-8'[39m)[33m;[39m
     [90m 1844 |[39m
    [31m[1m>[22m[39m[90m 1845 |[39m         expect(content)[33m.[39mtoContain([32m'validateAndFilterChains(process.env.PARTITION_CHAINS'[39m)[33m;[39m
     [90m      |[39m                         [31m[1m^[22m[39m
     [90m 1846 |[39m       }
     [90m 1847 |[39m     })[33m;[39m
     [90m 1848 |[39m[0m

      at Object.<anonymous> (tests/integration/s3.1.6-partition-solana.integration.test.ts:1845:25)

  ● S3.1.6.18: Cross-Partition Consistency › All partitions share same utility patterns › should use parsePort in all partitions

    expect(received).toContain(expected) // indexOf

    Expected substring: "parsePort(process.env.HEALTH_CHECK_PORT"
    Received string:    "/**·
     * P1 Asia-Fast Partition Service Entry Point·
     *·
     * Deploys the unified detector for the Asia-Fast partition:·
     * - Chains: BSC, Polygon, Avalanche, Fantom·
     * - Region: Oracle Cloud Singapore (asia-southeast1)·
     * - Resource Profile: Heavy (4 chains)·
     *·
     * This service is a deployment wrapper for the unified-detector,·
     * configured specifically for the P1 partition.·
     *·
     * Architecture Note:·
     * This service creates its own HTTP health server via createPartitionHealthServer().·
     * The UnifiedChainDetector class provides health data but NOT an HTTP server.·
     * This separation of concerns allows:·
     * - Partition-specific health endpoint configuration·
     * - Consistent health response format across all partition services·
     * - The detector class to remain transport-agnostic·
     *·
     * Environment Variables:·
     * - PARTITION_ID: Set to 'asia-fast' by default·
     * - REDIS_URL: Redis connection URL (required)·
     * - LOG_LEVEL: Logging level (default: info)·
     * - HEALTH_CHECK_PORT: HTTP health check port (default: 3001)·
     * - INSTANCE_ID: Unique instance identifier (auto-generated if not set)·
     * - REGION_ID: Region identifier (default: asia-southeast1)·
     * - ENABLE_CROSS_REGION_HEALTH: Enable cross-region health reporting (default: true)·
     * - PARTITION_CHAINS: Override default chains (comma-separated)·
     *·
     * @see ADR-003: Partitioned Chain Detectors·
     */···
    import { Server } from 'http';·
    import { UnifiedChainDetector, UnifiedDetectorConfig } from '@arbitrage/unified-detector';·
    import {·
      createLogger,·
      parsePort,·
      validateAndFilterChains,·
      createPartitionHealthServer,·
      setupDetectorEventHandlers,·
      setupProcessHandlers,·
      exitWithConfigError,·
      closeServerWithTimeout,·
      parsePartitionEnvironmentConfig,·
      validatePartitionEnvironmentConfig,·
      generateInstanceId,·
      PartitionServiceConfig,·
      PartitionEnvironmentConfig,·
      PARTITION_PORTS,·
      PARTITION_SERVICE_NAMES,·
      Logger·
    } from '@arbitrage/core';·
    import { getPartition, PARTITION_IDS } from '@arbitrage/config';···
    // =============================================================================·
    // P1 Partition Constants·
    // =============================================================================···
    const P1_PARTITION_ID = PARTITION_IDS.ASIA_FAST;·
    // Use centralized port constant (P1: 3001, P2: 3002, P3: 3003, P4: 3004)·
    const P1_DEFAULT_PORT = PARTITION_PORTS[P1_PARTITION_ID] ?? 3001;···
    // =============================================================================·
    // Configuration·
    // =============================================================================···
    const logger = createLogger('partition-asia-fast:main');···
    // =============================================================================·
    // Partition Configuration Retrieval·
    // =============================================================================···
    // Single partition config retrieval·
    const partitionConfig = getPartition(P1_PARTITION_ID);·
    if (!partitionConfig) {·
      exitWithConfigError('P1 partition configuration not found', { partitionId: P1_PARTITION_ID }, logger);·
    }···
    // BUG-FIX: Add defensive null-safety checks for test compatibility·
    // During test imports, mocks may not be fully initialized, so we use optional chaining·
    // and provide safe defaults to prevent \"Cannot read properties of undefined\" errors·
    const P1_CHAINS: readonly string[] = partitionConfig?.chains ?? [];·
    const P1_REGION = partitionConfig?.region ?? 'asia-southeast1';···
    // BUG-FIX: Validate partition config has chains·
    if (!P1_CHAINS || P1_CHAINS.length === 0) {·
      exitWithConfigError('P1 partition has no chains configured', {·
        partitionId: P1_PARTITION_ID,·
        chains: P1_CHAINS·
      }, logger);·
    }···
    // =============================================================================·
    // Environment Configuration (Using shared typed utilities)·
    // =============================================================================···
    // Parse environment into typed configuration using shared utility·
    const envConfig: PartitionEnvironmentConfig = parsePartitionEnvironmentConfig(P1_CHAINS);···
    // Validate environment configuration (exits on critical errors, warns on non-critical)·
    validatePartitionEnvironmentConfig(envConfig, P1_PARTITION_ID, P1_CHAINS, logger);···
    // =============================================================================·
    // Service Configuration·
    // =============================================================================···
    // Service configuration for shared utilities·
    const serviceConfig: PartitionServiceConfig = {·
      partitionId: P1_PARTITION_ID,·
      serviceName: PARTITION_SERVICE_NAMES[P1_PARTITION_ID] ?? 'partition-asia-fast',·
      defaultChains: P1_CHAINS,·
      defaultPort: P1_DEFAULT_PORT,·
      region: P1_REGION,·
      provider: partitionConfig?.provider ?? 'oracle'·
    };···
    // Store server reference for graceful shutdown·
    const healthServerRef: { current: Server | null } = { current: null };···
    // Unified detector configuration (uses typed envConfig)·
    // BUG-FIX: Use nullish coalescing (??) consistently instead of logical OR (||)·
    // to properly handle falsy but valid values like empty strings or 0·
    // BUG-FIX: Add optional chaining for envConfig properties for test compatibility·
    const config: UnifiedDetectorConfig = {·
      partitionId: P1_PARTITION_ID,·
      chains: validateAndFilterChains(envConfig?.partitionChains, P1_CHAINS, logger),·
      instanceId: generateInstanceId(P1_PARTITION_ID, envConfig?.instanceId),·
      regionId: envConfig?.regionId ?? P1_REGION,·
      enableCrossRegionHealth: envConfig?.enableCrossRegionHealth ?? true,·
      healthCheckPort: parsePort(envConfig?.healthCheckPort, P1_DEFAULT_PORT, logger)·
    };···
    // =============================================================================·
    // Service Instance·
    // =============================================================================···
    const detector = new UnifiedChainDetector(config);···
    // =============================================================================·
    // Event Handlers (Using shared utilities)·
    // =============================================================================···
    setupDetectorEventHandlers(detector, logger, P1_PARTITION_ID);···
    // =============================================================================·
    // Process Handlers (Using shared utilities with shutdown guard)·
    // =============================================================================···
    // Store cleanup function to prevent MaxListenersExceeded warnings·
    // in test scenarios and allow proper handler cleanup·
    const cleanupProcessHandlers = setupProcessHandlers(healthServerRef, detector, logger, serviceConfig.serviceName);···
    // =============================================================================·
    // Main Entry Point·
    // =============================================================================···
    // Guard against multiple main() invocations (e.g., from integration tests)·
    // FIX: Standardized to use single state enum (matching P2 l2-turbo pattern)·
    // This is cleaner and more explicit about the service lifecycle state·
    type MainState = 'idle' | 'starting' | 'started' | 'failed';·
    let mainState: MainState = 'idle';···
    async function main(): Promise<void> {·
      // Check-and-set guard prevents duplicate invocations within same event loop tick·
      if (mainState !== 'idle') {·
        logger.warn('main() already started or starting, ignoring duplicate invocation', {·
          currentState: mainState·
        });·
        return;·
      }·
      mainState = 'starting';···
      logger.info('Starting P1 Asia-Fast Partition Service', {·
        partitionId: P1_PARTITION_ID,·
        chains: config.chains,·
        region: P1_REGION,·
        provider: serviceConfig.provider,·
        nodeVersion: process.version,·
        pid: process.pid·
      });···
      try {·
        // Start health check server first (using shared utilities)·
        // BUG-FIX: Use nullish coalescing for port to handle port 0 correctly·
        healthServerRef.current = createPartitionHealthServer({·
          port: config.healthCheckPort ?? P1_DEFAULT_PORT,·
          config: serviceConfig,·
          detector,·
          logger·
        });···
        // Start detector·
        await detector.start();···
        // BUG-FIX: Mark as fully started only after successful completion·
        mainState = 'started';···
        logger.info('P1 Asia-Fast Partition Service started successfully', {·
          partitionId: detector.getPartitionId(),·
          chains: detector.getChains(),·
          healthyChains: detector.getHealthyChains()·
        });···
      } catch (error) {·
        // BUG-FIX: Mark as failed instead of resetting to idle·
        mainState = 'failed';···
        logger.error('Failed to start P1 Asia-Fast Partition Service', { error });···
        // BUG-FIX: Explicit null check before closing server·
        // Server may be null if createPartitionHealthServer threw before assignment·
        if (healthServerRef.current) {·
          await closeServerWithTimeout(healthServerRef.current, 1000, logger);·
        }···
        // BUG-FIX: Clear server reference after closing to prevent stale reference issues·
        healthServerRef.current = null;···
        // Clean up process handlers before exit to prevent listener leaks·
        cleanupProcessHandlers();···
        process.exit(1);·
      }·
    }···
    // Run - only when this is the main entry point (not when imported by tests)·
    // Check for Jest worker to prevent auto-start during test imports·
    if (!process.env.JEST_WORKER_ID) {·
      main().catch((error) => {·
        // BUG-FIX: Wrap logging in try-catch to prevent silent failures if logger fails·
        try {·
          if (logger) {·
            logger.error('Fatal error in P1 Asia-Fast partition main', { error });·
          } else {·
            console.error('Fatal error in P1 Asia-Fast partition main (logger unavailable):', error);·
          }·
        } catch (logError) {·
          // Last resort - write to stderr directly·
          process.stderr.write(`FATAL: ${error}\\nLOG ERROR: ${logError}\\n`);·
        }·
        process.exit(1);·
      });·
    }···
    // =============================================================================·
    // Exports·
    // =============================================================================···
    export {·
      detector,·
      config,·
      P1_PARTITION_ID,·
      P1_CHAINS,·
      P1_REGION,·
      cleanupProcessHandlers,·
      // Export for testing·
      envConfig·
    };···
    // Re-export type from shared utilities for convenience·
    export type { PartitionEnvironmentConfig };·
    "

    [0m [90m 1862 |[39m         [36mconst[39m content [33m=[39m fs[33m.[39mreadFileSync(filePath[33m,[39m [32m'utf-8'[39m)[33m;[39m
     [90m 1863 |[39m
    [31m[1m>[22m[39m[90m 1864 |[39m         expect(content)[33m.[39mtoContain([32m'parsePort(process.env.HEALTH_CHECK_PORT'[39m)[33m;[39m
     [90m      |[39m                         [31m[1m^[22m[39m
     [90m 1865 |[39m       }
     [90m 1866 |[39m     })[33m;[39m
     [90m 1867 |[39m   })[33m;[39m[0m

      at Object.<anonymous> (tests/integration/s3.1.6-partition-solana.integration.test.ts:1864:25)

(node:35276) [DEP0040] DeprecationWarning: The `punycode` module is deprecated. Please use a userland alternative instead.
(Use `node --trace-deprecation ...` to show where the warning was created)
PASS unit shared/ml/__tests__/unit/tf-backend.test.ts
PASS integration services/cross-chain-detector/src/__tests__/integration/detector-integration.integration.test.ts
PASS unit shared/core/__tests__/unit/regression.test.ts (9.378 s)
PASS unit shared/core/__tests__/unit/tier2-optimizations.test.ts (10.636 s)
  ● Console

    console.log
      2026-02-02T12:17:21.887Z [hierarchical-cache] info: Hierarchical cache initialized {"l1Enabled":false,"l2Enabled":false,"l3Enabled":true,"l1Size":64,"predictiveWarmingEnabled":false}

      at Console.log (node_modules/winston/lib/winston/transports/console.js:87:23)

    console.log
      2026-02-02T12:17:21.959Z [hierarchical-cache] info: Hierarchical cache initialized {"l1Enabled":false,"l2Enabled":false,"l3Enabled":true,"l1Size":64,"predictiveWarmingEnabled":false}

      at Console.log (node_modules/winston/lib/winston/transports/console.js:87:23)

    console.log
      2026-02-02T12:17:21.961Z [hierarchical-cache] info: Hierarchical cache initialized {"l1Enabled":false,"l2Enabled":false,"l3Enabled":true,"l1Size":64,"predictiveWarmingEnabled":false}

      at Console.log (node_modules/winston/lib/winston/transports/console.js:87:23)

    console.log
      2026-02-02T12:17:21.964Z [hierarchical-cache] info: Hierarchical cache initialized {"l1Enabled":false,"l2Enabled":false,"l3Enabled":true,"l1Size":64,"predictiveWarmingEnabled":false}

      at Console.log (node_modules/winston/lib/winston/transports/console.js:87:23)

    console.log
      2026-02-02T12:17:21.966Z [hierarchical-cache] info: Hierarchical cache initialized {"l1Enabled":false,"l2Enabled":false,"l3Enabled":true,"l1Size":64,"predictiveWarmingEnabled":false}

      at Console.log (node_modules/winston/lib/winston/transports/console.js:87:23)

    console.log
      2026-02-02T12:17:21.968Z [hierarchical-cache] info: Hierarchical cache initialized {"l1Enabled":false,"l2Enabled":false,"l3Enabled":true,"l1Size":64,"predictiveWarmingEnabled":false}

      at Console.log (node_modules/winston/lib/winston/transports/console.js:87:23)

    console.log
      2026-02-02T12:17:21.974Z [hierarchical-cache] info: Hierarchical cache initialized {"l1Enabled":false,"l2Enabled":false,"l3Enabled":true,"l1Size":64,"predictiveWarmingEnabled":false}

      at Console.log (node_modules/winston/lib/winston/transports/console.js:87:23)

    console.log
      2026-02-02T12:17:21.977Z [hierarchical-cache] info: Hierarchical cache initialized {"l1Enabled":false,"l2Enabled":false,"l3Enabled":true,"l1Size":64,"predictiveWarmingEnabled":false}

      at Console.log (node_modules/winston/lib/winston/transports/console.js:87:23)

    console.log
      L3 eviction performance: 5.58ms for 1000 evictions (0.006ms/op)

      at Object.<anonymous> (shared/core/__tests__/unit/tier2-optimizations.test.ts:409:15)

    console.log
      2026-02-02T12:17:21.990Z [hierarchical-cache] info: Hierarchical cache initialized {"l1Enabled":false,"l2Enabled":false,"l3Enabled":true,"l1Size":64,"predictiveWarmingEnabled":false}

      at Console.log (node_modules/winston/lib/winston/transports/console.js:87:23)

    console.log
      2026-02-02T12:17:21.992Z [hierarchical-cache] info: Hierarchical cache initialized {"l1Enabled":false,"l2Enabled":false,"l3Enabled":true,"l1Size":64,"predictiveWarmingEnabled":false}

      at Console.log (node_modules/winston/lib/winston/transports/console.js:87:23)

    console.log
      2026-02-02T12:17:21.994Z [hierarchical-cache] info: Hierarchical cache initialized {"l1Enabled":false,"l2Enabled":false,"l3Enabled":true,"l1Size":64,"predictiveWarmingEnabled":false}

      at Console.log (node_modules/winston/lib/winston/transports/console.js:87:23)

    console.log
      2026-02-02T12:17:22.008Z [hierarchical-cache] info: Hierarchical cache initialized {"l1Enabled":true,"l2Enabled":true,"l3Enabled":true,"l1Size":128,"predictiveWarmingEnabled":false}

      at Console.log (node_modules/winston/lib/winston/transports/console.js:87:23)

    console.log
      2026-02-02T12:17:22.021Z [cross-dex-triangular-arbitrage] info: Found 0 quadrilateral arbitrage opportunities {"chain":"ethereum","totalPools":11,"processingTime":3,"profitRange":"N/A"}

      at Console.log (node_modules/winston/lib/winston/transports/console.js:87:23)

    console.log
      2026-02-02T12:17:22.097Z [redis-client] error: Redis main client error {"error":{"code":"ECONNREFUSED"}}

      at Console.log (node_modules/winston/lib/winston/transports/console.js:87:23)

    console.log
      2026-02-02T12:17:22.189Z [redis-client] error: Redis main client error {"error":{"code":"ECONNREFUSED"}}

      at Console.log (node_modules/winston/lib/winston/transports/console.js:87:23)

    console.log
      2026-02-02T12:17:22.308Z [redis-client] error: Redis main client error {"error":{"code":"ECONNREFUSED"}}

      at Console.log (node_modules/winston/lib/winston/transports/console.js:87:23)

    console.log
      2026-02-02T12:17:22.482Z [redis-client] error: Redis main client error {"error":{"code":"ECONNREFUSED"}}

      at Console.log (node_modules/winston/lib/winston/transports/console.js:87:23)

    console.log
      2026-02-02T12:17:22.485Z [cross-dex-triangular-arbitrage] info: Found 0 quadrilateral arbitrage opportunities {"chain":"ethereum","totalPools":11,"processingTime":0,"profitRange":"N/A"}

      at Console.log (node_modules/winston/lib/winston/transports/console.js:87:23)

    console.log
      2026-02-02T12:17:22.486Z [cross-dex-triangular-arbitrage] info: Found 0 quadrilateral arbitrage opportunities {"chain":"ethereum","totalPools":11,"processingTime":0,"profitRange":"N/A"}

      at Console.log (node_modules/winston/lib/winston/transports/console.js:87:23)

    console.log
      2026-02-02T12:17:22.487Z [cross-dex-triangular-arbitrage] info: Found 0 quadrilateral arbitrage opportunities {"chain":"ethereum","totalPools":11,"processingTime":0,"profitRange":"N/A"}

      at Console.log (node_modules/winston/lib/winston/transports/console.js:87:23)

    console.log
      2026-02-02T12:17:22.488Z [cross-dex-triangular-arbitrage] info: Found 0 quadrilateral arbitrage opportunities {"chain":"ethereum","totalPools":11,"processingTime":0,"profitRange":"N/A"}

      at Console.log (node_modules/winston/lib/winston/transports/console.js:87:23)

    console.log
      2026-02-02T12:17:22.490Z [cross-dex-triangular-arbitrage] info: Found 0 quadrilateral arbitrage opportunities {"chain":"ethereum","totalPools":11,"processingTime":0,"profitRange":"N/A"}

      at Console.log (node_modules/winston/lib/winston/transports/console.js:87:23)

    console.log
      2026-02-02T12:17:22.492Z [cross-dex-triangular-arbitrage] info: Found 0 quadrilateral arbitrage opportunities {"chain":"ethereum","totalPools":11,"processingTime":0,"profitRange":"N/A"}

      at Console.log (node_modules/winston/lib/winston/transports/console.js:87:23)

    console.log
      Quadrilateral detection time: 1.04ms

      at Object.<anonymous> (shared/core/__tests__/unit/tier2-optimizations.test.ts:686:15)

    console.log
      2026-02-02T12:17:22.494Z [cross-dex-triangular-arbitrage] info: Found 0 quadrilateral arbitrage opportunities {"chain":"ethereum","totalPools":110,"processingTime":0,"profitRange":"N/A"}

      at Console.log (node_modules/winston/lib/winston/transports/console.js:87:23)

    console.log
      Large pool detection (110 pools): 0.81ms

      at Object.<anonymous> (shared/core/__tests__/unit/tier2-optimizations.test.ts:719:15)

    console.log
      2026-02-02T12:17:22.496Z [cross-dex-triangular-arbitrage] info: Found 0 triangular arbitrage opportunities {"chain":"ethereum","totalPools":11,"processingTime":1,"profitRange":"N/A"}

      at Console.log (node_modules/winston/lib/winston/transports/console.js:87:23)

    console.log
      2026-02-02T12:17:22.497Z [cross-dex-triangular-arbitrage] info: Found 0 quadrilateral arbitrage opportunities {"chain":"ethereum","totalPools":11,"processingTime":1,"profitRange":"N/A"}

      at Console.log (node_modules/winston/lib/winston/transports/console.js:87:23)

    console.log
      2026-02-02T12:17:22.498Z [cross-dex-triangular-arbitrage] info: Found 0 triangular arbitrage opportunities {"chain":"ethereum","totalPools":11,"processingTime":0,"profitRange":"N/A"}

      at Console.log (node_modules/winston/lib/winston/transports/console.js:87:23)

    console.log
      2026-02-02T12:17:22.498Z [cross-dex-triangular-arbitrage] info: Found 0 quadrilateral arbitrage opportunities {"chain":"ethereum","totalPools":11,"processingTime":0,"profitRange":"N/A"}

      at Console.log (node_modules/winston/lib/winston/transports/console.js:87:23)

    console.log
      2026-02-02T12:17:22.500Z [cross-dex-triangular-arbitrage] info: Found 0 quadrilateral arbitrage opportunities {"chain":"ethereum","totalPools":11,"processingTime":0,"profitRange":"N/A"}

      at Console.log (node_modules/winston/lib/winston/transports/console.js:87:23)

    console.log
      2026-02-02T12:17:22.502Z [price-momentum] info: PriceMomentumTracker initialized {"windowSize":100,"emaPeriods":[5,15,60]}

      at Console.log (node_modules/winston/lib/winston/transports/console.js:87:23)

    console.log
      2026-02-02T12:17:22.507Z [price-momentum] info: PriceMomentumTracker initialized {"windowSize":100,"emaPeriods":[5,15,60]}

      at Console.log (node_modules/winston/lib/winston/transports/console.js:87:23)

    console.log
      2026-02-02T12:17:22.510Z [price-momentum] info: PriceMomentumTracker initialized {"windowSize":100,"emaPeriods":[5,15,60]}

      at Console.log (node_modules/winston/lib/winston/transports/console.js:87:23)

    console.log
      2026-02-02T12:17:22.511Z [price-momentum] info: PriceMomentumTracker initialized {"windowSize":100,"emaPeriods":[5,15,60]}

      at Console.log (node_modules/winston/lib/winston/transports/console.js:87:23)

    console.log
      2026-02-02T12:17:22.516Z [price-momentum] info: PriceMomentumTracker initialized {"windowSize":100,"emaPeriods":[5,15,60]}

      at Console.log (node_modules/winston/lib/winston/transports/console.js:87:23)

    console.log
      2026-02-02T12:17:22.519Z [price-momentum] info: PriceMomentumTracker initialized {"windowSize":100,"emaPeriods":[5,15,60]}

      at Console.log (node_modules/winston/lib/winston/transports/console.js:87:23)

    console.log
      2026-02-02T12:17:22.520Z [price-momentum] info: PriceMomentumTracker initialized {"windowSize":100,"emaPeriods":[5,15,60]}

      at Console.log (node_modules/winston/lib/winston/transports/console.js:87:23)

    console.log
      2026-02-02T12:17:22.522Z [price-momentum] info: PriceMomentumTracker initialized {"windowSize":100,"emaPeriods":[5,15,60]}

      at Console.log (node_modules/winston/lib/winston/transports/console.js:87:23)

    console.log
      2026-02-02T12:17:22.524Z [price-momentum] info: PriceMomentumTracker initialized {"windowSize":100,"emaPeriods":[5,15,60]}

      at Console.log (node_modules/winston/lib/winston/transports/console.js:87:23)

    console.log
      2026-02-02T12:17:22.526Z [price-momentum] info: PriceMomentumTracker initialized {"windowSize":100,"emaPeriods":[5,15,60]}

      at Console.log (node_modules/winston/lib/winston/transports/console.js:87:23)

    console.log
      2026-02-02T12:17:22.533Z [price-momentum] info: PriceMomentumTracker initialized {"windowSize":100,"emaPeriods":[5,15,60]}

      at Console.log (node_modules/winston/lib/winston/transports/console.js:87:23)

    console.log
      2026-02-02T12:17:22.536Z [price-momentum] info: PriceMomentumTracker initialized {"windowSize":100,"emaPeriods":[5,15,60]}

      at Console.log (node_modules/winston/lib/winston/transports/console.js:87:23)

    console.log
      2026-02-02T12:17:22.554Z [price-momentum] info: PriceMomentumTracker initialized {"windowSize":100,"emaPeriods":[5,15,60]}

      at Console.log (node_modules/winston/lib/winston/transports/console.js:87:23)

    console.log
      2026-02-02T12:17:22.557Z [price-momentum] info: PriceMomentumTracker initialized {"windowSize":100,"emaPeriods":[5,15,60]}

      at Console.log (node_modules/winston/lib/winston/transports/console.js:87:23)

    console.log
      2026-02-02T12:17:22.558Z [price-momentum] info: PriceMomentumTracker initialized {"windowSize":100,"emaPeriods":[5,15,60]}

      at Console.log (node_modules/winston/lib/winston/transports/console.js:87:23)

    console.log
      2026-02-02T12:17:22.568Z [price-momentum] info: PriceMomentumTracker initialized {"windowSize":100,"emaPeriods":[5,15,60]}

      at Console.log (node_modules/winston/lib/winston/transports/console.js:87:23)

    console.log
      2026-02-02T12:17:22.575Z [price-momentum] info: PriceMomentumTracker initialized {"windowSize":100,"emaPeriods":[5,15,60]}

      at Console.log (node_modules/winston/lib/winston/transports/console.js:87:23)

    console.log
      2026-02-02T12:17:22.604Z [price-momentum] info: PriceMomentumTracker initialized {"windowSize":100,"emaPeriods":[5,15,60]}

      at Console.log (node_modules/winston/lib/winston/transports/console.js:87:23)

    console.log
      2026-02-02T12:17:22.626Z [price-momentum] info: PriceMomentumTracker initialized {"windowSize":100,"emaPeriods":[5,15,60]}

      at Console.log (node_modules/winston/lib/winston/transports/console.js:87:23)

    console.log
      2026-02-02T12:17:22.628Z [price-momentum] info: PriceMomentumTracker initialized {"windowSize":100,"emaPeriods":[5,15,60]}

      at Console.log (node_modules/winston/lib/winston/transports/console.js:87:23)

    console.log
      2026-02-02T12:17:22.639Z [price-momentum] info: PriceMomentumTracker initialized {"windowSize":100,"emaPeriods":[5,15,60]}

      at Console.log (node_modules/winston/lib/winston/transports/console.js:87:23)

    console.log
      2026-02-02T12:17:22.642Z [price-momentum] info: PriceMomentumTracker initialized {"windowSize":100,"emaPeriods":[5,15,60]}

      at Console.log (node_modules/winston/lib/winston/transports/console.js:87:23)

    console.log
      2026-02-02T12:17:22.643Z [price-momentum] info: PriceMomentumTracker initialized {"windowSize":100,"emaPeriods":[5,15,60]}

      at Console.log (node_modules/winston/lib/winston/transports/console.js:87:23)

    console.log
      2026-02-02T12:17:22.645Z [price-momentum] info: PriceMomentumTracker initialized {"windowSize":100,"emaPeriods":[5,15,60]}

      at Console.log (node_modules/winston/lib/winston/transports/console.js:87:23)

    console.log
      10k price updates processed in 23.65ms

      at Object.<anonymous> (shared/core/__tests__/unit/tier2-optimizations.test.ts:1122:15)

    console.log
      2026-02-02T12:17:22.671Z [price-momentum] info: PriceMomentumTracker initialized {"windowSize":100,"emaPeriods":[5,15,60]}

      at Console.log (node_modules/winston/lib/winston/transports/console.js:87:23)

    console.log
      1k signal calculations in 94.25ms (0.094ms/op)

      at Object.<anonymous> (shared/core/__tests__/unit/tier2-optimizations.test.ts:1142:15)

    console.log
      2026-02-02T12:17:22.778Z [price-momentum] info: PriceMomentumTracker initialized {"windowSize":100,"emaPeriods":[5,15,60]}

      at Console.log (node_modules/winston/lib/winston/transports/console.js:87:23)

    console.log
      2026-02-02T12:17:22.838Z [ml-opportunity-scorer] info: MLOpportunityScorer initialized {"mlWeight":0.3,"baseWeight":0.7,"minMLConfidence":0.5}

      at Console.log (node_modules/winston/lib/winston/transports/console.js:87:23)

    console.log
      2026-02-02T12:17:22.846Z [ml-opportunity-scorer] info: MLOpportunityScorer initialized {"mlWeight":0.3,"baseWeight":0.7,"minMLConfidence":0.5}

      at Console.log (node_modules/winston/lib/winston/transports/console.js:87:23)

    console.log
      2026-02-02T12:17:22.847Z [ml-opportunity-scorer] info: MLOpportunityScorer initialized {"mlWeight":0.3,"baseWeight":0.7,"minMLConfidence":0.5}

      at Console.log (node_modules/winston/lib/winston/transports/console.js:87:23)

    console.log
      2026-02-02T12:17:22.847Z [ml-opportunity-scorer] info: MLOpportunityScorer initialized {"mlWeight":0.3,"baseWeight":0.7,"minMLConfidence":0.5}

      at Console.log (node_modules/winston/lib/winston/transports/console.js:87:23)

    console.log
      2026-02-02T12:17:22.848Z [ml-opportunity-scorer] info: MLOpportunityScorer initialized {"mlWeight":0.3,"baseWeight":0.7,"minMLConfidence":0.5}

      at Console.log (node_modules/winston/lib/winston/transports/console.js:87:23)

    console.log
      2026-02-02T12:17:22.848Z [ml-opportunity-scorer] info: MLOpportunityScorer initialized {"mlWeight":0.3,"baseWeight":0.7,"minMLConfidence":0.5}

      at Console.log (node_modules/winston/lib/winston/transports/console.js:87:23)

    console.log
      2026-02-02T12:17:22.849Z [ml-opportunity-scorer] info: MLOpportunityScorer initialized {"mlWeight":0.3,"baseWeight":0.7,"minMLConfidence":0.5}

      at Console.log (node_modules/winston/lib/winston/transports/console.js:87:23)

    console.log
      2026-02-02T12:17:22.853Z [ml-opportunity-scorer] info: MLOpportunityScorer initialized {"mlWeight":0.3,"baseWeight":0.7,"minMLConfidence":0.5}

      at Console.log (node_modules/winston/lib/winston/transports/console.js:87:23)

    console.log
      2026-02-02T12:17:22.853Z [ml-opportunity-scorer] info: MLOpportunityScorer initialized {"mlWeight":0.3,"baseWeight":0.7,"minMLConfidence":0.5}

      at Console.log (node_modules/winston/lib/winston/transports/console.js:87:23)

    console.log
      2026-02-02T12:17:22.856Z [ml-opportunity-scorer] info: MLOpportunityScorer initialized {"mlWeight":0.3,"baseWeight":0.7,"minMLConfidence":0.5}

      at Console.log (node_modules/winston/lib/winston/transports/console.js:87:23)

    console.log
      2026-02-02T12:17:22.857Z [ml-opportunity-scorer] info: MLOpportunityScorer initialized {"mlWeight":0.5,"baseWeight":0.5,"minMLConfidence":0.5}

      at Console.log (node_modules/winston/lib/winston/transports/console.js:87:23)

    console.log
      2026-02-02T12:17:22.860Z [ml-opportunity-scorer] info: MLOpportunityScorer initialized {"mlWeight":0.3,"baseWeight":0.7,"minMLConfidence":0.5}

      at Console.log (node_modules/winston/lib/winston/transports/console.js:87:23)

    console.log
      2026-02-02T12:17:22.862Z [ml-opportunity-scorer] info: MLOpportunityScorer initialized {"mlWeight":0.3,"baseWeight":0.7,"minMLConfidence":0.5}

      at Console.log (node_modules/winston/lib/winston/transports/console.js:87:23)

    console.log
      2026-02-02T12:17:22.864Z [ml-opportunity-scorer] info: MLOpportunityScorer initialized {"mlWeight":0.3,"baseWeight":0.7,"minMLConfidence":0.5}

      at Console.log (node_modules/winston/lib/winston/transports/console.js:87:23)

    console.log
      2026-02-02T12:17:22.865Z [ml-opportunity-scorer] info: MLOpportunityScorer initialized {"mlWeight":0.3,"baseWeight":0.7,"minMLConfidence":0.5}

      at Console.log (node_modules/winston/lib/winston/transports/console.js:87:23)

    console.log
      2026-02-02T12:17:22.866Z [ml-opportunity-scorer] info: MLOpportunityScorer initialized {"mlWeight":0.3,"baseWeight":0.7,"minMLConfidence":0.5}

      at Console.log (node_modules/winston/lib/winston/transports/console.js:87:23)

    console.log
      2026-02-02T12:17:22.866Z [ml-opportunity-scorer] info: MLOpportunityScorer initialized {"mlWeight":0.3,"baseWeight":0.7,"minMLConfidence":0.5}

      at Console.log (node_modules/winston/lib/winston/transports/console.js:87:23)

    console.log
      2026-02-02T12:17:22.867Z [ml-opportunity-scorer] info: MLOpportunityScorer initialized {"mlWeight":0.3,"baseWeight":0.7,"minMLConfidence":0.5}

      at Console.log (node_modules/winston/lib/winston/transports/console.js:87:23)

    console.log
      2026-02-02T12:17:22.867Z [ml-opportunity-scorer] warn: ML and base weights do not sum to 1, normalizing {"mlWeight":0.4,"baseWeight":0.8}

      at Console.log (node_modules/winston/lib/winston/transports/console.js:87:23)

    console.log
      2026-02-02T12:17:22.868Z [ml-opportunity-scorer] info: MLOpportunityScorer initialized {"mlWeight":0.3333333333333333,"baseWeight":0.6666666666666666,"minMLConfidence":0.5}

      at Console.log (node_modules/winston/lib/winston/transports/console.js:87:23)

    console.log
      2026-02-02T12:17:22.868Z [ml-opportunity-scorer] info: MLOpportunityScorer initialized {"mlWeight":0.3,"baseWeight":0.7,"minMLConfidence":0.5}

      at Console.log (node_modules/winston/lib/winston/transports/console.js:87:23)

    console.log
      2026-02-02T12:17:22.869Z [ml-opportunity-scorer] info: MLOpportunityScorer initialized {"mlWeight":0.5,"baseWeight":0.5,"minMLConfidence":0.5}

      at Console.log (node_modules/winston/lib/winston/transports/console.js:87:23)

    console.log
      2026-02-02T12:17:22.869Z [ml-opportunity-scorer] info: MLOpportunityScorer initialized {"mlWeight":0.3,"baseWeight":0.7,"minMLConfidence":0.5}

      at Console.log (node_modules/winston/lib/winston/transports/console.js:87:23)

    console.log
      2026-02-02T12:17:22.870Z [ml-opportunity-scorer] info: MLOpportunityScorer initialized {"mlWeight":0.3,"baseWeight":0.7,"minMLConfidence":0.5}

      at Console.log (node_modules/winston/lib/winston/transports/console.js:87:23)

    console.log
      2026-02-02T12:17:22.871Z [ml-opportunity-scorer] info: MLOpportunityScorer initialized {"mlWeight":0.3,"baseWeight":0.7,"minMLConfidence":0.5}

      at Console.log (node_modules/winston/lib/winston/transports/console.js:87:23)

    console.log
      2026-02-02T12:17:22.871Z [ml-opportunity-scorer] info: MLOpportunityScorer initialized {"mlWeight":0.3,"baseWeight":0.7,"minMLConfidence":0.5}

      at Console.log (node_modules/winston/lib/winston/transports/console.js:87:23)

    console.log
      2026-02-02T12:17:22.872Z [ml-opportunity-scorer] info: MLOpportunityScorer initialized {"mlWeight":0.3,"baseWeight":0.7,"minMLConfidence":0.5}

      at Console.log (node_modules/winston/lib/winston/transports/console.js:87:23)

    console.log
      2026-02-02T12:17:22.872Z [ml-opportunity-scorer] info: MLOpportunityScorer initialized {"mlWeight":0.3,"baseWeight":0.7,"minMLConfidence":0.5}

      at Console.log (node_modules/winston/lib/winston/transports/console.js:87:23)

    console.log
      2026-02-02T12:17:22.873Z [ml-opportunity-scorer] info: MLOpportunityScorer initialized {"mlWeight":0.3,"baseWeight":0.7,"minMLConfidence":0.5}

      at Console.log (node_modules/winston/lib/winston/transports/console.js:87:23)

    console.log
      2026-02-02T12:17:22.873Z [ml-opportunity-scorer] info: MLOpportunityScorer initialized {"mlWeight":0.3,"baseWeight":0.7,"minMLConfidence":0.5}

      at Console.log (node_modules/winston/lib/winston/transports/console.js:87:23)

    console.log
      2026-02-02T12:17:22.874Z [ml-opportunity-scorer] info: MLOpportunityScorer initialized {"mlWeight":0.3,"baseWeight":0.7,"minMLConfidence":0.5}

      at Console.log (node_modules/winston/lib/winston/transports/console.js:87:23)

    console.log
      2026-02-02T12:17:22.874Z [ml-opportunity-scorer] info: MLOpportunityScorer initialized {"mlWeight":0.3,"baseWeight":0.7,"minMLConfidence":0.5}

      at Console.log (node_modules/winston/lib/winston/transports/console.js:87:23)

    console.log
      2026-02-02T12:17:22.875Z [ml-opportunity-scorer] info: MLOpportunityScorer initialized {"mlWeight":0.3,"baseWeight":0.7,"minMLConfidence":0.5}

      at Console.log (node_modules/winston/lib/winston/transports/console.js:87:23)

    console.log
      2026-02-02T12:17:22.875Z [ml-opportunity-scorer] info: MLOpportunityScorer initialized {"mlWeight":0.3,"baseWeight":0.7,"minMLConfidence":0.5}

      at Console.log (node_modules/winston/lib/winston/transports/console.js:87:23)

    console.log
      2026-02-02T12:17:22.875Z [ml-opportunity-scorer] info: MLOpportunityScorer initialized {"mlWeight":0.3,"baseWeight":0.7,"minMLConfidence":0.5}

      at Console.log (node_modules/winston/lib/winston/transports/console.js:87:23)

    console.log
      2026-02-02T12:17:22.876Z [ml-opportunity-scorer] info: MLOpportunityScorer initialized {"mlWeight":0.3,"baseWeight":0.7,"minMLConfidence":0.5}

      at Console.log (node_modules/winston/lib/winston/transports/console.js:87:23)

    console.log
      2026-02-02T12:17:22.876Z [ml-opportunity-scorer] info: MLOpportunityScorer initialized {"mlWeight":0.3,"baseWeight":0.7,"minMLConfidence":0.5}

      at Console.log (node_modules/winston/lib/winston/transports/console.js:87:23)

    console.log
      2026-02-02T12:17:22.877Z [ml-opportunity-scorer] info: MLOpportunityScorer initialized {"mlWeight":0.3,"baseWeight":0.7,"minMLConfidence":0.5}

      at Console.log (node_modules/winston/lib/winston/transports/console.js:87:23)

    console.log
      2026-02-02T12:17:22.878Z [ml-opportunity-scorer] info: MLOpportunityScorer initialized {"mlWeight":0.3,"baseWeight":0.7,"minMLConfidence":0.5}

      at Console.log (node_modules/winston/lib/winston/transports/console.js:87:23)

    console.log
      2026-02-02T12:17:22.878Z [ml-opportunity-scorer] info: MLOpportunityScorer initialized {"mlWeight":0.3,"baseWeight":0.7,"minMLConfidence":0.5}

      at Console.log (node_modules/winston/lib/winston/transports/console.js:87:23)

    console.log
      2026-02-02T12:17:22.879Z [ml-opportunity-scorer] info: MLOpportunityScorer initialized {"mlWeight":0.3,"baseWeight":0.7,"minMLConfidence":0.5}

      at Console.log (node_modules/winston/lib/winston/transports/console.js:87:23)

    console.log
      2026-02-02T12:17:22.879Z [ml-opportunity-scorer] info: MLOpportunityScorer initialized {"mlWeight":0.3,"baseWeight":0.7,"minMLConfidence":0.5}

      at Console.log (node_modules/winston/lib/winston/transports/console.js:87:23)

    console.log
      2026-02-02T12:17:22.880Z [ml-opportunity-scorer] info: MLOpportunityScorer initialized {"mlWeight":0.3,"baseWeight":0.7,"minMLConfidence":0.5}

      at Console.log (node_modules/winston/lib/winston/transports/console.js:87:23)

    console.log
      2026-02-02T12:17:22.880Z [ml-opportunity-scorer] info: MLOpportunityScorer initialized {"mlWeight":0.3,"baseWeight":0.7,"minMLConfidence":0.5}

      at Console.log (node_modules/winston/lib/winston/transports/console.js:87:23)

    console.log
      2026-02-02T12:17:22.882Z [ml-opportunity-scorer] info: MLOpportunityScorer initialized {"mlWeight":0.3,"baseWeight":0.7,"minMLConfidence":0.5}

      at Console.log (node_modules/winston/lib/winston/transports/console.js:87:23)

    console.log
      2026-02-02T12:17:22.882Z [ml-opportunity-scorer] info: MLOpportunityScorer initialized {"mlWeight":0.3,"baseWeight":0.7,"minMLConfidence":0.5}

      at Console.log (node_modules/winston/lib/winston/transports/console.js:87:23)

    console.log
      2026-02-02T12:17:22.883Z [ml-opportunity-scorer] info: MLOpportunityScorer initialized {"mlWeight":0.3,"baseWeight":0.7,"minMLConfidence":0.5}

      at Console.log (node_modules/winston/lib/winston/transports/console.js:87:23)

PASS smoke tests/smoke/critical-paths.smoke.ts (12.827 s)
  ● Console

    console.log
      2026-02-02T12:17:23.338Z [distributed-lock] error: Error releasing lock {"key":"lock:smoke:test:lock","error":{}}

      at Console.log (node_modules/winston/lib/winston/transports/console.js:87:23)

    console.log
      2026-02-02T12:17:23.406Z [distributed-lock] error: Error releasing lock {"key":"lock:smoke:test:lock2","error":{}}

      at Console.log (node_modules/winston/lib/winston/transports/console.js:87:23)

PASS integration tests/integration/s3.3.7-solana-partition-deploy.integration.test.ts
PASS integration tests/integration/e2e-execution-flow.integration.test.ts (14.257 s)
PASS unit shared/core/__tests__/unit/risk/drawdown-circuit-breaker.test.ts (5.002 s)
  ● Console

    console.log
      2026-02-02T12:17:24.361Z [drawdown-circuit-breaker] info: DrawdownCircuitBreaker initialized {"maxDailyLoss":"5%","cautionThreshold":"3%","cautionMultiplier":"75%","maxConsecutiveLosses":5,"enabled":true}

      at Console.log (node_modules/winston/lib/winston/transports/console.js:87:23)

    console.log
      2026-02-02T12:17:24.393Z [drawdown-circuit-breaker] info: DrawdownCircuitBreaker initialized {"maxDailyLoss":"5%","cautionThreshold":"3%","cautionMultiplier":"75%","maxConsecutiveLosses":5,"enabled":true}

      at Console.log (node_modules/winston/lib/winston/transports/console.js:87:23)

    console.log
      2026-02-02T12:17:24.395Z [drawdown-circuit-breaker] info: DrawdownCircuitBreaker initialized {"maxDailyLoss":"5%","cautionThreshold":"3%","cautionMultiplier":"75%","maxConsecutiveLosses":5,"enabled":true}

      at Console.log (node_modules/winston/lib/winston/transports/console.js:87:23)

    console.log
      2026-02-02T12:17:24.398Z [drawdown-circuit-breaker] info: DrawdownCircuitBreaker initialized {"maxDailyLoss":"5%","cautionThreshold":"3%","cautionMultiplier":"75%","maxConsecutiveLosses":5,"enabled":true}

      at Console.log (node_modules/winston/lib/winston/transports/console.js:87:23)

    console.log
      2026-02-02T12:17:24.511Z [drawdown-circuit-breaker] info: DrawdownCircuitBreaker initialized {"maxDailyLoss":"5%","cautionThreshold":"3%","cautionMultiplier":"75%","maxConsecutiveLosses":5,"enabled":true}

      at Console.log (node_modules/winston/lib/winston/transports/console.js:87:23)

    console.log
      2026-02-02T12:17:24.521Z [drawdown-circuit-breaker] info: DrawdownCircuitBreaker initialized {"maxDailyLoss":"5%","cautionThreshold":"3%","cautionMultiplier":"75%","maxConsecutiveLosses":5,"enabled":true}

      at Console.log (node_modules/winston/lib/winston/transports/console.js:87:23)

    console.log
      2026-02-02T12:17:24.524Z [drawdown-circuit-breaker] info: DrawdownCircuitBreaker initialized {"maxDailyLoss":"5%","cautionThreshold":"3%","cautionMultiplier":"75%","maxConsecutiveLosses":5,"enabled":true}

      at Console.log (node_modules/winston/lib/winston/transports/console.js:87:23)

    console.log
      2026-02-02T12:17:24.528Z [drawdown-circuit-breaker] info: DrawdownCircuitBreaker initialized {"maxDailyLoss":"5%","cautionThreshold":"3%","cautionMultiplier":"75%","maxConsecutiveLosses":5,"enabled":true}

      at Console.log (node_modules/winston/lib/winston/transports/console.js:87:23)

    console.log
      2026-02-02T12:17:24.533Z [drawdown-circuit-breaker] info: DrawdownCircuitBreaker initialized {"maxDailyLoss":"5%","cautionThreshold":"3%","cautionMultiplier":"75%","maxConsecutiveLosses":5,"enabled":true}

      at Console.log (node_modules/winston/lib/winston/transports/console.js:87:23)

    console.log
      2026-02-02T12:17:24.536Z [drawdown-circuit-breaker] warn: DrawdownCircuitBreaker: totalCapital is 0, drawdown calculations will be disabled

      at Console.log (node_modules/winston/lib/winston/transports/console.js:87:23)

    console.log
      2026-02-02T12:17:24.537Z [drawdown-circuit-breaker] info: DrawdownCircuitBreaker initialized {"maxDailyLoss":"5%","cautionThreshold":"3%","cautionMultiplier":"75%","maxConsecutiveLosses":5,"enabled":true}

      at Console.log (node_modules/winston/lib/winston/transports/console.js:87:23)

    console.log
      2026-02-02T12:17:24.541Z [drawdown-circuit-breaker] info: DrawdownCircuitBreaker initialized {"maxDailyLoss":"5%","cautionThreshold":"3%","cautionMultiplier":"75%","maxConsecutiveLosses":5,"enabled":true}

      at Console.log (node_modules/winston/lib/winston/transports/console.js:87:23)

    console.log
      2026-02-02T12:17:24.549Z [drawdown-circuit-breaker] info: DrawdownCircuitBreaker initialized {"maxDailyLoss":"5%","cautionThreshold":"3%","cautionMultiplier":"75%","maxConsecutiveLosses":5,"enabled":true}

      at Console.log (node_modules/winston/lib/winston/transports/console.js:87:23)

    console.log
      2026-02-02T12:17:24.556Z [drawdown-circuit-breaker] info: DrawdownCircuitBreaker initialized {"maxDailyLoss":"5%","cautionThreshold":"3%","cautionMultiplier":"75%","maxConsecutiveLosses":5,"enabled":true}

      at Console.log (node_modules/winston/lib/winston/transports/console.js:87:23)

    console.log
      2026-02-02T12:17:24.577Z [drawdown-circuit-breaker] info: DrawdownCircuitBreaker initialized {"maxDailyLoss":"5%","cautionThreshold":"3%","cautionMultiplier":"75%","maxConsecutiveLosses":5,"enabled":true}

      at Console.log (node_modules/winston/lib/winston/transports/console.js:87:23)

    console.log
      2026-02-02T12:17:24.582Z [drawdown-circuit-breaker] info: DrawdownCircuitBreaker initialized {"maxDailyLoss":"5%","cautionThreshold":"3%","cautionMultiplier":"75%","maxConsecutiveLosses":5,"enabled":true}

      at Console.log (node_modules/winston/lib/winston/transports/console.js:87:23)

    console.log
      2026-02-02T12:17:24.592Z [drawdown-circuit-breaker] info: DrawdownCircuitBreaker initialized {"maxDailyLoss":"5%","cautionThreshold":"3%","cautionMultiplier":"75%","maxConsecutiveLosses":5,"enabled":true}

      at Console.log (node_modules/winston/lib/winston/transports/console.js:87:23)

    console.log
      2026-02-02T12:17:24.625Z [drawdown-circuit-breaker] info: DrawdownCircuitBreaker initialized {"maxDailyLoss":"5%","cautionThreshold":"3%","cautionMultiplier":"75%","maxConsecutiveLosses":5,"enabled":true}

      at Console.log (node_modules/winston/lib/winston/transports/console.js:87:23)

    console.log
      2026-02-02T12:17:24.637Z [drawdown-circuit-breaker] info: State transition {"from":"NORMAL","to":"CAUTION","dailyPnL":"-3100000000000000000","consecutiveLosses":1,"currentDrawdown":"3.10%"}

      at Console.log (node_modules/winston/lib/winston/transports/console.js:87:23)

    console.log
      2026-02-02T12:17:24.639Z [drawdown-circuit-breaker] info: DrawdownCircuitBreaker initialized {"maxDailyLoss":"5%","cautionThreshold":"3%","cautionMultiplier":"75%","maxConsecutiveLosses":5,"enabled":true}

      at Console.log (node_modules/winston/lib/winston/transports/console.js:87:23)

    console.log
      2026-02-02T12:17:24.640Z [drawdown-circuit-breaker] info: State transition {"from":"NORMAL","to":"CAUTION","dailyPnL":"-3200000000000000000","consecutiveLosses":4,"currentDrawdown":"3.20%"}

      at Console.log (node_modules/winston/lib/winston/transports/console.js:87:23)

    console.log
      2026-02-02T12:17:24.641Z [drawdown-circuit-breaker] info: DrawdownCircuitBreaker initialized {"maxDailyLoss":"5%","cautionThreshold":"3%","cautionMultiplier":"75%","maxConsecutiveLosses":5,"enabled":true}

      at Console.log (node_modules/winston/lib/winston/transports/console.js:87:23)

    console.log
      2026-02-02T12:17:24.642Z [drawdown-circuit-breaker] info: State transition {"from":"NORMAL","to":"CAUTION","dailyPnL":"-3000000000000000000","consecutiveLosses":1,"currentDrawdown":"3.00%"}

      at Console.log (node_modules/winston/lib/winston/transports/console.js:87:23)

    console.log
      2026-02-02T12:17:24.644Z [drawdown-circuit-breaker] info: DrawdownCircuitBreaker initialized {"maxDailyLoss":"5%","cautionThreshold":"3%","cautionMultiplier":"75%","maxConsecutiveLosses":5,"enabled":true}

      at Console.log (node_modules/winston/lib/winston/transports/console.js:87:23)

    console.log
      2026-02-02T12:17:24.645Z [drawdown-circuit-breaker] info: State transition {"from":"NORMAL","to":"CAUTION","dailyPnL":"-3500000000000000000","consecutiveLosses":1,"currentDrawdown":"3.50%"}

      at Console.log (node_modules/winston/lib/winston/transports/console.js:87:23)

    console.log
      2026-02-02T12:17:24.647Z [drawdown-circuit-breaker] info: DrawdownCircuitBreaker initialized {"maxDailyLoss":"5%","cautionThreshold":"3%","cautionMultiplier":"75%","maxConsecutiveLosses":5,"enabled":true}

      at Console.log (node_modules/winston/lib/winston/transports/console.js:87:23)

    console.log
      2026-02-02T12:17:24.648Z [drawdown-circuit-breaker] info: DrawdownCircuitBreaker initialized {"maxDailyLoss":"5%","cautionThreshold":"3%","cautionMultiplier":"60%","maxConsecutiveLosses":5,"enabled":true}

      at Console.log (node_modules/winston/lib/winston/transports/console.js:87:23)

    console.log
      2026-02-02T12:17:24.650Z [drawdown-circuit-breaker] info: State transition {"from":"NORMAL","to":"CAUTION","dailyPnL":"-3500000000000000000","consecutiveLosses":1,"currentDrawdown":"3.50%"}

      at Console.log (node_modules/winston/lib/winston/transports/console.js:87:23)

    console.log
      2026-02-02T12:17:24.651Z [drawdown-circuit-breaker] info: DrawdownCircuitBreaker initialized {"maxDailyLoss":"5%","cautionThreshold":"3%","cautionMultiplier":"75%","maxConsecutiveLosses":5,"enabled":true}

      at Console.log (node_modules/winston/lib/winston/transports/console.js:87:23)

    console.log
      2026-02-02T12:17:24.655Z [drawdown-circuit-breaker] info: DrawdownCircuitBreaker initialized {"maxDailyLoss":"5%","cautionThreshold":"3%","cautionMultiplier":"75%","maxConsecutiveLosses":5,"enabled":true}

      at Console.log (node_modules/winston/lib/winston/transports/console.js:87:23)

    console.log
      2026-02-02T12:17:24.656Z [drawdown-circuit-breaker] info: State transition {"from":"NORMAL","to":"CAUTION","dailyPnL":"-3500000000000000000","consecutiveLosses":1,"currentDrawdown":"3.50%"}

      at Console.log (node_modules/winston/lib/winston/transports/console.js:87:23)

    console.log
      2026-02-02T12:17:24.669Z [drawdown-circuit-breaker] info: DrawdownCircuitBreaker initialized {"maxDailyLoss":"5%","cautionThreshold":"3%","cautionMultiplier":"75%","maxConsecutiveLosses":5,"enabled":true}

      at Console.log (node_modules/winston/lib/winston/transports/console.js:87:23)

    console.log
      2026-02-02T12:17:24.672Z [drawdown-circuit-breaker] info: State transition {"from":"NORMAL","to":"CAUTION","dailyPnL":"-3500000000000000000","consecutiveLosses":1,"currentDrawdown":"3.50%"}

      at Console.log (node_modules/winston/lib/winston/transports/console.js:87:23)

    console.log
      2026-02-02T12:17:24.675Z [drawdown-circuit-breaker] info: State transition {"from":"CAUTION","to":"HALT","dailyPnL":"-5500000000000000000","consecutiveLosses":2,"currentDrawdown":"5.50%"}

      at Console.log (node_modules/winston/lib/winston/transports/console.js:87:23)

    console.log
      2026-02-02T12:17:24.677Z [drawdown-circuit-breaker] info: DrawdownCircuitBreaker initialized {"maxDailyLoss":"5%","cautionThreshold":"3%","cautionMultiplier":"75%","maxConsecutiveLosses":5,"enabled":true}

      at Console.log (node_modules/winston/lib/winston/transports/console.js:87:23)

    console.log
      2026-02-02T12:17:24.678Z [drawdown-circuit-breaker] info: State transition {"from":"NORMAL","to":"CAUTION","dailyPnL":"-3500000000000000000","consecutiveLosses":1,"currentDrawdown":"3.50%"}

      at Console.log (node_modules/winston/lib/winston/transports/console.js:87:23)

    console.log
      2026-02-02T12:17:24.679Z [drawdown-circuit-breaker] info: DrawdownCircuitBreaker initialized {"maxDailyLoss":"5%","cautionThreshold":"3%","cautionMultiplier":"75%","maxConsecutiveLosses":5,"enabled":true}

      at Console.log (node_modules/winston/lib/winston/transports/console.js:87:23)

    console.log
      2026-02-02T12:17:24.680Z [drawdown-circuit-breaker] info: State transition {"from":"NORMAL","to":"CAUTION","dailyPnL":"-3500000000000000000","consecutiveLosses":1,"currentDrawdown":"3.50%"}

      at Console.log (node_modules/winston/lib/winston/transports/console.js:87:23)

    console.log
      2026-02-02T12:17:24.682Z [drawdown-circuit-breaker] info: State transition {"from":"CAUTION","to":"HALT","dailyPnL":"-3504000000000000000","consecutiveLosses":5,"currentDrawdown":"3.50%"}

      at Console.log (node_modules/winston/lib/winston/transports/console.js:87:23)

    console.log
      2026-02-02T12:17:24.684Z [drawdown-circuit-breaker] warn: HALT triggered by consecutive losses {"consecutiveLosses":5,"maxAllowed":5}

      at Console.log (node_modules/winston/lib/winston/transports/console.js:87:23)

    console.log
      2026-02-02T12:17:24.685Z [drawdown-circuit-breaker] info: DrawdownCircuitBreaker initialized {"maxDailyLoss":"5%","cautionThreshold":"3%","cautionMultiplier":"75%","maxConsecutiveLosses":5,"enabled":true}

      at Console.log (node_modules/winston/lib/winston/transports/console.js:87:23)

    console.log
      2026-02-02T12:17:24.686Z [drawdown-circuit-breaker] info: State transition {"from":"NORMAL","to":"CAUTION","dailyPnL":"-3500000000000000000","consecutiveLosses":1,"currentDrawdown":"3.50%"}

      at Console.log (node_modules/winston/lib/winston/transports/console.js:87:23)

    console.log
      2026-02-02T12:17:24.688Z [drawdown-circuit-breaker] info: State transition {"from":"CAUTION","to":"HALT","dailyPnL":"-5500000000000000000","consecutiveLosses":2,"currentDrawdown":"5.50%"}

      at Console.log (node_modules/winston/lib/winston/transports/console.js:87:23)

    console.log
      2026-02-02T12:17:24.690Z [drawdown-circuit-breaker] info: DrawdownCircuitBreaker initialized {"maxDailyLoss":"5%","cautionThreshold":"3%","cautionMultiplier":"75%","maxConsecutiveLosses":5,"enabled":true}

      at Console.log (node_modules/winston/lib/winston/transports/console.js:87:23)

    console.log
      2026-02-02T12:17:24.691Z [drawdown-circuit-breaker] info: State transition {"from":"NORMAL","to":"CAUTION","dailyPnL":"-3500000000000000000","consecutiveLosses":1,"currentDrawdown":"3.50%"}

      at Console.log (node_modules/winston/lib/winston/transports/console.js:87:23)

    console.log
      2026-02-02T12:17:24.692Z [drawdown-circuit-breaker] info: State transition {"from":"CAUTION","to":"HALT","dailyPnL":"-5500000000000000000","consecutiveLosses":2,"currentDrawdown":"5.50%"}

      at Console.log (node_modules/winston/lib/winston/transports/console.js:87:23)

    console.log
      2026-02-02T12:17:24.697Z [drawdown-circuit-breaker] info: DrawdownCircuitBreaker initialized {"maxDailyLoss":"5%","cautionThreshold":"3%","cautionMultiplier":"75%","maxConsecutiveLosses":5,"enabled":true}

      at Console.log (node_modules/winston/lib/winston/transports/console.js:87:23)

    console.log
      2026-02-02T12:17:24.698Z [drawdown-circuit-breaker] info: State transition {"from":"NORMAL","to":"CAUTION","dailyPnL":"-3500000000000000000","consecutiveLosses":1,"currentDrawdown":"3.50%"}

      at Console.log (node_modules/winston/lib/winston/transports/console.js:87:23)

    console.log
      2026-02-02T12:17:24.699Z [drawdown-circuit-breaker] info: State transition {"from":"CAUTION","to":"HALT","dailyPnL":"-5500000000000000000","consecutiveLosses":2,"currentDrawdown":"5.50%"}

      at Console.log (node_modules/winston/lib/winston/transports/console.js:87:23)

    console.log
      2026-02-02T12:17:24.701Z [drawdown-circuit-breaker] info: DrawdownCircuitBreaker initialized {"maxDailyLoss":"5%","cautionThreshold":"3%","cautionMultiplier":"75%","maxConsecutiveLosses":5,"enabled":true}

      at Console.log (node_modules/winston/lib/winston/transports/console.js:87:23)

    console.log
      2026-02-02T12:17:24.702Z [drawdown-circuit-breaker] info: State transition {"from":"NORMAL","to":"CAUTION","dailyPnL":"-3500000000000000000","consecutiveLosses":1,"currentDrawdown":"3.50%"}

      at Console.log (node_modules/winston/lib/winston/transports/console.js:87:23)

    console.log
      2026-02-02T12:17:24.703Z [drawdown-circuit-breaker] info: State transition {"from":"CAUTION","to":"HALT","dailyPnL":"-5500000000000000000","consecutiveLosses":2,"currentDrawdown":"5.50%"}

      at Console.log (node_modules/winston/lib/winston/transports/console.js:87:23)

    console.log
      2026-02-02T12:17:24.705Z [drawdown-circuit-breaker] info: DrawdownCircuitBreaker initialized {"maxDailyLoss":"5%","cautionThreshold":"3%","cautionMultiplier":"75%","maxConsecutiveLosses":5,"enabled":true}

      at Console.log (node_modules/winston/lib/winston/transports/console.js:87:23)

    console.log
      2026-02-02T12:17:24.707Z [drawdown-circuit-breaker] info: State transition {"from":"NORMAL","to":"CAUTION","dailyPnL":"-3500000000000000000","consecutiveLosses":1,"currentDrawdown":"3.50%"}

      at Console.log (node_modules/winston/lib/winston/transports/console.js:87:23)

    console.log
      2026-02-02T12:17:24.708Z [drawdown-circuit-breaker] info: State transition {"from":"CAUTION","to":"HALT","dailyPnL":"-5500000000000000000","consecutiveLosses":2,"currentDrawdown":"5.50%"}

      at Console.log (node_modules/winston/lib/winston/transports/console.js:87:23)

    console.log
      2026-02-02T12:17:24.710Z [drawdown-circuit-breaker] warn: Manual reset attempted but cooldown not expired {"cooldownRemainingMs":3599999}

      at Console.log (node_modules/winston/lib/winston/transports/console.js:87:23)

    console.log
      2026-02-02T12:17:24.711Z [drawdown-circuit-breaker] info: DrawdownCircuitBreaker initialized {"maxDailyLoss":"5%","cautionThreshold":"3%","cautionMultiplier":"75%","maxConsecutiveLosses":5,"enabled":true}

      at Console.log (node_modules/winston/lib/winston/transports/console.js:87:23)

    console.log
      2026-02-02T12:17:24.712Z [drawdown-circuit-breaker] info: State transition {"from":"NORMAL","to":"CAUTION","dailyPnL":"-3500000000000000000","consecutiveLosses":1,"currentDrawdown":"3.50%"}

      at Console.log (node_modules/winston/lib/winston/transports/console.js:87:23)

    console.log
      2026-02-02T12:17:24.713Z [drawdown-circuit-breaker] info: State transition {"from":"CAUTION","to":"HALT","dailyPnL":"-5500000000000000000","consecutiveLosses":2,"currentDrawdown":"5.50%"}

      at Console.log (node_modules/winston/lib/winston/transports/console.js:87:23)

    console.log
      2026-02-02T12:17:24.714Z [drawdown-circuit-breaker] info: DrawdownCircuitBreaker initialized {"maxDailyLoss":"5%","cautionThreshold":"3%","cautionMultiplier":"75%","maxConsecutiveLosses":5,"enabled":true}

      at Console.log (node_modules/winston/lib/winston/transports/console.js:87:23)

    console.log
      2026-02-02T12:17:24.715Z [drawdown-circuit-breaker] info: State transition {"from":"NORMAL","to":"CAUTION","dailyPnL":"-3500000000000000000","consecutiveLosses":1,"currentDrawdown":"3.50%"}

      at Console.log (node_modules/winston/lib/winston/transports/console.js:87:23)

    console.log
      2026-02-02T12:17:24.717Z [drawdown-circuit-breaker] info: State transition {"from":"CAUTION","to":"HALT","dailyPnL":"-5500000000000000000","consecutiveLosses":2,"currentDrawdown":"5.50%"}

      at Console.log (node_modules/winston/lib/winston/transports/console.js:87:23)

    console.log
      2026-02-02T12:17:24.817Z [drawdown-circuit-breaker] info: State transition {"from":"HALT","to":"RECOVERY","dailyPnL":"-5500000000000000000","consecutiveLosses":2,"currentDrawdown":"5.50%"}

      at Console.log (node_modules/winston/lib/winston/transports/console.js:87:23)

    console.log
      2026-02-02T12:17:24.818Z [drawdown-circuit-breaker] info: Manual reset successful - entering RECOVERY state

      at Console.log (node_modules/winston/lib/winston/transports/console.js:87:23)

    console.log
      2026-02-02T12:17:24.823Z [drawdown-circuit-breaker] info: DrawdownCircuitBreaker initialized {"maxDailyLoss":"5%","cautionThreshold":"3%","cautionMultiplier":"75%","maxConsecutiveLosses":5,"enabled":true}

      at Console.log (node_modules/winston/lib/winston/transports/console.js:87:23)

    console.log
      2026-02-02T12:17:24.824Z [drawdown-circuit-breaker] info: State transition {"from":"NORMAL","to":"CAUTION","dailyPnL":"-3500000000000000000","consecutiveLosses":1,"currentDrawdown":"3.50%"}

      at Console.log (node_modules/winston/lib/winston/transports/console.js:87:23)

    console.log
      2026-02-02T12:17:24.829Z [drawdown-circuit-breaker] info: State transition {"from":"CAUTION","to":"HALT","dailyPnL":"-5500000000000000000","consecutiveLosses":2,"currentDrawdown":"5.50%"}

      at Console.log (node_modules/winston/lib/winston/transports/console.js:87:23)

    console.log
      2026-02-02T12:17:24.830Z [drawdown-circuit-breaker] info: DrawdownCircuitBreaker initialized {"maxDailyLoss":"5%","cautionThreshold":"3%","cautionMultiplier":"75%","maxConsecutiveLosses":5,"enabled":true}

      at Console.log (node_modules/winston/lib/winston/transports/console.js:87:23)

    console.log
      2026-02-02T12:17:24.834Z [drawdown-circuit-breaker] warn: Manual reset attempted but not in HALT state {"currentState":"NORMAL"}

      at Console.log (node_modules/winston/lib/winston/transports/console.js:87:23)

    console.log
      2026-02-02T12:17:24.840Z [drawdown-circuit-breaker] info: DrawdownCircuitBreaker initialized {"maxDailyLoss":"5%","cautionThreshold":"3%","cautionMultiplier":"75%","maxConsecutiveLosses":5,"enabled":true}

      at Console.log (node_modules/winston/lib/winston/transports/console.js:87:23)

    console.log
      2026-02-02T12:17:24.842Z [drawdown-circuit-breaker] info: State transition {"from":"NORMAL","to":"CAUTION","dailyPnL":"-3500000000000000000","consecutiveLosses":1,"currentDrawdown":"3.50%"}

      at Console.log (node_modules/winston/lib/winston/transports/console.js:87:23)

    console.log
      2026-02-02T12:17:24.843Z [drawdown-circuit-breaker] info: State transition {"from":"CAUTION","to":"HALT","dailyPnL":"-5500000000000000000","consecutiveLosses":2,"currentDrawdown":"5.50%"}

      at Console.log (node_modules/winston/lib/winston/transports/console.js:87:23)

    console.log
      2026-02-02T12:17:24.846Z [drawdown-circuit-breaker] info: DrawdownCircuitBreaker initialized {"maxDailyLoss":"5%","cautionThreshold":"3%","cautionMultiplier":"75%","maxConsecutiveLosses":5,"enabled":true}

      at Console.log (node_modules/winston/lib/winston/transports/console.js:87:23)

    console.log
      2026-02-02T12:17:24.849Z [drawdown-circuit-breaker] info: State transition {"from":"NORMAL","to":"CAUTION","dailyPnL":"-3500000000000000000","consecutiveLosses":1,"currentDrawdown":"3.50%"}

      at Console.log (node_modules/winston/lib/winston/transports/console.js:87:23)

    console.log
      2026-02-02T12:17:24.851Z [drawdown-circuit-breaker] info: State transition {"from":"CAUTION","to":"HALT","dailyPnL":"-5500000000000000000","consecutiveLosses":2,"currentDrawdown":"5.50%"}

      at Console.log (node_modules/winston/lib/winston/transports/console.js:87:23)

    console.log
      2026-02-02T12:17:24.877Z [drawdown-circuit-breaker] info: State transition {"from":"HALT","to":"RECOVERY","dailyPnL":"-5500000000000000000","consecutiveLosses":2,"currentDrawdown":"5.50%"}

      at Console.log (node_modules/winston/lib/winston/transports/console.js:87:23)

    console.log
      2026-02-02T12:17:24.879Z [drawdown-circuit-breaker] info: Manual reset successful - entering RECOVERY state

      at Console.log (node_modules/winston/lib/winston/transports/console.js:87:23)

    console.log
      2026-02-02T12:17:24.881Z [drawdown-circuit-breaker] info: DrawdownCircuitBreaker initialized {"maxDailyLoss":"5%","cautionThreshold":"3%","cautionMultiplier":"75%","maxConsecutiveLosses":5,"enabled":true}

      at Console.log (node_modules/winston/lib/winston/transports/console.js:87:23)

    console.log
      2026-02-02T12:17:24.882Z [drawdown-circuit-breaker] info: DrawdownCircuitBreaker initialized {"maxDailyLoss":"5%","cautionThreshold":"3%","cautionMultiplier":"75%","maxConsecutiveLosses":5,"enabled":true}

      at Console.log (node_modules/winston/lib/winston/transports/console.js:87:23)

    console.log
      2026-02-02T12:17:24.882Z [drawdown-circuit-breaker] info: State transition {"from":"NORMAL","to":"CAUTION","dailyPnL":"-3500000000000000000","consecutiveLosses":1,"currentDrawdown":"3.50%"}

      at Console.log (node_modules/winston/lib/winston/transports/console.js:87:23)

    console.log
      2026-02-02T12:17:24.884Z [drawdown-circuit-breaker] info: State transition {"from":"CAUTION","to":"HALT","dailyPnL":"-5500000000000000000","consecutiveLosses":2,"currentDrawdown":"5.50%"}

      at Console.log (node_modules/winston/lib/winston/transports/console.js:87:23)

    console.log
      2026-02-02T12:17:24.910Z [drawdown-circuit-breaker] info: State transition {"from":"HALT","to":"RECOVERY","dailyPnL":"-5500000000000000000","consecutiveLosses":2,"currentDrawdown":"5.50%"}

      at Console.log (node_modules/winston/lib/winston/transports/console.js:87:23)

    console.log
      2026-02-02T12:17:24.911Z [drawdown-circuit-breaker] info: Manual reset successful - entering RECOVERY state

      at Console.log (node_modules/winston/lib/winston/transports/console.js:87:23)

    console.log
      2026-02-02T12:17:24.913Z [drawdown-circuit-breaker] info: State transition {"from":"RECOVERY","to":"NORMAL","dailyPnL":"-5200000000000000000","consecutiveLosses":0,"currentDrawdown":"5.20%"}

      at Console.log (node_modules/winston/lib/winston/transports/console.js:87:23)

    console.log
      2026-02-02T12:17:24.914Z [drawdown-circuit-breaker] info: Recovery complete - returning to NORMAL trading

      at Console.log (node_modules/winston/lib/winston/transports/console.js:87:23)

    console.log
      2026-02-02T12:17:24.917Z [drawdown-circuit-breaker] info: DrawdownCircuitBreaker initialized {"maxDailyLoss":"5%","cautionThreshold":"3%","cautionMultiplier":"75%","maxConsecutiveLosses":5,"enabled":true}

      at Console.log (node_modules/winston/lib/winston/transports/console.js:87:23)

    console.log
      2026-02-02T12:17:24.920Z [drawdown-circuit-breaker] info: DrawdownCircuitBreaker initialized {"maxDailyLoss":"5%","cautionThreshold":"3%","cautionMultiplier":"75%","maxConsecutiveLosses":5,"enabled":true}

      at Console.log (node_modules/winston/lib/winston/transports/console.js:87:23)

    console.log
      2026-02-02T12:17:24.921Z [drawdown-circuit-breaker] info: State transition {"from":"NORMAL","to":"CAUTION","dailyPnL":"-3500000000000000000","consecutiveLosses":1,"currentDrawdown":"3.50%"}

      at Console.log (node_modules/winston/lib/winston/transports/console.js:87:23)

    console.log
      2026-02-02T12:17:24.922Z [drawdown-circuit-breaker] info: State transition {"from":"CAUTION","to":"HALT","dailyPnL":"-5500000000000000000","consecutiveLosses":2,"currentDrawdown":"5.50%"}

      at Console.log (node_modules/winston/lib/winston/transports/console.js:87:23)

    console.log
      2026-02-02T12:17:24.961Z [drawdown-circuit-breaker] info: State transition {"from":"HALT","to":"RECOVERY","dailyPnL":"-5500000000000000000","consecutiveLosses":2,"currentDrawdown":"5.50%"}

      at Console.log (node_modules/winston/lib/winston/transports/console.js:87:23)

    console.log
      2026-02-02T12:17:24.964Z [drawdown-circuit-breaker] info: Manual reset successful - entering RECOVERY state

      at Console.log (node_modules/winston/lib/winston/transports/console.js:87:23)

    console.log
      2026-02-02T12:17:24.966Z [drawdown-circuit-breaker] info: DrawdownCircuitBreaker initialized {"maxDailyLoss":"5%","cautionThreshold":"3%","cautionMultiplier":"75%","maxConsecutiveLosses":5,"enabled":true}

      at Console.log (node_modules/winston/lib/winston/transports/console.js:87:23)

    console.log
      2026-02-02T12:17:24.967Z [drawdown-circuit-breaker] info: DrawdownCircuitBreaker initialized {"maxDailyLoss":"5%","cautionThreshold":"3%","cautionMultiplier":"75%","maxConsecutiveLosses":5,"enabled":true}

      at Console.log (node_modules/winston/lib/winston/transports/console.js:87:23)

    console.log
      2026-02-02T12:17:24.968Z [drawdown-circuit-breaker] info: State transition {"from":"NORMAL","to":"CAUTION","dailyPnL":"-3500000000000000000","consecutiveLosses":1,"currentDrawdown":"3.50%"}

      at Console.log (node_modules/winston/lib/winston/transports/console.js:87:23)

    console.log
      2026-02-02T12:17:24.969Z [drawdown-circuit-breaker] info: State transition {"from":"CAUTION","to":"HALT","dailyPnL":"-5500000000000000000","consecutiveLosses":2,"currentDrawdown":"5.50%"}

      at Console.log (node_modules/winston/lib/winston/transports/console.js:87:23)

    console.log
      2026-02-02T12:17:25.032Z [drawdown-circuit-breaker] info: State transition {"from":"HALT","to":"RECOVERY","dailyPnL":"-5500000000000000000","consecutiveLosses":2,"currentDrawdown":"5.50%"}

      at Console.log (node_modules/winston/lib/winston/transports/console.js:87:23)

    console.log
      2026-02-02T12:17:25.033Z [drawdown-circuit-breaker] info: Manual reset successful - entering RECOVERY state

      at Console.log (node_modules/winston/lib/winston/transports/console.js:87:23)

    console.log
      2026-02-02T12:17:25.048Z [drawdown-circuit-breaker] info: DrawdownCircuitBreaker initialized {"maxDailyLoss":"5%","cautionThreshold":"3%","cautionMultiplier":"75%","maxConsecutiveLosses":5,"enabled":true}

      at Console.log (node_modules/winston/lib/winston/transports/console.js:87:23)

    console.log
      2026-02-02T12:17:25.049Z [drawdown-circuit-breaker] info: DrawdownCircuitBreaker initialized {"maxDailyLoss":"5%","cautionThreshold":"3%","cautionMultiplier":"75%","maxConsecutiveLosses":5,"enabled":true}

      at Console.log (node_modules/winston/lib/winston/transports/console.js:87:23)

    console.log
      2026-02-02T12:17:25.050Z [drawdown-circuit-breaker] info: State transition {"from":"NORMAL","to":"CAUTION","dailyPnL":"-3500000000000000000","consecutiveLosses":1,"currentDrawdown":"3.50%"}

      at Console.log (node_modules/winston/lib/winston/transports/console.js:87:23)

    console.log
      2026-02-02T12:17:25.052Z [drawdown-circuit-breaker] info: State transition {"from":"CAUTION","to":"HALT","dailyPnL":"-5500000000000000000","consecutiveLosses":2,"currentDrawdown":"5.50%"}

      at Console.log (node_modules/winston/lib/winston/transports/console.js:87:23)

    console.log
      2026-02-02T12:17:25.079Z [drawdown-circuit-breaker] info: State transition {"from":"HALT","to":"RECOVERY","dailyPnL":"-5500000000000000000","consecutiveLosses":2,"currentDrawdown":"5.50%"}

      at Console.log (node_modules/winston/lib/winston/transports/console.js:87:23)

    console.log
      2026-02-02T12:17:25.080Z [drawdown-circuit-breaker] info: Manual reset successful - entering RECOVERY state

      at Console.log (node_modules/winston/lib/winston/transports/console.js:87:23)

    console.log
      2026-02-02T12:17:25.082Z [drawdown-circuit-breaker] info: DrawdownCircuitBreaker initialized {"maxDailyLoss":"5%","cautionThreshold":"3%","cautionMultiplier":"75%","maxConsecutiveLosses":5,"enabled":true}

      at Console.log (node_modules/winston/lib/winston/transports/console.js:87:23)

    console.log
      2026-02-02T12:17:25.085Z [drawdown-circuit-breaker] info: DrawdownCircuitBreaker initialized {"maxDailyLoss":"5%","cautionThreshold":"3%","cautionMultiplier":"75%","maxConsecutiveLosses":5,"enabled":true}

      at Console.log (node_modules/winston/lib/winston/transports/console.js:87:23)

    console.log
      2026-02-02T12:17:25.086Z [drawdown-circuit-breaker] info: State transition {"from":"NORMAL","to":"CAUTION","dailyPnL":"-3500000000000000000","consecutiveLosses":1,"currentDrawdown":"3.50%"}

      at Console.log (node_modules/winston/lib/winston/transports/console.js:87:23)

    console.log
      2026-02-02T12:17:25.088Z [drawdown-circuit-breaker] info: DrawdownCircuitBreaker initialized {"maxDailyLoss":"5%","cautionThreshold":"3%","cautionMultiplier":"75%","maxConsecutiveLosses":5,"enabled":true}

      at Console.log (node_modules/winston/lib/winston/transports/console.js:87:23)

    console.log
      2026-02-02T12:17:25.090Z [drawdown-circuit-breaker] info: DrawdownCircuitBreaker initialized {"maxDailyLoss":"5%","cautionThreshold":"3%","cautionMultiplier":"75%","maxConsecutiveLosses":5,"enabled":true}

      at Console.log (node_modules/winston/lib/winston/transports/console.js:87:23)

    console.log
      2026-02-02T12:17:25.093Z [drawdown-circuit-breaker] info: DrawdownCircuitBreaker initialized {"maxDailyLoss":"5%","cautionThreshold":"3%","cautionMultiplier":"75%","maxConsecutiveLosses":5,"enabled":true}

      at Console.log (node_modules/winston/lib/winston/transports/console.js:87:23)

    console.log
      2026-02-02T12:17:25.096Z [drawdown-circuit-breaker] info: DrawdownCircuitBreaker initialized {"maxDailyLoss":"5%","cautionThreshold":"3%","cautionMultiplier":"75%","maxConsecutiveLosses":5,"enabled":true}

      at Console.log (node_modules/winston/lib/winston/transports/console.js:87:23)

    console.log
      2026-02-02T12:17:25.099Z [drawdown-circuit-breaker] info: DrawdownCircuitBreaker initialized {"maxDailyLoss":"5%","cautionThreshold":"3%","cautionMultiplier":"75%","maxConsecutiveLosses":5,"enabled":true}

      at Console.log (node_modules/winston/lib/winston/transports/console.js:87:23)

    console.log
      2026-02-02T12:17:25.104Z [drawdown-circuit-breaker] info: DrawdownCircuitBreaker initialized {"maxDailyLoss":"5%","cautionThreshold":"3%","cautionMultiplier":"75%","maxConsecutiveLosses":5,"enabled":true}

      at Console.log (node_modules/winston/lib/winston/transports/console.js:87:23)

    console.log
      2026-02-02T12:17:25.106Z [drawdown-circuit-breaker] info: DrawdownCircuitBreaker initialized {"maxDailyLoss":"5%","cautionThreshold":"3%","cautionMultiplier":"75%","maxConsecutiveLosses":5,"enabled":false}

      at Console.log (node_modules/winston/lib/winston/transports/console.js:87:23)

    console.log
      2026-02-02T12:17:25.107Z [drawdown-circuit-breaker] info: DrawdownCircuitBreaker initialized {"maxDailyLoss":"5%","cautionThreshold":"3%","cautionMultiplier":"75%","maxConsecutiveLosses":5,"enabled":true}

      at Console.log (node_modules/winston/lib/winston/transports/console.js:87:23)

    console.log
      2026-02-02T12:17:25.109Z [drawdown-circuit-breaker] info: DrawdownCircuitBreaker initialized {"maxDailyLoss":"5%","cautionThreshold":"3%","cautionMultiplier":"75%","maxConsecutiveLosses":5,"enabled":true}

      at Console.log (node_modules/winston/lib/winston/transports/console.js:87:23)

    console.log
      2026-02-02T12:17:25.112Z [drawdown-circuit-breaker] info: DrawdownCircuitBreaker initialized {"maxDailyLoss":"5%","cautionThreshold":"3%","cautionMultiplier":"75%","maxConsecutiveLosses":5,"enabled":true}

      at Console.log (node_modules/winston/lib/winston/transports/console.js:87:23)

    console.log
      2026-02-02T12:17:25.115Z [drawdown-circuit-breaker] info: DrawdownCircuitBreaker initialized {"maxDailyLoss":"5%","cautionThreshold":"3%","cautionMultiplier":"75%","maxConsecutiveLosses":5,"enabled":true}

      at Console.log (node_modules/winston/lib/winston/transports/console.js:87:23)

    console.log
      2026-02-02T12:17:25.116Z [drawdown-circuit-breaker] info: State transition {"from":"NORMAL","to":"CAUTION","dailyPnL":"-3500000000000000000","consecutiveLosses":1,"currentDrawdown":"3.50%"}

      at Console.log (node_modules/winston/lib/winston/transports/console.js:87:23)

    console.log
      2026-02-02T12:17:25.117Z [drawdown-circuit-breaker] info: State transition {"from":"CAUTION","to":"HALT","dailyPnL":"-5500000000000000000","consecutiveLosses":2,"currentDrawdown":"5.50%"}

      at Console.log (node_modules/winston/lib/winston/transports/console.js:87:23)

    console.log
      2026-02-02T12:17:25.118Z [drawdown-circuit-breaker] info: DrawdownCircuitBreaker initialized {"maxDailyLoss":"5%","cautionThreshold":"3%","cautionMultiplier":"75%","maxConsecutiveLosses":5,"enabled":true}

      at Console.log (node_modules/winston/lib/winston/transports/console.js:87:23)

    console.log
      2026-02-02T12:17:25.119Z [drawdown-circuit-breaker] info: Capital updated {"newCapital":"200000000000000000000","peakCapital":"200000000000000000000"}

      at Console.log (node_modules/winston/lib/winston/transports/console.js:87:23)

    console.log
      2026-02-02T12:17:25.122Z [drawdown-circuit-breaker] info: DrawdownCircuitBreaker initialized {"maxDailyLoss":"5%","cautionThreshold":"3%","cautionMultiplier":"75%","maxConsecutiveLosses":5,"enabled":true}

      at Console.log (node_modules/winston/lib/winston/transports/console.js:87:23)

    console.log
      2026-02-02T12:17:25.123Z [drawdown-circuit-breaker] info: Capital updated {"newCapital":"200000000000000000000","peakCapital":"200000000000000000000"}

      at Console.log (node_modules/winston/lib/winston/transports/console.js:87:23)

    console.log
      2026-02-02T12:17:25.125Z [drawdown-circuit-breaker] info: DrawdownCircuitBreaker initialized {"maxDailyLoss":"5%","cautionThreshold":"3%","cautionMultiplier":"75%","maxConsecutiveLosses":5,"enabled":true}

      at Console.log (node_modules/winston/lib/winston/transports/console.js:87:23)

    console.log
      2026-02-02T12:17:25.126Z [drawdown-circuit-breaker] info: State transition {"from":"NORMAL","to":"CAUTION","dailyPnL":"-10000000000000000000","consecutiveLosses":1,"currentDrawdown":"10.00%"}

      at Console.log (node_modules/winston/lib/winston/transports/console.js:87:23)

    console.log
      2026-02-02T12:17:25.127Z [drawdown-circuit-breaker] info: Capital updated {"newCapital":"100000000000000000000","peakCapital":"100000000000000000000"}

      at Console.log (node_modules/winston/lib/winston/transports/console.js:87:23)

    console.log
      2026-02-02T12:17:25.129Z [drawdown-circuit-breaker] info: DrawdownCircuitBreaker initialized {"maxDailyLoss":"5%","cautionThreshold":"3%","cautionMultiplier":"75%","maxConsecutiveLosses":5,"enabled":true}

      at Console.log (node_modules/winston/lib/winston/transports/console.js:87:23)

    console.log
      2026-02-02T12:17:25.130Z [drawdown-circuit-breaker] info: State transition {"from":"NORMAL","to":"CAUTION","dailyPnL":"-3500000000000000000","consecutiveLosses":1,"currentDrawdown":"3.50%"}

      at Console.log (node_modules/winston/lib/winston/transports/console.js:87:23)

    console.log
      2026-02-02T12:17:25.131Z [drawdown-circuit-breaker] info: State transition {"from":"CAUTION","to":"HALT","dailyPnL":"-5500000000000000000","consecutiveLosses":2,"currentDrawdown":"5.50%"}

      at Console.log (node_modules/winston/lib/winston/transports/console.js:87:23)

    console.log
      2026-02-02T12:17:25.132Z [drawdown-circuit-breaker] warn: Force reset triggered - bypassing all safety checks

      at Console.log (node_modules/winston/lib/winston/transports/console.js:87:23)

    console.log
      2026-02-02T12:17:25.133Z [drawdown-circuit-breaker] info: DrawdownCircuitBreaker initialized {"maxDailyLoss":"5%","cautionThreshold":"3%","cautionMultiplier":"75%","maxConsecutiveLosses":5,"enabled":true}

      at Console.log (node_modules/winston/lib/winston/transports/console.js:87:23)

    console.log
      2026-02-02T12:17:25.134Z [drawdown-circuit-breaker] info: State transition {"from":"NORMAL","to":"CAUTION","dailyPnL":"-3500000000000000000","consecutiveLosses":1,"currentDrawdown":"3.50%"}

      at Console.log (node_modules/winston/lib/winston/transports/console.js:87:23)

    console.log
      2026-02-02T12:17:25.135Z [drawdown-circuit-breaker] warn: Force reset triggered - bypassing all safety checks

      at Console.log (node_modules/winston/lib/winston/transports/console.js:87:23)

    console.log
      2026-02-02T12:17:25.136Z [drawdown-circuit-breaker] info: DrawdownCircuitBreaker initialized {"maxDailyLoss":"5%","cautionThreshold":"3%","cautionMultiplier":"75%","maxConsecutiveLosses":5,"enabled":true}

      at Console.log (node_modules/winston/lib/winston/transports/console.js:87:23)

    console.log
      2026-02-02T12:17:25.137Z [drawdown-circuit-breaker] info: DrawdownCircuitBreaker initialized {"maxDailyLoss":"5%","cautionThreshold":"3%","cautionMultiplier":"75%","maxConsecutiveLosses":5,"enabled":true}

      at Console.log (node_modules/winston/lib/winston/transports/console.js:87:23)

    console.log
      2026-02-02T12:17:25.138Z [drawdown-circuit-breaker] info: State transition {"from":"NORMAL","to":"CAUTION","dailyPnL":"-3500000000000000000","consecutiveLosses":1,"currentDrawdown":"3.50%"}

      at Console.log (node_modules/winston/lib/winston/transports/console.js:87:23)

    console.log
      2026-02-02T12:17:25.139Z [drawdown-circuit-breaker] info: State transition {"from":"CAUTION","to":"HALT","dailyPnL":"-5500000000000000000","consecutiveLosses":2,"currentDrawdown":"5.50%"}

      at Console.log (node_modules/winston/lib/winston/transports/console.js:87:23)

    console.log
      2026-02-02T12:17:25.201Z [drawdown-circuit-breaker] warn: Force reset triggered - bypassing all safety checks

      at Console.log (node_modules/winston/lib/winston/transports/console.js:87:23)

    console.log
      2026-02-02T12:17:25.204Z [drawdown-circuit-breaker] info: DrawdownCircuitBreaker initialized {"maxDailyLoss":"5%","cautionThreshold":"3%","cautionMultiplier":"75%","maxConsecutiveLosses":5,"enabled":true}

      at Console.log (node_modules/winston/lib/winston/transports/console.js:87:23)

    console.log
      2026-02-02T12:17:25.207Z [drawdown-circuit-breaker] info: DrawdownCircuitBreaker initialized {"maxDailyLoss":"5%","cautionThreshold":"3%","cautionMultiplier":"75%","maxConsecutiveLosses":5,"enabled":false}

      at Console.log (node_modules/winston/lib/winston/transports/console.js:87:23)

    console.log
      2026-02-02T12:17:25.210Z [drawdown-circuit-breaker] info: DrawdownCircuitBreaker initialized {"maxDailyLoss":"5%","cautionThreshold":"3%","cautionMultiplier":"75%","maxConsecutiveLosses":5,"enabled":true}

      at Console.log (node_modules/winston/lib/winston/transports/console.js:87:23)

    console.log
      2026-02-02T12:17:25.211Z [drawdown-circuit-breaker] info: DrawdownCircuitBreaker initialized {"maxDailyLoss":"5%","cautionThreshold":"3%","cautionMultiplier":"75%","maxConsecutiveLosses":5,"enabled":false}

      at Console.log (node_modules/winston/lib/winston/transports/console.js:87:23)

    console.log
      2026-02-02T12:17:25.215Z [drawdown-circuit-breaker] info: DrawdownCircuitBreaker initialized {"maxDailyLoss":"5%","cautionThreshold":"3%","cautionMultiplier":"75%","maxConsecutiveLosses":5,"enabled":true}

      at Console.log (node_modules/winston/lib/winston/transports/console.js:87:23)

    console.log
      2026-02-02T12:17:25.216Z [drawdown-circuit-breaker] info: DrawdownCircuitBreaker initialized {"maxDailyLoss":"5%","cautionThreshold":"3%","cautionMultiplier":"75%","maxConsecutiveLosses":5,"enabled":true}

      at Console.log (node_modules/winston/lib/winston/transports/console.js:87:23)

    console.log
      2026-02-02T12:17:25.220Z [drawdown-circuit-breaker] info: State transition {"from":"NORMAL","to":"CAUTION","dailyPnL":"-3500000000000000000","consecutiveLosses":1,"currentDrawdown":"3.50%"}

      at Console.log (node_modules/winston/lib/winston/transports/console.js:87:23)

    console.log
      2026-02-02T12:17:25.222Z [drawdown-circuit-breaker] info: State transition {"from":"CAUTION","to":"HALT","dailyPnL":"-5500000000000000000","consecutiveLosses":2,"currentDrawdown":"5.50%"}

      at Console.log (node_modules/winston/lib/winston/transports/console.js:87:23)

    console.log
      2026-02-02T12:17:25.223Z [drawdown-circuit-breaker] info: DrawdownCircuitBreaker initialized {"maxDailyLoss":"5%","cautionThreshold":"3%","cautionMultiplier":"75%","maxConsecutiveLosses":5,"enabled":true}

      at Console.log (node_modules/winston/lib/winston/transports/console.js:87:23)

    console.log
      2026-02-02T12:17:25.225Z [drawdown-circuit-breaker] info: DrawdownCircuitBreaker initialized {"maxDailyLoss":"5%","cautionThreshold":"3%","cautionMultiplier":"75%","maxConsecutiveLosses":5,"enabled":true}

      at Console.log (node_modules/winston/lib/winston/transports/console.js:87:23)

    console.log
      2026-02-02T12:17:25.324Z [drawdown-circuit-breaker] info: DrawdownCircuitBreaker initialized {"maxDailyLoss":"5%","cautionThreshold":"3%","cautionMultiplier":"75%","maxConsecutiveLosses":5,"enabled":true}

      at Console.log (node_modules/winston/lib/winston/transports/console.js:87:23)

    console.log
      2026-02-02T12:17:25.328Z [drawdown-circuit-breaker] info: State transition {"from":"NORMAL","to":"CAUTION","dailyPnL":"-3500000000000000000","consecutiveLosses":1,"currentDrawdown":"3.50%"}

      at Console.log (node_modules/winston/lib/winston/transports/console.js:87:23)

    console.log
      2026-02-02T12:17:25.330Z [drawdown-circuit-breaker] info: DrawdownCircuitBreaker initialized {"maxDailyLoss":"5%","cautionThreshold":"3%","cautionMultiplier":"75%","maxConsecutiveLosses":5,"enabled":true}

      at Console.log (node_modules/winston/lib/winston/transports/console.js:87:23)

    console.log
      2026-02-02T12:17:25.332Z [drawdown-circuit-breaker] info: DrawdownCircuitBreaker initialized {"maxDailyLoss":"10%","cautionThreshold":"3%","cautionMultiplier":"75%","maxConsecutiveLosses":5,"enabled":true}

      at Console.log (node_modules/winston/lib/winston/transports/console.js:87:23)

    console.log
      2026-02-02T12:17:25.334Z [drawdown-circuit-breaker] info: DrawdownCircuitBreaker initialized {"maxDailyLoss":"5%","cautionThreshold":"3%","cautionMultiplier":"75%","maxConsecutiveLosses":5,"enabled":true}

      at Console.log (node_modules/winston/lib/winston/transports/console.js:87:23)

    console.log
      2026-02-02T12:17:25.336Z [drawdown-circuit-breaker] warn: getDrawdownCircuitBreaker called with config but instance exists; config ignored

      at Console.log (node_modules/winston/lib/winston/transports/console.js:87:23)

    console.log
      2026-02-02T12:17:25.338Z [drawdown-circuit-breaker] info: DrawdownCircuitBreaker initialized {"maxDailyLoss":"5%","cautionThreshold":"3%","cautionMultiplier":"75%","maxConsecutiveLosses":5,"enabled":true}

      at Console.log (node_modules/winston/lib/winston/transports/console.js:87:23)

    console.log
      2026-02-02T12:17:25.339Z [drawdown-circuit-breaker] info: DrawdownCircuitBreaker initialized {"maxDailyLoss":"5%","cautionThreshold":"3%","cautionMultiplier":"75%","maxConsecutiveLosses":5,"enabled":true}

      at Console.log (node_modules/winston/lib/winston/transports/console.js:87:23)

    console.log
      2026-02-02T12:17:25.341Z [drawdown-circuit-breaker] info: DrawdownCircuitBreaker initialized {"maxDailyLoss":"5%","cautionThreshold":"3%","cautionMultiplier":"75%","maxConsecutiveLosses":5,"enabled":true}

      at Console.log (node_modules/winston/lib/winston/transports/console.js:87:23)

    console.log
      2026-02-02T12:17:25.342Z [drawdown-circuit-breaker] info: DrawdownCircuitBreaker initialized {"maxDailyLoss":"5%","cautionThreshold":"3%","cautionMultiplier":"75%","maxConsecutiveLosses":5,"enabled":true}

      at Console.log (node_modules/winston/lib/winston/transports/console.js:87:23)

    console.log
      2026-02-02T12:17:25.346Z [drawdown-circuit-breaker] info: DrawdownCircuitBreaker initialized {"maxDailyLoss":"5%","cautionThreshold":"3%","cautionMultiplier":"75%","maxConsecutiveLosses":5,"enabled":true}

      at Console.log (node_modules/winston/lib/winston/transports/console.js:87:23)

    console.log
      2026-02-02T12:17:25.355Z [drawdown-circuit-breaker] info: DrawdownCircuitBreaker initialized {"maxDailyLoss":"5%","cautionThreshold":"3%","cautionMultiplier":"75%","maxConsecutiveLosses":5,"enabled":true}

      at Console.log (node_modules/winston/lib/winston/transports/console.js:87:23)

    console.log
      2026-02-02T12:17:25.553Z [drawdown-circuit-breaker] info: DrawdownCircuitBreaker initialized {"maxDailyLoss":"5%","cautionThreshold":"3%","cautionMultiplier":"75%","maxConsecutiveLosses":5,"enabled":true}

      at Console.log (node_modules/winston/lib/winston/transports/console.js:87:23)

    console.log
      2026-02-02T12:17:27.693Z [drawdown-circuit-breaker] info: DrawdownCircuitBreaker initialized {"maxDailyLoss":"5%","cautionThreshold":"3%","cautionMultiplier":"75%","maxConsecutiveLosses":5,"enabled":true}

      at Console.log (node_modules/winston/lib/winston/transports/console.js:87:23)

    console.log
      2026-02-02T12:17:27.990Z [drawdown-circuit-breaker] info: DrawdownCircuitBreaker initialized {"maxDailyLoss":"5%","cautionThreshold":"3%","cautionMultiplier":"75%","maxConsecutiveLosses":5,"enabled":true}

      at Console.log (node_modules/winston/lib/winston/transports/console.js:87:23)

    console.log
      2026-02-02T12:17:27.991Z [drawdown-circuit-breaker] info: State transition {"from":"NORMAL","to":"CAUTION","dailyPnL":"-3500000000000000000","consecutiveLosses":1,"currentDrawdown":"3.50%"}

      at Console.log (node_modules/winston/lib/winston/transports/console.js:87:23)

    console.log
      2026-02-02T12:17:27.992Z [drawdown-circuit-breaker] warn: Force reset triggered - bypassing all safety checks

      at Console.log (node_modules/winston/lib/winston/transports/console.js:87:23)

    console.log
      2026-02-02T12:17:27.994Z [drawdown-circuit-breaker] info: DrawdownCircuitBreaker initialized {"maxDailyLoss":"5%","cautionThreshold":"3%","cautionMultiplier":"75%","maxConsecutiveLosses":5,"enabled":true}

      at Console.log (node_modules/winston/lib/winston/transports/console.js:87:23)

    console.log
      2026-02-02T12:17:27.996Z [drawdown-circuit-breaker] info: DrawdownCircuitBreaker initialized {"maxDailyLoss":"5%","cautionThreshold":"3%","cautionMultiplier":"75%","maxConsecutiveLosses":5,"enabled":true}

      at Console.log (node_modules/winston/lib/winston/transports/console.js:87:23)

    console.log
      2026-02-02T12:17:27.998Z [drawdown-circuit-breaker] info: DrawdownCircuitBreaker initialized {"maxDailyLoss":"5%","cautionThreshold":"3%","cautionMultiplier":"75%","maxConsecutiveLosses":5,"enabled":true}

      at Console.log (node_modules/winston/lib/winston/transports/console.js:87:23)

    console.log
      2026-02-02T12:17:27.999Z [drawdown-circuit-breaker] info: State transition {"from":"NORMAL","to":"CAUTION","dailyPnL":"-3500000000000000000","consecutiveLosses":6,"currentDrawdown":"3.50%"}

      at Console.log (node_modules/winston/lib/winston/transports/console.js:87:23)

    console.log
      2026-02-02T12:17:28.000Z [drawdown-circuit-breaker] info: DrawdownCircuitBreaker initialized {"maxDailyLoss":"5%","cautionThreshold":"3%","cautionMultiplier":"75%","maxConsecutiveLosses":5,"enabled":true}

      at Console.log (node_modules/winston/lib/winston/transports/console.js:87:23)

PASS integration tests/integration/s2.2.5-pair-services.integration.test.ts (5.617 s)
  ● Console

    console.log
      2026-02-02T12:17:27.045Z [pair-discovery] warn: getPairDiscoveryService called with config but instance already exists. Config ignored.

      at Console.log (node_modules/winston/lib/winston/transports/console.js:87:23)

    console.log
      2026-02-02T12:17:27.086Z [pair-cache] error: Cache get error {"key":"test:pair:ethereum:uniswap_v2:0xc02aaa39b223fe8d0a0e5c4f27ead9083c756cc2:0xdac17f958d2ee523a2206206994597c13d831ec7","error":{}}

      at Console.log (node_modules/winston/lib/winston/transports/console.js:87:23)

    console.log
      2026-02-02T12:17:27.100Z [pair-cache] error: Cache set error {"key":"test:pair:ethereum:uniswap_v2:0xc02aaa39b223fe8d0a0e5c4f27ead9083c756cc2:0xdac17f958d2ee523a2206206994597c13d831ec7","error":{}}

      at Console.log (node_modules/winston/lib/winston/transports/console.js:87:23)

    console.log
      2026-02-02T12:17:27.164Z [redis-client] error: Redis main client error {"error":{"code":"ECONNREFUSED"}}

      at Console.log (node_modules/winston/lib/winston/transports/console.js:87:23)

    console.log
      2026-02-02T12:17:27.237Z [redis-client] error: Redis main client error {"error":{"code":"ECONNREFUSED"}}

      at Console.log (node_modules/winston/lib/winston/transports/console.js:87:23)

    console.log
      2026-02-02T12:17:27.373Z [redis-client] error: Redis main client error {"error":{"code":"ECONNREFUSED"}}

      at Console.log (node_modules/winston/lib/winston/transports/console.js:87:23)

    console.log
      2026-02-02T12:17:27.575Z [redis-client] error: Redis main client error {"error":{"code":"ECONNREFUSED"}}

      at Console.log (node_modules/winston/lib/winston/transports/console.js:87:23)

    console.log
      2026-02-02T12:17:27.598Z [redis-client] error: Redis main client error {"error":{"code":"ECONNREFUSED"}}

      at Console.log (node_modules/winston/lib/winston/transports/console.js:87:23)

    console.log
      2026-02-02T12:17:27.686Z [redis-client] error: Redis main client error {"error":{"code":"ECONNREFUSED"}}

      at Console.log (node_modules/winston/lib/winston/transports/console.js:87:23)

    console.log
      2026-02-02T12:17:27.820Z [redis-client] error: Redis main client error {"error":{"code":"ECONNREFUSED"}}

      at Console.log (node_modules/winston/lib/winston/transports/console.js:87:23)

    console.log
      2026-02-02T12:17:28.006Z [redis-client] error: Redis main client error {"error":{"code":"ECONNREFUSED"}}

      at Console.log (node_modules/winston/lib/winston/transports/console.js:87:23)

    console.log
      2026-02-02T12:17:28.047Z [redis-client] error: Redis main client error {"error":{"code":"ECONNREFUSED"}}

      at Console.log (node_modules/winston/lib/winston/transports/console.js:87:23)

    console.log
      2026-02-02T12:17:28.116Z [redis-client] error: Redis main client error {"error":{"code":"ECONNREFUSED"}}

      at Console.log (node_modules/winston/lib/winston/transports/console.js:87:23)

    console.log
      2026-02-02T12:17:28.237Z [redis-client] error: Redis main client error {"error":{"code":"ECONNREFUSED"}}

      at Console.log (node_modules/winston/lib/winston/transports/console.js:87:23)

    console.log
      2026-02-02T12:17:28.396Z [redis-client] error: Redis main client error {"error":{"code":"ECONNREFUSED"}}

      at Console.log (node_modules/winston/lib/winston/transports/console.js:87:23)

    console.log
      2026-02-02T12:17:28.420Z [redis-client] error: Redis main client error {"error":{"code":"ECONNREFUSED"}}

      at Console.log (node_modules/winston/lib/winston/transports/console.js:87:23)

    console.log
      2026-02-02T12:17:28.487Z [redis-client] error: Redis main client error {"error":{"code":"ECONNREFUSED"}}

      at Console.log (node_modules/winston/lib/winston/transports/console.js:87:23)

    console.log
      2026-02-02T12:17:28.608Z [redis-client] error: Redis main client error {"error":{"code":"ECONNREFUSED"}}

      at Console.log (node_modules/winston/lib/winston/transports/console.js:87:23)

    console.log
      2026-02-02T12:17:28.779Z [redis-client] error: Redis main client error {"error":{"code":"ECONNREFUSED"}}

      at Console.log (node_modules/winston/lib/winston/transports/console.js:87:23)

    console.log
      2026-02-02T12:17:30.509Z [pair-cache] error: Cache get error {"key":"pair:ethereum:uniswap_v2:0xc02aaa39b223fe8d0a0e5c4f27ead9083c756cc2:0xdac17f958d2ee523a2206206994597c13d831ec7","error":{}}

      at Console.log (node_modules/winston/lib/winston/transports/console.js:87:23)

    console.log
      2026-02-02T12:17:30.532Z [pair-cache] error: Cache get error {"key":"pair:ethereum:uniswap_v2:0xa:0xb","error":{}}

      at Console.log (node_modules/winston/lib/winston/transports/console.js:87:23)

    console.log
      2026-02-02T12:17:30.533Z [pair-cache] error: Cache set error {"key":"pair:ethereum:uniswap_v2:0xa:0xb","error":{}}

      at Console.log (node_modules/winston/lib/winston/transports/console.js:87:23)

PASS integration tests/integration/s1.2-swap-event-filter.integration.test.ts (7.09 s)
  ● Console

    console.log
      2026-02-02T12:17:28.010Z [swap-event-filter] info: SwapEventFilter initialized {"config":{"minUsdValue":10,"whaleThreshold":50000,"dedupWindowMs":5000,"aggregationWindowMs":5000,"maxDedupCacheSize":10000,"cleanupIntervalMs":30000}}

      at Console.log (node_modules/winston/lib/winston/transports/console.js:87:23)

    console.log
      2026-02-02T12:17:28.065Z [swap-event-filter] info: SwapEventFilter destroyed

      at Console.log (node_modules/winston/lib/winston/transports/console.js:87:23)

    console.log
      2026-02-02T12:17:28.068Z [swap-event-filter] info: SwapEventFilter initialized {"config":{"minUsdValue":10,"whaleThreshold":50000,"dedupWindowMs":5000,"aggregationWindowMs":5000,"maxDedupCacheSize":10000,"cleanupIntervalMs":30000}}

      at Console.log (node_modules/winston/lib/winston/transports/console.js:87:23)

    console.log
      2026-02-02T12:17:28.073Z [swap-event-filter] info: SwapEventFilter destroyed

      at Console.log (node_modules/winston/lib/winston/transports/console.js:87:23)

    console.log
      2026-02-02T12:17:28.074Z [swap-event-filter] info: SwapEventFilter initialized {"config":{"minUsdValue":10,"whaleThreshold":50000,"dedupWindowMs":5000,"aggregationWindowMs":5000,"maxDedupCacheSize":10000,"cleanupIntervalMs":30000}}

      at Console.log (node_modules/winston/lib/winston/transports/console.js:87:23)

    console.log
      2026-02-02T12:17:28.076Z [swap-event-filter] info: SwapEventFilter destroyed

      at Console.log (node_modules/winston/lib/winston/transports/console.js:87:23)

    console.log
      2026-02-02T12:17:28.079Z [swap-event-filter] info: SwapEventFilter initialized {"config":{"minUsdValue":10,"whaleThreshold":50000,"dedupWindowMs":5000,"aggregationWindowMs":5000,"maxDedupCacheSize":10000,"cleanupIntervalMs":30000}}

      at Console.log (node_modules/winston/lib/winston/transports/console.js:87:23)

    console.log
      2026-02-02T12:17:28.080Z [swap-event-filter] info: SwapEventFilter destroyed

      at Console.log (node_modules/winston/lib/winston/transports/console.js:87:23)

    console.log
      2026-02-02T12:17:28.082Z [swap-event-filter] info: SwapEventFilter initialized {"config":{"minUsdValue":10,"whaleThreshold":50000,"dedupWindowMs":5000,"aggregationWindowMs":5000,"maxDedupCacheSize":10000,"cleanupIntervalMs":30000}}

      at Console.log (node_modules/winston/lib/winston/transports/console.js:87:23)

    console.log
      2026-02-02T12:17:28.083Z [swap-event-filter] info: SwapEventFilter destroyed

      at Console.log (node_modules/winston/lib/winston/transports/console.js:87:23)

    console.log
      2026-02-02T12:17:28.085Z [swap-event-filter] info: SwapEventFilter initialized {"config":{"minUsdValue":10,"whaleThreshold":50000,"dedupWindowMs":5000,"aggregationWindowMs":5000,"maxDedupCacheSize":10000,"cleanupIntervalMs":30000}}

      at Console.log (node_modules/winston/lib/winston/transports/console.js:87:23)

    console.log
      2026-02-02T12:17:28.087Z [swap-event-filter] info: SwapEventFilter initialized {"config":{"minUsdValue":100,"whaleThreshold":50000,"dedupWindowMs":5000,"aggregationWindowMs":5000,"maxDedupCacheSize":10000,"cleanupIntervalMs":30000}}

      at Console.log (node_modules/winston/lib/winston/transports/console.js:87:23)

    console.log
      2026-02-02T12:17:28.088Z [swap-event-filter] info: SwapEventFilter destroyed

      at Console.log (node_modules/winston/lib/winston/transports/console.js:87:23)

    console.log
      2026-02-02T12:17:28.089Z [swap-event-filter] info: SwapEventFilter destroyed

      at Console.log (node_modules/winston/lib/winston/transports/console.js:87:23)

    console.log
      2026-02-02T12:17:28.091Z [swap-event-filter] info: SwapEventFilter initialized {"config":{"minUsdValue":10,"whaleThreshold":50000,"dedupWindowMs":5000,"aggregationWindowMs":5000,"maxDedupCacheSize":10000,"cleanupIntervalMs":30000}}

      at Console.log (node_modules/winston/lib/winston/transports/console.js:87:23)

    console.log
      2026-02-02T12:17:28.093Z [swap-event-filter] info: SwapEventFilter destroyed

      at Console.log (node_modules/winston/lib/winston/transports/console.js:87:23)

    console.log
      2026-02-02T12:17:28.096Z [swap-event-filter] info: SwapEventFilter initialized {"config":{"minUsdValue":10,"whaleThreshold":50000,"dedupWindowMs":5000,"aggregationWindowMs":5000,"maxDedupCacheSize":10000,"cleanupIntervalMs":30000}}

      at Console.log (node_modules/winston/lib/winston/transports/console.js:87:23)

    console.log
      2026-02-02T12:17:28.098Z [swap-event-filter] info: SwapEventFilter destroyed

      at Console.log (node_modules/winston/lib/winston/transports/console.js:87:23)

    console.log
      2026-02-02T12:17:28.100Z [swap-event-filter] info: SwapEventFilter initialized {"config":{"minUsdValue":10,"whaleThreshold":50000,"dedupWindowMs":5000,"aggregationWindowMs":5000,"maxDedupCacheSize":10000,"cleanupIntervalMs":30000}}

      at Console.log (node_modules/winston/lib/winston/transports/console.js:87:23)

    console.log
      2026-02-02T12:17:28.102Z [swap-event-filter] info: SwapEventFilter destroyed

      at Console.log (node_modules/winston/lib/winston/transports/console.js:87:23)

    console.log
      2026-02-02T12:17:28.103Z [swap-event-filter] info: SwapEventFilter initialized {"config":{"minUsdValue":10,"whaleThreshold":50000,"dedupWindowMs":5000,"aggregationWindowMs":5000,"maxDedupCacheSize":10000,"cleanupIntervalMs":30000}}

      at Console.log (node_modules/winston/lib/winston/transports/console.js:87:23)

    console.log
      2026-02-02T12:17:28.105Z [swap-event-filter] info: SwapEventFilter initialized {"config":{"minUsdValue":10,"whaleThreshold":50000,"dedupWindowMs":100,"aggregationWindowMs":5000,"maxDedupCacheSize":10000,"cleanupIntervalMs":30000}}

      at Console.log (node_modules/winston/lib/winston/transports/console.js:87:23)

    console.log
      2026-02-02T12:17:28.279Z [swap-event-filter] info: SwapEventFilter destroyed

      at Console.log (node_modules/winston/lib/winston/transports/console.js:87:23)

    console.log
      2026-02-02T12:17:28.282Z [swap-event-filter] info: SwapEventFilter destroyed

      at Console.log (node_modules/winston/lib/winston/transports/console.js:87:23)

    console.log
      2026-02-02T12:17:28.284Z [swap-event-filter] info: SwapEventFilter initialized {"config":{"minUsdValue":10,"whaleThreshold":50000,"dedupWindowMs":5000,"aggregationWindowMs":5000,"maxDedupCacheSize":10000,"cleanupIntervalMs":30000}}

      at Console.log (node_modules/winston/lib/winston/transports/console.js:87:23)

    console.log
      2026-02-02T12:17:28.292Z [swap-event-filter] info: Whale alert detected {"usdValue":60000,"chain":"ethereum","dex":"uniswap_v3","pair":"0xf4619e611adde8"}

      at Console.log (node_modules/winston/lib/winston/transports/console.js:87:23)

    console.log
      2026-02-02T12:17:28.294Z [swap-event-filter] info: SwapEventFilter destroyed

      at Console.log (node_modules/winston/lib/winston/transports/console.js:87:23)

    console.log
      2026-02-02T12:17:28.298Z [swap-event-filter] info: SwapEventFilter initialized {"config":{"minUsdValue":10,"whaleThreshold":50000,"dedupWindowMs":5000,"aggregationWindowMs":5000,"maxDedupCacheSize":10000,"cleanupIntervalMs":30000}}

      at Console.log (node_modules/winston/lib/winston/transports/console.js:87:23)

    console.log
      2026-02-02T12:17:28.303Z [swap-event-filter] info: SwapEventFilter destroyed

      at Console.log (node_modules/winston/lib/winston/transports/console.js:87:23)

    console.log
      2026-02-02T12:17:28.304Z [swap-event-filter] info: SwapEventFilter initialized {"config":{"minUsdValue":10,"whaleThreshold":50000,"dedupWindowMs":5000,"aggregationWindowMs":5000,"maxDedupCacheSize":10000,"cleanupIntervalMs":30000}}

      at Console.log (node_modules/winston/lib/winston/transports/console.js:87:23)

    console.log
      2026-02-02T12:17:28.306Z [swap-event-filter] info: Whale alert detected {"usdValue":75000,"chain":"ethereum","dex":"uniswap_v3","pair":"0xb5e2b4532d79b8"}

      at Console.log (node_modules/winston/lib/winston/transports/console.js:87:23)

    console.log
      2026-02-02T12:17:28.308Z [swap-event-filter] info: SwapEventFilter destroyed

      at Console.log (node_modules/winston/lib/winston/transports/console.js:87:23)

    console.log
      2026-02-02T12:17:28.310Z [swap-event-filter] info: SwapEventFilter initialized {"config":{"minUsdValue":10,"whaleThreshold":50000,"dedupWindowMs":5000,"aggregationWindowMs":5000,"maxDedupCacheSize":10000,"cleanupIntervalMs":30000}}

      at Console.log (node_modules/winston/lib/winston/transports/console.js:87:23)

    console.log
      2026-02-02T12:17:28.312Z [swap-event-filter] info: Whale alert detected {"usdValue":60000,"chain":"ethereum","dex":"uniswap_v3","pair":"0xb365d8f6815408"}

      at Console.log (node_modules/winston/lib/winston/transports/console.js:87:23)

    console.log
      2026-02-02T12:17:28.314Z [swap-event-filter] info: Whale alert detected {"usdValue":70000,"chain":"ethereum","dex":"uniswap_v3","pair":"0xee58d17ba85818"}

      at Console.log (node_modules/winston/lib/winston/transports/console.js:87:23)

    console.log
      2026-02-02T12:17:28.315Z [swap-event-filter] info: SwapEventFilter destroyed

      at Console.log (node_modules/winston/lib/winston/transports/console.js:87:23)

    console.log
      2026-02-02T12:17:28.316Z [swap-event-filter] info: SwapEventFilter initialized {"config":{"minUsdValue":10,"whaleThreshold":50000,"dedupWindowMs":5000,"aggregationWindowMs":5000,"maxDedupCacheSize":10000,"cleanupIntervalMs":30000}}

      at Console.log (node_modules/winston/lib/winston/transports/console.js:87:23)

    console.log
      2026-02-02T12:17:28.317Z [swap-event-filter] info: Whale alert detected {"usdValue":60000,"chain":"ethereum","dex":"uniswap_v3","pair":"0xd9d0af75eac1c8"}

      at Console.log (node_modules/winston/lib/winston/transports/console.js:87:23)

    console.log
      2026-02-02T12:17:28.318Z [swap-event-filter] info: Whale alert detected {"usdValue":100000,"chain":"ethereum","dex":"uniswap_v3","pair":"0x7b576c1a72a07"}

      at Console.log (node_modules/winston/lib/winston/transports/console.js:87:23)

    console.log
      2026-02-02T12:17:28.320Z [swap-event-filter] info: SwapEventFilter destroyed

      at Console.log (node_modules/winston/lib/winston/transports/console.js:87:23)

    console.log
      2026-02-02T12:17:28.322Z [swap-event-filter] info: SwapEventFilter initialized {"config":{"minUsdValue":10,"whaleThreshold":50000,"dedupWindowMs":5000,"aggregationWindowMs":100,"maxDedupCacheSize":10000,"cleanupIntervalMs":30000}}

      at Console.log (node_modules/winston/lib/winston/transports/console.js:87:23)

    console.log
      2026-02-02T12:17:28.481Z [swap-event-filter] info: SwapEventFilter destroyed

      at Console.log (node_modules/winston/lib/winston/transports/console.js:87:23)

    console.log
      2026-02-02T12:17:28.484Z [swap-event-filter] info: SwapEventFilter initialized {"config":{"minUsdValue":10,"whaleThreshold":50000,"dedupWindowMs":5000,"aggregationWindowMs":100,"maxDedupCacheSize":10000,"cleanupIntervalMs":30000}}

      at Console.log (node_modules/winston/lib/winston/transports/console.js:87:23)

    console.log
      2026-02-02T12:17:28.673Z [swap-event-filter] info: SwapEventFilter destroyed

      at Console.log (node_modules/winston/lib/winston/transports/console.js:87:23)

    console.log
      2026-02-02T12:17:28.682Z [swap-event-filter] info: SwapEventFilter initialized {"config":{"minUsdValue":10,"whaleThreshold":50000,"dedupWindowMs":5000,"aggregationWindowMs":100,"maxDedupCacheSize":10000,"cleanupIntervalMs":30000}}

      at Console.log (node_modules/winston/lib/winston/transports/console.js:87:23)

    console.log
      2026-02-02T12:17:28.866Z [swap-event-filter] info: SwapEventFilter destroyed

      at Console.log (node_modules/winston/lib/winston/transports/console.js:87:23)

    console.log
      2026-02-02T12:17:28.890Z [swap-event-filter] info: SwapEventFilter initialized {"config":{"minUsdValue":10,"whaleThreshold":50000,"dedupWindowMs":5000,"aggregationWindowMs":50,"maxDedupCacheSize":10000,"cleanupIntervalMs":30000}}

      at Console.log (node_modules/winston/lib/winston/transports/console.js:87:23)

    console.log
      2026-02-02T12:17:29.100Z [swap-event-filter] info: SwapEventFilter destroyed

      at Console.log (node_modules/winston/lib/winston/transports/console.js:87:23)

    console.log
      2026-02-02T12:17:29.119Z [swap-event-filter] info: SwapEventFilter initialized {"config":{"minUsdValue":10,"whaleThreshold":50000,"dedupWindowMs":5000,"aggregationWindowMs":5000,"maxDedupCacheSize":10000,"cleanupIntervalMs":30000}}

      at Console.log (node_modules/winston/lib/winston/transports/console.js:87:23)

    console.log
      2026-02-02T12:17:29.120Z [swap-event-filter] info: Whale alert detected {"usdValue":60000,"chain":"ethereum","dex":"uniswap_v3","pair":"0x26a0a164da62d8"}

      at Console.log (node_modules/winston/lib/winston/transports/console.js:87:23)

    console.log
      2026-02-02T12:17:29.122Z [swap-event-filter] info: SwapEventFilter destroyed

      at Console.log (node_modules/winston/lib/winston/transports/console.js:87:23)

    console.log
      2026-02-02T12:17:29.127Z [swap-event-filter] info: SwapEventFilter initialized {"config":{"minUsdValue":10,"whaleThreshold":50000,"dedupWindowMs":5000,"aggregationWindowMs":5000,"maxDedupCacheSize":10000,"cleanupIntervalMs":30000}}

      at Console.log (node_modules/winston/lib/winston/transports/console.js:87:23)

    console.log
      2026-02-02T12:17:29.137Z [swap-event-filter] info: SwapEventFilter destroyed

      at Console.log (node_modules/winston/lib/winston/transports/console.js:87:23)

    console.log
      2026-02-02T12:17:29.141Z [swap-event-filter] info: SwapEventFilter initialized {"config":{"minUsdValue":10,"whaleThreshold":50000,"dedupWindowMs":5000,"aggregationWindowMs":5000,"maxDedupCacheSize":10000,"cleanupIntervalMs":30000}}

      at Console.log (node_modules/winston/lib/winston/transports/console.js:87:23)

    console.log
      2026-02-02T12:17:29.145Z [swap-event-filter] info: SwapEventFilter destroyed

      at Console.log (node_modules/winston/lib/winston/transports/console.js:87:23)

    console.log
      2026-02-02T12:17:29.148Z [swap-event-filter] info: SwapEventFilter initialized {"config":{"minUsdValue":10,"whaleThreshold":50000,"dedupWindowMs":5000,"aggregationWindowMs":5000,"maxDedupCacheSize":10000,"cleanupIntervalMs":30000}}

      at Console.log (node_modules/winston/lib/winston/transports/console.js:87:23)

    console.log
      2026-02-02T12:17:29.150Z [swap-event-filter] info: Whale alert detected {"usdValue":60000,"chain":"ethereum","dex":"uniswap_v3","pair":"0x24ea78f81ed2c8"}

      at Console.log (node_modules/winston/lib/winston/transports/console.js:87:23)

    console.log
      2026-02-02T12:17:29.152Z [swap-event-filter] info: SwapEventFilter destroyed

      at Console.log (node_modules/winston/lib/winston/transports/console.js:87:23)

    console.log
      2026-02-02T12:17:29.153Z [swap-event-filter] info: SwapEventFilter initialized {"config":{"minUsdValue":10,"whaleThreshold":50000,"dedupWindowMs":5000,"aggregationWindowMs":5000,"maxDedupCacheSize":10000,"cleanupIntervalMs":30000}}

      at Console.log (node_modules/winston/lib/winston/transports/console.js:87:23)

    console.log
      2026-02-02T12:17:29.154Z [swap-event-filter] info: SwapEventFilter destroyed

      at Console.log (node_modules/winston/lib/winston/transports/console.js:87:23)

    console.log
      2026-02-02T12:17:29.155Z [swap-event-filter] info: SwapEventFilter initialized {"config":{"minUsdValue":10,"whaleThreshold":50000,"dedupWindowMs":5000,"aggregationWindowMs":5000,"maxDedupCacheSize":10000,"cleanupIntervalMs":30000}}

      at Console.log (node_modules/winston/lib/winston/transports/console.js:87:23)

    console.log
      2026-02-02T12:17:29.156Z [swap-event-filter] info: Whale alert detected {"usdValue":60000,"chain":"ethereum","dex":"uniswap_v3","pair":"0x0b99029da45268"}

      at Console.log (node_modules/winston/lib/winston/transports/console.js:87:23)

    console.log
      2026-02-02T12:17:29.158Z [swap-event-filter] info: SwapEventFilter destroyed

      at Console.log (node_modules/winston/lib/winston/transports/console.js:87:23)

    console.log
      2026-02-02T12:17:29.159Z [swap-event-filter] info: SwapEventFilter initialized {"config":{"minUsdValue":10,"whaleThreshold":50000,"dedupWindowMs":5000,"aggregationWindowMs":5000,"maxDedupCacheSize":10000,"cleanupIntervalMs":30000}}

      at Console.log (node_modules/winston/lib/winston/transports/console.js:87:23)

    console.log
      2026-02-02T12:17:29.161Z [swap-event-filter] info: SwapEventFilter destroyed

      at Console.log (node_modules/winston/lib/winston/transports/console.js:87:23)

    console.log
      2026-02-02T12:17:29.162Z [swap-event-filter] info: SwapEventFilter initialized {"config":{"minUsdValue":10,"whaleThreshold":50000,"dedupWindowMs":5000,"aggregationWindowMs":5000,"maxDedupCacheSize":10000,"cleanupIntervalMs":30000}}

      at Console.log (node_modules/winston/lib/winston/transports/console.js:87:23)

    console.log
      2026-02-02T12:17:29.217Z [swap-event-filter] info: SwapEventFilter destroyed

      at Console.log (node_modules/winston/lib/winston/transports/console.js:87:23)

    console.log
      2026-02-02T12:17:29.222Z [swap-event-filter] info: SwapEventFilter initialized {"config":{"minUsdValue":10,"whaleThreshold":50000,"dedupWindowMs":5000,"aggregationWindowMs":5000,"maxDedupCacheSize":10000,"cleanupIntervalMs":30000}}

      at Console.log (node_modules/winston/lib/winston/transports/console.js:87:23)

    console.log
      2026-02-02T12:17:29.225Z [swap-event-filter] info: Whale alert detected {"usdValue":60000,"chain":"ethereum","dex":"uniswap_v3","pair":"0x184040fae8ac58"}

      at Console.log (node_modules/winston/lib/winston/transports/console.js:87:23)

    console.log
      2026-02-02T12:17:29.230Z [swap-event-filter] info: SwapEventFilter destroyed

      at Console.log (node_modules/winston/lib/winston/transports/console.js:87:23)

    console.log
      2026-02-02T12:17:29.233Z [swap-event-filter] info: SwapEventFilter initialized {"config":{"minUsdValue":10,"whaleThreshold":50000,"dedupWindowMs":50,"aggregationWindowMs":5000,"maxDedupCacheSize":100,"cleanupIntervalMs":30000}}

      at Console.log (node_modules/winston/lib/winston/transports/console.js:87:23)

    console.log
      2026-02-02T12:17:29.363Z [swap-event-filter] info: SwapEventFilter destroyed

      at Console.log (node_modules/winston/lib/winston/transports/console.js:87:23)

    console.log
      2026-02-02T12:17:29.369Z [swap-event-filter] info: SwapEventFilter initialized {"config":{"minUsdValue":10,"whaleThreshold":50000,"dedupWindowMs":5000,"aggregationWindowMs":50,"maxDedupCacheSize":10000,"cleanupIntervalMs":30000}}

      at Console.log (node_modules/winston/lib/winston/transports/console.js:87:23)

    console.log
      2026-02-02T12:17:29.480Z [swap-event-filter] info: SwapEventFilter destroyed

      at Console.log (node_modules/winston/lib/winston/transports/console.js:87:23)

    console.log
      2026-02-02T12:17:29.482Z [swap-event-filter] info: SwapEventFilter initialized {"config":{"minUsdValue":10,"whaleThreshold":50000,"dedupWindowMs":5000,"aggregationWindowMs":5000,"maxDedupCacheSize":10000,"cleanupIntervalMs":30000}}

      at Console.log (node_modules/winston/lib/winston/transports/console.js:87:23)

    console.log
      2026-02-02T12:17:29.485Z [swap-event-filter] info: SwapEventFilter destroyed

      at Console.log (node_modules/winston/lib/winston/transports/console.js:87:23)

    console.log
      2026-02-02T12:17:29.489Z [swap-event-filter] info: SwapEventFilter initialized {"config":{"minUsdValue":10,"whaleThreshold":50000,"dedupWindowMs":5000,"aggregationWindowMs":5000,"maxDedupCacheSize":10000,"cleanupIntervalMs":30000}}

      at Console.log (node_modules/winston/lib/winston/transports/console.js:87:23)

    console.log
      2026-02-02T12:17:29.490Z [swap-event-filter] info: SwapEventFilter destroyed

      at Console.log (node_modules/winston/lib/winston/transports/console.js:87:23)

    console.log
      2026-02-02T12:17:29.491Z [swap-event-filter] info: SwapEventFilter initialized {"config":{"minUsdValue":10,"whaleThreshold":50000,"dedupWindowMs":5000,"aggregationWindowMs":5000,"maxDedupCacheSize":10000,"cleanupIntervalMs":30000}}

      at Console.log (node_modules/winston/lib/winston/transports/console.js:87:23)

    console.log
      2026-02-02T12:17:29.497Z [swap-event-filter] info: SwapEventFilter destroyed

      at Console.log (node_modules/winston/lib/winston/transports/console.js:87:23)

    console.log
      2026-02-02T12:17:29.501Z [swap-event-filter] info: SwapEventFilter initialized {"config":{"minUsdValue":10,"whaleThreshold":50000,"dedupWindowMs":5000,"aggregationWindowMs":5000,"maxDedupCacheSize":10000,"cleanupIntervalMs":30000}}

      at Console.log (node_modules/winston/lib/winston/transports/console.js:87:23)

    console.log
      2026-02-02T12:17:29.504Z [swap-event-filter] info: SwapEventFilter destroyed

      at Console.log (node_modules/winston/lib/winston/transports/console.js:87:23)

    console.log
      2026-02-02T12:17:29.506Z [swap-event-filter] info: SwapEventFilter initialized {"config":{"minUsdValue":10,"whaleThreshold":50000,"dedupWindowMs":5000,"aggregationWindowMs":5000,"maxDedupCacheSize":10000,"cleanupIntervalMs":30000}}

      at Console.log (node_modules/winston/lib/winston/transports/console.js:87:23)

    console.log
      2026-02-02T12:17:29.517Z [swap-event-filter] info: Whale alert detected {"usdValue":1000000000,"chain":"ethereum","dex":"uniswap_v3","pair":"0xaabf046fc2e6f8"}

      at Console.log (node_modules/winston/lib/winston/transports/console.js:87:23)

    console.log
      2026-02-02T12:17:29.518Z [swap-event-filter] info: SwapEventFilter destroyed

      at Console.log (node_modules/winston/lib/winston/transports/console.js:87:23)

    console.log
      2026-02-02T12:17:29.531Z [swap-event-filter] info: SwapEventFilter initialized {"config":{"minUsdValue":10,"whaleThreshold":50000,"dedupWindowMs":5000,"aggregationWindowMs":5000,"maxDedupCacheSize":10000,"cleanupIntervalMs":30000}}

      at Console.log (node_modules/winston/lib/winston/transports/console.js:87:23)

    console.log
      2026-02-02T12:17:29.538Z [swap-event-filter] info: SwapEventFilter initialized {"config":{"minUsdValue":10,"whaleThreshold":50000,"dedupWindowMs":5000,"aggregationWindowMs":5000,"maxDedupCacheSize":10000,"cleanupIntervalMs":30000}}

      at Console.log (node_modules/winston/lib/winston/transports/console.js:87:23)

    console.log
      2026-02-02T12:17:29.539Z [swap-event-filter] info: SwapEventFilter destroyed

      at Console.log (node_modules/winston/lib/winston/transports/console.js:87:23)

    console.log
      2026-02-02T12:17:29.545Z [swap-event-filter] warn: processEvent called on destroyed filter

      at Console.log (node_modules/winston/lib/winston/transports/console.js:87:23)

    console.log
      2026-02-02T12:17:29.546Z [swap-event-filter] info: SwapEventFilter destroyed

      at Console.log (node_modules/winston/lib/winston/transports/console.js:87:23)

    console.log
      2026-02-02T12:17:29.547Z [swap-event-filter] info: SwapEventFilter initialized {"config":{"minUsdValue":10,"whaleThreshold":50000,"dedupWindowMs":5000,"aggregationWindowMs":5000,"maxDedupCacheSize":10000,"cleanupIntervalMs":30000}}

      at Console.log (node_modules/winston/lib/winston/transports/console.js:87:23)

    console.log
      2026-02-02T12:17:29.554Z [swap-event-filter] info: SwapEventFilter destroyed

      at Console.log (node_modules/winston/lib/winston/transports/console.js:87:23)

    console.log
      2026-02-02T12:17:29.555Z [swap-event-filter] info: SwapEventFilter initialized {"config":{"minUsdValue":10,"whaleThreshold":50000,"dedupWindowMs":5000,"aggregationWindowMs":5000,"maxDedupCacheSize":10000,"cleanupIntervalMs":30000}}

      at Console.log (node_modules/winston/lib/winston/transports/console.js:87:23)

    console.log
      2026-02-02T12:17:29.580Z [swap-event-filter] info: SwapEventFilter destroyed

      at Console.log (node_modules/winston/lib/winston/transports/console.js:87:23)

    console.log
      2026-02-02T12:17:29.583Z [swap-event-filter] info: SwapEventFilter initialized {"config":{"minUsdValue":10,"whaleThreshold":50000,"dedupWindowMs":5000,"aggregationWindowMs":5000,"maxDedupCacheSize":10000,"cleanupIntervalMs":30000}}

      at Console.log (node_modules/winston/lib/winston/transports/console.js:87:23)

    console.log
      2026-02-02T12:17:29.652Z [swap-event-filter] info: SwapEventFilter destroyed

      at Console.log (node_modules/winston/lib/winston/transports/console.js:87:23)

    console.log
      2026-02-02T12:17:29.656Z [swap-event-filter] info: SwapEventFilter initialized {"config":{"minUsdValue":10,"whaleThreshold":50000,"dedupWindowMs":5000,"aggregationWindowMs":5000,"maxDedupCacheSize":10000,"cleanupIntervalMs":30000}}

      at Console.log (node_modules/winston/lib/winston/transports/console.js:87:23)

    console.log
      2026-02-02T12:17:29.766Z [swap-event-filter] info: Whale alert detected {"usdValue":220244.65534115888,"chain":"ethereum","dex":"uniswap_v3","pair":"0x9ed784bed78ce"}

      at Console.log (node_modules/winston/lib/winston/transports/console.js:87:23)

    console.log
      2026-02-02T12:17:29.767Z [swap-event-filter] info: Whale alert detected {"usdValue":581212.0929734487,"chain":"ethereum","dex":"uniswap_v3","pair":"0x769521e465dbf"}

      at Console.log (node_modules/winston/lib/winston/transports/console.js:87:23)

    console.log
      2026-02-02T12:17:29.770Z [swap-event-filter] info: Whale alert detected {"usdValue":593118.2528205961,"chain":"ethereum","dex":"uniswap_v3","pair":"0x71d0bce5e1537"}

      at Console.log (node_modules/winston/lib/winston/transports/console.js:87:23)

    console.log
      2026-02-02T12:17:29.771Z [swap-event-filter] info: Whale alert detected {"usdValue":389039.3886145265,"chain":"ethereum","dex":"uniswap_v3","pair":"0x806b6747f5fe58"}

      at Console.log (node_modules/winston/lib/winston/transports/console.js:87:23)

    console.log
      2026-02-02T12:17:29.775Z [swap-event-filter] info: Whale alert detected {"usdValue":898759.522443484,"chain":"ethereum","dex":"uniswap_v3","pair":"0xc66fbf636452b8"}

      at Console.log (node_modules/winston/lib/winston/transports/console.js:87:23)

    console.log
      2026-02-02T12:17:29.778Z [swap-event-filter] info: Whale alert detected {"usdValue":972719.5131455375,"chain":"ethereum","dex":"uniswap_v3","pair":"0x9ac34baf36e808"}

      at Console.log (node_modules/winston/lib/winston/transports/console.js:87:23)

    console.log
      2026-02-02T12:17:29.828Z [swap-event-filter] info: Whale alert detected {"usdValue":569879.8288593102,"chain":"ethereum","dex":"uniswap_v3","pair":"0xd1bf9c3946cd68"}

      at Console.log (node_modules/winston/lib/winston/transports/console.js:87:23)

    console.log
      2026-02-02T12:17:29.830Z [swap-event-filter] info: Whale alert detected {"usdValue":409910.50246497523,"chain":"ethereum","dex":"uniswap_v3","pair":"0xad41747d5e8c2"}

      at Console.log (node_modules/winston/lib/winston/transports/console.js:87:23)

    console.log
      2026-02-02T12:17:29.831Z [swap-event-filter] info: Whale alert detected {"usdValue":496000.35511463083,"chain":"ethereum","dex":"uniswap_v3","pair":"0x417cc2cb85778"}

      at Console.log (node_modules/winston/lib/winston/transports/console.js:87:23)

    console.log
      2026-02-02T12:17:29.832Z [swap-event-filter] info: Whale alert detected {"usdValue":856687.9519013371,"chain":"ethereum","dex":"uniswap_v3","pair":"0x49f7e03deb2d8"}

      at Console.log (node_modules/winston/lib/winston/transports/console.js:87:23)

    console.log
      2026-02-02T12:17:29.852Z [swap-event-filter] info: SwapEventFilter destroyed

      at Console.log (node_modules/winston/lib/winston/transports/console.js:87:23)

    console.log
      2026-02-02T12:17:29.863Z [swap-event-filter] info: SwapEventFilter initialized {"config":{"minUsdValue":10,"whaleThreshold":50000,"dedupWindowMs":5000,"aggregationWindowMs":5000,"maxDedupCacheSize":10000,"cleanupIntervalMs":30000}}

      at Console.log (node_modules/winston/lib/winston/transports/console.js:87:23)

    console.log
      2026-02-02T12:17:29.873Z [swap-event-filter] info: Whale alert detected {"usdValue":608281.4090536381,"chain":"ethereum","dex":"uniswap_v3","pair":"0x6cb7aac093e038"}

      at Console.log (node_modules/winston/lib/winston/transports/console.js:87:23)

    console.log
      2026-02-02T12:17:29.876Z [swap-event-filter] info: Whale alert detected {"usdValue":488704.83545242954,"chain":"ethereum","dex":"uniswap_v3","pair":"0xed7aaa3bd57628"}

      at Console.log (node_modules/winston/lib/winston/transports/console.js:87:23)

    console.log
      2026-02-02T12:17:29.915Z [swap-event-filter] info: Whale alert detected {"usdValue":217583.45289153798,"chain":"ethereum","dex":"uniswap_v3","pair":"0x6d438968dde5d8"}

      at Console.log (node_modules/winston/lib/winston/transports/console.js:87:23)

    console.log
      2026-02-02T12:17:29.919Z [swap-event-filter] info: Whale alert detected {"usdValue":497568.707893044,"chain":"ethereum","dex":"uniswap_v3","pair":"0xbb3f14a57e8f98"}

      at Console.log (node_modules/winston/lib/winston/transports/console.js:87:23)

    console.log
      2026-02-02T12:17:29.920Z [swap-event-filter] info: Whale alert detected {"usdValue":835737.6883285214,"chain":"ethereum","dex":"uniswap_v3","pair":"0x80c64d7614969"}

      at Console.log (node_modules/winston/lib/winston/transports/console.js:87:23)

    console.log
      2026-02-02T12:17:29.958Z [swap-event-filter] info: Whale alert detected {"usdValue":186345.80808474586,"chain":"ethereum","dex":"uniswap_v3","pair":"0x13d2b8b8fc87e8"}

      at Console.log (node_modules/winston/lib/winston/transports/console.js:87:23)

    console.log
      2026-02-02T12:17:29.971Z [swap-event-filter] info: Whale alert detected {"usdValue":240328.03019949474,"chain":"ethereum","dex":"uniswap_v3","pair":"0x781335b5bdadd"}

      at Console.log (node_modules/winston/lib/winston/transports/console.js:87:23)

    console.log
      2026-02-02T12:17:29.972Z [swap-event-filter] info: Whale alert detected {"usdValue":481277.94612196524,"chain":"ethereum","dex":"uniswap_v3","pair":"0x33d936e681966"}

      at Console.log (node_modules/winston/lib/winston/transports/console.js:87:23)

    console.log
      2026-02-02T12:17:29.973Z [swap-event-filter] info: Whale alert detected {"usdValue":407482.1978776914,"chain":"ethereum","dex":"uniswap_v3","pair":"0x3ba9894eed4"}

      at Console.log (node_modules/winston/lib/winston/transports/console.js:87:23)

    console.log
      2026-02-02T12:17:29.992Z [swap-event-filter] info: Whale alert detected {"usdValue":655996.9904596804,"chain":"ethereum","dex":"uniswap_v3","pair":"0x7e066529ba9df8"}

      at Console.log (node_modules/winston/lib/winston/transports/console.js:87:23)

    console.log
      2026-02-02T12:17:29.993Z [swap-event-filter] info: Whale alert detected {"usdValue":996327.5621879685,"chain":"ethereum","dex":"uniswap_v3","pair":"0xac6acb74cf37a"}

      at Console.log (node_modules/winston/lib/winston/transports/console.js:87:23)

    console.log
      2026-02-02T12:17:29.994Z [swap-event-filter] info: Whale alert detected {"usdValue":435390.3718856117,"chain":"ethereum","dex":"uniswap_v3","pair":"0x4427fd4b08f8f8"}

      at Console.log (node_modules/winston/lib/winston/transports/console.js:87:23)

    console.log
      2026-02-02T12:17:29.997Z [swap-event-filter] info: Whale alert detected {"usdValue":962650.1305214483,"chain":"ethereum","dex":"uniswap_v3","pair":"0xcb9f3a9f1fddd8"}

      at Console.log (node_modules/winston/lib/winston/transports/console.js:87:23)

    console.log
      2026-02-02T12:17:29.999Z [swap-event-filter] info: Whale alert detected {"usdValue":443238.7579951401,"chain":"ethereum","dex":"uniswap_v3","pair":"0x642a520f191648"}

      at Console.log (node_modules/winston/lib/winston/transports/console.js:87:23)

    console.log
      2026-02-02T12:17:30.000Z [swap-event-filter] info: Whale alert detected {"usdValue":272376.0723760859,"chain":"ethereum","dex":"uniswap_v3","pair":"0x0148b54a7fe9b8"}

      at Console.log (node_modules/winston/lib/winston/transports/console.js:87:23)

    console.log
      2026-02-02T12:17:30.020Z [swap-event-filter] info: Whale alert detected {"usdValue":544778.4230069396,"chain":"ethereum","dex":"uniswap_v3","pair":"0xe355a83efbf0e8"}

      at Console.log (node_modules/winston/lib/winston/transports/console.js:87:23)

    console.log
      2026-02-02T12:17:30.021Z [swap-event-filter] info: Whale alert detected {"usdValue":776790.394812866,"chain":"ethereum","dex":"uniswap_v3","pair":"0x7bc5ab5043503"}

      at Console.log (node_modules/winston/lib/winston/transports/console.js:87:23)

    console.log
      2026-02-02T12:17:30.022Z [swap-event-filter] info: Whale alert detected {"usdValue":68007.84933528642,"chain":"ethereum","dex":"uniswap_v3","pair":"0x9ce51c2c2b1798"}

      at Console.log (node_modules/winston/lib/winston/transports/console.js:87:23)

    console.log
      2026-02-02T12:17:30.023Z [swap-event-filter] info: Whale alert detected {"usdValue":656156.3863859869,"chain":"ethereum","dex":"uniswap_v3","pair":"0x70572dba992e68"}

      at Console.log (node_modules/winston/lib/winston/transports/console.js:87:23)

    console.log
      2026-02-02T12:17:30.024Z [swap-event-filter] info: Whale alert detected {"usdValue":440463.6789505346,"chain":"ethereum","dex":"uniswap_v3","pair":"0x64e77a51475e2"}

      at Console.log (node_modules/winston/lib/winston/transports/console.js:87:23)

    console.log
      2026-02-02T12:17:30.026Z [swap-event-filter] info: Whale alert detected {"usdValue":559995.7800450991,"chain":"ethereum","dex":"uniswap_v3","pair":"0x0d19830b79ef38"}

      at Console.log (node_modules/winston/lib/winston/transports/console.js:87:23)

    console.log
      2026-02-02T12:17:30.028Z [swap-event-filter] info: Whale alert detected {"usdValue":674455.925930431,"chain":"ethereum","dex":"uniswap_v3","pair":"0xbc19797277295"}

      at Console.log (node_modules/winston/lib/winston/transports/console.js:87:23)

    console.log
      2026-02-02T12:17:30.029Z [swap-event-filter] info: Whale alert detected {"usdValue":205394.24005160728,"chain":"ethereum","dex":"uniswap_v3","pair":"0xb40ca7a85425e"}

      at Console.log (node_modules/winston/lib/winston/transports/console.js:87:23)

    console.log
      2026-02-02T12:17:30.035Z [swap-event-filter] info: Whale alert detected {"usdValue":362242.0557450185,"chain":"ethereum","dex":"uniswap_v3","pair":"0x11cc7282d7e1e8"}

      at Console.log (node_modules/winston/lib/winston/transports/console.js:87:23)

    console.log
      2026-02-02T12:17:30.050Z [swap-event-filter] info: Whale alert detected {"usdValue":690228.6656307447,"chain":"ethereum","dex":"uniswap_v3","pair":"0xd5d7e492e9296"}

      at Console.log (node_modules/winston/lib/winston/transports/console.js:87:23)

    console.log
      2026-02-02T12:17:30.058Z [swap-event-filter] info: Whale alert detected {"usdValue":555936.3077364203,"chain":"ethereum","dex":"uniswap_v3","pair":"0xc442f024827f48"}

      at Console.log (node_modules/winston/lib/winston/transports/console.js:87:23)

    console.log
      2026-02-02T12:17:30.067Z [swap-event-filter] info: Whale alert detected {"usdValue":216079.46730125195,"chain":"ethereum","dex":"uniswap_v3","pair":"0x469d40b086697"}

      at Console.log (node_modules/winston/lib/winston/transports/console.js:87:23)

    console.log
      2026-02-02T12:17:30.086Z [swap-event-filter] info: Whale alert detected {"usdValue":661857.2037144683,"chain":"ethereum","dex":"uniswap_v3","pair":"0x07c249c2bfc488"}

      at Console.log (node_modules/winston/lib/winston/transports/console.js:87:23)

    console.log
      2026-02-02T12:17:30.102Z [swap-event-filter] info: Whale alert detected {"usdValue":935560.724869782,"chain":"ethereum","dex":"uniswap_v3","pair":"0xdbf1e2a38d0fa"}

      at Console.log (node_modules/winston/lib/winston/transports/console.js:87:23)

    console.log
      2026-02-02T12:17:30.103Z [swap-event-filter] info: Whale alert detected {"usdValue":869748.7035274428,"chain":"ethereum","dex":"uniswap_v3","pair":"0xd55385201442a8"}

      at Console.log (node_modules/winston/lib/winston/transports/console.js:87:23)

    console.log
      2026-02-02T12:17:30.104Z [swap-event-filter] info: Whale alert detected {"usdValue":573748.8049175314,"chain":"ethereum","dex":"uniswap_v3","pair":"0x226366ee81bc9"}

      at Console.log (node_modules/winston/lib/winston/transports/console.js:87:23)

    console.log
      2026-02-02T12:17:30.122Z [swap-event-filter] info: Whale alert detected {"usdValue":522171.77756638435,"chain":"ethereum","dex":"uniswap_v3","pair":"0x4bcb8b29a3b9a8"}

      at Console.log (node_modules/winston/lib/winston/transports/console.js:87:23)

    console.log
      2026-02-02T12:17:30.128Z [swap-event-filter] info: Whale alert detected {"usdValue":492099.1098839022,"chain":"ethereum","dex":"uniswap_v3","pair":"0x78432afd0cf24"}

      at Console.log (node_modules/winston/lib/winston/transports/console.js:87:23)

    console.log
      2026-02-02T12:17:30.138Z [swap-event-filter] info: Whale alert detected {"usdValue":777700.7777386191,"chain":"ethereum","dex":"uniswap_v3","pair":"0xcb787d20273da"}

      at Console.log (node_modules/winston/lib/winston/transports/console.js:87:23)

    console.log
      2026-02-02T12:17:30.161Z [swap-event-filter] info: Whale alert detected {"usdValue":89538.84672555303,"chain":"ethereum","dex":"uniswap_v3","pair":"0x26681e8dad4ba"}

      at Console.log (node_modules/winston/lib/winston/transports/console.js:87:23)

    console.log
      2026-02-02T12:17:30.174Z [swap-event-filter] info: Whale alert detected {"usdValue":749541.8675268692,"chain":"ethereum","dex":"uniswap_v3","pair":"0x39df6e1ae4c988"}

      at Console.log (node_modules/winston/lib/winston/transports/console.js:87:23)

    console.log
      2026-02-02T12:17:30.184Z [swap-event-filter] info: Whale alert detected {"usdValue":940874.3612869674,"chain":"ethereum","dex":"uniswap_v3","pair":"0x6d5b7fd1ed45c"}

      at Console.log (node_modules/winston/lib/winston/transports/console.js:87:23)

    console.log
      2026-02-02T12:17:30.185Z [swap-event-filter] info: Whale alert detected {"usdValue":189194.74389877252,"chain":"ethereum","dex":"uniswap_v3","pair":"0x2818df540c5d4"}

      at Console.log (node_modules/winston/lib/winston/transports/console.js:87:23)

    console.log
      2026-02-02T12:17:30.186Z [swap-event-filter] info: Whale alert detected {"usdValue":880669.1137010959,"chain":"ethereum","dex":"uniswap_v3","pair":"0xcd2b7d5350a0a8"}

      at Console.log (node_modules/winston/lib/winston/transports/console.js:87:23)

    console.log
      2026-02-02T12:17:30.187Z [swap-event-filter] info: Whale alert detected {"usdValue":461051.75923811976,"chain":"ethereum","dex":"uniswap_v3","pair":"0x969a91bb384578"}

      at Console.log (node_modules/winston/lib/winston/transports/console.js:87:23)

    console.log
      2026-02-02T12:17:30.188Z [swap-event-filter] info: Whale alert detected {"usdValue":604794.3534517331,"chain":"ethereum","dex":"uniswap_v3","pair":"0x406b10f464e28"}

      at Console.log (node_modules/winston/lib/winston/transports/console.js:87:23)

    console.log
      2026-02-02T12:17:30.242Z [swap-event-filter] info: Whale alert detected {"usdValue":785723.6786151866,"chain":"ethereum","dex":"uniswap_v3","pair":"0x339d5e12d55618"}

      at Console.log (node_modules/winston/lib/winston/transports/console.js:87:23)

    console.log
      2026-02-02T12:17:30.251Z [swap-event-filter] info: Whale alert detected {"usdValue":621423.7802647921,"chain":"ethereum","dex":"uniswap_v3","pair":"0x4b769a94a6382"}

      at Console.log (node_modules/winston/lib/winston/transports/console.js:87:23)

    console.log
      2026-02-02T12:17:30.265Z [swap-event-filter] info: Whale alert detected {"usdValue":898308.6785670249,"chain":"ethereum","dex":"uniswap_v3","pair":"0xa7c4f2f01edf6"}

      at Console.log (node_modules/winston/lib/winston/transports/console.js:87:23)

    console.log
      2026-02-02T12:17:30.270Z [swap-event-filter] info: Whale alert detected {"usdValue":976397.7872238348,"chain":"ethereum","dex":"uniswap_v3","pair":"0x8b35e94655da38"}

      at Console.log (node_modules/winston/lib/winston/transports/console.js:87:23)

    console.log
      2026-02-02T12:17:30.285Z [swap-event-filter] info: Whale alert detected {"usdValue":979015.8495486068,"chain":"ethereum","dex":"uniswap_v3","pair":"0x57d45a58adbee8"}

      at Console.log (node_modules/winston/lib/winston/transports/console.js:87:23)

    console.log
      2026-02-02T12:17:30.291Z [swap-event-filter] info: Whale alert detected {"usdValue":985513.7884144724,"chain":"ethereum","dex":"uniswap_v3","pair":"0x38fdb21b6d3788"}

      at Console.log (node_modules/winston/lib/winston/transports/console.js:87:23)

    console.log
      2026-02-02T12:17:30.297Z [swap-event-filter] info: Whale alert detected {"usdValue":311546.46812955145,"chain":"ethereum","dex":"uniswap_v3","pair":"0x9a82524410b188"}

      at Console.log (node_modules/winston/lib/winston/transports/console.js:87:23)

    console.log
      2026-02-02T12:17:30.308Z [swap-event-filter] info: Whale alert detected {"usdValue":928686.5435656351,"chain":"ethereum","dex":"uniswap_v3","pair":"0xae9b087775f4f"}

      at Console.log (node_modules/winston/lib/winston/transports/console.js:87:23)

    console.log
      2026-02-02T12:17:30.332Z [swap-event-filter] info: Whale alert detected {"usdValue":709747.4496828357,"chain":"ethereum","dex":"uniswap_v3","pair":"0x5bd0b014cfecd"}

      at Console.log (node_modules/winston/lib/winston/transports/console.js:87:23)

    console.log
      2026-02-02T12:17:30.333Z [swap-event-filter] info: Whale alert detected {"usdValue":472402.99488310347,"chain":"ethereum","dex":"uniswap_v3","pair":"0x31ac3b8d4bcdd"}

      at Console.log (node_modules/winston/lib/winston/transports/console.js:87:23)

    console.log
      2026-02-02T12:17:30.334Z [swap-event-filter] info: Whale alert detected {"usdValue":939810.2218317476,"chain":"ethereum","dex":"uniswap_v3","pair":"0xa16a3033da1b08"}

      at Console.log (node_modules/winston/lib/winston/transports/console.js:87:23)

    console.log
      2026-02-02T12:17:30.359Z [swap-event-filter] info: Whale alert detected {"usdValue":549525.4165920874,"chain":"ethereum","dex":"uniswap_v3","pair":"0xf7034186ecda58"}

      at Console.log (node_modules/winston/lib/winston/transports/console.js:87:23)

    console.log
      2026-02-02T12:17:30.365Z [swap-event-filter] info: Whale alert detected {"usdValue":910090.0044112697,"chain":"ethereum","dex":"uniswap_v3","pair":"0x9d0097ac45a51"}

      at Console.log (node_modules/winston/lib/winston/transports/console.js:87:23)

    console.log
      2026-02-02T12:17:30.366Z [swap-event-filter] info: Whale alert detected {"usdValue":241985.71370242894,"chain":"ethereum","dex":"uniswap_v3","pair":"0x806edba2c2dde"}

      at Console.log (node_modules/winston/lib/winston/transports/console.js:87:23)

    console.log
      2026-02-02T12:17:30.367Z [swap-event-filter] info: Whale alert detected {"usdValue":594675.1635723908,"chain":"ethereum","dex":"uniswap_v3","pair":"0x154844a51180d"}

      at Console.log (node_modules/winston/lib/winston/transports/console.js:87:23)

    console.log
      2026-02-02T12:17:30.368Z [swap-event-filter] info: Whale alert detected {"usdValue":356900.0542535498,"chain":"ethereum","dex":"uniswap_v3","pair":"0xf4c825e13fd548"}

      at Console.log (node_modules/winston/lib/winston/transports/console.js:87:23)

    console.log
      2026-02-02T12:17:30.369Z [swap-event-filter] info: Whale alert detected {"usdValue":781878.7928709054,"chain":"ethereum","dex":"uniswap_v3","pair":"0x48ac6209da652"}

      at Console.log (node_modules/winston/lib/winston/transports/console.js:87:23)

    console.log
      2026-02-02T12:17:30.370Z [swap-event-filter] info: Whale alert detected {"usdValue":974311.2937194961,"chain":"ethereum","dex":"uniswap_v3","pair":"0x38f0fd53d6ee58"}

      at Console.log (node_modules/winston/lib/winston/transports/console.js:87:23)

    console.log
      2026-02-02T12:17:30.371Z [swap-event-filter] info: Whale alert detected {"usdValue":761306.3767978236,"chain":"ethereum","dex":"uniswap_v3","pair":"0xa902c6f9a30278"}

      at Console.log (node_modules/winston/lib/winston/transports/console.js:87:23)

    console.log
      2026-02-02T12:17:30.372Z [swap-event-filter] info: Whale alert detected {"usdValue":831882.4347866634,"chain":"ethereum","dex":"uniswap_v3","pair":"0x65ff538ebcace"}

      at Console.log (node_modules/winston/lib/winston/transports/console.js:87:23)

    console.log
      2026-02-02T12:17:30.374Z [swap-event-filter] info: Whale alert detected {"usdValue":233129.84407841973,"chain":"ethereum","dex":"uniswap_v3","pair":"0x9c0b6f3127c098"}

      at Console.log (node_modules/winston/lib/winston/transports/console.js:87:23)

    console.log
      2026-02-02T12:17:30.375Z [swap-event-filter] info: Whale alert detected {"usdValue":647928.1463814803,"chain":"ethereum","dex":"uniswap_v3","pair":"0x4229a4eab602a"}

      at Console.log (node_modules/winston/lib/winston/transports/console.js:87:23)

    console.log
      2026-02-02T12:17:30.376Z [swap-event-filter] info: Whale alert detected {"usdValue":750773.1187506429,"chain":"ethereum","dex":"uniswap_v3","pair":"0x31c5927a11dd2"}

      at Console.log (node_modules/winston/lib/winston/transports/console.js:87:23)

    console.log
      2026-02-02T12:17:30.377Z [swap-event-filter] info: Whale alert detected {"usdValue":451681.97232874425,"chain":"ethereum","dex":"uniswap_v3","pair":"0x47a25c8f7373e8"}

      at Console.log (node_modules/winston/lib/winston/transports/console.js:87:23)

    console.log
      2026-02-02T12:17:30.378Z [swap-event-filter] info: Whale alert detected {"usdValue":133294.98345533473,"chain":"ethereum","dex":"uniswap_v3","pair":"0xaad80adc2c67b8"}

      at Console.log (node_modules/winston/lib/winston/transports/console.js:87:23)

    console.log
      2026-02-02T12:17:30.416Z [swap-event-filter] info: Whale alert detected {"usdValue":125272.4111157408,"chain":"ethereum","dex":"uniswap_v3","pair":"0x23d8797691cc18"}

      at Console.log (node_modules/winston/lib/winston/transports/console.js:87:23)

    console.log
      2026-02-02T12:17:30.463Z [swap-event-filter] info: Whale alert detected {"usdValue":795653.0882621236,"chain":"ethereum","dex":"uniswap_v3","pair":"0x2631242cf4a4b"}

      at Console.log (node_modules/winston/lib/winston/transports/console.js:87:23)

    console.log
      2026-02-02T12:17:30.503Z [swap-event-filter] info: Whale alert detected {"usdValue":389531.6121245515,"chain":"ethereum","dex":"uniswap_v3","pair":"0x9d20a727919228"}

      at Console.log (node_modules/winston/lib/winston/transports/console.js:87:23)

    console.log
      2026-02-02T12:17:30.505Z [swap-event-filter] info: Whale alert detected {"usdValue":656461.6747090234,"chain":"ethereum","dex":"uniswap_v3","pair":"0x795b920d2f70c"}

      at Console.log (node_modules/winston/lib/winston/transports/console.js:87:23)

    console.log
      2026-02-02T12:17:30.517Z [swap-event-filter] info: Whale alert detected {"usdValue":311765.25332003634,"chain":"ethereum","dex":"uniswap_v3","pair":"0x8be9f439ec521"}

      at Console.log (node_modules/winston/lib/winston/transports/console.js:87:23)

    console.log
      2026-02-02T12:17:30.518Z [swap-event-filter] info: Whale alert detected {"usdValue":407220.69350579585,"chain":"ethereum","dex":"uniswap_v3","pair":"0xd20774d99099b"}

      at Console.log (node_modules/winston/lib/winston/transports/console.js:87:23)

    console.log
      2026-02-02T12:17:30.519Z [swap-event-filter] info: Whale alert detected {"usdValue":459224.20970299694,"chain":"ethereum","dex":"uniswap_v3","pair":"0xa286902c79cdd"}

      at Console.log (node_modules/winston/lib/winston/transports/console.js:87:23)

    console.log
      2026-02-02T12:17:30.519Z [swap-event-filter] info: Whale alert detected {"usdValue":535863.4422732833,"chain":"ethereum","dex":"uniswap_v3","pair":"0x7d9c4c70f6ead8"}

      at Console.log (node_modules/winston/lib/winston/transports/console.js:87:23)

    console.log
      2026-02-02T12:17:30.520Z [swap-event-filter] info: Whale alert detected {"usdValue":635700.3512356981,"chain":"ethereum","dex":"uniswap_v3","pair":"0x2d0ba2a46b4c3"}

      at Console.log (node_modules/winston/lib/winston/transports/console.js:87:23)

    console.log
      2026-02-02T12:17:30.521Z [swap-event-filter] info: Whale alert detected {"usdValue":878056.4287101448,"chain":"ethereum","dex":"uniswap_v3","pair":"0x2faecc95691c18"}

      at Console.log (node_modules/winston/lib/winston/transports/console.js:87:23)

    console.log
      2026-02-02T12:17:30.522Z [swap-event-filter] info: Whale alert detected {"usdValue":493582.2294696356,"chain":"ethereum","dex":"uniswap_v3","pair":"0x981e69fd6f66b8"}

      at Console.log (node_modules/winston/lib/winston/transports/console.js:87:23)

    console.log
      2026-02-02T12:17:30.523Z [swap-event-filter] info: Whale alert detected {"usdValue":233888.98656664434,"chain":"ethereum","dex":"uniswap_v3","pair":"0xfeb0e6e6769bc"}

      at Console.log (node_modules/winston/lib/winston/transports/console.js:87:23)

    console.log
      2026-02-02T12:17:30.524Z [swap-event-filter] info: Whale alert detected {"usdValue":390535.1643364255,"chain":"ethereum","dex":"uniswap_v3","pair":"0x12f4daf578707"}

      at Console.log (node_modules/winston/lib/winston/transports/console.js:87:23)

    console.log
      2026-02-02T12:17:30.525Z [swap-event-filter] info: Whale alert detected {"usdValue":217053.52108583204,"chain":"ethereum","dex":"uniswap_v3","pair":"0x25e6b18ce3a71"}

      at Console.log (node_modules/winston/lib/winston/transports/console.js:87:23)

    console.log
      2026-02-02T12:17:30.526Z [swap-event-filter] info: Whale alert detected {"usdValue":188844.27142737206,"chain":"ethereum","dex":"uniswap_v3","pair":"0xde1283d2b5ccd"}

      at Console.log (node_modules/winston/lib/winston/transports/console.js:87:23)

    console.log
      2026-02-02T12:17:30.527Z [swap-event-filter] info: Whale alert detected {"usdValue":237330.4579869683,"chain":"ethereum","dex":"uniswap_v3","pair":"0xf26dc976ace65"}

      at Console.log (node_modules/winston/lib/winston/transports/console.js:87:23)

    console.log
      2026-02-02T12:17:30.534Z [swap-event-filter] info: Whale alert detected {"usdValue":829335.9403813619,"chain":"ethereum","dex":"uniswap_v3","pair":"0x2b3a7361d3fbc"}

      at Console.log (node_modules/winston/lib/winston/transports/console.js:87:23)

    console.log
      2026-02-02T12:17:30.535Z [swap-event-filter] info: Whale alert detected {"usdValue":73497.3630595007,"chain":"ethereum","dex":"uniswap_v3","pair":"0x413da0dde317f"}

      at Console.log (node_modules/winston/lib/winston/transports/console.js:87:23)

    console.log
      2026-02-02T12:17:30.538Z [swap-event-filter] info: Whale alert detected {"usdValue":949824.0511023146,"chain":"ethereum","dex":"uniswap_v3","pair":"0x625c83ce65fa1"}

      at Console.log (node_modules/winston/lib/winston/transports/console.js:87:23)

    console.log
      2026-02-02T12:17:30.539Z [swap-event-filter] info: Whale alert detected {"usdValue":526999.5464975834,"chain":"ethereum","dex":"uniswap_v3","pair":"0x230727711e003"}

      at Console.log (node_modules/winston/lib/winston/transports/console.js:87:23)

    console.log
      2026-02-02T12:17:30.540Z [swap-event-filter] info: Whale alert detected {"usdValue":501447.52948401606,"chain":"ethereum","dex":"uniswap_v3","pair":"0xbd4dc5e9e0de28"}

      at Console.log (node_modules/winston/lib/winston/transports/console.js:87:23)

    console.log
      2026-02-02T12:17:30.542Z [swap-event-filter] info: Whale alert detected {"usdValue":409877.80093951296,"chain":"ethereum","dex":"uniswap_v3","pair":"0x7b094e464d654"}

      at Console.log (node_modules/winston/lib/winston/transports/console.js:87:23)

    console.log
      2026-02-02T12:17:30.542Z [swap-event-filter] info: Whale alert detected {"usdValue":725722.483619767,"chain":"ethereum","dex":"uniswap_v3","pair":"0xe0e4f12fa670a8"}

      at Console.log (node_modules/winston/lib/winston/transports/console.js:87:23)

    console.log
      2026-02-02T12:17:30.544Z [swap-event-filter] info: Whale alert detected {"usdValue":468910.15298591496,"chain":"ethereum","dex":"uniswap_v3","pair":"0x3fc949e09a25a8"}

      at Console.log (node_modules/winston/lib/winston/transports/console.js:87:23)

    console.log
      2026-02-02T12:17:30.546Z [swap-event-filter] info: Whale alert detected {"usdValue":926436.2143728726,"chain":"ethereum","dex":"uniswap_v3","pair":"0x7d9292405913e8"}

      at Console.log (node_modules/winston/lib/winston/transports/console.js:87:23)

    console.log
      2026-02-02T12:17:30.548Z [swap-event-filter] info: Whale alert detected {"usdValue":261412.83104539613,"chain":"ethereum","dex":"uniswap_v3","pair":"0xb22a9ae1fd974"}

      at Console.log (node_modules/winston/lib/winston/transports/console.js:87:23)

    console.log
      2026-02-02T12:17:30.549Z [swap-event-filter] info: Whale alert detected {"usdValue":940955.6821854751,"chain":"ethereum","dex":"uniswap_v3","pair":"0x856d01f1fc512"}

      at Console.log (node_modules/winston/lib/winston/transports/console.js:87:23)

    console.log
      2026-02-02T12:17:30.555Z [swap-event-filter] info: Whale alert detected {"usdValue":642820.8504917333,"chain":"ethereum","dex":"uniswap_v3","pair":"0x2a3ddaa31d47f"}

      at Console.log (node_modules/winston/lib/winston/transports/console.js:87:23)

    console.log
      2026-02-02T12:17:30.556Z [swap-event-filter] info: Whale alert detected {"usdValue":582836.309563988,"chain":"ethereum","dex":"uniswap_v3","pair":"0x94a6ee15fc28c"}

      at Console.log (node_modules/winston/lib/winston/transports/console.js:87:23)

    console.log
      2026-02-02T12:17:30.557Z [swap-event-filter] info: Whale alert detected {"usdValue":109325.70524914964,"chain":"ethereum","dex":"uniswap_v3","pair":"0xb9c42e08e0d3a"}

      at Console.log (node_modules/winston/lib/winston/transports/console.js:87:23)

    console.log
      2026-02-02T12:17:30.558Z [swap-event-filter] info: Whale alert detected {"usdValue":814753.3001315602,"chain":"ethereum","dex":"uniswap_v3","pair":"0x4c4c240865d16"}

      at Console.log (node_modules/winston/lib/winston/transports/console.js:87:23)

    console.log
      2026-02-02T12:17:30.559Z [swap-event-filter] info: Whale alert detected {"usdValue":493891.6309159777,"chain":"ethereum","dex":"uniswap_v3","pair":"0xc7a87c4144c2b8"}

      at Console.log (node_modules/winston/lib/winston/transports/console.js:87:23)

    console.log
      2026-02-02T12:17:30.561Z [swap-event-filter] info: Whale alert detected {"usdValue":774629.0508679135,"chain":"ethereum","dex":"uniswap_v3","pair":"0x82ef1996872ec"}

      at Console.log (node_modules/winston/lib/winston/transports/console.js:87:23)

    console.log
      2026-02-02T12:17:30.562Z [swap-event-filter] info: Whale alert detected {"usdValue":358661.5363819605,"chain":"ethereum","dex":"uniswap_v3","pair":"0xff568fbf443cb"}

      at Console.log (node_modules/winston/lib/winston/transports/console.js:87:23)

    console.log
      2026-02-02T12:17:30.574Z [swap-event-filter] info: SwapEventFilter destroyed

      at Console.log (node_modules/winston/lib/winston/transports/console.js:87:23)

PASS integration services/unified-detector/__tests__/integration/detector-lifecycle.integration.test.ts
  ● Console

    console.log
      Total partitions: 4, Total memory: 2560MB

      at Object.<anonymous> (services/unified-detector/__tests__/integration/detector-lifecycle.integration.test.ts:285:13)

PASS unit shared/config/__tests__/unit/dex-expansion.test.ts
PASS unit shared/test-utils/__tests__/unit/redis-test-helper.test.ts (13.48 s)
  ● Console

    console.warn
      [RedisTestHelper] Database limit reached (15). Wrapping around - some test suites may share databases.

    [0m [90m  97 |[39m   [90m// This is a safety measure; in practice, we shouldn't exceed 15 concurrent test suites[39m
     [90m  98 |[39m   [36mif[39m (nextDatabase [33m>=[39m [33mMAX_DATABASE[39m) {
    [31m[1m>[22m[39m[90m  99 |[39m     console[33m.[39mwarn(
     [90m     |[39m             [31m[1m^[22m[39m
     [90m 100 |[39m       [32m`[RedisTestHelper] Database limit reached (${MAX_DATABASE}). `[39m [33m+[39m
     [90m 101 |[39m       [32m`Wrapping around - some test suites may share databases.`[39m
     [90m 102 |[39m     )[33m;[39m[0m

      at getIsolatedRedisDatabase (shared/test-utils/src/redis-test-helper.ts:99:13)
      at Object.<anonymous> (shared/test-utils/__tests__/unit/redis-test-helper.test.ts:86:9)

PASS integration tests/integration/s3.1.4-partition-l2-turbo.integration.test.ts (7.18 s)
FAIL integration services/mempool-detector/src/__tests__/integration/success-criteria.integration.test.ts (9.63 s)
  ● Console

    console.log
      V2 Decoder accuracy (real data): 100.0% (6/6)

      at Object.<anonymous> (services/mempool-detector/src/__tests__/integration/success-criteria.integration.test.ts:173:15)

    console.log
      V3 Decoder accuracy (real data): 100.0% (3/3)

      at Object.<anonymous> (services/mempool-detector/src/__tests__/integration/success-criteria.integration.test.ts:232:15)

    console.log
      
      === REAL MAINNET DATA DECODER ACCURACY ===

      at Object.<anonymous> (services/mempool-detector/src/__tests__/integration/success-criteria.integration.test.ts:263:15)

    console.log
      Total swap transactions tested: 9

      at Object.<anonymous> (services/mempool-detector/src/__tests__/integration/success-criteria.integration.test.ts:264:15)

    console.log
      Successfully decoded: 9

      at Object.<anonymous> (services/mempool-detector/src/__tests__/integration/success-criteria.integration.test.ts:265:15)

    console.log
      Accuracy: 100.0%

      at Object.<anonymous> (services/mempool-detector/src/__tests__/integration/success-criteria.integration.test.ts:266:15)

    console.log
      Success criteria: >90%

      at Object.<anonymous> (services/mempool-detector/src/__tests__/integration/success-criteria.integration.test.ts:267:15)

    console.log
      
      Detailed results:

      at Object.<anonymous> (services/mempool-detector/src/__tests__/integration/success-criteria.integration.test.ts:268:15)

    console.log
        ✓ swapExactETHForTokens → uniswapV2

      at services/mempool-detector/src/__tests__/integration/success-criteria.integration.test.ts:271:17
          at Array.forEach (<anonymous>)

    console.log
        ✓ swapExactTokensForTokens → uniswapV2

      at services/mempool-detector/src/__tests__/integration/success-criteria.integration.test.ts:271:17
          at Array.forEach (<anonymous>)

    console.log
        ✓ swapExactTokensForETH → uniswapV2

      at services/mempool-detector/src/__tests__/integration/success-criteria.integration.test.ts:271:17
          at Array.forEach (<anonymous>)

    console.log
        ✓ swapTokensForExactTokens → uniswapV2

      at services/mempool-detector/src/__tests__/integration/success-criteria.integration.test.ts:271:17
          at Array.forEach (<anonymous>)

    console.log
        ✓ swapETHForExactTokens → uniswapV2

      at services/mempool-detector/src/__tests__/integration/success-criteria.integration.test.ts:271:17
          at Array.forEach (<anonymous>)

    console.log
        ✓ swapTokensForExactETH → uniswapV2

      at services/mempool-detector/src/__tests__/integration/success-criteria.integration.test.ts:271:17
          at Array.forEach (<anonymous>)

    console.log
        ✓ exactInputSingle → uniswapV3

      at services/mempool-detector/src/__tests__/integration/success-criteria.integration.test.ts:271:17
          at Array.forEach (<anonymous>)

    console.log
        ✓ exactInputSingle → uniswapV3

      at services/mempool-detector/src/__tests__/integration/success-criteria.integration.test.ts:271:17
          at Array.forEach (<anonymous>)

    console.log
        ✓ exactOutputSingle → uniswapV3

      at services/mempool-detector/src/__tests__/integration/success-criteria.integration.test.ts:271:17
          at Array.forEach (<anonymous>)

    console.log
      ==========================================

      at Object.<anonymous> (services/mempool-detector/src/__tests__/integration/success-criteria.integration.test.ts:273:15)

    console.log
      False positive rate (real data): 0.0% (0/3)

      at Object.<anonymous> (services/mempool-detector/src/__tests__/integration/success-criteria.integration.test.ts:327:15)

    console.log
      
      === REAL MAINNET MIXED STREAM CLASSIFICATION ===

      at Object.<anonymous> (services/mempool-detector/src/__tests__/integration/success-criteria.integration.test.ts:365:15)

    console.log
      Total transactions: 12

      at Object.<anonymous> (services/mempool-detector/src/__tests__/integration/success-criteria.integration.test.ts:366:15)

    console.log
        Swaps: 9, Non-swaps: 3

      at Object.<anonymous> (services/mempool-detector/src/__tests__/integration/success-criteria.integration.test.ts:367:15)

    console.log
      Results:

      at Object.<anonymous> (services/mempool-detector/src/__tests__/integration/success-criteria.integration.test.ts:368:15)

    console.log
        True Positives: 9

      at Object.<anonymous> (services/mempool-detector/src/__tests__/integration/success-criteria.integration.test.ts:369:15)

    console.log
        True Negatives: 3

      at Object.<anonymous> (services/mempool-detector/src/__tests__/integration/success-criteria.integration.test.ts:370:15)

    console.log
        False Positives: 0

      at Object.<anonymous> (services/mempool-detector/src/__tests__/integration/success-criteria.integration.test.ts:371:15)

    console.log
        False Negatives: 0

      at Object.<anonymous> (services/mempool-detector/src/__tests__/integration/success-criteria.integration.test.ts:372:15)

    console.log
      Metrics:

      at Object.<anonymous> (services/mempool-detector/src/__tests__/integration/success-criteria.integration.test.ts:373:15)

    console.log
        Overall Accuracy: 100.0%

      at Object.<anonymous> (services/mempool-detector/src/__tests__/integration/success-criteria.integration.test.ts:374:15)

    console.log
        False Positive Rate: 0.0%

      at Object.<anonymous> (services/mempool-detector/src/__tests__/integration/success-criteria.integration.test.ts:375:15)

    console.log
        Recall (swap detection): 100.0%

      at Object.<anonymous> (services/mempool-detector/src/__tests__/integration/success-criteria.integration.test.ts:376:15)

    console.log
      ================================================

      at Object.<anonymous> (services/mempool-detector/src/__tests__/integration/success-criteria.integration.test.ts:377:15)

    console.log
      
      === DECODE LATENCY (Real Mainnet Data) ===

      at Object.<anonymous> (services/mempool-detector/src/__tests__/integration/success-criteria.integration.test.ts:429:13)

    console.log
      Transactions tested: 9

      at Object.<anonymous> (services/mempool-detector/src/__tests__/integration/success-criteria.integration.test.ts:430:13)

    console.log
      Average latency: 5.756ms

      at Object.<anonymous> (services/mempool-detector/src/__tests__/integration/success-criteria.integration.test.ts:431:13)

    console.log
      Max latency: 41.095ms

      at Object.<anonymous> (services/mempool-detector/src/__tests__/integration/success-criteria.integration.test.ts:432:13)

    console.log
      P99 latency: 41.095ms

      at Object.<anonymous> (services/mempool-detector/src/__tests__/integration/success-criteria.integration.test.ts:433:13)

    console.log
      Success criteria: <10ms

      at Object.<anonymous> (services/mempool-detector/src/__tests__/integration/success-criteria.integration.test.ts:434:13)

    console.log
      ==========================================

      at Object.<anonymous> (services/mempool-detector/src/__tests__/integration/success-criteria.integration.test.ts:435:13)

    console.log
      
      === HIGH-THROUGHPUT DECODE PERFORMANCE ===

      at Object.<anonymous> (services/mempool-detector/src/__tests__/integration/success-criteria.integration.test.ts:459:13)

    console.log
      Total decodes: 1000

      at Object.<anonymous> (services/mempool-detector/src/__tests__/integration/success-criteria.integration.test.ts:460:13)

    console.log
      Total time: 2172.11ms

      at Object.<anonymous> (services/mempool-detector/src/__tests__/integration/success-criteria.integration.test.ts:461:13)

    console.log
      Average latency per decode: 2.172ms

      at Object.<anonymous> (services/mempool-detector/src/__tests__/integration/success-criteria.integration.test.ts:462:13)

    console.log
      Throughput: 460 decodes/second

      at Object.<anonymous> (services/mempool-detector/src/__tests__/integration/success-criteria.integration.test.ts:463:13)

    console.log
      ==========================================

      at Object.<anonymous> (services/mempool-detector/src/__tests__/integration/success-criteria.integration.test.ts:464:13)

    console.log
      
      === DETECTION TIMING SIMULATION ===

      at Object.<anonymous> (services/mempool-detector/src/__tests__/integration/success-criteria.integration.test.ts:483:13)

    console.log
      Detection timestamp: 1770034660807

      at Object.<anonymous> (services/mempool-detector/src/__tests__/integration/success-criteria.integration.test.ts:484:13)

    console.log
      Block inclusion timestamp: 1770034660957

      at Object.<anonymous> (services/mempool-detector/src/__tests__/integration/success-criteria.integration.test.ts:485:13)

    console.log
      Lead time: 150ms

      at Object.<anonymous> (services/mempool-detector/src/__tests__/integration/success-criteria.integration.test.ts:486:13)

    console.log
      Expected range: 50-300ms

      at Object.<anonymous> (services/mempool-detector/src/__tests__/integration/success-criteria.integration.test.ts:487:13)

    console.log
      ===================================

      at Object.<anonymous> (services/mempool-detector/src/__tests__/integration/success-criteria.integration.test.ts:488:13)

    console.log
      
      === LEAD TIME DISTRIBUTION ===

      at Object.<anonymous> (services/mempool-detector/src/__tests__/integration/success-criteria.integration.test.ts:507:13)

    console.log
      Total samples: 11

      at Object.<anonymous> (services/mempool-detector/src/__tests__/integration/success-criteria.integration.test.ts:508:13)

    console.log
      Within range: 11

      at Object.<anonymous> (services/mempool-detector/src/__tests__/integration/success-criteria.integration.test.ts:509:13)

    console.log
      Success rate: 100.0%

      at Object.<anonymous> (services/mempool-detector/src/__tests__/integration/success-criteria.integration.test.ts:510:13)

    console.log
      ==============================

      at Object.<anonymous> (services/mempool-detector/src/__tests__/integration/success-criteria.integration.test.ts:511:13)

    console.log
      
      ============================================================

      at Object.<anonymous> (services/mempool-detector/src/__tests__/integration/success-criteria.integration.test.ts:538:13)

    console.log
      SUCCESS CRITERIA VALIDATION SUMMARY

      at Object.<anonymous> (services/mempool-detector/src/__tests__/integration/success-criteria.integration.test.ts:539:13)

    console.log
      ============================================================

      at Object.<anonymous> (services/mempool-detector/src/__tests__/integration/success-criteria.integration.test.ts:540:13)

    console.log
      Data source: Real Ethereum Mainnet Transactions

      at Object.<anonymous> (services/mempool-detector/src/__tests__/integration/success-criteria.integration.test.ts:541:13)

    console.log
      
      Criteria:

      at Object.<anonymous> (services/mempool-detector/src/__tests__/integration/success-criteria.integration.test.ts:542:13)

    console.log
        1. Feed Latency:     <10ms per decode

      at Object.<anonymous> (services/mempool-detector/src/__tests__/integration/success-criteria.integration.test.ts:543:13)

    console.log
        2. Decoder Accuracy: >90% for Uniswap V2/V3

      at Object.<anonymous> (services/mempool-detector/src/__tests__/integration/success-criteria.integration.test.ts:544:13)

    console.log
        3. Detection Timing: 50-300ms before block

      at Object.<anonymous> (services/mempool-detector/src/__tests__/integration/success-criteria.integration.test.ts:545:13)

    console.log
        4. False Positive:   <20% on non-swap txs

      at Object.<anonymous> (services/mempool-detector/src/__tests__/integration/success-criteria.integration.test.ts:546:13)

    console.log
      
      Test fixtures:

      at Object.<anonymous> (services/mempool-detector/src/__tests__/integration/success-criteria.integration.test.ts:547:13)

    console.log
        - 6 real Uniswap V2 swap transactions

      at Object.<anonymous> (services/mempool-detector/src/__tests__/integration/success-criteria.integration.test.ts:548:13)

    console.log
        - 3 real Uniswap V3 swap transactions

      at Object.<anonymous> (services/mempool-detector/src/__tests__/integration/success-criteria.integration.test.ts:549:13)

    console.log
        - 3 real non-swap transactions

      at Object.<anonymous> (services/mempool-detector/src/__tests__/integration/success-criteria.integration.test.ts:550:13)

    console.log
      ============================================================

      at Object.<anonymous> (services/mempool-detector/src/__tests__/integration/success-criteria.integration.test.ts:551:13)

  ● Success Criteria: Feed Latency (<10ms) › should decode real transactions within 10ms latency budget

    expect(received).toBeLessThan(expected)

    Expected: < 10
    Received:   41.09549999999581

    [0m [90m 435 |[39m     console[33m.[39mlog([32m'==========================================\n'[39m)[33m;[39m
     [90m 436 |[39m
    [31m[1m>[22m[39m[90m 437 |[39m     expect(maxLatency)[33m.[39mtoBeLessThan([33mSUCCESS_CRITERIA[39m[33m.[39m[33mMAX_FEED_LATENCY_MS[39m)[33m;[39m
     [90m     |[39m                        [31m[1m^[22m[39m
     [90m 438 |[39m   })[33m;[39m
     [90m 439 |[39m
     [90m 440 |[39m   it([32m'should handle high-throughput decoding of real transactions within latency budget'[39m[33m,[39m () [33m=>[39m {[0m

      at Object.<anonymous> (services/mempool-detector/src/__tests__/integration/success-criteria.integration.test.ts:437:24)

PASS integration tests/integration/s1.1-redis-streams.integration.test.ts (8.976 s)
  ● Console

    console.log
      2026-02-02T12:17:41.475Z [stream-health-monitor] info: Stream health monitoring stopped

      at Console.log (node_modules/winston/lib/winston/transports/console.js:87:23)

    console.log
      2026-02-02T12:17:41.499Z [stream-health-monitor] info: Stream health monitoring stopped

      at Console.log (node_modules/winston/lib/winston/transports/console.js:87:23)

    console.log
      2026-02-02T12:17:41.512Z [stream-health-monitor] info: Stream health monitoring stopped

      at Console.log (node_modules/winston/lib/winston/transports/console.js:87:23)

    console.log
      2026-02-02T12:17:41.512Z [stream-health-monitor] info: Stream health monitoring stopped

      at Console.log (node_modules/winston/lib/winston/transports/console.js:87:23)

    console.log
      2026-02-02T12:17:41.514Z [stream-health-monitor] info: Stream health thresholds updated {"lagWarning":10,"lagCritical":100,"lengthWarning":10000,"lengthCritical":100000}

      at Console.log (node_modules/winston/lib/winston/transports/console.js:87:23)

    console.log
      2026-02-02T12:17:41.518Z [stream-health-monitor] info: Stream health monitoring stopped

      at Console.log (node_modules/winston/lib/winston/transports/console.js:87:23)

    console.log
      2026-02-02T12:17:41.519Z [stream-health-monitor] info: Stream health monitoring stopped

      at Console.log (node_modules/winston/lib/winston/transports/console.js:87:23)

    console.log
      2026-02-02T12:17:41.521Z [stream-health-monitor] info: Stream health thresholds updated {"lagWarning":10,"lagCritical":100,"lengthWarning":10000,"lengthCritical":100000}

      at Console.log (node_modules/winston/lib/winston/transports/console.js:87:23)

    console.log
      2026-02-02T12:17:41.524Z [stream-health-monitor] info: Stream health monitoring stopped

      at Console.log (node_modules/winston/lib/winston/transports/console.js:87:23)

    console.log
      2026-02-02T12:17:41.525Z [stream-health-monitor] info: Stream health monitoring stopped

      at Console.log (node_modules/winston/lib/winston/transports/console.js:87:23)

    console.log
      2026-02-02T12:17:41.534Z [stream-health-monitor] info: Added stream to monitoring {"streamName":"stream:test-alert"}

      at Console.log (node_modules/winston/lib/winston/transports/console.js:87:23)

    console.log
      2026-02-02T12:17:41.535Z [stream-health-monitor] info: Removed stream from monitoring {"streamName":"stream:test-alert"}

      at Console.log (node_modules/winston/lib/winston/transports/console.js:87:23)

    console.log
      2026-02-02T12:17:41.536Z [stream-health-monitor] info: Stream health monitoring stopped

      at Console.log (node_modules/winston/lib/winston/transports/console.js:87:23)

    console.log
      2026-02-02T12:17:41.537Z [stream-health-monitor] info: Stream health monitoring stopped

      at Console.log (node_modules/winston/lib/winston/transports/console.js:87:23)

    console.log
      2026-02-02T12:17:41.542Z [stream-health-monitor] info: Stream health monitoring stopped

      at Console.log (node_modules/winston/lib/winston/transports/console.js:87:23)

    console.log
      2026-02-02T12:17:41.543Z [stream-health-monitor] info: Stream health monitoring stopped

      at Console.log (node_modules/winston/lib/winston/transports/console.js:87:23)

    console.log
      2026-02-02T12:17:41.549Z [stream-health-monitor] info: Stream health monitoring stopped

      at Console.log (node_modules/winston/lib/winston/transports/console.js:87:23)

    console.log
      2026-02-02T12:17:41.550Z [stream-health-monitor] info: Stream health monitoring stopped

      at Console.log (node_modules/winston/lib/winston/transports/console.js:87:23)

    console.log
      2026-02-02T12:17:41.552Z [stream-health-monitor] info: Default consumer group updated {"groupName":"custom-group"}

      at Console.log (node_modules/winston/lib/winston/transports/console.js:87:23)

    console.log
      2026-02-02T12:17:41.553Z [stream-health-monitor] info: Default consumer group updated {"groupName":"another-group"}

      at Console.log (node_modules/winston/lib/winston/transports/console.js:87:23)

    console.log
      2026-02-02T12:17:41.558Z [stream-health-monitor] info: Stream health monitoring stopped

      at Console.log (node_modules/winston/lib/winston/transports/console.js:87:23)

    console.log
      2026-02-02T12:17:41.559Z [stream-health-monitor] info: Stream health monitoring stopped

      at Console.log (node_modules/winston/lib/winston/transports/console.js:87:23)

    console.log
      2026-02-02T12:17:41.563Z [stream-health-monitor] info: Stream health monitoring stopped

      at Console.log (node_modules/winston/lib/winston/transports/console.js:87:23)

    console.log
      2026-02-02T12:17:41.566Z [stream-health-monitor] info: Stream health monitoring stopped

      at Console.log (node_modules/winston/lib/winston/transports/console.js:87:23)

    console.log
      2026-02-02T12:17:41.566Z [stream-health-monitor] info: Stream health monitoring stopped

      at Console.log (node_modules/winston/lib/winston/transports/console.js:87:23)

    console.log
      1770034661801 [stream-health-monitor] warn: Stream alert triggered Redis Streams connection unavailable {"type":"stream_unavailable","severity":"critical","stream":"all"}

      at Console.log (node_modules/winston/lib/winston/transports/console.js:87:23)

    console.log
      2026-02-02T12:17:41.807Z [stream-health-monitor] info: Stream health monitoring stopped

      at Console.log (node_modules/winston/lib/winston/transports/console.js:87:23)

    console.log
      2026-02-02T12:17:41.819Z [redis-streams] error: Error flushing batch {"error":{},"streamName":"stream:test","batchSize":5}

      at Console.log (node_modules/winston/lib/winston/transports/console.js:87:23)

    console.log
      2026-02-02T12:17:41.954Z [redis-streams] error: XINFO error {"error":{},"streamName":"stream:price-updates"}

      at Console.log (node_modules/winston/lib/winston/transports/console.js:87:23)

    console.log
      2026-02-02T12:17:41.955Z [stream-health-monitor] warn: Failed to get health for stream: stream:price-updates {"error":{}}

      at Console.log (node_modules/winston/lib/winston/transports/console.js:87:23)

    console.log
      2026-02-02T12:17:41.957Z [stream-health-monitor] info: Stream health monitoring stopped

      at Console.log (node_modules/winston/lib/winston/transports/console.js:87:23)

    console.log
      Performance: 1000 messages in 205.47ms

      at Object.<anonymous> (tests/integration/s1.1-redis-streams.integration.test.ts:893:15)

    console.log
      Compression ratio: 500.0:1

      at Object.<anonymous> (tests/integration/s1.1-redis-streams.integration.test.ts:894:15)

    console.log
      Health check avg latency: 0.06ms

      at Object.<anonymous> (tests/integration/s1.1-redis-streams.integration.test.ts:917:15)

    console.log
      2026-02-02T12:17:42.173Z [stream-health-monitor] info: Stream health monitoring stopped

      at Console.log (node_modules/winston/lib/winston/transports/console.js:87:23)

PASS unit shared/core/__tests__/unit/risk/position-sizer.test.ts (7.385 s)
PASS unit shared/core/__tests__/unit/expert-self-healing.test.ts (19.318 s)
  ● Console

    console.log
      2026-02-02T12:17:39.574Z [partition-asia-fast] warn: Failure reported {"component":"websocket","severity":"medium","error":"Connection timeout"}

      at Console.log (node_modules/winston/lib/winston/transports/console.js:87:23)

    console.log
      2026-02-02T12:17:39.609Z [partition-asia-fast] warn: Failure reported {"component":"websocket","severity":"medium","error":"Connection failed"}

      at Console.log (node_modules/winston/lib/winston/transports/console.js:87:23)

    console.log
      2026-02-02T12:17:39.635Z [partition-asia-fast] warn: Too many active recovery actions, skipping {"activeCount":3}

      at Console.log (node_modules/winston/lib/winston/transports/console.js:87:23)

    console.log
      2026-02-02T12:17:42.704Z [expert-self-healing-manager] info: Starting Expert Self-Healing Manager

      at Console.log (node_modules/winston/lib/winston/transports/console.js:87:23)

    console.log
      2026-02-02T12:17:42.708Z [expert-self-healing-manager] warn: Streams client not initialized, skipping consumer group creation

      at Console.log (node_modules/winston/lib/winston/transports/console.js:87:23)

    console.log
      2026-02-02T12:17:42.710Z [expert-self-healing-manager] info: Expert Self-Healing Manager started successfully {"pubsubFallbackEnabled":true}

      at Console.log (node_modules/winston/lib/winston/transports/console.js:87:23)

    console.log
      2026-02-02T12:17:42.711Z [expert-self-healing-manager] info: Stopping Expert Self-Healing Manager

      at Console.log (node_modules/winston/lib/winston/transports/console.js:87:23)

    console.log
      2026-02-02T12:17:42.712Z [expert-self-healing-manager] info: Expert Self-Healing Manager stopped

      at Console.log (node_modules/winston/lib/winston/transports/console.js:87:23)

    console.log
      2026-02-02T12:17:42.716Z [expert-self-healing-manager] info: Starting Expert Self-Healing Manager

      at Console.log (node_modules/winston/lib/winston/transports/console.js:87:23)

    console.log
      2026-02-02T12:17:42.718Z [expert-self-healing-manager] warn: Streams client not initialized, skipping consumer group creation

      at Console.log (node_modules/winston/lib/winston/transports/console.js:87:23)

    console.log
      2026-02-02T12:17:42.721Z [expert-self-healing-manager] info: Expert Self-Healing Manager started successfully {"pubsubFallbackEnabled":true}

      at Console.log (node_modules/winston/lib/winston/transports/console.js:87:23)

    console.log
      2026-02-02T12:17:42.722Z [expert-self-healing-manager] info: Stopping Expert Self-Healing Manager

      at Console.log (node_modules/winston/lib/winston/transports/console.js:87:23)

    console.log
      2026-02-02T12:17:42.722Z [expert-self-healing-manager] info: Expert Self-Healing Manager stopped

      at Console.log (node_modules/winston/lib/winston/transports/console.js:87:23)

    console.log
      2026-02-02T12:17:42.723Z [expert-self-healing-manager] info: Starting Expert Self-Healing Manager

      at Console.log (node_modules/winston/lib/winston/transports/console.js:87:23)

    console.log
      2026-02-02T12:17:42.724Z [expert-self-healing-manager] warn: Streams client not initialized, skipping consumer group creation

      at Console.log (node_modules/winston/lib/winston/transports/console.js:87:23)

    console.log
      2026-02-02T12:17:42.725Z [expert-self-healing-manager] info: Expert Self-Healing Manager started successfully {"pubsubFallbackEnabled":true}

      at Console.log (node_modules/winston/lib/winston/transports/console.js:87:23)

    console.log
      2026-02-02T12:17:42.729Z [expert-self-healing-manager] info: Stopping Expert Self-Healing Manager

      at Console.log (node_modules/winston/lib/winston/transports/console.js:87:23)

    console.log
      2026-02-02T12:17:42.732Z [expert-self-healing-manager] info: Expert Self-Healing Manager stopped

      at Console.log (node_modules/winston/lib/winston/transports/console.js:87:23)

    console.log
      2026-02-02T12:17:42.735Z [expert-self-healing-manager] info: Starting Expert Self-Healing Manager

      at Console.log (node_modules/winston/lib/winston/transports/console.js:87:23)

    console.log
      2026-02-02T12:17:42.737Z [expert-self-healing-manager] warn: Streams client not initialized, skipping consumer group creation

      at Console.log (node_modules/winston/lib/winston/transports/console.js:87:23)

    console.log
      2026-02-02T12:17:42.741Z [expert-self-healing-manager] info: Expert Self-Healing Manager started successfully {"pubsubFallbackEnabled":true}

      at Console.log (node_modules/winston/lib/winston/transports/console.js:87:23)

    console.log
      2026-02-02T12:17:42.743Z [expert-self-healing-manager] info: Stopping Expert Self-Healing Manager

      at Console.log (node_modules/winston/lib/winston/transports/console.js:87:23)

    console.log
      2026-02-02T12:17:42.754Z [expert-self-healing-manager] info: Expert Self-Healing Manager stopped

      at Console.log (node_modules/winston/lib/winston/transports/console.js:87:23)

    console.log
      2026-02-02T12:17:42.755Z [expert-self-healing-manager] info: Starting Expert Self-Healing Manager

      at Console.log (node_modules/winston/lib/winston/transports/console.js:87:23)

    console.log
      2026-02-02T12:17:42.756Z [expert-self-healing-manager] warn: Streams client not initialized, skipping consumer group creation

      at Console.log (node_modules/winston/lib/winston/transports/console.js:87:23)

    console.log
      2026-02-02T12:17:42.756Z [expert-self-healing-manager] info: Expert Self-Healing Manager started successfully {"pubsubFallbackEnabled":true}

      at Console.log (node_modules/winston/lib/winston/transports/console.js:87:23)

    console.log
      2026-02-02T12:17:42.757Z [expert-self-healing-manager] info: Stopping Expert Self-Healing Manager

      at Console.log (node_modules/winston/lib/winston/transports/console.js:87:23)

    console.log
      2026-02-02T12:17:42.758Z [expert-self-healing-manager] info: Expert Self-Healing Manager stopped

      at Console.log (node_modules/winston/lib/winston/transports/console.js:87:23)

    console.log
      2026-02-02T12:17:42.760Z [expert-self-healing-manager] error: Failed to publish to pub/sub {"channel":"system:failures","error":"Redis down"}

      at Console.log (node_modules/winston/lib/winston/transports/console.js:87:23)

    console.log
      2026-02-02T12:17:42.763Z [test-service] warn: Failure reported {"component":"component","severity":"medium","error":"Test"}

      at Console.log (node_modules/winston/lib/winston/transports/console.js:87:23)

    console.log
      2026-02-02T12:17:42.767Z [test-service] error: Recovery action threw exception {"actionId":"recovery_1770034662767_xe1vtoyaq","strategy":"restart_service","error":"Recovery failed"}

      at Console.log (node_modules/winston/lib/winston/transports/console.js:87:23)

FAIL unit shared/core/__tests__/unit/risk/execution-probability-tracker.test.ts
  ● Performance › should handle recording 10000 outcomes efficiently

    expect(received).toBeLessThan(expected)

    Expected: < 500
    Received:   510.3839000000007

    [0m [90m 625 |[39m     expect(tracker[33m.[39mgetStats()[33m.[39mtotalOutcomes)[33m.[39mtoBe([35m10000[39m)[33m;[39m
     [90m 626 |[39m     [90m// Should complete in under 500ms[39m
    [31m[1m>[22m[39m[90m 627 |[39m     expect(duration)[33m.[39mtoBeLessThan([35m500[39m)[33m;[39m
     [90m     |[39m                      [31m[1m^[22m[39m
     [90m 628 |[39m   })[33m;[39m
     [90m 629 |[39m
     [90m 630 |[39m   it([32m'should have O(1) lookup time for getWinProbability'[39m[33m,[39m () [33m=>[39m {[0m

      at Object.<anonymous> (shared/core/__tests__/unit/risk/execution-probability-tracker.test.ts:627:22)

  ● Performance › should have O(1) lookup time for getWinProbability

    expect(received).toBeLessThan(expected)

    Expected: < 50
    Received:   62.365300000004936

    [0m [90m 646 |[39m
     [90m 647 |[39m     [90m// 10000 lookups should complete in under 50ms (O(1) per lookup)[39m
    [31m[1m>[22m[39m[90m 648 |[39m     expect(duration)[33m.[39mtoBeLessThan([35m50[39m)[33m;[39m
     [90m     |[39m                      [31m[1m^[22m[39m
     [90m 649 |[39m   })[33m;[39m
     [90m 650 |[39m
     [90m 651 |[39m   it([32m'should handle many unique keys efficiently'[39m[33m,[39m () [33m=>[39m {[0m

      at Object.<anonymous> (shared/core/__tests__/unit/risk/execution-probability-tracker.test.ts:648:22)

PASS unit shared/core/__tests__/unit/hierarchical-cache.test.ts (5.118 s)
PASS unit shared/core/__tests__/unit/distributed-lock.test.ts (5.81 s)
  ● Console

    console.log
      2026-02-02T12:17:47.200Z [redis-client] error: Redis main client error {"error":{"code":"ECONNREFUSED"}}

      at Console.log (node_modules/winston/lib/winston/transports/console.js:87:23)

    console.log
      2026-02-02T12:17:47.282Z [redis-client] error: Redis main client error {"error":{"code":"ECONNREFUSED"}}

      at Console.log (node_modules/winston/lib/winston/transports/console.js:87:23)

    console.log
      2026-02-02T12:17:47.409Z [redis-client] error: Redis main client error {"error":{"code":"ECONNREFUSED"}}

      at Console.log (node_modules/winston/lib/winston/transports/console.js:87:23)

    console.log
      2026-02-02T12:17:47.572Z [redis-client] error: Redis main client error {"error":{"code":"ECONNREFUSED"}}

      at Console.log (node_modules/winston/lib/winston/transports/console.js:87:23)

    console.log
      2026-02-02T12:17:47.604Z [redis-client] error: Redis main client error {"error":{"code":"ECONNREFUSED"}}

      at Console.log (node_modules/winston/lib/winston/transports/console.js:87:23)

    console.log
      2026-02-02T12:17:47.721Z [redis-client] error: Redis main client error {"error":{"code":"ECONNREFUSED"}}

      at Console.log (node_modules/winston/lib/winston/transports/console.js:87:23)

    console.log
      2026-02-02T12:17:47.847Z [redis-client] error: Redis main client error {"error":{"code":"ECONNREFUSED"}}

      at Console.log (node_modules/winston/lib/winston/transports/console.js:87:23)

    console.log
      2026-02-02T12:17:48.015Z [redis-client] error: Redis main client error {"error":{"code":"ECONNREFUSED"}}

      at Console.log (node_modules/winston/lib/winston/transports/console.js:87:23)

PASS unit shared/core/__tests__/unit/predictive-warming.test.ts (8.152 s)
PASS unit services/execution-engine/__tests__/unit/services/simulation/hot-fork-synchronizer.test.ts (8.875 s)
PASS integration tests/integration/s3.1.5-partition-high-value.integration.test.ts (6.124 s)
FAIL integration tests/integration/s1.3-price-matrix.integration.test.ts (5.605 s)
  ● Console

    console.log
      2026-02-02T12:17:51.875Z [price-matrix] info: PriceMatrix initialized {"maxPairs":1000,"totalSlots":1100,"useSharedMemory":true}

      at Console.log (node_modules/winston/lib/winston/transports/console.js:87:23)

    console.log
      Average lookup time: 23.048μs

      at Object.<anonymous> (tests/integration/s1.3-price-matrix.integration.test.ts:261:15)

    console.log
      Average write time: 5.134μs

      at Object.<anonymous> (tests/integration/s1.3-price-matrix.integration.test.ts:280:15)

    console.log
      Batch write: 1000 updates in 2.82ms

      at Object.<anonymous> (tests/integration/s1.3-price-matrix.integration.test.ts:303:15)

    console.log
      Average per update: 2.823μs

      at Object.<anonymous> (tests/integration/s1.3-price-matrix.integration.test.ts:304:15)

    console.log
      Map cache: 0.139μs per lookup

      at Object.<anonymous> (tests/integration/s1.3-price-matrix.integration.test.ts:337:15)

    console.log
      PriceMatrix: 1.484μs per lookup

      at Object.<anonymous> (tests/integration/s1.3-price-matrix.integration.test.ts:338:15)

    console.log
      2026-02-02T12:17:53.182Z [price-matrix] info: PriceMatrix initialized {"maxPairs":50,"totalSlots":150,"useSharedMemory":true}

      at Console.log (node_modules/winston/lib/winston/transports/console.js:87:23)

    console.log
      2026-02-02T12:17:53.183Z [price-matrix] warn: PriceMatrix maxPairs limit reached, ignoring new key {"key":"key50"}

      at Console.log (node_modules/winston/lib/winston/transports/console.js:87:23)

    console.log
      2026-02-02T12:17:53.185Z [price-matrix] warn: PriceMatrix maxPairs limit reached, ignoring new key {"key":"key51"}

      at Console.log (node_modules/winston/lib/winston/transports/console.js:87:23)

    console.log
      2026-02-02T12:17:53.186Z [price-matrix] warn: PriceMatrix maxPairs limit reached, ignoring new key {"key":"key52"}

      at Console.log (node_modules/winston/lib/winston/transports/console.js:87:23)

    console.log
      2026-02-02T12:17:53.187Z [price-matrix] warn: PriceMatrix maxPairs limit reached, ignoring new key {"key":"key53"}

      at Console.log (node_modules/winston/lib/winston/transports/console.js:87:23)

    console.log
      2026-02-02T12:17:53.188Z [price-matrix] warn: PriceMatrix maxPairs limit reached, ignoring new key {"key":"key54"}

      at Console.log (node_modules/winston/lib/winston/transports/console.js:87:23)

    console.log
      2026-02-02T12:17:53.189Z [price-matrix] warn: PriceMatrix maxPairs limit reached, ignoring new key {"key":"key55"}

      at Console.log (node_modules/winston/lib/winston/transports/console.js:87:23)

    console.log
      2026-02-02T12:17:53.190Z [price-matrix] warn: PriceMatrix maxPairs limit reached, ignoring new key {"key":"key56"}

      at Console.log (node_modules/winston/lib/winston/transports/console.js:87:23)

    console.log
      2026-02-02T12:17:53.190Z [price-matrix] warn: PriceMatrix maxPairs limit reached, ignoring new key {"key":"key57"}

      at Console.log (node_modules/winston/lib/winston/transports/console.js:87:23)

    console.log
      2026-02-02T12:17:53.191Z [price-matrix] warn: PriceMatrix maxPairs limit reached, ignoring new key {"key":"key58"}

      at Console.log (node_modules/winston/lib/winston/transports/console.js:87:23)

    console.log
      2026-02-02T12:17:53.192Z [price-matrix] warn: PriceMatrix maxPairs limit reached, ignoring new key {"key":"key59"}

      at Console.log (node_modules/winston/lib/winston/transports/console.js:87:23)

    console.log
      2026-02-02T12:17:53.193Z [price-matrix] warn: PriceMatrix maxPairs limit reached, ignoring new key {"key":"key60"}

      at Console.log (node_modules/winston/lib/winston/transports/console.js:87:23)

    console.log
      2026-02-02T12:17:53.196Z [price-matrix] warn: PriceMatrix maxPairs limit reached, ignoring new key {"key":"key61"}

      at Console.log (node_modules/winston/lib/winston/transports/console.js:87:23)

    console.log
      2026-02-02T12:17:53.197Z [price-matrix] warn: PriceMatrix maxPairs limit reached, ignoring new key {"key":"key62"}

      at Console.log (node_modules/winston/lib/winston/transports/console.js:87:23)

    console.log
      2026-02-02T12:17:53.199Z [price-matrix] warn: PriceMatrix maxPairs limit reached, ignoring new key {"key":"key63"}

      at Console.log (node_modules/winston/lib/winston/transports/console.js:87:23)

    console.log
      2026-02-02T12:17:53.200Z [price-matrix] warn: PriceMatrix maxPairs limit reached, ignoring new key {"key":"key64"}

      at Console.log (node_modules/winston/lib/winston/transports/console.js:87:23)

    console.log
      2026-02-02T12:17:53.201Z [price-matrix] warn: PriceMatrix maxPairs limit reached, ignoring new key {"key":"key65"}

      at Console.log (node_modules/winston/lib/winston/transports/console.js:87:23)

    console.log
      2026-02-02T12:17:53.202Z [price-matrix] warn: PriceMatrix maxPairs limit reached, ignoring new key {"key":"key66"}

      at Console.log (node_modules/winston/lib/winston/transports/console.js:87:23)

    console.log
      2026-02-02T12:17:53.202Z [price-matrix] warn: PriceMatrix maxPairs limit reached, ignoring new key {"key":"key67"}

      at Console.log (node_modules/winston/lib/winston/transports/console.js:87:23)

    console.log
      2026-02-02T12:17:53.203Z [price-matrix] warn: PriceMatrix maxPairs limit reached, ignoring new key {"key":"key68"}

      at Console.log (node_modules/winston/lib/winston/transports/console.js:87:23)

    console.log
      2026-02-02T12:17:53.204Z [price-matrix] warn: PriceMatrix maxPairs limit reached, ignoring new key {"key":"key69"}

      at Console.log (node_modules/winston/lib/winston/transports/console.js:87:23)

    console.log
      2026-02-02T12:17:53.210Z [price-matrix] warn: PriceMatrix maxPairs limit reached, ignoring new key {"key":"key70"}

      at Console.log (node_modules/winston/lib/winston/transports/console.js:87:23)

    console.log
      2026-02-02T12:17:53.212Z [price-matrix] warn: PriceMatrix maxPairs limit reached, ignoring new key {"key":"key71"}

      at Console.log (node_modules/winston/lib/winston/transports/console.js:87:23)

    console.log
      2026-02-02T12:17:53.215Z [price-matrix] warn: PriceMatrix maxPairs limit reached, ignoring new key {"key":"key72"}

      at Console.log (node_modules/winston/lib/winston/transports/console.js:87:23)

    console.log
      2026-02-02T12:17:53.215Z [price-matrix] warn: PriceMatrix maxPairs limit reached, ignoring new key {"key":"key73"}

      at Console.log (node_modules/winston/lib/winston/transports/console.js:87:23)

    console.log
      2026-02-02T12:17:53.216Z [price-matrix] warn: PriceMatrix maxPairs limit reached, ignoring new key {"key":"key74"}

      at Console.log (node_modules/winston/lib/winston/transports/console.js:87:23)

    console.log
      2026-02-02T12:17:53.217Z [price-matrix] warn: PriceMatrix maxPairs limit reached, ignoring new key {"key":"key75"}

      at Console.log (node_modules/winston/lib/winston/transports/console.js:87:23)

    console.log
      2026-02-02T12:17:53.218Z [price-matrix] warn: PriceMatrix maxPairs limit reached, ignoring new key {"key":"key76"}

      at Console.log (node_modules/winston/lib/winston/transports/console.js:87:23)

    console.log
      2026-02-02T12:17:53.219Z [price-matrix] warn: PriceMatrix maxPairs limit reached, ignoring new key {"key":"key77"}

      at Console.log (node_modules/winston/lib/winston/transports/console.js:87:23)

    console.log
      2026-02-02T12:17:53.220Z [price-matrix] warn: PriceMatrix maxPairs limit reached, ignoring new key {"key":"key78"}

      at Console.log (node_modules/winston/lib/winston/transports/console.js:87:23)

    console.log
      2026-02-02T12:17:53.220Z [price-matrix] warn: PriceMatrix maxPairs limit reached, ignoring new key {"key":"key79"}

      at Console.log (node_modules/winston/lib/winston/transports/console.js:87:23)

    console.log
      2026-02-02T12:17:53.221Z [price-matrix] warn: PriceMatrix maxPairs limit reached, ignoring new key {"key":"key80"}

      at Console.log (node_modules/winston/lib/winston/transports/console.js:87:23)

    console.log
      2026-02-02T12:17:53.222Z [price-matrix] warn: PriceMatrix maxPairs limit reached, ignoring new key {"key":"key81"}

      at Console.log (node_modules/winston/lib/winston/transports/console.js:87:23)

    console.log
      2026-02-02T12:17:53.223Z [price-matrix] warn: PriceMatrix maxPairs limit reached, ignoring new key {"key":"key82"}

      at Console.log (node_modules/winston/lib/winston/transports/console.js:87:23)

    console.log
      2026-02-02T12:17:53.224Z [price-matrix] warn: PriceMatrix maxPairs limit reached, ignoring new key {"key":"key83"}

      at Console.log (node_modules/winston/lib/winston/transports/console.js:87:23)

    console.log
      2026-02-02T12:17:53.225Z [price-matrix] warn: PriceMatrix maxPairs limit reached, ignoring new key {"key":"key84"}

      at Console.log (node_modules/winston/lib/winston/transports/console.js:87:23)

    console.log
      2026-02-02T12:17:53.226Z [price-matrix] warn: PriceMatrix maxPairs limit reached, ignoring new key {"key":"key85"}

      at Console.log (node_modules/winston/lib/winston/transports/console.js:87:23)

    console.log
      2026-02-02T12:17:53.227Z [price-matrix] warn: PriceMatrix maxPairs limit reached, ignoring new key {"key":"key86"}

      at Console.log (node_modules/winston/lib/winston/transports/console.js:87:23)

    console.log
      2026-02-02T12:17:53.228Z [price-matrix] warn: PriceMatrix maxPairs limit reached, ignoring new key {"key":"key87"}

      at Console.log (node_modules/winston/lib/winston/transports/console.js:87:23)

    console.log
      2026-02-02T12:17:53.229Z [price-matrix] warn: PriceMatrix maxPairs limit reached, ignoring new key {"key":"key88"}

      at Console.log (node_modules/winston/lib/winston/transports/console.js:87:23)

    console.log
      2026-02-02T12:17:53.230Z [price-matrix] warn: PriceMatrix maxPairs limit reached, ignoring new key {"key":"key89"}

      at Console.log (node_modules/winston/lib/winston/transports/console.js:87:23)

    console.log
      2026-02-02T12:17:53.230Z [price-matrix] warn: PriceMatrix maxPairs limit reached, ignoring new key {"key":"key90"}

      at Console.log (node_modules/winston/lib/winston/transports/console.js:87:23)

    console.log
      2026-02-02T12:17:53.231Z [price-matrix] warn: PriceMatrix maxPairs limit reached, ignoring new key {"key":"key91"}

      at Console.log (node_modules/winston/lib/winston/transports/console.js:87:23)

    console.log
      2026-02-02T12:17:53.232Z [price-matrix] warn: PriceMatrix maxPairs limit reached, ignoring new key {"key":"key92"}

      at Console.log (node_modules/winston/lib/winston/transports/console.js:87:23)

    console.log
      2026-02-02T12:17:53.233Z [price-matrix] warn: PriceMatrix maxPairs limit reached, ignoring new key {"key":"key93"}

      at Console.log (node_modules/winston/lib/winston/transports/console.js:87:23)

    console.log
      2026-02-02T12:17:53.234Z [price-matrix] warn: PriceMatrix maxPairs limit reached, ignoring new key {"key":"key94"}

      at Console.log (node_modules/winston/lib/winston/transports/console.js:87:23)

    console.log
      2026-02-02T12:17:53.235Z [price-matrix] warn: PriceMatrix maxPairs limit reached, ignoring new key {"key":"key95"}

      at Console.log (node_modules/winston/lib/winston/transports/console.js:87:23)

    console.log
      2026-02-02T12:17:53.236Z [price-matrix] warn: PriceMatrix maxPairs limit reached, ignoring new key {"key":"key96"}

      at Console.log (node_modules/winston/lib/winston/transports/console.js:87:23)

    console.log
      2026-02-02T12:17:53.237Z [price-matrix] warn: PriceMatrix maxPairs limit reached, ignoring new key {"key":"key97"}

      at Console.log (node_modules/winston/lib/winston/transports/console.js:87:23)

    console.log
      2026-02-02T12:17:53.238Z [price-matrix] warn: PriceMatrix maxPairs limit reached, ignoring new key {"key":"key98"}

      at Console.log (node_modules/winston/lib/winston/transports/console.js:87:23)

    console.log
      2026-02-02T12:17:53.238Z [price-matrix] warn: PriceMatrix maxPairs limit reached, ignoring new key {"key":"key99"}

      at Console.log (node_modules/winston/lib/winston/transports/console.js:87:23)

    console.log
      2026-02-02T12:17:53.241Z [price-matrix] info: PriceMatrix destroyed

      at Console.log (node_modules/winston/lib/winston/transports/console.js:87:23)

    console.log
      2026-02-02T12:17:53.242Z [price-matrix] info: PriceMatrix initialized {"maxPairs":1000,"totalSlots":1100,"useSharedMemory":true}

      at Console.log (node_modules/winston/lib/winston/transports/console.js:87:23)

    console.log
      2026-02-02T12:17:53.245Z [price-matrix] info: PriceMatrix destroyed

      at Console.log (node_modules/winston/lib/winston/transports/console.js:87:23)

    console.log
      2026-02-02T12:17:53.263Z [price-matrix] info: PriceMatrix initialized {"maxPairs":1000,"totalSlots":1100,"useSharedMemory":true}

      at Console.log (node_modules/winston/lib/winston/transports/console.js:87:23)

    console.log
      2026-02-02T12:17:53.265Z [price-matrix] info: PriceMatrix destroyed

      at Console.log (node_modules/winston/lib/winston/transports/console.js:87:23)

    console.log
      2026-02-02T12:17:53.266Z [price-matrix] info: PriceMatrix initialized {"maxPairs":500,"totalSlots":600,"useSharedMemory":true}

      at Console.log (node_modules/winston/lib/winston/transports/console.js:87:23)

    console.log
      2026-02-02T12:17:53.267Z [price-matrix] info: PriceMatrix destroyed

      at Console.log (node_modules/winston/lib/winston/transports/console.js:87:23)

    console.log
      2026-02-02T12:17:53.268Z [price-matrix] info: PriceMatrix destroyed

      at Console.log (node_modules/winston/lib/winston/transports/console.js:87:23)

    console.log
      2026-02-02T12:17:53.387Z [price-matrix] info: PriceMatrix initialized {"maxPairs":1000,"totalSlots":1000,"useSharedMemory":true}

      at Console.log (node_modules/winston/lib/winston/transports/console.js:87:23)

    console.log
      2026-02-02T12:17:53.391Z [price-matrix] info: PriceMatrix destroyed

      at Console.log (node_modules/winston/lib/winston/transports/console.js:87:23)

    console.log
      2026-02-02T12:17:53.396Z [price-matrix] info: PriceMatrix initialized {"maxPairs":500,"totalSlots":550,"useSharedMemory":true}

      at Console.log (node_modules/winston/lib/winston/transports/console.js:87:23)

    console.log
      2026-02-02T12:17:53.399Z [price-matrix] info: PriceMatrix destroyed

      at Console.log (node_modules/winston/lib/winston/transports/console.js:87:23)

    console.log
      2026-02-02T12:17:53.401Z [price-matrix] info: PriceMatrix initialized {"maxPairs":1000,"totalSlots":1100,"useSharedMemory":true}

      at Console.log (node_modules/winston/lib/winston/transports/console.js:87:23)

    console.log
      2026-02-02T12:17:53.402Z [price-matrix] info: PriceMatrix destroyed

      at Console.log (node_modules/winston/lib/winston/transports/console.js:87:23)

    console.log
      2026-02-02T12:17:53.404Z [price-matrix] info: PriceMatrix initialized {"maxPairs":500,"totalSlots":600,"useSharedMemory":true}

      at Console.log (node_modules/winston/lib/winston/transports/console.js:87:23)

    console.log
      2026-02-02T12:17:53.408Z [price-matrix] warn: getPriceMatrix called with config but instance already exists; config ignored

      at Console.log (node_modules/winston/lib/winston/transports/console.js:87:23)

    console.log
      2026-02-02T12:17:53.417Z [price-matrix] info: PriceMatrix destroyed

      at Console.log (node_modules/winston/lib/winston/transports/console.js:87:23)

    console.log
      2026-02-02T12:17:53.419Z [price-matrix] info: PriceMatrix initialized {"maxPairs":500,"totalSlots":600,"useSharedMemory":true}

      at Console.log (node_modules/winston/lib/winston/transports/console.js:87:23)

    console.log
      2026-02-02T12:17:53.424Z [price-matrix] info: PriceMatrix destroyed

      at Console.log (node_modules/winston/lib/winston/transports/console.js:87:23)

    console.log
      2026-02-02T12:17:53.428Z [price-matrix] info: PriceMatrix initialized {"maxPairs":1000,"totalSlots":1100,"useSharedMemory":true}

      at Console.log (node_modules/winston/lib/winston/transports/console.js:87:23)

    console.log
      2026-02-02T12:17:53.430Z [price-matrix] info: PriceMatrix destroyed

      at Console.log (node_modules/winston/lib/winston/transports/console.js:87:23)

    console.log
      2026-02-02T12:17:53.439Z [price-matrix] info: PriceMatrix initialized {"maxPairs":1000,"totalSlots":1100,"useSharedMemory":true}

      at Console.log (node_modules/winston/lib/winston/transports/console.js:87:23)
          at async Promise.all (index 0)

    console.log
      2026-02-02T12:17:53.447Z [price-matrix] info: PriceMatrix destroyed

      at Console.log (node_modules/winston/lib/winston/transports/console.js:87:23)

    console.log
      2026-02-02T12:17:53.455Z [price-matrix] warn: PriceIndexMapper: All slots used, cannot allocate new key {"key":"overflow_key","usedSlots":5,"maxIndex":5}

      at Console.log (node_modules/winston/lib/winston/transports/console.js:87:23)

    console.log
      2026-02-02T12:17:53.463Z [price-matrix] warn: PriceIndexMapper: All slots used, cannot allocate new key {"key":"another_overflow","usedSlots":5,"maxIndex":5}

      at Console.log (node_modules/winston/lib/winston/transports/console.js:87:23)

    console.log
      2026-02-02T12:17:53.493Z [price-matrix] info: PriceMatrix initialized {"maxPairs":100,"totalSlots":200,"useSharedMemory":true}

      at Console.log (node_modules/winston/lib/winston/transports/console.js:87:23)

    console.log
      2026-02-02T12:17:53.500Z [price-matrix] info: PriceMatrix destroyed

      at Console.log (node_modules/winston/lib/winston/transports/console.js:87:23)

    console.log
      2026-02-02T12:17:53.508Z [price-matrix] info: PriceMatrix initialized {"maxPairs":100,"totalSlots":200,"useSharedMemory":true}

      at Console.log (node_modules/winston/lib/winston/transports/console.js:87:23)

    console.log
      2026-02-02T12:17:53.540Z [price-matrix] info: PriceMatrix destroyed

      at Console.log (node_modules/winston/lib/winston/transports/console.js:87:23)

    console.log
      2026-02-02T12:17:53.546Z [price-matrix] info: PriceMatrix initialized {"maxPairs":100,"totalSlots":200,"useSharedMemory":true}

      at Console.log (node_modules/winston/lib/winston/transports/console.js:87:23)

    console.log
      2026-02-02T12:17:53.554Z [price-matrix] info: PriceMatrix destroyed

      at Console.log (node_modules/winston/lib/winston/transports/console.js:87:23)

    console.log
      2026-02-02T12:17:53.556Z [price-matrix] info: PriceMatrix initialized {"maxPairs":100,"totalSlots":200,"useSharedMemory":true}

      at Console.log (node_modules/winston/lib/winston/transports/console.js:87:23)

    console.log
      2026-02-02T12:17:53.557Z [price-matrix] info: PriceMatrix initialized {"maxPairs":10,"totalSlots":10,"useSharedMemory":true}

      at Console.log (node_modules/winston/lib/winston/transports/console.js:87:23)

    console.log
      2026-02-02T12:17:53.558Z [price-matrix] warn: PriceMatrix maxPairs limit reached, ignoring new key {"key":"overflow_key"}

      at Console.log (node_modules/winston/lib/winston/transports/console.js:87:23)

    console.log
      2026-02-02T12:17:53.560Z [price-matrix] info: PriceMatrix destroyed

      at Console.log (node_modules/winston/lib/winston/transports/console.js:87:23)

    console.log
      2026-02-02T12:17:53.562Z [price-matrix] info: PriceMatrix destroyed

      at Console.log (node_modules/winston/lib/winston/transports/console.js:87:23)

    console.log
      2026-02-02T12:17:53.564Z [price-matrix] info: PriceMatrix initialized {"maxPairs":100,"totalSlots":200,"useSharedMemory":true}

      at Console.log (node_modules/winston/lib/winston/transports/console.js:87:23)

    console.log
      2026-02-02T12:17:53.566Z [price-matrix] info: PriceMatrix destroyed

      at Console.log (node_modules/winston/lib/winston/transports/console.js:87:23)

    console.log
      2026-02-02T12:17:53.569Z [price-matrix] info: PriceMatrix initialized {"maxPairs":1000,"totalSlots":1100,"useSharedMemory":true}

      at Console.log (node_modules/winston/lib/winston/transports/console.js:87:23)

    console.log
      Lookup performance after fixes: 1.125μs

      at Object.<anonymous> (tests/integration/s1.3-price-matrix.integration.test.ts:945:13)

    console.log
      2026-02-02T12:17:53.585Z [price-matrix] info: PriceMatrix destroyed

      at Console.log (node_modules/winston/lib/winston/transports/console.js:87:23)

    console.log
      2026-02-02T12:17:53.588Z [price-matrix] info: PriceMatrix initialized {"maxPairs":1000,"totalSlots":1100,"useSharedMemory":true}

      at Console.log (node_modules/winston/lib/winston/transports/console.js:87:23)

    console.log
      Batch write 1000 items: 2.86ms

      at Object.<anonymous> (tests/integration/s1.3-price-matrix.integration.test.ts:972:13)

    console.log
      2026-02-02T12:17:53.594Z [price-matrix] info: PriceMatrix destroyed

      at Console.log (node_modules/winston/lib/winston/transports/console.js:87:23)

    console.log
      2026-02-02T12:17:53.598Z [price-matrix] info: PriceMatrix initialized {"maxPairs":1000,"totalSlots":1100,"useSharedMemory":true}

      at Console.log (node_modules/winston/lib/winston/transports/console.js:87:23)

    console.log
      Mixed workload: 5000 ops in 8.08ms (1.616μs/op)

      at Object.<anonymous> (tests/integration/s1.3-price-matrix.integration.test.ts:1004:13)

    console.log
      2026-02-02T12:17:53.609Z [price-matrix] info: PriceMatrix destroyed

      at Console.log (node_modules/winston/lib/winston/transports/console.js:87:23)

  ● S1.3 L1 Price Matrix Integration Tests › S1.3.5: Performance Benchmarks › should achieve <1μs average lookup time

    expect(received).toBeLessThan(expected)

    Expected: < 0.01
    Received:   0.02304788000000117

    [0m [90m 262 |[39m
     [90m 263 |[39m       [90m// Target: <1μs (allow 10μs for test environment variance)[39m
    [31m[1m>[22m[39m[90m 264 |[39m       expect(avgTimeMs)[33m.[39mtoBeLessThan([35m0.01[39m)[33m;[39m
     [90m     |[39m                         [31m[1m^[22m[39m
     [90m 265 |[39m     })[33m;[39m
     [90m 266 |[39m
     [90m 267 |[39m     it([32m'should achieve <10μs average write time'[39m[33m,[39m () [33m=>[39m {[0m

      at Object.<anonymous> (tests/integration/s1.3-price-matrix.integration.test.ts:264:25)

PASS unit shared/core/__tests__/unit/base-detector.test.ts (6.302 s)
  ● Console

    console.log
      2026-02-02T12:17:52.101Z [event-batcher] info: EventBatcher initialized {"maxBatchSize":20,"maxWaitTime":30,"maxQueueSize":1000}

      at Console.log (node_modules/winston/lib/winston/transports/console.js:87:23)

    console.log
      2026-02-02T12:17:52.238Z [event-batcher] info: Destroying EventBatcher

      at Console.log (node_modules/winston/lib/winston/transports/console.js:87:23)

    console.log
      2026-02-02T12:17:52.240Z [event-batcher] info: EventBatcher destroyed successfully

      at Console.log (node_modules/winston/lib/winston/transports/console.js:87:23)

    console.log
      2026-02-02T12:17:52.281Z [event-batcher] info: EventBatcher initialized {"maxBatchSize":20,"maxWaitTime":30,"maxQueueSize":1000}

      at Console.log (node_modules/winston/lib/winston/transports/console.js:87:23)

    console.log
      2026-02-02T12:17:52.321Z [event-batcher] info: Destroying EventBatcher

      at Console.log (node_modules/winston/lib/winston/transports/console.js:87:23)

    console.log
      2026-02-02T12:17:52.343Z [event-batcher] info: EventBatcher destroyed successfully

      at Console.log (node_modules/winston/lib/winston/transports/console.js:87:23)

    console.log
      2026-02-02T12:17:52.372Z [event-batcher] info: EventBatcher initialized {"maxBatchSize":20,"maxWaitTime":30,"maxQueueSize":1000}

      at Console.log (node_modules/winston/lib/winston/transports/console.js:87:23)

    console.log
      2026-02-02T12:17:52.386Z [event-batcher] info: Destroying EventBatcher

      at Console.log (node_modules/winston/lib/winston/transports/console.js:87:23)

    console.log
      2026-02-02T12:17:52.386Z [event-batcher] info: EventBatcher destroyed successfully

      at Console.log (node_modules/winston/lib/winston/transports/console.js:87:23)

    console.log
      2026-02-02T12:17:52.453Z [event-batcher] info: EventBatcher initialized {"maxBatchSize":20,"maxWaitTime":30,"maxQueueSize":1000}

      at Console.log (node_modules/winston/lib/winston/transports/console.js:87:23)

    console.log
      2026-02-02T12:17:52.470Z [event-batcher] info: Destroying EventBatcher

      at Console.log (node_modules/winston/lib/winston/transports/console.js:87:23)

    console.log
      2026-02-02T12:17:52.481Z [event-batcher] info: EventBatcher destroyed successfully

      at Console.log (node_modules/winston/lib/winston/transports/console.js:87:23)

    console.log
      2026-02-02T12:17:52.498Z [event-batcher] info: EventBatcher initialized {"maxBatchSize":20,"maxWaitTime":30,"maxQueueSize":1000}

      at Console.log (node_modules/winston/lib/winston/transports/console.js:87:23)

    console.log
      2026-02-02T12:17:52.613Z [event-batcher] info: Destroying EventBatcher

      at Console.log (node_modules/winston/lib/winston/transports/console.js:87:23)

    console.log
      2026-02-02T12:17:52.615Z [event-batcher] info: EventBatcher destroyed successfully

      at Console.log (node_modules/winston/lib/winston/transports/console.js:87:23)

    console.log
      2026-02-02T12:17:52.800Z [event-batcher] info: EventBatcher initialized {"maxBatchSize":20,"maxWaitTime":30,"maxQueueSize":1000}

      at Console.log (node_modules/winston/lib/winston/transports/console.js:87:23)

    console.log
      2026-02-02T12:17:52.803Z [event-batcher] info: Destroying EventBatcher

      at Console.log (node_modules/winston/lib/winston/transports/console.js:87:23)

    console.log
      2026-02-02T12:17:52.804Z [event-batcher] info: EventBatcher destroyed successfully

      at Console.log (node_modules/winston/lib/winston/transports/console.js:87:23)

    console.log
      2026-02-02T12:17:52.807Z [event-batcher] info: EventBatcher initialized {"maxBatchSize":20,"maxWaitTime":30,"maxQueueSize":1000}

      at Console.log (node_modules/winston/lib/winston/transports/console.js:87:23)

    console.log
      2026-02-02T12:17:52.810Z [event-batcher] info: Destroying EventBatcher

      at Console.log (node_modules/winston/lib/winston/transports/console.js:87:23)

    console.log
      2026-02-02T12:17:52.810Z [event-batcher] info: EventBatcher destroyed successfully

      at Console.log (node_modules/winston/lib/winston/transports/console.js:87:23)

    console.log
      2026-02-02T12:17:52.859Z [event-batcher] info: EventBatcher initialized {"maxBatchSize":20,"maxWaitTime":30,"maxQueueSize":1000}

      at Console.log (node_modules/winston/lib/winston/transports/console.js:87:23)

    console.log
      2026-02-02T12:17:52.890Z [event-batcher] info: EventBatcher initialized {"maxBatchSize":20,"maxWaitTime":30,"maxQueueSize":1000}

      at Console.log (node_modules/winston/lib/winston/transports/console.js:87:23)

    console.log
      2026-02-02T12:17:52.985Z [event-batcher] info: Destroying EventBatcher

      at Console.log (node_modules/winston/lib/winston/transports/console.js:87:23)

    console.log
      2026-02-02T12:17:52.987Z [event-batcher] info: EventBatcher destroyed successfully

      at Console.log (node_modules/winston/lib/winston/transports/console.js:87:23)

    console.log
      2026-02-02T12:17:53.002Z [event-batcher] info: EventBatcher initialized {"maxBatchSize":20,"maxWaitTime":30,"maxQueueSize":1000}

      at Console.log (node_modules/winston/lib/winston/transports/console.js:87:23)

    console.log
      2026-02-02T12:17:53.020Z [event-batcher] info: EventBatcher initialized {"maxBatchSize":20,"maxWaitTime":30,"maxQueueSize":1000}

      at Console.log (node_modules/winston/lib/winston/transports/console.js:87:23)

    console.log
      2026-02-02T12:17:53.030Z [event-batcher] info: Destroying EventBatcher

      at Console.log (node_modules/winston/lib/winston/transports/console.js:87:23)

    console.log
      2026-02-02T12:17:53.032Z [event-batcher] info: EventBatcher destroyed successfully

      at Console.log (node_modules/winston/lib/winston/transports/console.js:87:23)

    console.log
      2026-02-02T12:17:53.062Z [event-batcher] info: EventBatcher initialized {"maxBatchSize":20,"maxWaitTime":30,"maxQueueSize":1000}

      at Console.log (node_modules/winston/lib/winston/transports/console.js:87:23)

    console.log
      2026-02-02T12:17:53.084Z [event-batcher] info: EventBatcher initialized {"maxBatchSize":20,"maxWaitTime":30,"maxQueueSize":1000}

      at Console.log (node_modules/winston/lib/winston/transports/console.js:87:23)

    console.log
      2026-02-02T12:17:53.112Z [event-batcher] info: Destroying EventBatcher

      at Console.log (node_modules/winston/lib/winston/transports/console.js:87:23)

    console.log
      2026-02-02T12:17:53.113Z [event-batcher] info: EventBatcher destroyed successfully

      at Console.log (node_modules/winston/lib/winston/transports/console.js:87:23)

    console.log
      2026-02-02T12:17:53.123Z [event-batcher] info: EventBatcher initialized {"maxBatchSize":20,"maxWaitTime":30,"maxQueueSize":1000}

      at Console.log (node_modules/winston/lib/winston/transports/console.js:87:23)

    console.log
      2026-02-02T12:17:53.135Z [event-batcher] info: Destroying EventBatcher

      at Console.log (node_modules/winston/lib/winston/transports/console.js:87:23)

    console.log
      2026-02-02T12:17:53.136Z [event-batcher] info: EventBatcher destroyed successfully

      at Console.log (node_modules/winston/lib/winston/transports/console.js:87:23)

    console.log
      2026-02-02T12:17:53.142Z [event-batcher] info: EventBatcher initialized {"maxBatchSize":20,"maxWaitTime":30,"maxQueueSize":1000}

      at Console.log (node_modules/winston/lib/winston/transports/console.js:87:23)

    console.log
      2026-02-02T12:17:53.153Z [event-batcher] info: Destroying EventBatcher

      at Console.log (node_modules/winston/lib/winston/transports/console.js:87:23)

    console.log
      2026-02-02T12:17:53.154Z [event-batcher] info: EventBatcher destroyed successfully

      at Console.log (node_modules/winston/lib/winston/transports/console.js:87:23)

    console.log
      2026-02-02T12:17:53.164Z [event-batcher] info: EventBatcher initialized {"maxBatchSize":20,"maxWaitTime":30,"maxQueueSize":1000}

      at Console.log (node_modules/winston/lib/winston/transports/console.js:87:23)

    console.log
      2026-02-02T12:17:53.186Z [event-batcher] info: EventBatcher initialized {"maxBatchSize":20,"maxWaitTime":30,"maxQueueSize":1000}

      at Console.log (node_modules/winston/lib/winston/transports/console.js:87:23)

    console.log
      2026-02-02T12:17:53.195Z [event-batcher] info: EventBatcher initialized {"maxBatchSize":20,"maxWaitTime":30,"maxQueueSize":1000}

      at Console.log (node_modules/winston/lib/winston/transports/console.js:87:23)

    console.log
      2026-02-02T12:17:53.200Z [event-batcher] info: EventBatcher initialized {"maxBatchSize":20,"maxWaitTime":30,"maxQueueSize":1000}

      at Console.log (node_modules/winston/lib/winston/transports/console.js:87:23)

    console.log
      2026-02-02T12:17:53.204Z [event-batcher] info: EventBatcher initialized {"maxBatchSize":20,"maxWaitTime":30,"maxQueueSize":1000}

      at Console.log (node_modules/winston/lib/winston/transports/console.js:87:23)

    console.log
      2026-02-02T12:17:53.215Z [event-batcher] info: EventBatcher initialized {"maxBatchSize":20,"maxWaitTime":30,"maxQueueSize":1000}

      at Console.log (node_modules/winston/lib/winston/transports/console.js:87:23)

    console.log
      2026-02-02T12:17:53.219Z [event-batcher] info: EventBatcher initialized {"maxBatchSize":20,"maxWaitTime":30,"maxQueueSize":1000}

      at Console.log (node_modules/winston/lib/winston/transports/console.js:87:23)

    console.log
      2026-02-02T12:17:53.227Z [event-batcher] info: EventBatcher initialized {"maxBatchSize":20,"maxWaitTime":30,"maxQueueSize":1000}

      at Console.log (node_modules/winston/lib/winston/transports/console.js:87:23)

    console.log
      2026-02-02T12:17:53.249Z [event-batcher] info: EventBatcher initialized {"maxBatchSize":20,"maxWaitTime":30,"maxQueueSize":1000}

      at Console.log (node_modules/winston/lib/winston/transports/console.js:87:23)

    console.log
      2026-02-02T12:17:53.270Z [event-batcher] info: EventBatcher initialized {"maxBatchSize":20,"maxWaitTime":30,"maxQueueSize":1000}

      at Console.log (node_modules/winston/lib/winston/transports/console.js:87:23)

    console.log
      2026-02-02T12:17:53.277Z [event-batcher] info: Destroying EventBatcher

      at Console.log (node_modules/winston/lib/winston/transports/console.js:87:23)

    console.log
      2026-02-02T12:17:53.286Z [event-batcher] info: EventBatcher destroyed successfully

      at Console.log (node_modules/winston/lib/winston/transports/console.js:87:23)

    console.log
      2026-02-02T12:17:53.294Z [event-batcher] info: EventBatcher initialized {"maxBatchSize":20,"maxWaitTime":30,"maxQueueSize":1000}

      at Console.log (node_modules/winston/lib/winston/transports/console.js:87:23)

    console.log
      2026-02-02T12:17:53.313Z [event-batcher] info: Destroying EventBatcher

      at Console.log (node_modules/winston/lib/winston/transports/console.js:87:23)

    console.log
      2026-02-02T12:17:53.318Z [event-batcher] info: EventBatcher destroyed successfully

      at Console.log (node_modules/winston/lib/winston/transports/console.js:87:23)

    console.log
      2026-02-02T12:17:53.324Z [event-batcher] info: EventBatcher initialized {"maxBatchSize":20,"maxWaitTime":30,"maxQueueSize":1000}

      at Console.log (node_modules/winston/lib/winston/transports/console.js:87:23)

    console.log
      2026-02-02T12:17:53.339Z [event-batcher] info: Destroying EventBatcher

      at Console.log (node_modules/winston/lib/winston/transports/console.js:87:23)

    console.log
      2026-02-02T12:17:53.342Z [event-batcher] info: EventBatcher destroyed successfully

      at Console.log (node_modules/winston/lib/winston/transports/console.js:87:23)

    console.log
      2026-02-02T12:17:53.348Z [event-batcher] info: EventBatcher initialized {"maxBatchSize":20,"maxWaitTime":30,"maxQueueSize":1000}

      at Console.log (node_modules/winston/lib/winston/transports/console.js:87:23)

    console.log
      2026-02-02T12:17:53.351Z [event-batcher] info: Destroying EventBatcher

      at Console.log (node_modules/winston/lib/winston/transports/console.js:87:23)

    console.log
      2026-02-02T12:17:53.353Z [event-batcher] info: EventBatcher destroyed successfully

      at Console.log (node_modules/winston/lib/winston/transports/console.js:87:23)

    console.log
      2026-02-02T12:17:53.357Z [event-batcher] info: EventBatcher initialized {"maxBatchSize":20,"maxWaitTime":30,"maxQueueSize":1000}

      at Console.log (node_modules/winston/lib/winston/transports/console.js:87:23)

    console.log
      2026-02-02T12:17:53.382Z [event-batcher] info: Destroying EventBatcher

      at Console.log (node_modules/winston/lib/winston/transports/console.js:87:23)

    console.log
      2026-02-02T12:17:53.385Z [event-batcher] info: EventBatcher destroyed successfully

      at Console.log (node_modules/winston/lib/winston/transports/console.js:87:23)

    console.log
      2026-02-02T12:17:53.392Z [event-batcher] info: EventBatcher initialized {"maxBatchSize":20,"maxWaitTime":30,"maxQueueSize":1000}

      at Console.log (node_modules/winston/lib/winston/transports/console.js:87:23)

    console.log
      2026-02-02T12:17:53.401Z [event-batcher] info: Destroying EventBatcher

      at Console.log (node_modules/winston/lib/winston/transports/console.js:87:23)

    console.log
      2026-02-02T12:17:53.403Z [event-batcher] info: EventBatcher destroyed successfully

      at Console.log (node_modules/winston/lib/winston/transports/console.js:87:23)

    console.log
      2026-02-02T12:17:53.417Z [event-batcher] info: EventBatcher initialized {"maxBatchSize":20,"maxWaitTime":30,"maxQueueSize":1000}

      at Console.log (node_modules/winston/lib/winston/transports/console.js:87:23)

    console.log
      2026-02-02T12:17:53.424Z [event-batcher] info: Destroying EventBatcher

      at Console.log (node_modules/winston/lib/winston/transports/console.js:87:23)

    console.log
      2026-02-02T12:17:53.424Z [event-batcher] info: EventBatcher destroyed successfully

      at Console.log (node_modules/winston/lib/winston/transports/console.js:87:23)

    console.log
      2026-02-02T12:17:53.433Z [event-batcher] info: EventBatcher initialized {"maxBatchSize":20,"maxWaitTime":30,"maxQueueSize":1000}

      at Console.log (node_modules/winston/lib/winston/transports/console.js:87:23)

    console.log
      2026-02-02T12:17:53.457Z [event-batcher] info: EventBatcher initialized {"maxBatchSize":20,"maxWaitTime":30,"maxQueueSize":1000}

      at Console.log (node_modules/winston/lib/winston/transports/console.js:87:23)

    console.log
      2026-02-02T12:17:53.467Z [event-batcher] info: Destroying EventBatcher

      at Console.log (node_modules/winston/lib/winston/transports/console.js:87:23)

    console.log
      2026-02-02T12:17:53.468Z [event-batcher] info: EventBatcher destroyed successfully

      at Console.log (node_modules/winston/lib/winston/transports/console.js:87:23)

    console.log
      2026-02-02T12:17:53.491Z [event-batcher] info: EventBatcher initialized {"maxBatchSize":20,"maxWaitTime":30,"maxQueueSize":1000}

      at Console.log (node_modules/winston/lib/winston/transports/console.js:87:23)

    console.log
      2026-02-02T12:17:53.516Z [event-batcher] info: Destroying EventBatcher

      at Console.log (node_modules/winston/lib/winston/transports/console.js:87:23)

    console.log
      2026-02-02T12:17:53.520Z [event-batcher] info: EventBatcher destroyed successfully

      at Console.log (node_modules/winston/lib/winston/transports/console.js:87:23)

    console.log
      2026-02-02T12:17:53.523Z [event-batcher] info: EventBatcher initialized {"maxBatchSize":20,"maxWaitTime":30,"maxQueueSize":1000}

      at Console.log (node_modules/winston/lib/winston/transports/console.js:87:23)

    console.log
      2026-02-02T12:17:53.552Z [event-batcher] info: Destroying EventBatcher

      at Console.log (node_modules/winston/lib/winston/transports/console.js:87:23)

    console.log
      2026-02-02T12:17:53.553Z [event-batcher] info: EventBatcher destroyed successfully

      at Console.log (node_modules/winston/lib/winston/transports/console.js:87:23)

    console.log
      2026-02-02T12:17:53.566Z [event-batcher] info: EventBatcher initialized {"maxBatchSize":20,"maxWaitTime":30,"maxQueueSize":1000}

      at Console.log (node_modules/winston/lib/winston/transports/console.js:87:23)

    console.log
      2026-02-02T12:17:53.569Z [event-batcher] info: Destroying EventBatcher

      at Console.log (node_modules/winston/lib/winston/transports/console.js:87:23)

    console.log
      2026-02-02T12:17:53.572Z [event-batcher] info: EventBatcher destroyed successfully

      at Console.log (node_modules/winston/lib/winston/transports/console.js:87:23)

    console.log
      2026-02-02T12:17:53.575Z [event-batcher] info: EventBatcher initialized {"maxBatchSize":20,"maxWaitTime":30,"maxQueueSize":1000}

      at Console.log (node_modules/winston/lib/winston/transports/console.js:87:23)

    console.log
      2026-02-02T12:17:53.582Z [event-batcher] info: EventBatcher initialized {"maxBatchSize":20,"maxWaitTime":30,"maxQueueSize":1000}

      at Console.log (node_modules/winston/lib/winston/transports/console.js:87:23)

    console.log
      2026-02-02T12:17:53.633Z [event-batcher] info: Destroying EventBatcher

      at Console.log (node_modules/winston/lib/winston/transports/console.js:87:23)
          at async Promise.allSettled (index 1)

    console.log
      2026-02-02T12:17:53.636Z [event-batcher] info: EventBatcher destroyed successfully

      at Console.log (node_modules/winston/lib/winston/transports/console.js:87:23)

    console.log
      2026-02-02T12:17:53.677Z [event-batcher] info: EventBatcher initialized {"maxBatchSize":20,"maxWaitTime":30,"maxQueueSize":1000}

      at Console.log (node_modules/winston/lib/winston/transports/console.js:87:23)

    console.log
      2026-02-02T12:17:53.698Z [event-batcher] info: Destroying EventBatcher

      at Console.log (node_modules/winston/lib/winston/transports/console.js:87:23)

    console.log
      2026-02-02T12:17:53.705Z [event-batcher] info: EventBatcher destroyed successfully

      at Console.log (node_modules/winston/lib/winston/transports/console.js:87:23)

    console.log
      2026-02-02T12:17:53.736Z [event-batcher] info: EventBatcher initialized {"maxBatchSize":20,"maxWaitTime":30,"maxQueueSize":1000}

      at Console.log (node_modules/winston/lib/winston/transports/console.js:87:23)

    console.log
      2026-02-02T12:17:53.743Z [event-batcher] info: Destroying EventBatcher

      at Console.log (node_modules/winston/lib/winston/transports/console.js:87:23)

    console.log
      2026-02-02T12:17:53.757Z [event-batcher] info: EventBatcher destroyed successfully

      at Console.log (node_modules/winston/lib/winston/transports/console.js:87:23)

    console.log
      2026-02-02T12:17:53.769Z [event-batcher] info: EventBatcher initialized {"maxBatchSize":20,"maxWaitTime":30,"maxQueueSize":1000}

      at Console.log (node_modules/winston/lib/winston/transports/console.js:87:23)

    console.log
      2026-02-02T12:17:53.783Z [event-batcher] info: Destroying EventBatcher

      at Console.log (node_modules/winston/lib/winston/transports/console.js:87:23)

    console.log
      2026-02-02T12:17:53.784Z [event-batcher] info: EventBatcher destroyed successfully

      at Console.log (node_modules/winston/lib/winston/transports/console.js:87:23)

    console.log
      2026-02-02T12:17:53.788Z [event-batcher] info: EventBatcher initialized {"maxBatchSize":20,"maxWaitTime":30,"maxQueueSize":1000}

      at Console.log (node_modules/winston/lib/winston/transports/console.js:87:23)

    console.log
      2026-02-02T12:17:53.810Z [event-batcher] info: Destroying EventBatcher

      at Console.log (node_modules/winston/lib/winston/transports/console.js:87:23)

    console.log
      2026-02-02T12:17:53.811Z [event-batcher] info: EventBatcher destroyed successfully

      at Console.log (node_modules/winston/lib/winston/transports/console.js:87:23)

    console.log
      2026-02-02T12:17:53.816Z [event-batcher] info: EventBatcher initialized {"maxBatchSize":20,"maxWaitTime":30,"maxQueueSize":1000}

      at Console.log (node_modules/winston/lib/winston/transports/console.js:87:23)

    console.log
      2026-02-02T12:17:53.841Z [event-batcher] info: Destroying EventBatcher

      at Console.log (node_modules/winston/lib/winston/transports/console.js:87:23)

    console.log
      2026-02-02T12:17:53.842Z [event-batcher] info: EventBatcher destroyed successfully

      at Console.log (node_modules/winston/lib/winston/transports/console.js:87:23)

    console.log
      2026-02-02T12:17:53.844Z [event-batcher] info: EventBatcher initialized {"maxBatchSize":20,"maxWaitTime":30,"maxQueueSize":1000}

      at Console.log (node_modules/winston/lib/winston/transports/console.js:87:23)

    console.log
      2026-02-02T12:17:53.855Z [event-batcher] info: Destroying EventBatcher

      at Console.log (node_modules/winston/lib/winston/transports/console.js:87:23)

    console.log
      2026-02-02T12:17:53.864Z [event-batcher] info: EventBatcher destroyed successfully

      at Console.log (node_modules/winston/lib/winston/transports/console.js:87:23)

    console.log
      2026-02-02T12:17:53.883Z [event-batcher] info: EventBatcher initialized {"maxBatchSize":20,"maxWaitTime":30,"maxQueueSize":1000}

      at Console.log (node_modules/winston/lib/winston/transports/console.js:87:23)

    console.log
      2026-02-02T12:17:53.888Z [event-batcher] info: Destroying EventBatcher

      at Console.log (node_modules/winston/lib/winston/transports/console.js:87:23)

    console.log
      2026-02-02T12:17:53.890Z [event-batcher] info: EventBatcher destroyed successfully

      at Console.log (node_modules/winston/lib/winston/transports/console.js:87:23)

    console.log
      2026-02-02T12:17:53.893Z [event-batcher] info: EventBatcher initialized {"maxBatchSize":20,"maxWaitTime":30,"maxQueueSize":1000}

      at Console.log (node_modules/winston/lib/winston/transports/console.js:87:23)

    console.log
      2026-02-02T12:17:53.899Z [event-batcher] info: Destroying EventBatcher

      at Console.log (node_modules/winston/lib/winston/transports/console.js:87:23)

    console.log
      2026-02-02T12:17:53.902Z [event-batcher] info: EventBatcher destroyed successfully

      at Console.log (node_modules/winston/lib/winston/transports/console.js:87:23)

    console.log
      2026-02-02T12:17:53.907Z [event-batcher] info: EventBatcher initialized {"maxBatchSize":20,"maxWaitTime":30,"maxQueueSize":1000}

      at Console.log (node_modules/winston/lib/winston/transports/console.js:87:23)

    console.log
      2026-02-02T12:17:53.920Z [event-batcher] info: Destroying EventBatcher

      at Console.log (node_modules/winston/lib/winston/transports/console.js:87:23)

    console.log
      2026-02-02T12:17:53.956Z [event-batcher] info: EventBatcher destroyed successfully

      at Console.log (node_modules/winston/lib/winston/transports/console.js:87:23)

    console.log
      2026-02-02T12:17:53.960Z [event-batcher] info: EventBatcher initialized {"maxBatchSize":20,"maxWaitTime":30,"maxQueueSize":1000}

      at Console.log (node_modules/winston/lib/winston/transports/console.js:87:23)

    console.log
      2026-02-02T12:17:53.985Z [event-batcher] info: Destroying EventBatcher

      at Console.log (node_modules/winston/lib/winston/transports/console.js:87:23)

    console.log
      2026-02-02T12:17:53.986Z [event-batcher] info: EventBatcher destroyed successfully

      at Console.log (node_modules/winston/lib/winston/transports/console.js:87:23)

    console.log
      2026-02-02T12:17:53.991Z [event-batcher] info: EventBatcher initialized {"maxBatchSize":20,"maxWaitTime":30,"maxQueueSize":1000}

      at Console.log (node_modules/winston/lib/winston/transports/console.js:87:23)

    console.log
      2026-02-02T12:17:54.001Z [event-batcher] info: EventBatcher initialized {"maxBatchSize":20,"maxWaitTime":30,"maxQueueSize":1000}

      at Console.log (node_modules/winston/lib/winston/transports/console.js:87:23)

    console.log
      2026-02-02T12:17:54.005Z [event-batcher] info: Destroying EventBatcher

      at Console.log (node_modules/winston/lib/winston/transports/console.js:87:23)

    console.log
      2026-02-02T12:17:54.006Z [event-batcher] info: EventBatcher destroyed successfully

      at Console.log (node_modules/winston/lib/winston/transports/console.js:87:23)

    console.log
      2026-02-02T12:17:54.062Z [event-batcher] info: Destroying EventBatcher

      at Console.log (node_modules/winston/lib/winston/transports/console.js:87:23)

    console.log
      2026-02-02T12:17:54.071Z [event-batcher] info: EventBatcher destroyed successfully

      at Console.log (node_modules/winston/lib/winston/transports/console.js:87:23)

    console.log
      2026-02-02T12:17:54.097Z [event-batcher] info: EventBatcher initialized {"maxBatchSize":20,"maxWaitTime":30,"maxQueueSize":1000}

      at Console.log (node_modules/winston/lib/winston/transports/console.js:87:23)

    console.log
      2026-02-02T12:17:54.110Z [event-batcher] info: EventBatcher initialized {"maxBatchSize":20,"maxWaitTime":30,"maxQueueSize":1000}

      at Console.log (node_modules/winston/lib/winston/transports/console.js:87:23)

    console.log
      2026-02-02T12:17:54.115Z [event-batcher] info: Destroying EventBatcher

      at Console.log (node_modules/winston/lib/winston/transports/console.js:87:23)

    console.log
      2026-02-02T12:17:54.117Z [event-batcher] info: EventBatcher destroyed successfully

      at Console.log (node_modules/winston/lib/winston/transports/console.js:87:23)

    console.log
      2026-02-02T12:17:54.119Z [event-batcher] info: Destroying EventBatcher

      at Console.log (node_modules/winston/lib/winston/transports/console.js:87:23)

    console.log
      2026-02-02T12:17:54.122Z [event-batcher] info: EventBatcher destroyed successfully

      at Console.log (node_modules/winston/lib/winston/transports/console.js:87:23)

    console.log
      2026-02-02T12:17:54.132Z [event-batcher] info: EventBatcher initialized {"maxBatchSize":20,"maxWaitTime":30,"maxQueueSize":1000}

      at Console.log (node_modules/winston/lib/winston/transports/console.js:87:23)

    console.log
      2026-02-02T12:17:54.136Z [event-batcher] info: EventBatcher initialized {"maxBatchSize":20,"maxWaitTime":30,"maxQueueSize":1000}

      at Console.log (node_modules/winston/lib/winston/transports/console.js:87:23)

    console.log
      2026-02-02T12:17:54.139Z [event-batcher] info: Destroying EventBatcher

      at Console.log (node_modules/winston/lib/winston/transports/console.js:87:23)

    console.log
      2026-02-02T12:17:54.140Z [event-batcher] info: EventBatcher destroyed successfully

      at Console.log (node_modules/winston/lib/winston/transports/console.js:87:23)

    console.log
      2026-02-02T12:17:54.141Z [event-batcher] info: Destroying EventBatcher

      at Console.log (node_modules/winston/lib/winston/transports/console.js:87:23)

    console.log
      2026-02-02T12:17:54.141Z [event-batcher] info: EventBatcher destroyed successfully

      at Console.log (node_modules/winston/lib/winston/transports/console.js:87:23)

    console.log
      2026-02-02T12:17:54.148Z [event-batcher] info: EventBatcher initialized {"maxBatchSize":20,"maxWaitTime":30,"maxQueueSize":1000}

      at Console.log (node_modules/winston/lib/winston/transports/console.js:87:23)

    console.log
      2026-02-02T12:17:54.167Z [event-batcher] info: EventBatcher initialized {"maxBatchSize":20,"maxWaitTime":30,"maxQueueSize":1000}

      at Console.log (node_modules/winston/lib/winston/transports/console.js:87:23)

    console.log
      2026-02-02T12:17:54.186Z [event-batcher] info: Destroying EventBatcher

      at Console.log (node_modules/winston/lib/winston/transports/console.js:87:23)

    console.log
      2026-02-02T12:17:54.187Z [event-batcher] info: EventBatcher destroyed successfully

      at Console.log (node_modules/winston/lib/winston/transports/console.js:87:23)

    console.log
      2026-02-02T12:17:54.199Z [event-batcher] info: Destroying EventBatcher

      at Console.log (node_modules/winston/lib/winston/transports/console.js:87:23)

    console.log
      2026-02-02T12:17:54.203Z [event-batcher] info: EventBatcher destroyed successfully

      at Console.log (node_modules/winston/lib/winston/transports/console.js:87:23)

    console.log
      2026-02-02T12:17:54.207Z [event-batcher] info: EventBatcher initialized {"maxBatchSize":20,"maxWaitTime":30,"maxQueueSize":1000}

      at Console.log (node_modules/winston/lib/winston/transports/console.js:87:23)

    console.log
      2026-02-02T12:17:54.212Z [event-batcher] info: EventBatcher initialized {"maxBatchSize":20,"maxWaitTime":30,"maxQueueSize":1000}

      at Console.log (node_modules/winston/lib/winston/transports/console.js:87:23)

    console.log
      2026-02-02T12:17:54.215Z [event-batcher] info: Destroying EventBatcher

      at Console.log (node_modules/winston/lib/winston/transports/console.js:87:23)

    console.log
      2026-02-02T12:17:54.216Z [event-batcher] info: EventBatcher destroyed successfully

      at Console.log (node_modules/winston/lib/winston/transports/console.js:87:23)

    console.log
      2026-02-02T12:17:54.217Z [event-batcher] info: Destroying EventBatcher

      at Console.log (node_modules/winston/lib/winston/transports/console.js:87:23)

    console.log
      2026-02-02T12:17:54.217Z [event-batcher] info: EventBatcher destroyed successfully

      at Console.log (node_modules/winston/lib/winston/transports/console.js:87:23)

    console.log
      2026-02-02T12:17:54.220Z [event-batcher] info: EventBatcher initialized {"maxBatchSize":20,"maxWaitTime":30,"maxQueueSize":1000}

      at Console.log (node_modules/winston/lib/winston/transports/console.js:87:23)

    console.log
      2026-02-02T12:17:54.225Z [event-batcher] info: EventBatcher initialized {"maxBatchSize":20,"maxWaitTime":30,"maxQueueSize":1000}

      at Console.log (node_modules/winston/lib/winston/transports/console.js:87:23)

    console.log
      2026-02-02T12:17:54.236Z [event-batcher] info: Destroying EventBatcher

      at Console.log (node_modules/winston/lib/winston/transports/console.js:87:23)

    console.log
      2026-02-02T12:17:54.237Z [event-batcher] info: EventBatcher destroyed successfully

      at Console.log (node_modules/winston/lib/winston/transports/console.js:87:23)

    console.log
      2026-02-02T12:17:54.238Z [event-batcher] info: Destroying EventBatcher

      at Console.log (node_modules/winston/lib/winston/transports/console.js:87:23)

    console.log
      2026-02-02T12:17:54.238Z [event-batcher] info: EventBatcher destroyed successfully

      at Console.log (node_modules/winston/lib/winston/transports/console.js:87:23)

    console.log
      2026-02-02T12:17:54.241Z [event-batcher] info: EventBatcher initialized {"maxBatchSize":20,"maxWaitTime":30,"maxQueueSize":1000}

      at Console.log (node_modules/winston/lib/winston/transports/console.js:87:23)

    console.log
      2026-02-02T12:17:54.245Z [event-batcher] info: EventBatcher initialized {"maxBatchSize":20,"maxWaitTime":30,"maxQueueSize":1000}

      at Console.log (node_modules/winston/lib/winston/transports/console.js:87:23)

    console.log
      2026-02-02T12:17:54.249Z [event-batcher] info: Destroying EventBatcher

      at Console.log (node_modules/winston/lib/winston/transports/console.js:87:23)

    console.log
      2026-02-02T12:17:54.250Z [event-batcher] info: EventBatcher destroyed successfully

      at Console.log (node_modules/winston/lib/winston/transports/console.js:87:23)

    console.log
      2026-02-02T12:17:54.251Z [event-batcher] info: Destroying EventBatcher

      at Console.log (node_modules/winston/lib/winston/transports/console.js:87:23)

    console.log
      2026-02-02T12:17:54.252Z [event-batcher] info: EventBatcher destroyed successfully

      at Console.log (node_modules/winston/lib/winston/transports/console.js:87:23)

    console.log
      2026-02-02T12:17:54.255Z [event-batcher] info: EventBatcher initialized {"maxBatchSize":20,"maxWaitTime":30,"maxQueueSize":1000}

      at Console.log (node_modules/winston/lib/winston/transports/console.js:87:23)

    console.log
      2026-02-02T12:17:54.259Z [event-batcher] info: EventBatcher initialized {"maxBatchSize":20,"maxWaitTime":30,"maxQueueSize":1000}

      at Console.log (node_modules/winston/lib/winston/transports/console.js:87:23)

    console.log
      2026-02-02T12:17:54.265Z [event-batcher] info: Destroying EventBatcher

      at Console.log (node_modules/winston/lib/winston/transports/console.js:87:23)

    console.log
      2026-02-02T12:17:54.266Z [event-batcher] info: EventBatcher destroyed successfully

      at Console.log (node_modules/winston/lib/winston/transports/console.js:87:23)

    console.log
      2026-02-02T12:17:54.267Z [event-batcher] info: Destroying EventBatcher

      at Console.log (node_modules/winston/lib/winston/transports/console.js:87:23)

    console.log
      2026-02-02T12:17:54.267Z [event-batcher] info: EventBatcher destroyed successfully

      at Console.log (node_modules/winston/lib/winston/transports/console.js:87:23)

    console.log
      2026-02-02T12:17:54.272Z [event-batcher] info: EventBatcher initialized {"maxBatchSize":20,"maxWaitTime":30,"maxQueueSize":1000}

      at Console.log (node_modules/winston/lib/winston/transports/console.js:87:23)

    console.log
      2026-02-02T12:17:54.279Z [event-batcher] info: EventBatcher initialized {"maxBatchSize":20,"maxWaitTime":30,"maxQueueSize":1000}

      at Console.log (node_modules/winston/lib/winston/transports/console.js:87:23)

    console.log
      2026-02-02T12:17:54.282Z [event-batcher] info: Destroying EventBatcher

      at Console.log (node_modules/winston/lib/winston/transports/console.js:87:23)

    console.log
      2026-02-02T12:17:54.283Z [event-batcher] info: EventBatcher destroyed successfully

      at Console.log (node_modules/winston/lib/winston/transports/console.js:87:23)

    console.log
      2026-02-02T12:17:54.284Z [event-batcher] info: Destroying EventBatcher

      at Console.log (node_modules/winston/lib/winston/transports/console.js:87:23)

    console.log
      2026-02-02T12:17:54.285Z [event-batcher] info: EventBatcher destroyed successfully

      at Console.log (node_modules/winston/lib/winston/transports/console.js:87:23)

    console.log
      2026-02-02T12:17:54.287Z [event-batcher] info: EventBatcher initialized {"maxBatchSize":20,"maxWaitTime":30,"maxQueueSize":1000}

      at Console.log (node_modules/winston/lib/winston/transports/console.js:87:23)

    console.log
      2026-02-02T12:17:54.290Z [event-batcher] info: Destroying EventBatcher

      at Console.log (node_modules/winston/lib/winston/transports/console.js:87:23)

    console.log
      2026-02-02T12:17:54.290Z [event-batcher] info: EventBatcher destroyed successfully

      at Console.log (node_modules/winston/lib/winston/transports/console.js:87:23)

    console.log
      2026-02-02T12:17:54.294Z [event-batcher] info: EventBatcher initialized {"maxBatchSize":20,"maxWaitTime":30,"maxQueueSize":1000}

      at Console.log (node_modules/winston/lib/winston/transports/console.js:87:23)

    console.log
      2026-02-02T12:17:54.298Z [event-batcher] info: Destroying EventBatcher

      at Console.log (node_modules/winston/lib/winston/transports/console.js:87:23)

    console.log
      2026-02-02T12:17:54.301Z [event-batcher] info: EventBatcher destroyed successfully

      at Console.log (node_modules/winston/lib/winston/transports/console.js:87:23)

    console.log
      2026-02-02T12:17:54.305Z [event-batcher] info: EventBatcher initialized {"maxBatchSize":20,"maxWaitTime":30,"maxQueueSize":1000}

      at Console.log (node_modules/winston/lib/winston/transports/console.js:87:23)

    console.log
      2026-02-02T12:17:54.309Z [event-batcher] info: Destroying EventBatcher

      at Console.log (node_modules/winston/lib/winston/transports/console.js:87:23)

    console.log
      2026-02-02T12:17:54.310Z [event-batcher] info: EventBatcher destroyed successfully

      at Console.log (node_modules/winston/lib/winston/transports/console.js:87:23)

    console.log
      2026-02-02T12:17:54.317Z [event-batcher] info: EventBatcher initialized {"maxBatchSize":20,"maxWaitTime":30,"maxQueueSize":1000}

      at Console.log (node_modules/winston/lib/winston/transports/console.js:87:23)

    console.log
      2026-02-02T12:17:54.320Z [event-batcher] info: Destroying EventBatcher

      at Console.log (node_modules/winston/lib/winston/transports/console.js:87:23)

    console.log
      2026-02-02T12:17:54.321Z [event-batcher] info: EventBatcher destroyed successfully

      at Console.log (node_modules/winston/lib/winston/transports/console.js:87:23)

    console.log
      2026-02-02T12:17:54.326Z [event-batcher] info: EventBatcher initialized {"maxBatchSize":20,"maxWaitTime":30,"maxQueueSize":1000}

      at Console.log (node_modules/winston/lib/winston/transports/console.js:87:23)

    console.log
      2026-02-02T12:17:54.332Z [event-batcher] info: Destroying EventBatcher

      at Console.log (node_modules/winston/lib/winston/transports/console.js:87:23)

    console.log
      2026-02-02T12:17:54.332Z [event-batcher] info: EventBatcher destroyed successfully

      at Console.log (node_modules/winston/lib/winston/transports/console.js:87:23)

    console.log
      2026-02-02T12:17:54.335Z [event-batcher] info: EventBatcher initialized {"maxBatchSize":20,"maxWaitTime":30,"maxQueueSize":1000}

      at Console.log (node_modules/winston/lib/winston/transports/console.js:87:23)

    console.log
      2026-02-02T12:17:54.338Z [event-batcher] info: Destroying EventBatcher

      at Console.log (node_modules/winston/lib/winston/transports/console.js:87:23)

    console.log
      2026-02-02T12:17:54.339Z [event-batcher] info: EventBatcher destroyed successfully

      at Console.log (node_modules/winston/lib/winston/transports/console.js:87:23)

    console.log
      2026-02-02T12:17:54.342Z [event-batcher] info: EventBatcher initialized {"maxBatchSize":20,"maxWaitTime":30,"maxQueueSize":1000}

      at Console.log (node_modules/winston/lib/winston/transports/console.js:87:23)

    console.log
      2026-02-02T12:17:54.345Z [event-batcher] info: Destroying EventBatcher

      at Console.log (node_modules/winston/lib/winston/transports/console.js:87:23)

    console.log
      2026-02-02T12:17:54.346Z [event-batcher] info: EventBatcher destroyed successfully

      at Console.log (node_modules/winston/lib/winston/transports/console.js:87:23)

PASS unit shared/core/__tests__/unit/redis.test.ts (5.291 s)
  ● Console

    console.log
      2026-02-02T12:17:54.197Z [redis-client] error: Redis main client error {"error":{"code":"ECONNREFUSED"}}

      at Console.log (node_modules/winston/lib/winston/transports/console.js:87:23)

    console.log
      2026-02-02T12:17:54.272Z [redis-client] error: Redis main client error {"error":{"code":"ECONNREFUSED"}}

      at Console.log (node_modules/winston/lib/winston/transports/console.js:87:23)

    console.log
      2026-02-02T12:17:54.402Z [redis-client] error: Redis main client error {"error":{"code":"ECONNREFUSED"}}

      at Console.log (node_modules/winston/lib/winston/transports/console.js:87:23)

    console.log
      2026-02-02T12:17:54.566Z [redis-client] error: Redis main client error {"error":{"code":"ECONNREFUSED"}}

      at Console.log (node_modules/winston/lib/winston/transports/console.js:87:23)

    console.log
      2026-02-02T12:17:54.596Z [redis-client] error: Redis main client error {"error":{"code":"ECONNREFUSED"}}

      at Console.log (node_modules/winston/lib/winston/transports/console.js:87:23)

    console.log
      2026-02-02T12:17:54.670Z [redis-client] error: Redis main client error {"error":{"code":"ECONNREFUSED"}}

      at Console.log (node_modules/winston/lib/winston/transports/console.js:87:23)

    console.log
      2026-02-02T12:17:54.790Z [redis-client] error: Redis main client error {"error":{"code":"ECONNREFUSED"}}

      at Console.log (node_modules/winston/lib/winston/transports/console.js:87:23)

    console.log
      2026-02-02T12:17:54.966Z [redis-client] error: Redis main client error {"error":{"code":"ECONNREFUSED"}}

      at Console.log (node_modules/winston/lib/winston/transports/console.js:87:23)

    console.log
      2026-02-02T12:17:54.976Z [redis-client] error: Error publishing message {"error":{},"channel":"test"}

      at Console.log (node_modules/winston/lib/winston/transports/console.js:87:23)

    console.log
      2026-02-02T12:17:55.052Z [redis-client] error: Error getting cache {"error":{}}

      at Console.log (node_modules/winston/lib/winston/transports/console.js:87:23)

    console.log
      2026-02-02T12:17:55.082Z [redis-client] error: Error getting cache {"error":{}}

      at Console.log (node_modules/winston/lib/winston/transports/console.js:87:23)

    console.log
      2026-02-02T12:17:55.086Z [redis-client] error: Error subscribing to channel {"error":{},"channel":"test-channel"}

      at Console.log (node_modules/winston/lib/winston/transports/console.js:87:23)

    console.log
      2026-02-02T12:17:55.105Z [redis-client] error: Error executing Lua script {"error":{}}

      at Console.log (node_modules/winston/lib/winston/transports/console.js:87:23)

    console.log
      2026-02-02T12:17:55.106Z [redis-client] error: Error renewing lock {"error":{},"key":"lock:test","instanceId":"instance-1"}

      at Console.log (node_modules/winston/lib/winston/transports/console.js:87:23)

    console.log
      2026-02-02T12:17:55.164Z [redis-client] error: Error executing Lua script {"error":{}}

      at Console.log (node_modules/winston/lib/winston/transports/console.js:87:23)

    console.log
      2026-02-02T12:17:55.166Z [redis-client] error: Error releasing lock {"error":{},"key":"lock:test","instanceId":"instance-1"}

      at Console.log (node_modules/winston/lib/winston/transports/console.js:87:23)

PASS unit shared/core/__tests__/unit/tier3-optimizations.test.ts
  ● Console

    console.log
      2026-02-02T12:17:55.688Z [multi-leg-path-finder] info: MultiLegPathFinder initialized {"maxPathLength":7,"minPathLength":5,"maxCandidatesPerHop":15,"timeoutMs":5000}

      at Console.log (node_modules/winston/lib/winston/transports/console.js:87:23)

    console.log
      2026-02-02T12:17:55.715Z [multi-leg-path-finder] info: Multi-leg path finding complete {"chain":"ethereum","totalPools":17,"targetPathLength":5,"foundOpportunities":20,"processingTime":14}

      at Console.log (node_modules/winston/lib/winston/transports/console.js:87:23)

    console.log
      2026-02-02T12:17:55.723Z [multi-leg-path-finder] info: MultiLegPathFinder initialized {"maxPathLength":7,"minPathLength":5,"maxCandidatesPerHop":15,"timeoutMs":5000}

      at Console.log (node_modules/winston/lib/winston/transports/console.js:87:23)

    console.log
      2026-02-02T12:17:55.732Z [multi-leg-path-finder] info: Multi-leg path finding complete {"chain":"ethereum","totalPools":17,"targetPathLength":6,"foundOpportunities":20,"processingTime":8}

      at Console.log (node_modules/winston/lib/winston/transports/console.js:87:23)

    console.log
      2026-02-02T12:17:55.737Z [multi-leg-path-finder] info: MultiLegPathFinder initialized {"maxPathLength":7,"minPathLength":5,"maxCandidatesPerHop":15,"timeoutMs":5000}

      at Console.log (node_modules/winston/lib/winston/transports/console.js:87:23)

    console.log
      2026-02-02T12:17:55.745Z [multi-leg-path-finder] info: Multi-leg path finding complete {"chain":"ethereum","totalPools":17,"targetPathLength":5,"foundOpportunities":20,"processingTime":6}

      at Console.log (node_modules/winston/lib/winston/transports/console.js:87:23)

    console.log
      2026-02-02T12:17:55.749Z [multi-leg-path-finder] info: MultiLegPathFinder initialized {"maxPathLength":7,"minPathLength":5,"maxCandidatesPerHop":15,"timeoutMs":5000}

      at Console.log (node_modules/winston/lib/winston/transports/console.js:87:23)

    console.log
      2026-02-02T12:17:55.785Z [multi-leg-path-finder] info: Multi-leg path finding complete {"chain":"ethereum","totalPools":17,"targetPathLength":5,"foundOpportunities":20,"processingTime":35}

      at Console.log (node_modules/winston/lib/winston/transports/console.js:87:23)

    console.log
      2026-02-02T12:17:55.788Z [multi-leg-path-finder] info: MultiLegPathFinder initialized {"maxPathLength":7,"minPathLength":5,"maxCandidatesPerHop":15,"timeoutMs":5000}

      at Console.log (node_modules/winston/lib/winston/transports/console.js:87:23)

    console.log
      2026-02-02T12:17:55.802Z [multi-leg-path-finder] info: Multi-leg path finding complete {"chain":"ethereum","totalPools":17,"targetPathLength":5,"foundOpportunities":20,"processingTime":11}

      at Console.log (node_modules/winston/lib/winston/transports/console.js:87:23)

    console.log
      2026-02-02T12:17:55.812Z [multi-leg-path-finder] info: MultiLegPathFinder initialized {"maxPathLength":7,"minPathLength":5,"maxCandidatesPerHop":15,"timeoutMs":5000}

      at Console.log (node_modules/winston/lib/winston/transports/console.js:87:23)

    console.log
      2026-02-02T12:17:55.821Z [multi-leg-path-finder] info: Multi-leg path finding complete {"chain":"ethereum","totalPools":17,"targetPathLength":5,"foundOpportunities":20,"processingTime":8}

      at Console.log (node_modules/winston/lib/winston/transports/console.js:87:23)

    console.log
      2026-02-02T12:17:55.840Z [multi-leg-path-finder] info: Multi-leg path finding complete {"chain":"ethereum","totalPools":17,"targetPathLength":6,"foundOpportunities":20,"processingTime":16}

      at Console.log (node_modules/winston/lib/winston/transports/console.js:87:23)

    console.log
      2026-02-02T12:17:55.845Z [multi-leg-path-finder] info: MultiLegPathFinder initialized {"maxPathLength":7,"minPathLength":5,"maxCandidatesPerHop":15,"timeoutMs":5000}

      at Console.log (node_modules/winston/lib/winston/transports/console.js:87:23)

    console.log
      2026-02-02T12:17:55.851Z [multi-leg-path-finder] info: Multi-leg path finding complete {"chain":"ethereum","totalPools":17,"targetPathLength":5,"foundOpportunities":20,"processingTime":5}

      at Console.log (node_modules/winston/lib/winston/transports/console.js:87:23)

    console.log
      2026-02-02T12:17:55.878Z [multi-leg-path-finder] info: MultiLegPathFinder initialized {"maxPathLength":7,"minPathLength":5,"maxCandidatesPerHop":15,"timeoutMs":5000}

      at Console.log (node_modules/winston/lib/winston/transports/console.js:87:23)

    console.log
      2026-02-02T12:17:55.891Z [multi-leg-path-finder] info: Multi-leg path finding complete {"chain":"ethereum","totalPools":17,"targetPathLength":5,"foundOpportunities":20,"processingTime":10}

      at Console.log (node_modules/winston/lib/winston/transports/console.js:87:23)

    console.log
      2026-02-02T12:17:55.893Z [multi-leg-path-finder] info: MultiLegPathFinder initialized {"maxPathLength":7,"minPathLength":5,"maxCandidatesPerHop":15,"timeoutMs":5000}

      at Console.log (node_modules/winston/lib/winston/transports/console.js:87:23)

    console.log
      2026-02-02T12:17:55.894Z [multi-leg-path-finder] info: MultiLegPathFinder initialized {"maxPathLength":7,"minPathLength":5,"maxCandidatesPerHop":5,"timeoutMs":2000}

      at Console.log (node_modules/winston/lib/winston/transports/console.js:87:23)

    console.log
      2026-02-02T12:17:55.904Z [multi-leg-path-finder] info: Multi-leg path finding complete {"chain":"ethereum","totalPools":17,"targetPathLength":6,"foundOpportunities":20,"processingTime":8}

      at Console.log (node_modules/winston/lib/winston/transports/console.js:87:23)

    console.log
      2026-02-02T12:17:55.909Z [multi-leg-path-finder] info: MultiLegPathFinder initialized {"maxPathLength":7,"minPathLength":5,"maxCandidatesPerHop":15,"timeoutMs":5000}

      at Console.log (node_modules/winston/lib/winston/transports/console.js:87:23)

    console.log
      2026-02-02T12:17:55.917Z [multi-leg-path-finder] info: MultiLegPathFinder initialized {"maxPathLength":7,"minPathLength":5,"maxCandidatesPerHop":15,"timeoutMs":5000}

      at Console.log (node_modules/winston/lib/winston/transports/console.js:87:23)

    console.log
      2026-02-02T12:17:55.918Z [multi-leg-path-finder] info: MultiLegPathFinder initialized {"maxPathLength":7,"minPathLength":5,"maxCandidatesPerHop":15,"timeoutMs":5000}

      at Console.log (node_modules/winston/lib/winston/transports/console.js:87:23)

    console.log
      2026-02-02T12:17:55.931Z [multi-leg-path-finder] info: Multi-leg path finding complete {"chain":"ethereum","totalPools":17,"targetPathLength":5,"foundOpportunities":20,"processingTime":8}

      at Console.log (node_modules/winston/lib/winston/transports/console.js:87:23)

    console.log
      2026-02-02T12:17:55.942Z [multi-leg-path-finder] info: MultiLegPathFinder initialized {"maxPathLength":7,"minPathLength":5,"maxCandidatesPerHop":15,"timeoutMs":5000}

      at Console.log (node_modules/winston/lib/winston/transports/console.js:87:23)

    console.log
      2026-02-02T12:17:55.959Z [multi-leg-path-finder] info: Multi-leg path finding complete {"chain":"ethereum","totalPools":17,"targetPathLength":5,"foundOpportunities":20,"processingTime":15}

      at Console.log (node_modules/winston/lib/winston/transports/console.js:87:23)

    console.log
      2026-02-02T12:17:55.982Z [multi-leg-path-finder] info: MultiLegPathFinder initialized {"maxPathLength":7,"minPathLength":5,"maxCandidatesPerHop":15,"timeoutMs":5000}

      at Console.log (node_modules/winston/lib/winston/transports/console.js:87:23)

    console.log
      2026-02-02T12:17:55.988Z [multi-leg-path-finder] info: MultiLegPathFinder initialized {"maxPathLength":7,"minPathLength":5,"maxCandidatesPerHop":15,"timeoutMs":5000}

      at Console.log (node_modules/winston/lib/winston/transports/console.js:87:23)

    console.log
      2026-02-02T12:17:56.012Z [multi-leg-path-finder] info: Multi-leg path finding complete {"chain":"ethereum","totalPools":17,"targetPathLength":5,"foundOpportunities":20,"processingTime":23}

      at Console.log (node_modules/winston/lib/winston/transports/console.js:87:23)

    console.log
      2026-02-02T12:17:56.019Z [multi-leg-path-finder] info: MultiLegPathFinder initialized {"maxPathLength":7,"minPathLength":5,"maxCandidatesPerHop":15,"timeoutMs":5000}

      at Console.log (node_modules/winston/lib/winston/transports/console.js:87:23)

    console.log
      2026-02-02T12:17:56.042Z [hierarchical-cache] info: Hierarchical cache initialized {"l1Enabled":true,"l2Enabled":true,"l3Enabled":true,"l1Size":128,"predictiveWarmingEnabled":false}

      at Console.log (node_modules/winston/lib/winston/transports/console.js:87:23)

    console.log
      2026-02-02T12:17:56.124Z [cross-dex-triangular-arbitrage] info: Found 0 triangular arbitrage opportunities {"chain":"ethereum","totalPools":17,"processingTime":19,"profitRange":"N/A"}

      at Console.log (node_modules/winston/lib/winston/transports/console.js:87:23)

    console.log
      2026-02-02T12:17:56.147Z [cross-dex-triangular-arbitrage] info: Found 0 quadrilateral arbitrage opportunities {"chain":"ethereum","totalPools":17,"processingTime":19,"profitRange":"N/A"}

      at Console.log (node_modules/winston/lib/winston/transports/console.js:87:23)

    console.log
      2026-02-02T12:17:56.161Z [multi-leg-path-finder] info: Multi-leg path finding complete {"chain":"ethereum","totalPools":17,"targetPathLength":5,"foundOpportunities":20,"processingTime":13}

      at Console.log (node_modules/winston/lib/winston/transports/console.js:87:23)

    console.log
      2026-02-02T12:17:56.218Z [redis-client] error: Redis main client error {"error":{"code":"ECONNREFUSED"}}

      at Console.log (node_modules/winston/lib/winston/transports/console.js:87:23)

    console.log
      2026-02-02T12:17:56.297Z [redis-client] error: Redis main client error {"error":{"code":"ECONNREFUSED"}}

      at Console.log (node_modules/winston/lib/winston/transports/console.js:87:23)

    console.log
      2026-02-02T12:17:56.427Z [redis-client] error: Redis main client error {"error":{"code":"ECONNREFUSED"}}

      at Console.log (node_modules/winston/lib/winston/transports/console.js:87:23)

    console.log
      2026-02-02T12:17:56.595Z [redis-client] error: Redis main client error {"error":{"code":"ECONNREFUSED"}}

      at Console.log (node_modules/winston/lib/winston/transports/console.js:87:23)

    console.log
      2026-02-02T12:17:56.604Z [multi-leg-path-finder] info: MultiLegPathFinder initialized {"maxPathLength":7,"minPathLength":5,"maxCandidatesPerHop":15,"timeoutMs":5000}

      at Console.log (node_modules/winston/lib/winston/transports/console.js:87:23)

    console.log
      2026-02-02T12:17:56.609Z [multi-leg-path-finder] info: MultiLegPathFinder initialized {"maxPathLength":7,"minPathLength":5,"maxCandidatesPerHop":15,"timeoutMs":5000}

      at Console.log (node_modules/winston/lib/winston/transports/console.js:87:23)

    console.log
      2026-02-02T12:17:56.617Z [multi-leg-path-finder] info: Multi-leg path finding complete {"chain":"ethereum","totalPools":17,"targetPathLength":5,"foundOpportunities":20,"processingTime":7}

      at Console.log (node_modules/winston/lib/winston/transports/console.js:87:23)

    console.log
      2026-02-02T12:17:56.619Z [multi-leg-path-finder] info: MultiLegPathFinder initialized {"maxPathLength":7,"minPathLength":5,"maxCandidatesPerHop":15,"timeoutMs":5000}

      at Console.log (node_modules/winston/lib/winston/transports/console.js:87:23)

    console.log
      2026-02-02T12:17:56.626Z [multi-leg-path-finder] info: Multi-leg path finding complete {"chain":"ethereum","totalPools":17,"targetPathLength":5,"foundOpportunities":8,"processingTime":6}

      at Console.log (node_modules/winston/lib/winston/transports/console.js:87:23)

    console.log
      2026-02-02T12:17:56.630Z [multi-leg-path-finder] info: MultiLegPathFinder initialized {"maxPathLength":7,"minPathLength":5,"maxCandidatesPerHop":15,"timeoutMs":5000}

      at Console.log (node_modules/winston/lib/winston/transports/console.js:87:23)

    console.log
      2026-02-02T12:17:56.631Z [multi-leg-path-finder] info: Multi-leg path finding complete {"chain":"ethereum","totalPools":17,"targetPathLength":5,"foundOpportunities":0,"processingTime":0}

      at Console.log (node_modules/winston/lib/winston/transports/console.js:87:23)

    console.log
      2026-02-02T12:17:56.634Z [multi-leg-path-finder] info: MultiLegPathFinder initialized {"maxPathLength":7,"minPathLength":5,"maxCandidatesPerHop":15,"timeoutMs":5000}

      at Console.log (node_modules/winston/lib/winston/transports/console.js:87:23)

    console.log
      2026-02-02T12:17:56.637Z [multi-leg-path-finder] info: MultiLegPathFinder initialized {"maxPathLength":7,"minPathLength":5,"maxCandidatesPerHop":15,"timeoutMs":5000}

      at Console.log (node_modules/winston/lib/winston/transports/console.js:87:23)

    console.log
      2026-02-02T12:17:56.638Z [multi-leg-path-finder] info: MultiLegPathFinder config updated {"minProfitThreshold":0.005}

      at Console.log (node_modules/winston/lib/winston/transports/console.js:87:23)

    console.log
      2026-02-02T12:17:56.639Z [multi-leg-path-finder] info: MultiLegPathFinder config updated {"minProfitThreshold":0.001}

      at Console.log (node_modules/winston/lib/winston/transports/console.js:87:23)

    console.log
      2026-02-02T12:17:56.640Z [multi-leg-path-finder] info: MultiLegPathFinder initialized {"maxPathLength":7,"minPathLength":5,"maxCandidatesPerHop":15,"timeoutMs":5000}

      at Console.log (node_modules/winston/lib/winston/transports/console.js:87:23)

    console.log
      2026-02-02T12:17:56.649Z [multi-leg-path-finder] info: Multi-leg path finding complete {"chain":"ethereum","totalPools":17,"targetPathLength":5,"foundOpportunities":20,"processingTime":7}

      at Console.log (node_modules/winston/lib/winston/transports/console.js:87:23)

    console.log
      2026-02-02T12:17:56.651Z [multi-leg-path-finder] info: MultiLegPathFinder initialized {"maxPathLength":7,"minPathLength":5,"maxCandidatesPerHop":15,"timeoutMs":5000}

      at Console.log (node_modules/winston/lib/winston/transports/console.js:87:23)

    console.log
      2026-02-02T12:17:56.653Z [multi-leg-path-finder] info: MultiLegPathFinder initialized {"maxPathLength":7,"minPathLength":5,"maxCandidatesPerHop":15,"timeoutMs":5000}

      at Console.log (node_modules/winston/lib/winston/transports/console.js:87:23)

    console.log
      2026-02-02T12:17:56.670Z [multi-leg-path-finder] info: Multi-leg path finding complete {"chain":"bsc","totalPools":17,"targetPathLength":5,"foundOpportunities":20,"processingTime":14}

      at Console.log (node_modules/winston/lib/winston/transports/console.js:87:23)
          at async Promise.all (index 1)

    console.log
      2026-02-02T12:17:56.672Z [multi-leg-path-finder] info: Multi-leg path finding complete {"chain":"arbitrum","totalPools":17,"targetPathLength":5,"foundOpportunities":18,"processingTime":16}

      at Console.log (node_modules/winston/lib/winston/transports/console.js:87:23)
          at async Promise.all (index 2)

    console.log
      2026-02-02T12:17:56.674Z [multi-leg-path-finder] info: Multi-leg path finding complete {"chain":"ethereum","totalPools":17,"targetPathLength":5,"foundOpportunities":20,"processingTime":18}

      at Console.log (node_modules/winston/lib/winston/transports/console.js:87:23)
          at async Promise.all (index 0)

    console.log
      2026-02-02T12:17:56.682Z [multi-leg-path-finder] info: MultiLegPathFinder initialized {"maxPathLength":7,"minPathLength":5,"maxCandidatesPerHop":15,"timeoutMs":5000}

      at Console.log (node_modules/winston/lib/winston/transports/console.js:87:23)

    console.log
      2026-02-02T12:17:56.685Z [multi-leg-path-finder] info: MultiLegPathFinder initialized {"maxPathLength":7,"minPathLength":5,"maxCandidatesPerHop":100,"timeoutMs":1}

      at Console.log (node_modules/winston/lib/winston/transports/console.js:87:23)

    console.log
      2026-02-02T12:17:56.687Z [multi-leg-path-finder] warn: Path finding timeout reached

      at Console.log (node_modules/winston/lib/winston/transports/console.js:87:23)

    console.log
      2026-02-02T12:17:56.687Z [multi-leg-path-finder] info: Multi-leg path finding complete {"chain":"ethereum","totalPools":17,"targetPathLength":5,"foundOpportunities":6,"processingTime":2}

      at Console.log (node_modules/winston/lib/winston/transports/console.js:87:23)

(node:34920) [DEP0169] DeprecationWarning: `url.parse()` behavior is not standardized and prone to errors that have security implications. Use the WHATWG URL API instead. CVEs are not issued for `url.parse()` vulnerabilities.
PASS integration tests/integration/phase3-5-cross-chain-execution.integration.test.ts
  ● Console

    console.log
      2026-02-02T12:17:55.916Z [stargate-router] info: Bridge completed {"bridgeId":"complete-test-bridge","destTxHash":"0xdest","amountReceived":"999000000"}

      at Console.log (node_modules/winston/lib/winston/transports/console.js:87:23)

    console.log
      2026-02-02T12:17:56.166Z [stargate-router] warn: Bridge failed {"bridgeId":"fail-test-bridge","error":"Destination reverted"}

      at Console.log (node_modules/winston/lib/winston/transports/console.js:87:23)

    console.log
      2026-02-02T12:17:56.901Z [stargate-router] info: Bridge completed {"bridgeId":"e2e-test-bridge","destTxHash":"0xdesttx","amountReceived":"998000000"}

      at Console.log (node_modules/winston/lib/winston/transports/console.js:87:23)

    console.log
      2026-02-02T12:17:56.903Z [stargate-router] warn: Bridge failed {"bridgeId":"e2e-fail-bridge","error":"Destination chain reverted"}

      at Console.log (node_modules/winston/lib/winston/transports/console.js:87:23)

    console.log
      2026-02-02T12:17:56.907Z [stargate-router] info: Bridge completed {"bridgeId":"concurrent-bridge-0","destTxHash":"0xdest0","amountReceived":"1000"}

      at Console.log (node_modules/winston/lib/winston/transports/console.js:87:23)
          at async Promise.all (index 0)

    console.log
      2026-02-02T12:17:56.908Z [stargate-router] info: Bridge completed {"bridgeId":"concurrent-bridge-1","destTxHash":"0xdest1","amountReceived":"1001"}

      at Console.log (node_modules/winston/lib/winston/transports/console.js:87:23)
          at async Promise.all (index 1)

    console.log
      2026-02-02T12:17:56.909Z [stargate-router] info: Bridge completed {"bridgeId":"concurrent-bridge-2","destTxHash":"0xdest2","amountReceived":"1002"}

      at Console.log (node_modules/winston/lib/winston/transports/console.js:87:23)
          at async Promise.all (index 2)

    console.log
      2026-02-02T12:17:56.910Z [stargate-router] info: Bridge completed {"bridgeId":"concurrent-bridge-3","destTxHash":"0xdest3","amountReceived":"1003"}

      at Console.log (node_modules/winston/lib/winston/transports/console.js:87:23)
          at async Promise.all (index 3)

    console.log
      2026-02-02T12:17:56.911Z [stargate-router] info: Bridge completed {"bridgeId":"concurrent-bridge-4","destTxHash":"0xdest4","amountReceived":"1004"}

      at Console.log (node_modules/winston/lib/winston/transports/console.js:87:23)
          at async Promise.all (index 4)

    console.log
      2026-02-02T12:17:56.912Z [stargate-router] info: Bridge completed {"bridgeId":"concurrent-bridge-5","destTxHash":"0xdest5","amountReceived":"1005"}

      at Console.log (node_modules/winston/lib/winston/transports/console.js:87:23)
          at async Promise.all (index 5)

    console.log
      2026-02-02T12:17:56.913Z [stargate-router] info: Bridge completed {"bridgeId":"concurrent-bridge-6","destTxHash":"0xdest6","amountReceived":"1006"}

      at Console.log (node_modules/winston/lib/winston/transports/console.js:87:23)
          at async Promise.all (index 6)

    console.log
      2026-02-02T12:17:56.914Z [stargate-router] info: Bridge completed {"bridgeId":"concurrent-bridge-7","destTxHash":"0xdest7","amountReceived":"1007"}

      at Console.log (node_modules/winston/lib/winston/transports/console.js:87:23)
          at async Promise.all (index 7)

    console.log
      2026-02-02T12:17:56.915Z [stargate-router] info: Bridge completed {"bridgeId":"concurrent-bridge-8","destTxHash":"0xdest8","amountReceived":"1008"}

      at Console.log (node_modules/winston/lib/winston/transports/console.js:87:23)
          at async Promise.all (index 8)

    console.log
      2026-02-02T12:17:56.916Z [stargate-router] info: Bridge completed {"bridgeId":"concurrent-bridge-9","destTxHash":"0xdest9","amountReceived":"1009"}

      at Console.log (node_modules/winston/lib/winston/transports/console.js:87:23)
          at async Promise.all (index 9)

PASS unit services/execution-engine/__tests__/unit/engine.test.ts (9.127 s)
PASS unit shared/core/__tests__/unit/risk/ev-calculator.test.ts
PASS unit shared/core/__tests__/unit/async-utils.test.ts
PASS unit shared/core/__tests__/unit/price-matrix.test.ts
  ● Console

    console.log
      2026-02-02T12:17:59.369Z [price-matrix] info: PriceMatrix initialized {"maxPairs":1000,"totalSlots":1100,"useSharedMemory":true}

      at Console.log (node_modules/winston/lib/winston/transports/console.js:87:23)

    console.log
      2026-02-02T12:17:59.404Z [price-matrix] info: PriceMatrix destroyed

      at Console.log (node_modules/winston/lib/winston/transports/console.js:87:23)

    console.log
      2026-02-02T12:17:59.407Z [price-matrix] info: PriceMatrix initialized {"maxPairs":1000,"totalSlots":1100,"useSharedMemory":true}

      at Console.log (node_modules/winston/lib/winston/transports/console.js:87:23)

    console.log
      2026-02-02T12:17:59.421Z [price-matrix] info: PriceMatrix destroyed

      at Console.log (node_modules/winston/lib/winston/transports/console.js:87:23)

    console.log
      2026-02-02T12:17:59.427Z [price-matrix] info: PriceMatrix initialized {"maxPairs":1000,"totalSlots":1100,"useSharedMemory":true}

      at Console.log (node_modules/winston/lib/winston/transports/console.js:87:23)

    console.log
      2026-02-02T12:17:59.428Z [price-matrix] info: PriceMatrix destroyed

      at Console.log (node_modules/winston/lib/winston/transports/console.js:87:23)

    console.log
      2026-02-02T12:17:59.433Z [price-matrix] info: PriceMatrix initialized {"maxPairs":1000,"totalSlots":1100,"useSharedMemory":true}

      at Console.log (node_modules/winston/lib/winston/transports/console.js:87:23)

    console.log
      2026-02-02T12:17:59.435Z [price-matrix] info: PriceMatrix initialized {"maxPairs":500,"totalSlots":550,"useSharedMemory":true}

      at Console.log (node_modules/winston/lib/winston/transports/console.js:87:23)

    console.log
      2026-02-02T12:17:59.436Z [price-matrix] info: PriceMatrix destroyed

      at Console.log (node_modules/winston/lib/winston/transports/console.js:87:23)

    console.log
      2026-02-02T12:17:59.440Z [price-matrix] info: PriceMatrix destroyed

      at Console.log (node_modules/winston/lib/winston/transports/console.js:87:23)

    console.log
      2026-02-02T12:17:59.444Z [price-matrix] info: PriceMatrix initialized {"maxPairs":1000,"totalSlots":1100,"useSharedMemory":true}

      at Console.log (node_modules/winston/lib/winston/transports/console.js:87:23)

    console.log
      2026-02-02T12:17:59.445Z [price-matrix] info: PriceMatrix destroyed

      at Console.log (node_modules/winston/lib/winston/transports/console.js:87:23)

    console.log
      2026-02-02T12:17:59.450Z [price-matrix] info: PriceMatrix initialized {"maxPairs":1000,"totalSlots":1100,"useSharedMemory":true}

      at Console.log (node_modules/winston/lib/winston/transports/console.js:87:23)

    console.log
      2026-02-02T12:17:59.457Z [price-matrix] info: PriceMatrix destroyed

      at Console.log (node_modules/winston/lib/winston/transports/console.js:87:23)

    console.log
      2026-02-02T12:17:59.464Z [price-matrix] info: PriceMatrix initialized {"maxPairs":1000,"totalSlots":1100,"useSharedMemory":true}

      at Console.log (node_modules/winston/lib/winston/transports/console.js:87:23)

    console.log
      2026-02-02T12:17:59.468Z [price-matrix] info: PriceMatrix destroyed

      at Console.log (node_modules/winston/lib/winston/transports/console.js:87:23)

    console.log
      2026-02-02T12:17:59.470Z [price-matrix] info: PriceMatrix initialized {"maxPairs":1000,"totalSlots":1100,"useSharedMemory":true}

      at Console.log (node_modules/winston/lib/winston/transports/console.js:87:23)

    console.log
      2026-02-02T12:17:59.472Z [price-matrix] info: PriceMatrix destroyed

      at Console.log (node_modules/winston/lib/winston/transports/console.js:87:23)

    console.log
      2026-02-02T12:17:59.474Z [price-matrix] info: PriceMatrix initialized {"maxPairs":1000,"totalSlots":1100,"useSharedMemory":true}

      at Console.log (node_modules/winston/lib/winston/transports/console.js:87:23)

    console.log
      2026-02-02T12:17:59.477Z [price-matrix] info: PriceMatrix destroyed

      at Console.log (node_modules/winston/lib/winston/transports/console.js:87:23)

    console.log
      2026-02-02T12:17:59.480Z [price-matrix] info: PriceMatrix initialized {"maxPairs":1000,"totalSlots":1100,"useSharedMemory":true}

      at Console.log (node_modules/winston/lib/winston/transports/console.js:87:23)

    console.log
      2026-02-02T12:17:59.481Z [price-matrix] info: PriceMatrix destroyed

      at Console.log (node_modules/winston/lib/winston/transports/console.js:87:23)

    console.log
      2026-02-02T12:17:59.482Z [price-matrix] info: PriceMatrix initialized {"maxPairs":1000,"totalSlots":1100,"useSharedMemory":true}

      at Console.log (node_modules/winston/lib/winston/transports/console.js:87:23)

    console.log
      2026-02-02T12:17:59.483Z [price-matrix] info: PriceMatrix destroyed

      at Console.log (node_modules/winston/lib/winston/transports/console.js:87:23)

    console.log
      2026-02-02T12:17:59.485Z [price-matrix] info: PriceMatrix initialized {"maxPairs":1000,"totalSlots":1100,"useSharedMemory":true}

      at Console.log (node_modules/winston/lib/winston/transports/console.js:87:23)

    console.log
      2026-02-02T12:17:59.486Z [price-matrix] info: PriceMatrix destroyed

      at Console.log (node_modules/winston/lib/winston/transports/console.js:87:23)

    console.log
      2026-02-02T12:17:59.487Z [price-matrix] info: PriceMatrix initialized {"maxPairs":1000,"totalSlots":1100,"useSharedMemory":true}

      at Console.log (node_modules/winston/lib/winston/transports/console.js:87:23)

    console.log
      2026-02-02T12:17:59.491Z [price-matrix] info: PriceMatrix destroyed

      at Console.log (node_modules/winston/lib/winston/transports/console.js:87:23)

    console.log
      2026-02-02T12:17:59.493Z [price-matrix] info: PriceMatrix initialized {"maxPairs":1000,"totalSlots":1100,"useSharedMemory":true}

      at Console.log (node_modules/winston/lib/winston/transports/console.js:87:23)

    console.log
      2026-02-02T12:17:59.494Z [price-matrix] info: PriceMatrix destroyed

      at Console.log (node_modules/winston/lib/winston/transports/console.js:87:23)

    console.log
      2026-02-02T12:17:59.496Z [price-matrix] info: PriceMatrix initialized {"maxPairs":1000,"totalSlots":1100,"useSharedMemory":true}

      at Console.log (node_modules/winston/lib/winston/transports/console.js:87:23)

    console.log
      2026-02-02T12:17:59.497Z [price-matrix] info: PriceMatrix initialized {"maxPairs":1000,"totalSlots":1100,"useSharedMemory":true}

      at Console.log (node_modules/winston/lib/winston/transports/console.js:87:23)

    console.log
      2026-02-02T12:17:59.498Z [price-matrix] info: PriceMatrix destroyed

      at Console.log (node_modules/winston/lib/winston/transports/console.js:87:23)

    console.log
      2026-02-02T12:17:59.499Z [price-matrix] info: PriceMatrix destroyed

      at Console.log (node_modules/winston/lib/winston/transports/console.js:87:23)

    console.log
      2026-02-02T12:17:59.500Z [price-matrix] info: PriceMatrix initialized {"maxPairs":1000,"totalSlots":1100,"useSharedMemory":true}

      at Console.log (node_modules/winston/lib/winston/transports/console.js:87:23)

    console.log
      2026-02-02T12:17:59.502Z [price-matrix] info: PriceMatrix destroyed

      at Console.log (node_modules/winston/lib/winston/transports/console.js:87:23)

    console.log
      2026-02-02T12:17:59.503Z [price-matrix] info: PriceMatrix initialized {"maxPairs":1000,"totalSlots":1100,"useSharedMemory":true}

      at Console.log (node_modules/winston/lib/winston/transports/console.js:87:23)

    console.log
      2026-02-02T12:17:59.504Z [price-matrix] info: PriceMatrix destroyed

      at Console.log (node_modules/winston/lib/winston/transports/console.js:87:23)

    console.log
      2026-02-02T12:17:59.506Z [price-matrix] info: PriceMatrix initialized {"maxPairs":1000,"totalSlots":1100,"useSharedMemory":true}

      at Console.log (node_modules/winston/lib/winston/transports/console.js:87:23)

    console.log
      2026-02-02T12:17:59.507Z [price-matrix] info: PriceMatrix destroyed

      at Console.log (node_modules/winston/lib/winston/transports/console.js:87:23)

    console.log
      2026-02-02T12:17:59.508Z [price-matrix] info: PriceMatrix initialized {"maxPairs":1000,"totalSlots":1100,"useSharedMemory":true}

      at Console.log (node_modules/winston/lib/winston/transports/console.js:87:23)

    console.log
      2026-02-02T12:17:59.548Z [price-matrix] info: PriceMatrix destroyed

      at Console.log (node_modules/winston/lib/winston/transports/console.js:87:23)

    console.log
      2026-02-02T12:17:59.551Z [price-matrix] info: PriceMatrix initialized {"maxPairs":1000,"totalSlots":1100,"useSharedMemory":true}

      at Console.log (node_modules/winston/lib/winston/transports/console.js:87:23)

    console.log
      2026-02-02T12:17:59.554Z [price-matrix] info: PriceMatrix destroyed

      at Console.log (node_modules/winston/lib/winston/transports/console.js:87:23)

    console.log
      2026-02-02T12:17:59.560Z [price-matrix] info: PriceMatrix initialized {"maxPairs":1000,"totalSlots":1100,"useSharedMemory":true}

      at Console.log (node_modules/winston/lib/winston/transports/console.js:87:23)

    console.log
      2026-02-02T12:17:59.565Z [price-matrix] info: PriceMatrix destroyed

      at Console.log (node_modules/winston/lib/winston/transports/console.js:87:23)

    console.log
      2026-02-02T12:17:59.569Z [price-matrix] info: PriceMatrix initialized {"maxPairs":1000,"totalSlots":1100,"useSharedMemory":true}

      at Console.log (node_modules/winston/lib/winston/transports/console.js:87:23)

    console.log
      2026-02-02T12:17:59.570Z [price-matrix] info: PriceMatrix destroyed

      at Console.log (node_modules/winston/lib/winston/transports/console.js:87:23)

    console.log
      2026-02-02T12:17:59.573Z [price-matrix] info: PriceMatrix initialized {"maxPairs":1000,"totalSlots":1100,"useSharedMemory":true}

      at Console.log (node_modules/winston/lib/winston/transports/console.js:87:23)

    console.log
      2026-02-02T12:17:59.574Z [price-matrix] info: PriceMatrix destroyed

      at Console.log (node_modules/winston/lib/winston/transports/console.js:87:23)

    console.log
      2026-02-02T12:17:59.577Z [price-matrix] info: PriceMatrix initialized {"maxPairs":1000,"totalSlots":1100,"useSharedMemory":true}

      at Console.log (node_modules/winston/lib/winston/transports/console.js:87:23)

    console.log
      2026-02-02T12:17:59.582Z [price-matrix] info: PriceMatrix destroyed

      at Console.log (node_modules/winston/lib/winston/transports/console.js:87:23)

    console.log
      2026-02-02T12:17:59.585Z [price-matrix] info: PriceMatrix initialized {"maxPairs":1000,"totalSlots":1100,"useSharedMemory":true}

      at Console.log (node_modules/winston/lib/winston/transports/console.js:87:23)

    console.log
      2026-02-02T12:17:59.594Z [price-matrix] info: PriceMatrix initialized {"maxPairs":10,"totalSlots":110,"useSharedMemory":true}

      at Console.log (node_modules/winston/lib/winston/transports/console.js:87:23)

    console.log
      2026-02-02T12:17:59.595Z [price-matrix] warn: PriceMatrix maxPairs limit reached, ignoring new key {"key":"bsc:pancakeswap:0xpair0010"}

      at Console.log (node_modules/winston/lib/winston/transports/console.js:87:23)

    console.log
      2026-02-02T12:17:59.597Z [price-matrix] warn: PriceMatrix maxPairs limit reached, ignoring new key {"key":"bsc:pancakeswap:0xpair0011"}

      at Console.log (node_modules/winston/lib/winston/transports/console.js:87:23)

    console.log
      2026-02-02T12:17:59.597Z [price-matrix] warn: PriceMatrix maxPairs limit reached, ignoring new key {"key":"bsc:pancakeswap:0xpair0012"}

      at Console.log (node_modules/winston/lib/winston/transports/console.js:87:23)

    console.log
      2026-02-02T12:17:59.601Z [price-matrix] warn: PriceMatrix maxPairs limit reached, ignoring new key {"key":"bsc:pancakeswap:0xpair0013"}

      at Console.log (node_modules/winston/lib/winston/transports/console.js:87:23)

    console.log
      2026-02-02T12:17:59.602Z [price-matrix] warn: PriceMatrix maxPairs limit reached, ignoring new key {"key":"bsc:pancakeswap:0xpair0014"}

      at Console.log (node_modules/winston/lib/winston/transports/console.js:87:23)

    console.log
      2026-02-02T12:17:59.611Z [price-matrix] warn: PriceMatrix maxPairs limit reached, ignoring new key {"key":"bsc:pancakeswap:0xpair0015"}

      at Console.log (node_modules/winston/lib/winston/transports/console.js:87:23)

    console.log
      2026-02-02T12:17:59.614Z [price-matrix] warn: PriceMatrix maxPairs limit reached, ignoring new key {"key":"bsc:pancakeswap:0xpair0016"}

      at Console.log (node_modules/winston/lib/winston/transports/console.js:87:23)

    console.log
      2026-02-02T12:17:59.615Z [price-matrix] warn: PriceMatrix maxPairs limit reached, ignoring new key {"key":"bsc:pancakeswap:0xpair0017"}

      at Console.log (node_modules/winston/lib/winston/transports/console.js:87:23)

    console.log
      2026-02-02T12:17:59.618Z [price-matrix] warn: PriceMatrix maxPairs limit reached, ignoring new key {"key":"bsc:pancakeswap:0xpair0018"}

      at Console.log (node_modules/winston/lib/winston/transports/console.js:87:23)

    console.log
      2026-02-02T12:17:59.620Z [price-matrix] warn: PriceMatrix maxPairs limit reached, ignoring new key {"key":"bsc:pancakeswap:0xpair0019"}

      at Console.log (node_modules/winston/lib/winston/transports/console.js:87:23)

    console.log
      2026-02-02T12:17:59.623Z [price-matrix] info: PriceMatrix destroyed

      at Console.log (node_modules/winston/lib/winston/transports/console.js:87:23)

    console.log
      2026-02-02T12:17:59.655Z [price-matrix] info: PriceMatrix destroyed

      at Console.log (node_modules/winston/lib/winston/transports/console.js:87:23)

    console.log
      2026-02-02T12:17:59.661Z [price-matrix] info: PriceMatrix initialized {"maxPairs":1000,"totalSlots":1100,"useSharedMemory":true}

      at Console.log (node_modules/winston/lib/winston/transports/console.js:87:23)

    console.log
      2026-02-02T12:17:59.664Z [price-matrix] info: PriceMatrix destroyed

      at Console.log (node_modules/winston/lib/winston/transports/console.js:87:23)

    console.log
      2026-02-02T12:17:59.668Z [price-matrix] info: PriceMatrix initialized {"maxPairs":1000,"totalSlots":1100,"useSharedMemory":true}

      at Console.log (node_modules/winston/lib/winston/transports/console.js:87:23)

    console.log
      2026-02-02T12:17:59.669Z [price-matrix] info: PriceMatrix destroyed

      at Console.log (node_modules/winston/lib/winston/transports/console.js:87:23)

    console.log
      2026-02-02T12:17:59.675Z [price-matrix] info: PriceMatrix initialized {"maxPairs":1000,"totalSlots":1100,"useSharedMemory":true}

      at Console.log (node_modules/winston/lib/winston/transports/console.js:87:23)

    console.log
      2026-02-02T12:17:59.679Z [price-matrix] info: PriceMatrix destroyed

      at Console.log (node_modules/winston/lib/winston/transports/console.js:87:23)

    console.log
      2026-02-02T12:17:59.681Z [price-matrix] info: PriceMatrix initialized {"maxPairs":1000,"totalSlots":1100,"useSharedMemory":true}

      at Console.log (node_modules/winston/lib/winston/transports/console.js:87:23)

    console.log
      2026-02-02T12:17:59.682Z [price-matrix] info: PriceMatrix destroyed

      at Console.log (node_modules/winston/lib/winston/transports/console.js:87:23)

    console.log
      2026-02-02T12:17:59.684Z [price-matrix] info: PriceMatrix initialized {"maxPairs":1000,"totalSlots":1100,"useSharedMemory":true}

      at Console.log (node_modules/winston/lib/winston/transports/console.js:87:23)

    console.log
      2026-02-02T12:17:59.686Z [price-matrix] info: PriceMatrix initialized {"maxPairs":1000,"totalSlots":1100,"useSharedMemory":true}

      at Console.log (node_modules/winston/lib/winston/transports/console.js:87:23)

    console.log
      2026-02-02T12:17:59.687Z [price-matrix] info: PriceMatrix destroyed

      at Console.log (node_modules/winston/lib/winston/transports/console.js:87:23)

    console.log
      2026-02-02T12:17:59.687Z [price-matrix] info: PriceMatrix destroyed

      at Console.log (node_modules/winston/lib/winston/transports/console.js:87:23)

    console.log
      2026-02-02T12:17:59.689Z [price-matrix] info: PriceMatrix initialized {"maxPairs":1000,"totalSlots":1100,"useSharedMemory":true}

      at Console.log (node_modules/winston/lib/winston/transports/console.js:87:23)

    console.log
      2026-02-02T12:17:59.690Z [price-matrix] info: PriceMatrix initialized {"maxPairs":1000,"totalSlots":1100,"useSharedMemory":true}

      at Console.log (node_modules/winston/lib/winston/transports/console.js:87:23)

    console.log
      2026-02-02T12:17:59.691Z [price-matrix] info: PriceMatrix destroyed

      at Console.log (node_modules/winston/lib/winston/transports/console.js:87:23)

    console.log
      2026-02-02T12:17:59.693Z [price-matrix] info: PriceMatrix initialized {"maxPairs":1000,"totalSlots":1100,"useSharedMemory":true}

      at Console.log (node_modules/winston/lib/winston/transports/console.js:87:23)

    console.log
      2026-02-02T12:17:59.694Z [price-matrix] info: PriceMatrix destroyed

      at Console.log (node_modules/winston/lib/winston/transports/console.js:87:23)

    console.log
      2026-02-02T12:17:59.698Z [price-matrix] info: PriceMatrix destroyed

      at Console.log (node_modules/winston/lib/winston/transports/console.js:87:23)

    console.log
      2026-02-02T12:17:59.704Z [price-matrix] warn: PriceIndexMapper: All slots used, cannot allocate new key {"key":"key10","usedSlots":10,"maxIndex":10}

      at Console.log (node_modules/winston/lib/winston/transports/console.js:87:23)

    console.log
      2026-02-02T12:17:59.706Z [price-matrix] warn: PriceIndexMapper: All slots used, cannot allocate new key {"key":"key11","usedSlots":10,"maxIndex":10}

      at Console.log (node_modules/winston/lib/winston/transports/console.js:87:23)

    console.log
      2026-02-02T12:17:59.707Z [price-matrix] warn: PriceIndexMapper: All slots used, cannot allocate new key {"key":"key12","usedSlots":10,"maxIndex":10}

      at Console.log (node_modules/winston/lib/winston/transports/console.js:87:23)

    console.log
      2026-02-02T12:17:59.707Z [price-matrix] warn: PriceIndexMapper: All slots used, cannot allocate new key {"key":"key13","usedSlots":10,"maxIndex":10}

      at Console.log (node_modules/winston/lib/winston/transports/console.js:87:23)

    console.log
      2026-02-02T12:17:59.708Z [price-matrix] warn: PriceIndexMapper: All slots used, cannot allocate new key {"key":"key14","usedSlots":10,"maxIndex":10}

      at Console.log (node_modules/winston/lib/winston/transports/console.js:87:23)

    console.log
      2026-02-02T12:17:59.709Z [price-matrix] warn: PriceIndexMapper: All slots used, cannot allocate new key {"key":"key15","usedSlots":10,"maxIndex":10}

      at Console.log (node_modules/winston/lib/winston/transports/console.js:87:23)

    console.log
      2026-02-02T12:17:59.710Z [price-matrix] warn: PriceIndexMapper: All slots used, cannot allocate new key {"key":"key16","usedSlots":10,"maxIndex":10}

      at Console.log (node_modules/winston/lib/winston/transports/console.js:87:23)

    console.log
      2026-02-02T12:17:59.711Z [price-matrix] warn: PriceIndexMapper: All slots used, cannot allocate new key {"key":"key17","usedSlots":10,"maxIndex":10}

      at Console.log (node_modules/winston/lib/winston/transports/console.js:87:23)

    console.log
      2026-02-02T12:17:59.712Z [price-matrix] warn: PriceIndexMapper: All slots used, cannot allocate new key {"key":"key18","usedSlots":10,"maxIndex":10}

      at Console.log (node_modules/winston/lib/winston/transports/console.js:87:23)

    console.log
      2026-02-02T12:17:59.713Z [price-matrix] warn: PriceIndexMapper: All slots used, cannot allocate new key {"key":"key19","usedSlots":10,"maxIndex":10}

      at Console.log (node_modules/winston/lib/winston/transports/console.js:87:23)

    console.log
      2026-02-02T12:17:59.722Z [price-matrix] info: PriceMatrix initialized {"maxPairs":1000,"totalSlots":1100,"useSharedMemory":true}

      at Console.log (node_modules/winston/lib/winston/transports/console.js:87:23)

    console.log
      2026-02-02T12:17:59.726Z [price-matrix] info: PriceMatrix destroyed

      at Console.log (node_modules/winston/lib/winston/transports/console.js:87:23)

    console.log
      2026-02-02T12:17:59.730Z [price-matrix] info: PriceMatrix initialized {"maxPairs":1000,"totalSlots":1100,"useSharedMemory":true}

      at Console.log (node_modules/winston/lib/winston/transports/console.js:87:23)

    console.log
      Average lookup time: 0.903μs

      at Object.<anonymous> (shared/core/__tests__/unit/price-matrix.test.ts:599:13)

    console.log
      2026-02-02T12:17:59.743Z [price-matrix] info: PriceMatrix destroyed

      at Console.log (node_modules/winston/lib/winston/transports/console.js:87:23)

    console.log
      2026-02-02T12:17:59.747Z [price-matrix] info: PriceMatrix initialized {"maxPairs":1000,"totalSlots":1100,"useSharedMemory":true}

      at Console.log (node_modules/winston/lib/winston/transports/console.js:87:23)

    console.log
      1000 concurrent lookups: 3.06ms

      at Object.<anonymous> (shared/core/__tests__/unit/price-matrix.test.ts:627:13)

    console.log
      2026-02-02T12:17:59.752Z [price-matrix] info: PriceMatrix destroyed

      at Console.log (node_modules/winston/lib/winston/transports/console.js:87:23)

    console.log
      2026-02-02T12:17:59.754Z [price-matrix] info: PriceMatrix initialized {"maxPairs":1000,"totalSlots":1100,"useSharedMemory":true}

      at Console.log (node_modules/winston/lib/winston/transports/console.js:87:23)

    console.log
      Average write time: 3.220μs

      at Object.<anonymous> (shared/core/__tests__/unit/price-matrix.test.ts:645:13)

    console.log
      2026-02-02T12:17:59.762Z [price-matrix] info: PriceMatrix destroyed

      at Console.log (node_modules/winston/lib/winston/transports/console.js:87:23)

    console.log
      2026-02-02T12:17:59.769Z [price-matrix] info: PriceMatrix initialized {"maxPairs":1000,"totalSlots":1100,"useSharedMemory":true}

      at Console.log (node_modules/winston/lib/winston/transports/console.js:87:23)

    console.log
      Batch update: 1000 updates in 8.26ms

      at Object.<anonymous> (shared/core/__tests__/unit/price-matrix.test.ts:674:13)

    console.log
      Average per update: 8.257μs

      at Object.<anonymous> (shared/core/__tests__/unit/price-matrix.test.ts:675:13)

    console.log
      2026-02-02T12:17:59.780Z [price-matrix] info: PriceMatrix destroyed

      at Console.log (node_modules/winston/lib/winston/transports/console.js:87:23)

    console.log
      2026-02-02T12:17:59.783Z [price-matrix] info: PriceMatrix initialized {"maxPairs":1000,"totalSlots":1100,"useSharedMemory":true}

      at Console.log (node_modules/winston/lib/winston/transports/console.js:87:23)

    console.log
      2026-02-02T12:17:59.787Z [price-matrix] info: PriceMatrix destroyed

      at Console.log (node_modules/winston/lib/winston/transports/console.js:87:23)

    console.log
      2026-02-02T12:17:59.793Z [price-matrix] info: PriceMatrix initialized {"maxPairs":1000,"totalSlots":1100,"useSharedMemory":true}

      at Console.log (node_modules/winston/lib/winston/transports/console.js:87:23)

    console.log
      2026-02-02T12:17:59.800Z [price-matrix] info: PriceMatrix destroyed

      at Console.log (node_modules/winston/lib/winston/transports/console.js:87:23)

    console.log
      2026-02-02T12:17:59.806Z [price-matrix] info: PriceMatrix initialized {"maxPairs":1000,"totalSlots":1100,"useSharedMemory":true}

      at Console.log (node_modules/winston/lib/winston/transports/console.js:87:23)

    console.log
      2026-02-02T12:17:59.808Z [price-matrix] info: PriceMatrix destroyed

      at Console.log (node_modules/winston/lib/winston/transports/console.js:87:23)

    console.log
      2026-02-02T12:17:59.811Z [price-matrix] info: PriceMatrix initialized {"maxPairs":1000,"totalSlots":1100,"useSharedMemory":true}

      at Console.log (node_modules/winston/lib/winston/transports/console.js:87:23)

    console.log
      2026-02-02T12:17:59.815Z [price-matrix] info: PriceMatrix destroyed

      at Console.log (node_modules/winston/lib/winston/transports/console.js:87:23)

    console.log
      2026-02-02T12:17:59.816Z [price-matrix] info: PriceMatrix initialized {"maxPairs":1000,"totalSlots":1100,"useSharedMemory":true}

      at Console.log (node_modules/winston/lib/winston/transports/console.js:87:23)

    console.log
      2026-02-02T12:17:59.820Z [price-matrix] info: PriceMatrix destroyed

      at Console.log (node_modules/winston/lib/winston/transports/console.js:87:23)

    console.log
      2026-02-02T12:17:59.821Z [price-matrix] info: PriceMatrix initialized {"maxPairs":1000,"totalSlots":1100,"useSharedMemory":true}

      at Console.log (node_modules/winston/lib/winston/transports/console.js:87:23)

    console.log
      2026-02-02T12:17:59.825Z [price-matrix] info: PriceMatrix destroyed

      at Console.log (node_modules/winston/lib/winston/transports/console.js:87:23)

    console.log
      2026-02-02T12:17:59.826Z [price-matrix] info: PriceMatrix initialized {"maxPairs":1000,"totalSlots":1100,"useSharedMemory":true}

      at Console.log (node_modules/winston/lib/winston/transports/console.js:87:23)

    console.log
      2026-02-02T12:17:59.828Z [price-matrix] info: PriceMatrix destroyed

      at Console.log (node_modules/winston/lib/winston/transports/console.js:87:23)

    console.log
      2026-02-02T12:17:59.830Z [price-matrix] info: PriceMatrix initialized {"maxPairs":1000,"totalSlots":1100,"useSharedMemory":true}

      at Console.log (node_modules/winston/lib/winston/transports/console.js:87:23)

    console.log
      2026-02-02T12:17:59.832Z [price-matrix] info: PriceMatrix destroyed

      at Console.log (node_modules/winston/lib/winston/transports/console.js:87:23)

    console.log
      2026-02-02T12:17:59.838Z [price-matrix] info: PriceMatrix initialized {"maxPairs":1000,"totalSlots":1100,"useSharedMemory":true}

      at Console.log (node_modules/winston/lib/winston/transports/console.js:87:23)

    console.log
      2026-02-02T12:17:59.840Z [price-matrix] info: PriceMatrix destroyed

      at Console.log (node_modules/winston/lib/winston/transports/console.js:87:23)

    console.log
      2026-02-02T12:17:59.843Z [price-matrix] info: PriceMatrix initialized {"maxPairs":1000,"totalSlots":1100,"useSharedMemory":true}

      at Console.log (node_modules/winston/lib/winston/transports/console.js:87:23)

    console.log
      2026-02-02T12:17:59.843Z [price-matrix] info: PriceMatrix destroyed

      at Console.log (node_modules/winston/lib/winston/transports/console.js:87:23)

    console.log
      2026-02-02T12:17:59.845Z [price-matrix] warn: setPrice called on destroyed PriceMatrix

      at Console.log (node_modules/winston/lib/winston/transports/console.js:87:23)

    console.log
      2026-02-02T12:17:59.848Z [price-matrix] info: PriceMatrix initialized {"maxPairs":1000,"totalSlots":1100,"useSharedMemory":true}

      at Console.log (node_modules/winston/lib/winston/transports/console.js:87:23)

    console.log
      2026-02-02T12:17:59.849Z [price-matrix] info: PriceMatrix destroyed

      at Console.log (node_modules/winston/lib/winston/transports/console.js:87:23)

    console.log
      2026-02-02T12:17:59.851Z [price-matrix] info: PriceMatrix initialized {"maxPairs":1000,"totalSlots":1100,"useSharedMemory":true}

      at Console.log (node_modules/winston/lib/winston/transports/console.js:87:23)

    console.log
      2026-02-02T12:17:59.852Z [price-matrix] info: PriceMatrix destroyed

      at Console.log (node_modules/winston/lib/winston/transports/console.js:87:23)

    console.log
      2026-02-02T12:17:59.854Z [price-matrix] info: PriceMatrix initialized {"maxPairs":1000,"totalSlots":1100,"useSharedMemory":true}

      at Console.log (node_modules/winston/lib/winston/transports/console.js:87:23)

    console.log
      2026-02-02T12:17:59.947Z [price-matrix] info: PriceMatrix destroyed

      at Console.log (node_modules/winston/lib/winston/transports/console.js:87:23)

    console.log
      2026-02-02T12:17:59.954Z [price-matrix] info: PriceMatrix initialized {"maxPairs":1000,"totalSlots":1100,"useSharedMemory":true}

      at Console.log (node_modules/winston/lib/winston/transports/console.js:87:23)

    console.log
      2026-02-02T12:17:59.959Z [price-matrix] info: PriceMatrix destroyed

      at Console.log (node_modules/winston/lib/winston/transports/console.js:87:23)

    console.log
      2026-02-02T12:17:59.963Z [price-matrix] info: PriceMatrix initialized {"maxPairs":1000,"totalSlots":1100,"useSharedMemory":true}

      at Console.log (node_modules/winston/lib/winston/transports/console.js:87:23)

    console.log
      2026-02-02T12:17:59.964Z [price-matrix] info: PriceMatrix initialized {"maxPairs":1000,"totalSlots":1000,"useSharedMemory":true}

      at Console.log (node_modules/winston/lib/winston/transports/console.js:87:23)

    console.log
      2026-02-02T12:17:59.966Z [price-matrix] info: PriceMatrix destroyed

      at Console.log (node_modules/winston/lib/winston/transports/console.js:87:23)

    console.log
      2026-02-02T12:17:59.966Z [price-matrix] info: PriceMatrix destroyed

      at Console.log (node_modules/winston/lib/winston/transports/console.js:87:23)

    console.log
      2026-02-02T12:17:59.968Z [price-matrix] info: PriceMatrix initialized {"maxPairs":1000,"totalSlots":1100,"useSharedMemory":true}

      at Console.log (node_modules/winston/lib/winston/transports/console.js:87:23)

    console.log
      2026-02-02T12:17:59.970Z [price-matrix] info: PriceMatrix destroyed

      at Console.log (node_modules/winston/lib/winston/transports/console.js:87:23)

    console.log
      2026-02-02T12:17:59.971Z [price-matrix] info: PriceMatrix initialized {"maxPairs":1000,"totalSlots":1100,"useSharedMemory":true}

      at Console.log (node_modules/winston/lib/winston/transports/console.js:87:23)

    console.log
      2026-02-02T12:17:59.972Z [price-matrix] info: PriceMatrix destroyed

      at Console.log (node_modules/winston/lib/winston/transports/console.js:87:23)

PASS unit shared/core/__tests__/unit/nonce-manager.test.ts
  ● Console

    console.log
      2026-02-02T12:18:00.459Z [nonce-manager] info: Wallet registered for nonce management {"chain":"ethereum","address":"0x12345678..."}

      at Console.log (node_modules/winston/lib/winston/transports/console.js:87:23)

    console.log
      2026-02-02T12:18:00.471Z [nonce-manager] info: NonceManager stopped

      at Console.log (node_modules/winston/lib/winston/transports/console.js:87:23)

    console.log
      2026-02-02T12:18:00.489Z [nonce-manager] info: Wallet registered for nonce management {"chain":"ethereum","address":"0x12345678..."}

      at Console.log (node_modules/winston/lib/winston/transports/console.js:87:23)

    console.log
      2026-02-02T12:18:00.532Z [nonce-manager] info: NonceManager stopped

      at Console.log (node_modules/winston/lib/winston/transports/console.js:87:23)

    console.log
      2026-02-02T12:18:00.554Z [nonce-manager] info: Wallet registered for nonce management {"chain":"ethereum","address":"0x12345678..."}

      at Console.log (node_modules/winston/lib/winston/transports/console.js:87:23)

    console.log
      2026-02-02T12:18:00.620Z [nonce-manager] info: NonceManager stopped

      at Console.log (node_modules/winston/lib/winston/transports/console.js:87:23)

    console.log
      2026-02-02T12:18:00.625Z [nonce-manager] info: Wallet registered for nonce management {"chain":"ethereum","address":"0x12345678..."}

      at Console.log (node_modules/winston/lib/winston/transports/console.js:87:23)

    console.log
      2026-02-02T12:18:00.628Z [nonce-manager] info: NonceManager stopped

      at Console.log (node_modules/winston/lib/winston/transports/console.js:87:23)

    console.log
      2026-02-02T12:18:00.633Z [nonce-manager] info: Wallet registered for nonce management {"chain":"ethereum","address":"0x12345678..."}

      at Console.log (node_modules/winston/lib/winston/transports/console.js:87:23)

    console.log
      2026-02-02T12:18:00.635Z [nonce-manager] info: NonceManager stopped

      at Console.log (node_modules/winston/lib/winston/transports/console.js:87:23)

    console.log
      2026-02-02T12:18:00.642Z [nonce-manager] info: Wallet registered for nonce management {"chain":"ethereum","address":"0x12345678..."}

      at Console.log (node_modules/winston/lib/winston/transports/console.js:87:23)

    console.log
      2026-02-02T12:18:00.643Z [nonce-manager] warn: Transaction failed {"chain":"ethereum","nonce":0,"error":"Transaction reverted"}

      at Console.log (node_modules/winston/lib/winston/transports/console.js:87:23)

    console.log
      2026-02-02T12:18:00.645Z [nonce-manager] info: Nonce state reset due to failed transaction {"chain":"ethereum","nonce":0}

      at Console.log (node_modules/winston/lib/winston/transports/console.js:87:23)

    console.log
      2026-02-02T12:18:00.648Z [nonce-manager] info: NonceManager stopped

      at Console.log (node_modules/winston/lib/winston/transports/console.js:87:23)

    console.log
      2026-02-02T12:18:00.653Z [nonce-manager] info: Wallet registered for nonce management {"chain":"ethereum","address":"0x12345678..."}

      at Console.log (node_modules/winston/lib/winston/transports/console.js:87:23)

    console.log
      2026-02-02T12:18:00.655Z [nonce-manager] warn: Transaction failed {"chain":"ethereum","nonce":0,"error":"Transaction reverted"}

      at Console.log (node_modules/winston/lib/winston/transports/console.js:87:23)

    console.log
      2026-02-02T12:18:00.655Z [nonce-manager] info: Nonce state reset due to failed transaction {"chain":"ethereum","nonce":0}

      at Console.log (node_modules/winston/lib/winston/transports/console.js:87:23)

    console.log
      2026-02-02T12:18:00.657Z [nonce-manager] info: NonceManager stopped

      at Console.log (node_modules/winston/lib/winston/transports/console.js:87:23)

    console.log
      2026-02-02T12:18:00.671Z [nonce-manager] info: Wallet registered for nonce management {"chain":"ethereum","address":"0x12345678..."}

      at Console.log (node_modules/winston/lib/winston/transports/console.js:87:23)

    console.log
      2026-02-02T12:18:00.692Z [nonce-manager] info: NonceManager stopped

      at Console.log (node_modules/winston/lib/winston/transports/console.js:87:23)

    console.log
      2026-02-02T12:18:00.701Z [nonce-manager] info: Wallet registered for nonce management {"chain":"ethereum","address":"0x12345678..."}

      at Console.log (node_modules/winston/lib/winston/transports/console.js:87:23)

    console.log
      2026-02-02T12:18:00.703Z [nonce-manager] info: NonceManager stopped

      at Console.log (node_modules/winston/lib/winston/transports/console.js:87:23)

    console.log
      2026-02-02T12:18:00.707Z [nonce-manager] info: Wallet registered for nonce management {"chain":"ethereum","address":"0x12345678..."}

      at Console.log (node_modules/winston/lib/winston/transports/console.js:87:23)

    console.log
      2026-02-02T12:18:00.709Z [nonce-manager] info: NonceManager stopped

      at Console.log (node_modules/winston/lib/winston/transports/console.js:87:23)

    console.log
      2026-02-02T12:18:00.717Z [nonce-manager] info: Wallet registered for nonce management {"chain":"ethereum","address":"0x12345678..."}

      at Console.log (node_modules/winston/lib/winston/transports/console.js:87:23)

    console.log
      2026-02-02T12:18:00.718Z [nonce-manager] info: Chain nonce state reset {"chain":"ethereum","newNonce":10}

      at Console.log (node_modules/winston/lib/winston/transports/console.js:87:23)

    console.log
      2026-02-02T12:18:00.719Z [nonce-manager] info: NonceManager stopped

      at Console.log (node_modules/winston/lib/winston/transports/console.js:87:23)

    console.log
      2026-02-02T12:18:00.722Z [nonce-manager] info: Wallet registered for nonce management {"chain":"ethereum","address":"0x12345678..."}

      at Console.log (node_modules/winston/lib/winston/transports/console.js:87:23)

    console.log
      2026-02-02T12:18:00.723Z [nonce-manager] info: Chain nonce state reset {"chain":"ethereum","newNonce":0}

      at Console.log (node_modules/winston/lib/winston/transports/console.js:87:23)

    console.log
      2026-02-02T12:18:00.724Z [nonce-manager] info: NonceManager stopped

      at Console.log (node_modules/winston/lib/winston/transports/console.js:87:23)

    console.log
      2026-02-02T12:18:00.730Z [nonce-manager] info: Wallet registered for nonce management {"chain":"ethereum","address":"0x12345678..."}

      at Console.log (node_modules/winston/lib/winston/transports/console.js:87:23)

    console.log
      2026-02-02T12:18:00.731Z [nonce-manager] info: Chain nonce state reset {"chain":"ethereum","newNonce":10}

      at Console.log (node_modules/winston/lib/winston/transports/console.js:87:23)

    console.log
      2026-02-02T12:18:00.732Z [nonce-manager] info: NonceManager stopped

      at Console.log (node_modules/winston/lib/winston/transports/console.js:87:23)

    console.log
      2026-02-02T12:18:00.737Z [nonce-manager] info: Wallet registered for nonce management {"chain":"ethereum","address":"0x12345678..."}

      at Console.log (node_modules/winston/lib/winston/transports/console.js:87:23)

    console.log
      2026-02-02T12:18:00.739Z [nonce-manager] info: NonceManager stopped

      at Console.log (node_modules/winston/lib/winston/transports/console.js:87:23)

    console.log
      2026-02-02T12:18:00.739Z [nonce-manager] info: NonceManager stopped

      at Console.log (node_modules/winston/lib/winston/transports/console.js:87:23)

    console.log
      2026-02-02T12:18:00.753Z [nonce-manager] info: Wallet registered for nonce management {"chain":"ethereum","address":"0x12345678..."}

      at Console.log (node_modules/winston/lib/winston/transports/console.js:87:23)

    console.log
      2026-02-02T12:18:00.755Z [nonce-manager] info: NonceManager stopped

      at Console.log (node_modules/winston/lib/winston/transports/console.js:87:23)

    console.log
      2026-02-02T12:18:00.756Z [nonce-manager] info: NonceManager stopped

      at Console.log (node_modules/winston/lib/winston/transports/console.js:87:23)

    console.log
      2026-02-02T12:18:00.757Z [nonce-manager] info: NonceManager stopped

      at Console.log (node_modules/winston/lib/winston/transports/console.js:87:23)

    console.log
      2026-02-02T12:18:00.764Z [nonce-manager] info: Wallet registered for nonce management {"chain":"ethereum","address":"0x12345678..."}

      at Console.log (node_modules/winston/lib/winston/transports/console.js:87:23)

    console.log
      2026-02-02T12:18:00.773Z [nonce-manager] info: NonceManager started

      at Console.log (node_modules/winston/lib/winston/transports/console.js:87:23)

    console.log
      2026-02-02T12:18:00.774Z [nonce-manager] info: NonceManager stopped

      at Console.log (node_modules/winston/lib/winston/transports/console.js:87:23)

    console.log
      2026-02-02T12:18:00.775Z [nonce-manager] info: NonceManager stopped

      at Console.log (node_modules/winston/lib/winston/transports/console.js:87:23)

    console.log
      2026-02-02T12:18:00.776Z [nonce-manager] info: NonceManager stopped

      at Console.log (node_modules/winston/lib/winston/transports/console.js:87:23)

    console.log
      2026-02-02T12:18:00.780Z [nonce-manager] info: Wallet registered for nonce management {"chain":"ethereum","address":"0x12345678..."}

      at Console.log (node_modules/winston/lib/winston/transports/console.js:87:23)

    console.log
      2026-02-02T12:18:00.782Z [nonce-manager] info: NonceManager stopped

      at Console.log (node_modules/winston/lib/winston/transports/console.js:87:23)

    console.log
      2026-02-02T12:18:00.785Z [nonce-manager] info: Wallet registered for nonce management {"chain":"ethereum","address":"0x12345678..."}

      at Console.log (node_modules/winston/lib/winston/transports/console.js:87:23)

    console.log
      2026-02-02T12:18:00.786Z [nonce-manager] info: NonceManager stopped

      at Console.log (node_modules/winston/lib/winston/transports/console.js:87:23)

    console.log
      2026-02-02T12:18:00.789Z [nonce-manager] info: Wallet registered for nonce management {"chain":"ethereum","address":"0x12345678..."}

      at Console.log (node_modules/winston/lib/winston/transports/console.js:87:23)

    console.log
      2026-02-02T12:18:00.792Z [nonce-manager] info: NonceManager stopped

      at Console.log (node_modules/winston/lib/winston/transports/console.js:87:23)

    console.log
      2026-02-02T12:18:00.797Z [nonce-manager] info: Wallet registered for nonce management {"chain":"ethereum","address":"0x12345678..."}

      at Console.log (node_modules/winston/lib/winston/transports/console.js:87:23)

    console.log
      2026-02-02T12:18:00.799Z [nonce-manager] info: NonceManager stopped

      at Console.log (node_modules/winston/lib/winston/transports/console.js:87:23)

    console.log
      2026-02-02T12:18:00.802Z [nonce-manager] info: Wallet registered for nonce management {"chain":"ethereum","address":"0x12345678..."}

      at Console.log (node_modules/winston/lib/winston/transports/console.js:87:23)

    console.log
      2026-02-02T12:18:00.804Z [nonce-manager] info: NonceManager stopped

      at Console.log (node_modules/winston/lib/winston/transports/console.js:87:23)

    console.log
      2026-02-02T12:18:00.806Z [nonce-manager] info: Wallet registered for nonce management {"chain":"ethereum","address":"0x12345678..."}

      at Console.log (node_modules/winston/lib/winston/transports/console.js:87:23)

    console.log
      2026-02-02T12:18:00.808Z [nonce-manager] info: Wallet registered for nonce management {"chain":"ethereum","address":"0x12345678..."}

      at Console.log (node_modules/winston/lib/winston/transports/console.js:87:23)

    console.log
      2026-02-02T12:18:00.854Z [nonce-manager] info: NonceManager stopped

      at Console.log (node_modules/winston/lib/winston/transports/console.js:87:23)

    console.log
      2026-02-02T12:18:00.856Z [nonce-manager] info: NonceManager stopped

      at Console.log (node_modules/winston/lib/winston/transports/console.js:87:23)

    console.log
      2026-02-02T12:18:00.859Z [nonce-manager] info: Wallet registered for nonce management {"chain":"ethereum","address":"0x12345678..."}

      at Console.log (node_modules/winston/lib/winston/transports/console.js:87:23)

    console.log
      2026-02-02T12:18:00.861Z [nonce-manager] info: NonceManager stopped

      at Console.log (node_modules/winston/lib/winston/transports/console.js:87:23)

    console.log
      2026-02-02T12:18:00.864Z [nonce-manager] info: Wallet registered for nonce management {"chain":"ethereum","address":"0x12345678..."}

      at Console.log (node_modules/winston/lib/winston/transports/console.js:87:23)

    console.log
      2026-02-02T12:18:00.865Z [nonce-manager] info: Wallet registered for nonce management {"chain":"ethereum","address":"0x12345678..."}

      at Console.log (node_modules/winston/lib/winston/transports/console.js:87:23)

    console.log
      2026-02-02T12:18:00.957Z [nonce-manager] info: NonceManager stopped

      at Console.log (node_modules/winston/lib/winston/transports/console.js:87:23)

    console.log
      2026-02-02T12:18:00.958Z [nonce-manager] info: NonceManager stopped

      at Console.log (node_modules/winston/lib/winston/transports/console.js:87:23)

    console.log
      2026-02-02T12:18:00.961Z [nonce-manager] info: Wallet registered for nonce management {"chain":"ethereum","address":"0x12345678..."}

      at Console.log (node_modules/winston/lib/winston/transports/console.js:87:23)

    console.log
      2026-02-02T12:18:00.981Z [nonce-manager] info: Wallet registered for nonce management {"chain":"ethereum","address":"0x12345678..."}

      at Console.log (node_modules/winston/lib/winston/transports/console.js:87:23)

    console.log
      2026-02-02T12:18:00.988Z [nonce-manager] info: NonceManager stopped

      at Console.log (node_modules/winston/lib/winston/transports/console.js:87:23)

    console.log
      2026-02-02T12:18:01.038Z [nonce-manager] info: NonceManager stopped

      at Console.log (node_modules/winston/lib/winston/transports/console.js:87:23)

PASS unit shared/core/__tests__/unit/swap-event-filter.test.ts
  ● Console

    console.log
      2026-02-02T12:17:59.971Z [swap-event-filter] info: SwapEventFilter initialized {"config":{"minUsdValue":10,"whaleThreshold":50000,"dedupWindowMs":5000,"aggregationWindowMs":5000,"maxDedupCacheSize":10000,"cleanupIntervalMs":30000}}

      at Console.log (node_modules/winston/lib/winston/transports/console.js:87:23)

    console.log
      2026-02-02T12:17:59.988Z [swap-event-filter] info: SwapEventFilter destroyed

      at Console.log (node_modules/winston/lib/winston/transports/console.js:87:23)

    console.log
      2026-02-02T12:17:59.992Z [swap-event-filter] info: SwapEventFilter initialized {"config":{"minUsdValue":10,"whaleThreshold":50000,"dedupWindowMs":5000,"aggregationWindowMs":5000,"maxDedupCacheSize":10000,"cleanupIntervalMs":30000}}

      at Console.log (node_modules/winston/lib/winston/transports/console.js:87:23)

    console.log
      2026-02-02T12:17:59.993Z [swap-event-filter] info: SwapEventFilter initialized {"config":{"minUsdValue":100,"whaleThreshold":100000,"dedupWindowMs":10000,"aggregationWindowMs":10000,"maxDedupCacheSize":10000,"cleanupIntervalMs":30000}}

      at Console.log (node_modules/winston/lib/winston/transports/console.js:87:23)

    console.log
      2026-02-02T12:18:00.007Z [swap-event-filter] info: SwapEventFilter destroyed

      at Console.log (node_modules/winston/lib/winston/transports/console.js:87:23)

    console.log
      2026-02-02T12:18:00.009Z [swap-event-filter] info: SwapEventFilter destroyed

      at Console.log (node_modules/winston/lib/winston/transports/console.js:87:23)

    console.log
      2026-02-02T12:18:00.016Z [swap-event-filter] info: SwapEventFilter initialized {"config":{"minUsdValue":10,"whaleThreshold":50000,"dedupWindowMs":5000,"aggregationWindowMs":5000,"maxDedupCacheSize":10000,"cleanupIntervalMs":30000}}

      at Console.log (node_modules/winston/lib/winston/transports/console.js:87:23)

    console.log
      2026-02-02T12:18:00.033Z [swap-event-filter] info: SwapEventFilter config updated {"config":{"minUsdValue":500,"whaleThreshold":50000,"dedupWindowMs":5000,"aggregationWindowMs":5000,"maxDedupCacheSize":10000,"cleanupIntervalMs":30000}}

      at Console.log (node_modules/winston/lib/winston/transports/console.js:87:23)

    console.log
      2026-02-02T12:18:00.035Z [swap-event-filter] info: SwapEventFilter destroyed

      at Console.log (node_modules/winston/lib/winston/transports/console.js:87:23)

    console.log
      2026-02-02T12:18:00.036Z [swap-event-filter] info: SwapEventFilter initialized {"config":{"minUsdValue":10,"whaleThreshold":50000,"dedupWindowMs":5000,"aggregationWindowMs":5000,"maxDedupCacheSize":10000,"cleanupIntervalMs":30000}}

      at Console.log (node_modules/winston/lib/winston/transports/console.js:87:23)

    console.log
      2026-02-02T12:18:00.038Z [swap-event-filter] info: SwapEventFilter destroyed

      at Console.log (node_modules/winston/lib/winston/transports/console.js:87:23)

    console.log
      2026-02-02T12:18:00.039Z [swap-event-filter] info: SwapEventFilter initialized {"config":{"minUsdValue":10,"whaleThreshold":50000,"dedupWindowMs":5000,"aggregationWindowMs":5000,"maxDedupCacheSize":10000,"cleanupIntervalMs":30000}}

      at Console.log (node_modules/winston/lib/winston/transports/console.js:87:23)

    console.log
      2026-02-02T12:18:00.041Z [swap-event-filter] info: SwapEventFilter destroyed

      at Console.log (node_modules/winston/lib/winston/transports/console.js:87:23)

    console.log
      2026-02-02T12:18:00.042Z [swap-event-filter] info: SwapEventFilter initialized {"config":{"minUsdValue":10,"whaleThreshold":50000,"dedupWindowMs":5000,"aggregationWindowMs":5000,"maxDedupCacheSize":10000,"cleanupIntervalMs":30000}}

      at Console.log (node_modules/winston/lib/winston/transports/console.js:87:23)

    console.log
      2026-02-02T12:18:00.044Z [swap-event-filter] info: SwapEventFilter destroyed

      at Console.log (node_modules/winston/lib/winston/transports/console.js:87:23)

    console.log
      2026-02-02T12:18:00.046Z [swap-event-filter] info: SwapEventFilter initialized {"config":{"minUsdValue":10,"whaleThreshold":50000,"dedupWindowMs":5000,"aggregationWindowMs":5000,"maxDedupCacheSize":10000,"cleanupIntervalMs":30000}}

      at Console.log (node_modules/winston/lib/winston/transports/console.js:87:23)

    console.log
      2026-02-02T12:18:00.048Z [swap-event-filter] info: SwapEventFilter destroyed

      at Console.log (node_modules/winston/lib/winston/transports/console.js:87:23)

    console.log
      2026-02-02T12:18:00.050Z [swap-event-filter] info: SwapEventFilter initialized {"config":{"minUsdValue":10,"whaleThreshold":50000,"dedupWindowMs":5000,"aggregationWindowMs":5000,"maxDedupCacheSize":10000,"cleanupIntervalMs":30000}}

      at Console.log (node_modules/winston/lib/winston/transports/console.js:87:23)

    console.log
      2026-02-02T12:18:00.054Z [swap-event-filter] info: SwapEventFilter destroyed

      at Console.log (node_modules/winston/lib/winston/transports/console.js:87:23)

    console.log
      2026-02-02T12:18:00.063Z [swap-event-filter] info: SwapEventFilter initialized {"config":{"minUsdValue":10,"whaleThreshold":50000,"dedupWindowMs":5000,"aggregationWindowMs":5000,"maxDedupCacheSize":10000,"cleanupIntervalMs":30000}}

      at Console.log (node_modules/winston/lib/winston/transports/console.js:87:23)

    console.log
      2026-02-02T12:18:00.070Z [swap-event-filter] info: SwapEventFilter destroyed

      at Console.log (node_modules/winston/lib/winston/transports/console.js:87:23)

    console.log
      2026-02-02T12:18:00.071Z [swap-event-filter] info: SwapEventFilter initialized {"config":{"minUsdValue":10,"whaleThreshold":50000,"dedupWindowMs":5000,"aggregationWindowMs":5000,"maxDedupCacheSize":10000,"cleanupIntervalMs":30000}}

      at Console.log (node_modules/winston/lib/winston/transports/console.js:87:23)

    console.log
      2026-02-02T12:18:00.072Z [swap-event-filter] info: SwapEventFilter initialized {"config":{"minUsdValue":10,"whaleThreshold":50000,"dedupWindowMs":100,"aggregationWindowMs":5000,"maxDedupCacheSize":10000,"cleanupIntervalMs":30000}}

      at Console.log (node_modules/winston/lib/winston/transports/console.js:87:23)

    console.log
      2026-02-02T12:18:00.238Z [swap-event-filter] info: SwapEventFilter destroyed

      at Console.log (node_modules/winston/lib/winston/transports/console.js:87:23)

    console.log
      2026-02-02T12:18:00.265Z [swap-event-filter] info: SwapEventFilter destroyed

      at Console.log (node_modules/winston/lib/winston/transports/console.js:87:23)

    console.log
      2026-02-02T12:18:00.270Z [swap-event-filter] info: SwapEventFilter initialized {"config":{"minUsdValue":10,"whaleThreshold":50000,"dedupWindowMs":5000,"aggregationWindowMs":5000,"maxDedupCacheSize":10000,"cleanupIntervalMs":30000}}

      at Console.log (node_modules/winston/lib/winston/transports/console.js:87:23)

    console.log
      2026-02-02T12:18:00.347Z [swap-event-filter] info: Whale alert detected {"usdValue":60000,"chain":"ethereum","dex":"uniswap_v3","pair":"0x1234567890123456789012345678901234567890"}

      at Console.log (node_modules/winston/lib/winston/transports/console.js:87:23)

    console.log
      2026-02-02T12:18:00.349Z [swap-event-filter] info: SwapEventFilter destroyed

      at Console.log (node_modules/winston/lib/winston/transports/console.js:87:23)

    console.log
      2026-02-02T12:18:00.350Z [swap-event-filter] info: SwapEventFilter initialized {"config":{"minUsdValue":10,"whaleThreshold":50000,"dedupWindowMs":5000,"aggregationWindowMs":5000,"maxDedupCacheSize":10000,"cleanupIntervalMs":30000}}

      at Console.log (node_modules/winston/lib/winston/transports/console.js:87:23)

    console.log
      2026-02-02T12:18:00.351Z [swap-event-filter] info: SwapEventFilter destroyed

      at Console.log (node_modules/winston/lib/winston/transports/console.js:87:23)

    console.log
      2026-02-02T12:18:00.353Z [swap-event-filter] info: SwapEventFilter initialized {"config":{"minUsdValue":10,"whaleThreshold":50000,"dedupWindowMs":5000,"aggregationWindowMs":5000,"maxDedupCacheSize":10000,"cleanupIntervalMs":30000}}

      at Console.log (node_modules/winston/lib/winston/transports/console.js:87:23)

    console.log
      2026-02-02T12:18:00.354Z [swap-event-filter] info: Whale alert detected {"usdValue":75000,"chain":"ethereum","dex":"uniswap_v3","pair":"0x1234567890123456789012345678901234567890"}

      at Console.log (node_modules/winston/lib/winston/transports/console.js:87:23)

    console.log
      2026-02-02T12:18:00.356Z [swap-event-filter] info: SwapEventFilter destroyed

      at Console.log (node_modules/winston/lib/winston/transports/console.js:87:23)

    console.log
      2026-02-02T12:18:00.357Z [swap-event-filter] info: SwapEventFilter initialized {"config":{"minUsdValue":10,"whaleThreshold":50000,"dedupWindowMs":5000,"aggregationWindowMs":5000,"maxDedupCacheSize":10000,"cleanupIntervalMs":30000}}

      at Console.log (node_modules/winston/lib/winston/transports/console.js:87:23)

    console.log
      2026-02-02T12:18:00.359Z [swap-event-filter] info: Whale alert detected {"usdValue":60000,"chain":"ethereum","dex":"uniswap_v3","pair":"0x1234567890123456789012345678901234567890"}

      at Console.log (node_modules/winston/lib/winston/transports/console.js:87:23)

    console.log
      2026-02-02T12:18:00.360Z [swap-event-filter] info: Whale alert detected {"usdValue":100000,"chain":"ethereum","dex":"uniswap_v3","pair":"0x1234567890123456789012345678901234567890"}

      at Console.log (node_modules/winston/lib/winston/transports/console.js:87:23)

    console.log
      2026-02-02T12:18:00.362Z [swap-event-filter] info: SwapEventFilter destroyed

      at Console.log (node_modules/winston/lib/winston/transports/console.js:87:23)

    console.log
      2026-02-02T12:18:00.363Z [swap-event-filter] info: SwapEventFilter initialized {"config":{"minUsdValue":10,"whaleThreshold":50000,"dedupWindowMs":5000,"aggregationWindowMs":5000,"maxDedupCacheSize":10000,"cleanupIntervalMs":30000}}

      at Console.log (node_modules/winston/lib/winston/transports/console.js:87:23)

    console.log
      2026-02-02T12:18:00.364Z [swap-event-filter] info: SwapEventFilter initialized {"config":{"minUsdValue":10,"whaleThreshold":50000,"dedupWindowMs":5000,"aggregationWindowMs":100,"maxDedupCacheSize":10000,"cleanupIntervalMs":30000}}

      at Console.log (node_modules/winston/lib/winston/transports/console.js:87:23)

    console.log
      2026-02-02T12:18:00.517Z [swap-event-filter] info: SwapEventFilter destroyed

      at Console.log (node_modules/winston/lib/winston/transports/console.js:87:23)

    console.log
      2026-02-02T12:18:00.518Z [swap-event-filter] info: SwapEventFilter destroyed

      at Console.log (node_modules/winston/lib/winston/transports/console.js:87:23)

    console.log
      2026-02-02T12:18:00.537Z [swap-event-filter] info: SwapEventFilter initialized {"config":{"minUsdValue":10,"whaleThreshold":50000,"dedupWindowMs":5000,"aggregationWindowMs":5000,"maxDedupCacheSize":10000,"cleanupIntervalMs":30000}}

      at Console.log (node_modules/winston/lib/winston/transports/console.js:87:23)

    console.log
      2026-02-02T12:18:00.545Z [swap-event-filter] info: SwapEventFilter initialized {"config":{"minUsdValue":10,"whaleThreshold":50000,"dedupWindowMs":5000,"aggregationWindowMs":100,"maxDedupCacheSize":10000,"cleanupIntervalMs":30000}}

      at Console.log (node_modules/winston/lib/winston/transports/console.js:87:23)

    console.log
      2026-02-02T12:18:00.713Z [swap-event-filter] info: SwapEventFilter destroyed

      at Console.log (node_modules/winston/lib/winston/transports/console.js:87:23)

    console.log
      2026-02-02T12:18:00.714Z [swap-event-filter] info: SwapEventFilter destroyed

      at Console.log (node_modules/winston/lib/winston/transports/console.js:87:23)

    console.log
      2026-02-02T12:18:00.717Z [swap-event-filter] info: SwapEventFilter initialized {"config":{"minUsdValue":10,"whaleThreshold":50000,"dedupWindowMs":5000,"aggregationWindowMs":5000,"maxDedupCacheSize":10000,"cleanupIntervalMs":30000}}

      at Console.log (node_modules/winston/lib/winston/transports/console.js:87:23)

    console.log
      2026-02-02T12:18:00.719Z [swap-event-filter] info: SwapEventFilter initialized {"config":{"minUsdValue":10,"whaleThreshold":50000,"dedupWindowMs":5000,"aggregationWindowMs":100,"maxDedupCacheSize":10000,"cleanupIntervalMs":30000}}

      at Console.log (node_modules/winston/lib/winston/transports/console.js:87:23)

    console.log
      2026-02-02T12:18:00.921Z [swap-event-filter] info: SwapEventFilter destroyed

      at Console.log (node_modules/winston/lib/winston/transports/console.js:87:23)

    console.log
      2026-02-02T12:18:00.941Z [swap-event-filter] info: SwapEventFilter destroyed

      at Console.log (node_modules/winston/lib/winston/transports/console.js:87:23)

    console.log
      2026-02-02T12:18:00.976Z [swap-event-filter] info: SwapEventFilter initialized {"config":{"minUsdValue":10,"whaleThreshold":50000,"dedupWindowMs":5000,"aggregationWindowMs":5000,"maxDedupCacheSize":10000,"cleanupIntervalMs":30000}}

      at Console.log (node_modules/winston/lib/winston/transports/console.js:87:23)

    console.log
      2026-02-02T12:18:01.044Z [swap-event-filter] info: SwapEventFilter destroyed

      at Console.log (node_modules/winston/lib/winston/transports/console.js:87:23)

    console.log
      2026-02-02T12:18:01.046Z [swap-event-filter] info: SwapEventFilter initialized {"config":{"minUsdValue":10,"whaleThreshold":50000,"dedupWindowMs":5000,"aggregationWindowMs":5000,"maxDedupCacheSize":10000,"cleanupIntervalMs":30000}}

      at Console.log (node_modules/winston/lib/winston/transports/console.js:87:23)

    console.log
      2026-02-02T12:18:01.075Z [swap-event-filter] info: Whale alert detected {"usdValue":60000,"chain":"ethereum","dex":"uniswap_v3","pair":"0x1234567890123456789012345678901234567890"}

      at Console.log (node_modules/winston/lib/winston/transports/console.js:87:23)

    console.log
      2026-02-02T12:18:01.112Z [swap-event-filter] info: SwapEventFilter destroyed

      at Console.log (node_modules/winston/lib/winston/transports/console.js:87:23)

    console.log
      2026-02-02T12:18:01.124Z [swap-event-filter] info: SwapEventFilter initialized {"config":{"minUsdValue":10,"whaleThreshold":50000,"dedupWindowMs":5000,"aggregationWindowMs":5000,"maxDedupCacheSize":10000,"cleanupIntervalMs":30000}}

      at Console.log (node_modules/winston/lib/winston/transports/console.js:87:23)

    console.log
      2026-02-02T12:18:01.125Z [swap-event-filter] info: Whale alert detected {"usdValue":60000,"chain":"ethereum","dex":"uniswap_v3","pair":"0x1234567890123456789012345678901234567890"}

      at Console.log (node_modules/winston/lib/winston/transports/console.js:87:23)

    console.log
      2026-02-02T12:18:01.161Z [swap-event-filter] info: SwapEventFilter destroyed

      at Console.log (node_modules/winston/lib/winston/transports/console.js:87:23)

    console.log
      2026-02-02T12:18:01.163Z [swap-event-filter] info: SwapEventFilter initialized {"config":{"minUsdValue":10,"whaleThreshold":50000,"dedupWindowMs":5000,"aggregationWindowMs":5000,"maxDedupCacheSize":10000,"cleanupIntervalMs":30000}}

      at Console.log (node_modules/winston/lib/winston/transports/console.js:87:23)

    console.log
      2026-02-02T12:18:01.166Z [swap-event-filter] info: SwapEventFilter destroyed

      at Console.log (node_modules/winston/lib/winston/transports/console.js:87:23)

    console.log
      2026-02-02T12:18:01.168Z [swap-event-filter] info: SwapEventFilter initialized {"config":{"minUsdValue":10,"whaleThreshold":50000,"dedupWindowMs":5000,"aggregationWindowMs":5000,"maxDedupCacheSize":10000,"cleanupIntervalMs":30000}}

      at Console.log (node_modules/winston/lib/winston/transports/console.js:87:23)

    console.log
      2026-02-02T12:18:01.170Z [swap-event-filter] info: Whale alert detected {"usdValue":60000,"chain":"ethereum","dex":"uniswap_v3","pair":"0x1234567890123456789012345678901234567890"}

      at Console.log (node_modules/winston/lib/winston/transports/console.js:87:23)

    console.log
      2026-02-02T12:18:01.172Z [swap-event-filter] info: SwapEventFilter destroyed

      at Console.log (node_modules/winston/lib/winston/transports/console.js:87:23)

    console.log
      2026-02-02T12:18:01.174Z [swap-event-filter] info: SwapEventFilter initialized {"config":{"minUsdValue":10,"whaleThreshold":50000,"dedupWindowMs":5000,"aggregationWindowMs":5000,"maxDedupCacheSize":10000,"cleanupIntervalMs":30000}}

      at Console.log (node_modules/winston/lib/winston/transports/console.js:87:23)

    console.log
      2026-02-02T12:18:01.175Z [swap-event-filter] info: SwapEventFilter destroyed

      at Console.log (node_modules/winston/lib/winston/transports/console.js:87:23)

    console.log
      2026-02-02T12:18:01.176Z [swap-event-filter] info: SwapEventFilter initialized {"config":{"minUsdValue":10,"whaleThreshold":50000,"dedupWindowMs":5000,"aggregationWindowMs":5000,"maxDedupCacheSize":10000,"cleanupIntervalMs":30000}}

      at Console.log (node_modules/winston/lib/winston/transports/console.js:87:23)

    console.log
      2026-02-02T12:18:01.177Z [swap-event-filter] info: SwapEventFilter initialized {"config":{"minUsdValue":10,"whaleThreshold":50000,"dedupWindowMs":5000,"aggregationWindowMs":5000,"maxDedupCacheSize":10000,"cleanupIntervalMs":30000}}

      at Console.log (node_modules/winston/lib/winston/transports/console.js:87:23)

    console.log
      2026-02-02T12:18:01.179Z [swap-event-filter] info: SwapEventFilter destroyed

      at Console.log (node_modules/winston/lib/winston/transports/console.js:87:23)

    console.log
      2026-02-02T12:18:01.181Z [swap-event-filter] info: SwapEventFilter destroyed

      at Console.log (node_modules/winston/lib/winston/transports/console.js:87:23)

    console.log
      2026-02-02T12:18:01.187Z [swap-event-filter] info: SwapEventFilter initialized {"config":{"minUsdValue":10,"whaleThreshold":50000,"dedupWindowMs":5000,"aggregationWindowMs":5000,"maxDedupCacheSize":10000,"cleanupIntervalMs":30000}}

      at Console.log (node_modules/winston/lib/winston/transports/console.js:87:23)

    console.log
      2026-02-02T12:18:01.188Z [swap-event-filter] info: SwapEventFilter initialized {"config":{"minUsdValue":10,"whaleThreshold":50000,"dedupWindowMs":5000,"aggregationWindowMs":5000,"maxDedupCacheSize":10000,"cleanupIntervalMs":30000}}

      at Console.log (node_modules/winston/lib/winston/transports/console.js:87:23)

    console.log
      2026-02-02T12:18:01.189Z [swap-event-filter] info: SwapEventFilter destroyed

      at Console.log (node_modules/winston/lib/winston/transports/console.js:87:23)

    console.log
      2026-02-02T12:18:01.189Z [swap-event-filter] info: SwapEventFilter initialized {"config":{"minUsdValue":10,"whaleThreshold":50000,"dedupWindowMs":5000,"aggregationWindowMs":5000,"maxDedupCacheSize":10000,"cleanupIntervalMs":30000}}

      at Console.log (node_modules/winston/lib/winston/transports/console.js:87:23)

    console.log
      2026-02-02T12:18:01.190Z [swap-event-filter] info: SwapEventFilter destroyed

      at Console.log (node_modules/winston/lib/winston/transports/console.js:87:23)

    console.log
      2026-02-02T12:18:01.191Z [swap-event-filter] info: SwapEventFilter destroyed

      at Console.log (node_modules/winston/lib/winston/transports/console.js:87:23)

    console.log
      2026-02-02T12:18:01.192Z [swap-event-filter] info: SwapEventFilter initialized {"config":{"minUsdValue":10,"whaleThreshold":50000,"dedupWindowMs":5000,"aggregationWindowMs":5000,"maxDedupCacheSize":10000,"cleanupIntervalMs":30000}}

      at Console.log (node_modules/winston/lib/winston/transports/console.js:87:23)

    console.log
      2026-02-02T12:18:01.193Z [swap-event-filter] info: SwapEventFilter initialized {"config":{"minUsdValue":10,"whaleThreshold":50000,"dedupWindowMs":50,"aggregationWindowMs":5000,"maxDedupCacheSize":100,"cleanupIntervalMs":30000}}

      at Console.log (node_modules/winston/lib/winston/transports/console.js:87:23)

    console.log
      2026-02-02T12:18:01.312Z [swap-event-filter] info: SwapEventFilter destroyed

      at Console.log (node_modules/winston/lib/winston/transports/console.js:87:23)

    console.log
      2026-02-02T12:18:01.339Z [swap-event-filter] info: SwapEventFilter destroyed

      at Console.log (node_modules/winston/lib/winston/transports/console.js:87:23)

    console.log
      2026-02-02T12:18:01.344Z [swap-event-filter] info: SwapEventFilter initialized {"config":{"minUsdValue":10,"whaleThreshold":50000,"dedupWindowMs":5000,"aggregationWindowMs":5000,"maxDedupCacheSize":10000,"cleanupIntervalMs":30000}}

      at Console.log (node_modules/winston/lib/winston/transports/console.js:87:23)

    console.log
      2026-02-02T12:18:01.346Z [swap-event-filter] info: SwapEventFilter initialized {"config":{"minUsdValue":10,"whaleThreshold":50000,"dedupWindowMs":5000,"aggregationWindowMs":50,"maxDedupCacheSize":10000,"cleanupIntervalMs":30000}}

      at Console.log (node_modules/winston/lib/winston/transports/console.js:87:23)

    console.log
      2026-02-02T12:18:01.475Z [swap-event-filter] info: SwapEventFilter destroyed

      at Console.log (node_modules/winston/lib/winston/transports/console.js:87:23)

    console.log
      2026-02-02T12:18:01.476Z [swap-event-filter] info: SwapEventFilter destroyed

      at Console.log (node_modules/winston/lib/winston/transports/console.js:87:23)

    console.log
      2026-02-02T12:18:01.481Z [swap-event-filter] info: SwapEventFilter initialized {"config":{"minUsdValue":10,"whaleThreshold":50000,"dedupWindowMs":5000,"aggregationWindowMs":5000,"maxDedupCacheSize":10000,"cleanupIntervalMs":30000}}

      at Console.log (node_modules/winston/lib/winston/transports/console.js:87:23)

    console.log
      2026-02-02T12:18:01.487Z [swap-event-filter] info: SwapEventFilter destroyed

      at Console.log (node_modules/winston/lib/winston/transports/console.js:87:23)

    console.log
      2026-02-02T12:18:01.489Z [swap-event-filter] info: SwapEventFilter initialized {"config":{"minUsdValue":10,"whaleThreshold":50000,"dedupWindowMs":5000,"aggregationWindowMs":5000,"maxDedupCacheSize":10000,"cleanupIntervalMs":30000}}

      at Console.log (node_modules/winston/lib/winston/transports/console.js:87:23)

    console.log
      2026-02-02T12:18:01.492Z [swap-event-filter] info: Whale alert detected {"usdValue":1000000000,"chain":"ethereum","dex":"uniswap_v3","pair":"0x1234567890123456789012345678901234567890"}

      at Console.log (node_modules/winston/lib/winston/transports/console.js:87:23)

    console.log
      2026-02-02T12:18:01.494Z [swap-event-filter] info: SwapEventFilter destroyed

      at Console.log (node_modules/winston/lib/winston/transports/console.js:87:23)

    console.log
      2026-02-02T12:18:01.496Z [swap-event-filter] info: SwapEventFilter initialized {"config":{"minUsdValue":10,"whaleThreshold":50000,"dedupWindowMs":5000,"aggregationWindowMs":5000,"maxDedupCacheSize":10000,"cleanupIntervalMs":30000}}

      at Console.log (node_modules/winston/lib/winston/transports/console.js:87:23)

    console.log
      2026-02-02T12:18:01.498Z [swap-event-filter] info: SwapEventFilter destroyed

      at Console.log (node_modules/winston/lib/winston/transports/console.js:87:23)

    console.log
      2026-02-02T12:18:01.500Z [swap-event-filter] info: SwapEventFilter initialized {"config":{"minUsdValue":10,"whaleThreshold":50000,"dedupWindowMs":5000,"aggregationWindowMs":5000,"maxDedupCacheSize":10000,"cleanupIntervalMs":30000}}

      at Console.log (node_modules/winston/lib/winston/transports/console.js:87:23)

    console.log
      2026-02-02T12:18:01.664Z [swap-event-filter] info: SwapEventFilter destroyed

      at Console.log (node_modules/winston/lib/winston/transports/console.js:87:23)

    console.log
      2026-02-02T12:18:01.677Z [swap-event-filter] info: SwapEventFilter initialized {"config":{"minUsdValue":10,"whaleThreshold":50000,"dedupWindowMs":5000,"aggregationWindowMs":5000,"maxDedupCacheSize":10000,"cleanupIntervalMs":30000}}

      at Console.log (node_modules/winston/lib/winston/transports/console.js:87:23)

    console.log
      2026-02-02T12:18:01.683Z [swap-event-filter] info: SwapEventFilter destroyed

      at Console.log (node_modules/winston/lib/winston/transports/console.js:87:23)

    console.log
      2026-02-02T12:18:01.686Z [swap-event-filter] info: SwapEventFilter initialized {"config":{"minUsdValue":10,"whaleThreshold":50000,"dedupWindowMs":5000,"aggregationWindowMs":5000,"maxDedupCacheSize":10000,"cleanupIntervalMs":30000}}

      at Console.log (node_modules/winston/lib/winston/transports/console.js:87:23)

    console.log
      2026-02-02T12:18:01.688Z [swap-event-filter] info: SwapEventFilter initialized {"config":{"minUsdValue":10,"whaleThreshold":50000,"dedupWindowMs":5000,"aggregationWindowMs":5000,"maxDedupCacheSize":10000,"cleanupIntervalMs":30000}}

      at Console.log (node_modules/winston/lib/winston/transports/console.js:87:23)

    console.log
      2026-02-02T12:18:01.703Z [swap-event-filter] info: SwapEventFilter destroyed

      at Console.log (node_modules/winston/lib/winston/transports/console.js:87:23)

    console.log
      2026-02-02T12:18:01.704Z [swap-event-filter] warn: processEvent called on destroyed filter

      at Console.log (node_modules/winston/lib/winston/transports/console.js:87:23)

    console.log
      2026-02-02T12:18:01.709Z [swap-event-filter] info: SwapEventFilter destroyed

      at Console.log (node_modules/winston/lib/winston/transports/console.js:87:23)

    console.log
      2026-02-02T12:18:01.711Z [swap-event-filter] info: SwapEventFilter initialized {"config":{"minUsdValue":10,"whaleThreshold":50000,"dedupWindowMs":5000,"aggregationWindowMs":5000,"maxDedupCacheSize":10000,"cleanupIntervalMs":30000}}

      at Console.log (node_modules/winston/lib/winston/transports/console.js:87:23)

    console.log
      2026-02-02T12:18:01.712Z [swap-event-filter] info: SwapEventFilter initialized {"config":{"minUsdValue":10,"whaleThreshold":50000,"dedupWindowMs":5000,"aggregationWindowMs":5000,"maxDedupCacheSize":10000,"cleanupIntervalMs":30000}}

      at Console.log (node_modules/winston/lib/winston/transports/console.js:87:23)

    console.log
      2026-02-02T12:18:01.713Z [swap-event-filter] info: Whale alert detected {"usdValue":60000,"chain":"ethereum","dex":"uniswap_v3","pair":"0x1234567890123456789012345678901234567890"}

      at Console.log (node_modules/winston/lib/winston/transports/console.js:87:23)

    console.log
      2026-02-02T12:18:01.714Z [swap-event-filter] info: Whale alert detected {"usdValue":70000,"chain":"ethereum","dex":"uniswap_v3","pair":"0x1234567890123456789012345678901234567890"}

      at Console.log (node_modules/winston/lib/winston/transports/console.js:87:23)

    console.log
      2026-02-02T12:18:01.716Z [swap-event-filter] info: SwapEventFilter destroyed

      at Console.log (node_modules/winston/lib/winston/transports/console.js:87:23)

    console.log
      2026-02-02T12:18:01.717Z [swap-event-filter] info: SwapEventFilter destroyed

      at Console.log (node_modules/winston/lib/winston/transports/console.js:87:23)

    console.log
      2026-02-02T12:18:01.720Z [swap-event-filter] info: SwapEventFilter initialized {"config":{"minUsdValue":10,"whaleThreshold":50000,"dedupWindowMs":5000,"aggregationWindowMs":5000,"maxDedupCacheSize":10000,"cleanupIntervalMs":30000}}

      at Console.log (node_modules/winston/lib/winston/transports/console.js:87:23)

    console.log
      2026-02-02T12:18:01.721Z [swap-event-filter] info: SwapEventFilter initialized {"config":{"minUsdValue":10,"whaleThreshold":50000,"dedupWindowMs":5000,"aggregationWindowMs":50,"maxDedupCacheSize":10000,"cleanupIntervalMs":30000}}

      at Console.log (node_modules/winston/lib/winston/transports/console.js:87:23)

    console.log
      2026-02-02T12:18:01.901Z [swap-event-filter] info: SwapEventFilter destroyed

      at Console.log (node_modules/winston/lib/winston/transports/console.js:87:23)

    console.log
      2026-02-02T12:18:01.901Z [swap-event-filter] info: SwapEventFilter destroyed

      at Console.log (node_modules/winston/lib/winston/transports/console.js:87:23)

    console.log
      2026-02-02T12:18:01.903Z [swap-event-filter] info: SwapEventFilter initialized {"config":{"minUsdValue":10,"whaleThreshold":50000,"dedupWindowMs":5000,"aggregationWindowMs":5000,"maxDedupCacheSize":10000,"cleanupIntervalMs":30000}}

      at Console.log (node_modules/winston/lib/winston/transports/console.js:87:23)

    console.log
      2026-02-02T12:18:01.904Z [swap-event-filter] info: Whale alert detected {"usdValue":60000,"chain":"ethereum","dex":"uniswap_v3","pair":"0x1234567890123456789012345678901234567890"}

      at Console.log (node_modules/winston/lib/winston/transports/console.js:87:23)

    console.log
      2026-02-02T12:18:01.906Z [swap-event-filter] info: SwapEventFilter destroyed

      at Console.log (node_modules/winston/lib/winston/transports/console.js:87:23)

    console.log
      2026-02-02T12:18:01.907Z [swap-event-filter] info: SwapEventFilter initialized {"config":{"minUsdValue":10,"whaleThreshold":50000,"dedupWindowMs":5000,"aggregationWindowMs":5000,"maxDedupCacheSize":10000,"cleanupIntervalMs":30000}}

      at Console.log (node_modules/winston/lib/winston/transports/console.js:87:23)

    console.log
      2026-02-02T12:18:01.910Z [swap-event-filter] info: SwapEventFilter destroyed

      at Console.log (node_modules/winston/lib/winston/transports/console.js:87:23)

    console.log
      2026-02-02T12:18:01.914Z [swap-event-filter] info: SwapEventFilter initialized {"config":{"minUsdValue":10,"whaleThreshold":50000,"dedupWindowMs":5000,"aggregationWindowMs":50,"maxDedupCacheSize":10000,"cleanupIntervalMs":30000}}

      at Console.log (node_modules/winston/lib/winston/transports/console.js:87:23)

    console.log
      2026-02-02T12:18:02.019Z [swap-event-filter] info: SwapEventFilter destroyed

      at Console.log (node_modules/winston/lib/winston/transports/console.js:87:23)

    console.log
      2026-02-02T12:18:02.026Z [swap-event-filter] info: SwapEventFilter initialized {"config":{"minUsdValue":10,"whaleThreshold":50000,"dedupWindowMs":5000,"aggregationWindowMs":5000,"maxDedupCacheSize":10000,"cleanupIntervalMs":30000}}

      at Console.log (node_modules/winston/lib/winston/transports/console.js:87:23)

    console.log
      2026-02-02T12:18:02.035Z [swap-event-filter] info: Whale alert detected {"usdValue":100000,"chain":"ethereum","dex":"uniswap_v3","pair":"0x1234567890123456789012345678901234567890"}

      at Console.log (node_modules/winston/lib/winston/transports/console.js:87:23)

    console.log
      2026-02-02T12:18:02.041Z [swap-event-filter] info: SwapEventFilter destroyed

      at Console.log (node_modules/winston/lib/winston/transports/console.js:87:23)

PASS integration tests/integration/s3.3.1-solana-detector.integration.test.ts
PASS unit services/execution-engine/__tests__/unit/api/circuit-breaker-api.test.ts
PASS unit services/cross-chain-detector/src/__tests__/unit/opportunity-publisher.test.ts
PASS unit shared/core/__tests__/unit/websocket-manager.test.ts
PASS integration tests/integration/s3.2.1-avalanche-configuration.integration.test.ts
PASS integration tests/integration/s3.2.2-fantom-configuration.integration.test.ts (5.345 s)
PASS unit shared/core/__tests__/unit/arbitrage-calculator.test.ts
  ● Console

    console.warn
      [DEPRECATION] arbitrage-calculator.ts is deprecated. Import from components/price-calculator instead. First usage: safeBigIntDivision()

    [0m [90m 110 |[39m   [36mif[39m ([33m![39mdeprecationWarned) {
     [90m 111 |[39m     deprecationWarned [33m=[39m [36mtrue[39m[33m;[39m
    [31m[1m>[22m[39m[90m 112 |[39m     console[33m.[39mwarn(
     [90m     |[39m             [31m[1m^[22m[39m
     [90m 113 |[39m       [32m'[DEPRECATION] arbitrage-calculator.ts is deprecated. '[39m [33m+[39m
     [90m 114 |[39m       [32m'Import from components/price-calculator instead. '[39m [33m+[39m
     [90m 115 |[39m       [32m`First usage: ${funcName}()`[39m[0m

      at emitDeprecationWarning (shared/core/src/arbitrage-calculator.ts:112:13)
      at safeBigIntDivision (shared/core/src/arbitrage-calculator.ts:134:3)
      at Object.<anonymous> (shared/core/__tests__/unit/arbitrage-calculator.test.ts:56:30)

PASS unit shared/core/__tests__/unit/redis-streams/redis-streams-stream-consumer.test.ts (6.368 s)
  ● Console

    console.log
      2026-02-02T12:18:11.416Z [redis-streams] error: XREADGROUP error {"error":{},"config":{"streamName":"stream:test","groupName":"test-group","consumerName":"consumer-1"}}

      at Console.log (node_modules/winston/lib/winston/transports/console.js:87:23)

    console.log
      2026-02-02T12:18:11.475Z [redis-streams] error: XREADGROUP error {"error":{},"config":{"streamName":"stream:test","groupName":"test-group","consumerName":"consumer-1"}}

      at Console.log (node_modules/winston/lib/winston/transports/console.js:87:23)

PASS integration tests/integration/s3.3.2-solana-dex-configuration.integration.test.ts (5.073 s)
  ● Console

    console.log
      Total Solana DEXs configured: 7

      at Object.<anonymous> (tests/integration/s3.3.2-solana-dex-configuration.integration.test.ts:659:13)

    console.log
      Enabled Solana DEXs: 6

      at Object.<anonymous> (tests/integration/s3.3.2-solana-dex-configuration.integration.test.ts:666:13)

    console.log
      DEX type distribution: { aggregator: 1, amm: 1, clmm: 2, dlmm: 1, orderbook: 1, pmm: 1 }

      at Object.<anonymous> (tests/integration/s3.3.2-solana-dex-configuration.integration.test.ts:682:13)

    console.log
      Average Solana DEX fee: 18.57 basis points

      at Object.<anonymous> (tests/integration/s3.3.2-solana-dex-configuration.integration.test.ts:691:13)

PASS unit shared/core/__tests__/unit/price-oracle.test.ts (6.824 s)
  ● Console

    console.log
      2026-02-02T12:18:14.157Z [redis-client] error: Redis main client error {"error":{"code":"ECONNREFUSED"}}

      at Console.log (node_modules/winston/lib/winston/transports/console.js:87:23)

    console.log
      2026-02-02T12:18:14.242Z [redis-client] error: Redis main client error {"error":{"code":"ECONNREFUSED"}}

      at Console.log (node_modules/winston/lib/winston/transports/console.js:87:23)

    console.log
      2026-02-02T12:18:14.372Z [redis-client] error: Redis main client error {"error":{"code":"ECONNREFUSED"}}

      at Console.log (node_modules/winston/lib/winston/transports/console.js:87:23)

    console.log
      2026-02-02T12:18:14.553Z [redis-client] error: Redis main client error {"error":{"code":"ECONNREFUSED"}}

      at Console.log (node_modules/winston/lib/winston/transports/console.js:87:23)

    console.log
      2026-02-02T12:18:14.650Z [redis-client] error: Redis main client error {"error":{"code":"ECONNREFUSED"}}

      at Console.log (node_modules/winston/lib/winston/transports/console.js:87:23)

    console.log
      2026-02-02T12:18:14.739Z [redis-client] error: Redis main client error {"error":{"code":"ECONNREFUSED"}}

      at Console.log (node_modules/winston/lib/winston/transports/console.js:87:23)

    console.log
      2026-02-02T12:18:14.880Z [redis-client] error: Redis main client error {"error":{"code":"ECONNREFUSED"}}

      at Console.log (node_modules/winston/lib/winston/transports/console.js:87:23)

    console.log
      2026-02-02T12:18:15.157Z [redis-client] error: Redis main client error {"error":{"code":"ECONNREFUSED"}}

      at Console.log (node_modules/winston/lib/winston/transports/console.js:87:23)

PASS unit services/execution-engine/__tests__/unit/consumers/opportunity.consumer.test.ts (6.723 s)
PASS unit services/execution-engine/__tests__/unit/strategies/intra-chain.strategy.test.ts
PASS integration tests/integration/phase1-dex-adapters.integration.test.ts (21.453 s)
PASS integration tests/integration/s4.1.4-standby-service-deployment.integration.test.ts
PASS unit services/execution-engine/__tests__/unit/services/simulation/pending-state-simulator.test.ts (7.787 s)
  ● Console

    console.log
      Anvil not found. Integration tests will be skipped.

      at Object.<anonymous> (services/execution-engine/__tests__/unit/services/simulation/pending-state-simulator.test.ts:37:11)

PASS unit shared/core/__tests__/unit/redis-streams/redis-streams-consumer-groups.test.ts
  ● Console

    console.log
      2026-02-02T12:18:19.588Z [redis-streams] error: Error flushing batch {"error":{},"streamName":"stream:test","batchSize":2}

      at Console.log (node_modules/winston/lib/winston/transports/console.js:87:23)

    console.log
      2026-02-02T12:18:19.589Z [redis-streams] error: Flush failed after batch size reached {"error":{}}

      at Console.log (node_modules/winston/lib/winston/transports/console.js:87:23)

    console.log
      2026-02-02T12:18:19.667Z [redis-streams] error: Error flushing batch {"error":{},"streamName":"stream:test","batchSize":3}

      at Console.log (node_modules/winston/lib/winston/transports/console.js:87:23)

    console.log
      2026-02-02T12:18:19.673Z [redis-streams] error: Flush failed after batch size reached {"error":{}}

      at Console.log (node_modules/winston/lib/winston/transports/console.js:87:23)

PASS integration tests/integration/s3.3.4-solana-swap-parser.integration.test.ts
  ● Console

    console.log
      2026-02-02T12:18:19.968Z [solana-swap-parser] info: SolanaSwapParser initialized {"enabledDexes":["raydium","raydium-clmm","orca","meteora","phoenix","lifinity"],"minAmountThreshold":"0"}

      at Console.log (node_modules/winston/lib/winston/transports/console.js:87:23)

    console.log
      2026-02-02T12:18:20.017Z [solana-swap-parser] info: SolanaSwapParser initialized {"enabledDexes":["raydium","orca"],"minAmountThreshold":"0"}

      at Console.log (node_modules/winston/lib/winston/transports/console.js:87:23)

    console.log
      2026-02-02T12:18:20.025Z [solana-swap-parser] info: SolanaSwapParser initialized {"enabledDexes":["raydium","raydium-clmm","orca","meteora","phoenix","lifinity"],"minAmountThreshold":"1000000"}

      at Console.log (node_modules/winston/lib/winston/transports/console.js:87:23)

    console.log
      2026-02-02T12:18:20.070Z [solana-swap-parser] info: SolanaSwapParser initialized {"enabledDexes":["raydium","raydium-clmm","orca","meteora","phoenix","lifinity"],"minAmountThreshold":"0"}

      at Console.log (node_modules/winston/lib/winston/transports/console.js:87:23)

    console.log
      2026-02-02T12:18:20.074Z [solana-swap-parser] info: SwapParser config updated {"config":{"enabledDexes":["orca"],"minAmountThreshold":"0","parseJupiterRoutes":false}}

      at Console.log (node_modules/winston/lib/winston/transports/console.js:87:23)

    console.log
      2026-02-02T12:18:20.191Z [solana-swap-parser] info: SolanaSwapParser initialized {"enabledDexes":["raydium"],"minAmountThreshold":"0"}

      at Console.log (node_modules/winston/lib/winston/transports/console.js:87:23)

    console.log
      2026-02-02T12:18:20.191Z [solana-swap-parser] warn: SolanaSwapParser already initialized, config ignored. Use updateConfig() to modify. {"providedConfig":{"enabledDexes":["orca"]}}

      at Console.log (node_modules/winston/lib/winston/transports/console.js:87:23)

    console.log
      2026-02-02T12:18:20.195Z [solana-swap-parser] info: SolanaSwapParser initialized {"enabledDexes":["raydium","raydium-clmm","orca","meteora","phoenix","lifinity"],"minAmountThreshold":"0"}

      at Console.log (node_modules/winston/lib/winston/transports/console.js:87:23)

    console.log
      2026-02-02T12:18:20.197Z [solana-swap-parser] info: SolanaSwapParser initialized {"enabledDexes":["raydium","raydium-clmm","orca","meteora","phoenix","lifinity"],"minAmountThreshold":"0"}

      at Console.log (node_modules/winston/lib/winston/transports/console.js:87:23)

    console.log
      2026-02-02T12:18:20.203Z [solana-swap-parser] info: SolanaSwapParser initialized {"enabledDexes":["raydium","raydium-clmm","orca","meteora","phoenix","lifinity"],"minAmountThreshold":"0"}

      at Console.log (node_modules/winston/lib/winston/transports/console.js:87:23)

    console.log
      2026-02-02T12:18:20.205Z [solana-swap-parser] info: SolanaSwapParser initialized {"enabledDexes":["raydium","raydium-clmm","orca","meteora","phoenix","lifinity"],"minAmountThreshold":"0"}

      at Console.log (node_modules/winston/lib/winston/transports/console.js:87:23)

    console.log
      2026-02-02T12:18:20.208Z [solana-swap-parser] info: SolanaSwapParser initialized {"enabledDexes":["raydium","raydium-clmm","orca","meteora","phoenix","lifinity"],"minAmountThreshold":"0"}

      at Console.log (node_modules/winston/lib/winston/transports/console.js:87:23)

    console.log
      2026-02-02T12:18:20.244Z [solana-swap-parser] info: SolanaSwapParser initialized {"enabledDexes":["raydium","raydium-clmm","orca","meteora","phoenix","lifinity"],"minAmountThreshold":"0"}

      at Console.log (node_modules/winston/lib/winston/transports/console.js:87:23)

    console.log
      2026-02-02T12:18:20.248Z [solana-swap-parser] info: SolanaSwapParser initialized {"enabledDexes":["raydium","raydium-clmm","orca","meteora","phoenix","lifinity"],"minAmountThreshold":"0"}

      at Console.log (node_modules/winston/lib/winston/transports/console.js:87:23)

    console.log
      2026-02-02T12:18:20.250Z [solana-swap-parser] info: SolanaSwapParser initialized {"enabledDexes":["raydium","raydium-clmm","orca","meteora","phoenix","lifinity"],"minAmountThreshold":"0"}

      at Console.log (node_modules/winston/lib/winston/transports/console.js:87:23)

    console.log
      2026-02-02T12:18:20.254Z [solana-swap-parser] info: SolanaSwapParser initialized {"enabledDexes":["raydium","raydium-clmm","orca","meteora","phoenix","lifinity"],"minAmountThreshold":"0"}

      at Console.log (node_modules/winston/lib/winston/transports/console.js:87:23)

    console.log
      2026-02-02T12:18:20.268Z [solana-swap-parser] info: SolanaSwapParser initialized {"enabledDexes":["raydium","raydium-clmm","orca","meteora","phoenix","lifinity"],"minAmountThreshold":"0"}

      at Console.log (node_modules/winston/lib/winston/transports/console.js:87:23)

    console.log
      2026-02-02T12:18:20.272Z [solana-swap-parser] info: SolanaSwapParser initialized {"enabledDexes":["raydium","raydium-clmm","orca","meteora","phoenix","lifinity"],"minAmountThreshold":"0"}

      at Console.log (node_modules/winston/lib/winston/transports/console.js:87:23)

    console.log
      2026-02-02T12:18:20.278Z [solana-swap-parser] info: SolanaSwapParser initialized {"enabledDexes":["raydium","raydium-clmm","orca","meteora","phoenix","lifinity"],"minAmountThreshold":"0"}

      at Console.log (node_modules/winston/lib/winston/transports/console.js:87:23)

    console.log
      2026-02-02T12:18:20.284Z [solana-swap-parser] info: SolanaSwapParser initialized {"enabledDexes":["raydium","raydium-clmm","orca","meteora","phoenix","lifinity"],"minAmountThreshold":"0"}

      at Console.log (node_modules/winston/lib/winston/transports/console.js:87:23)

    console.log
      2026-02-02T12:18:20.302Z [solana-swap-parser] info: SolanaSwapParser initialized {"enabledDexes":["raydium","raydium-clmm","orca","meteora","phoenix","lifinity"],"minAmountThreshold":"0"}

      at Console.log (node_modules/winston/lib/winston/transports/console.js:87:23)

    console.log
      2026-02-02T12:18:20.307Z [solana-swap-parser] info: SolanaSwapParser initialized {"enabledDexes":["raydium","raydium-clmm","orca","meteora","phoenix","lifinity"],"minAmountThreshold":"0"}

      at Console.log (node_modules/winston/lib/winston/transports/console.js:87:23)

    console.log
      2026-02-02T12:18:20.313Z [solana-swap-parser] info: SolanaSwapParser initialized {"enabledDexes":["raydium","raydium-clmm","orca","meteora","phoenix","lifinity"],"minAmountThreshold":"0"}

      at Console.log (node_modules/winston/lib/winston/transports/console.js:87:23)

    console.log
      2026-02-02T12:18:20.321Z [solana-swap-parser] info: SolanaSwapParser initialized {"enabledDexes":["raydium","raydium-clmm","orca","meteora","phoenix","lifinity"],"minAmountThreshold":"0"}

      at Console.log (node_modules/winston/lib/winston/transports/console.js:87:23)

    console.log
      2026-02-02T12:18:20.336Z [solana-swap-parser] info: SolanaSwapParser initialized {"enabledDexes":["raydium","raydium-clmm","orca","meteora","phoenix","lifinity"],"minAmountThreshold":"0"}

      at Console.log (node_modules/winston/lib/winston/transports/console.js:87:23)

    console.log
      2026-02-02T12:18:20.339Z [solana-swap-parser] info: SolanaSwapParser initialized {"enabledDexes":["raydium","raydium-clmm","orca","meteora","phoenix","lifinity"],"minAmountThreshold":"0"}

      at Console.log (node_modules/winston/lib/winston/transports/console.js:87:23)

    console.log
      2026-02-02T12:18:20.353Z [solana-swap-parser] info: SolanaSwapParser initialized {"enabledDexes":["raydium","raydium-clmm","orca","meteora","phoenix","lifinity"],"minAmountThreshold":"0"}

      at Console.log (node_modules/winston/lib/winston/transports/console.js:87:23)

    console.log
      2026-02-02T12:18:20.365Z [solana-swap-parser] info: SolanaSwapParser initialized {"enabledDexes":["raydium","raydium-clmm","orca","meteora","phoenix","lifinity"],"minAmountThreshold":"0"}

      at Console.log (node_modules/winston/lib/winston/transports/console.js:87:23)

    console.log
      2026-02-02T12:18:20.369Z [solana-swap-parser] info: SolanaSwapParser initialized {"enabledDexes":["raydium","raydium-clmm","orca","meteora","phoenix","lifinity"],"minAmountThreshold":"0"}

      at Console.log (node_modules/winston/lib/winston/transports/console.js:87:23)

    console.log
      2026-02-02T12:18:20.371Z [solana-swap-parser] info: SolanaSwapParser initialized {"enabledDexes":["raydium","raydium-clmm","orca","meteora","phoenix","lifinity"],"minAmountThreshold":"0"}

      at Console.log (node_modules/winston/lib/winston/transports/console.js:87:23)

    console.log
      2026-02-02T12:18:20.373Z [solana-swap-parser] info: SolanaSwapParser initialized {"enabledDexes":["raydium","raydium-clmm","orca","meteora","phoenix","lifinity"],"minAmountThreshold":"0"}

      at Console.log (node_modules/winston/lib/winston/transports/console.js:87:23)

    console.log
      2026-02-02T12:18:20.377Z [solana-swap-parser] info: SolanaSwapParser initialized {"enabledDexes":["raydium","raydium-clmm","orca","meteora","phoenix","lifinity"],"minAmountThreshold":"0"}

      at Console.log (node_modules/winston/lib/winston/transports/console.js:87:23)

    console.log
      2026-02-02T12:18:20.378Z [solana-swap-parser] info: SolanaSwapParser initialized {"enabledDexes":["raydium","raydium-clmm","orca","meteora","phoenix","lifinity"],"minAmountThreshold":"500000000"}

      at Console.log (node_modules/winston/lib/winston/transports/console.js:87:23)

    console.log
      2026-02-02T12:18:20.380Z [solana-swap-parser] info: SolanaSwapParser initialized {"enabledDexes":["raydium","raydium-clmm","orca","meteora","phoenix","lifinity"],"minAmountThreshold":"0"}

      at Console.log (node_modules/winston/lib/winston/transports/console.js:87:23)

    console.log
      2026-02-02T12:18:20.384Z [solana-swap-parser] info: SolanaSwapParser initialized {"enabledDexes":["raydium","raydium-clmm","orca","meteora","phoenix","lifinity"],"minAmountThreshold":"0"}

      at Console.log (node_modules/winston/lib/winston/transports/console.js:87:23)

    console.log
      2026-02-02T12:18:20.386Z [solana-swap-parser] info: SolanaSwapParser initialized {"enabledDexes":["raydium","raydium-clmm","orca","meteora","phoenix","lifinity"],"minAmountThreshold":"0"}

      at Console.log (node_modules/winston/lib/winston/transports/console.js:87:23)

    console.log
      2026-02-02T12:18:20.388Z [solana-swap-parser] info: SolanaSwapParser initialized {"enabledDexes":["raydium","raydium-clmm","orca","meteora","phoenix","lifinity"],"minAmountThreshold":"0"}

      at Console.log (node_modules/winston/lib/winston/transports/console.js:87:23)

    console.log
      2026-02-02T12:18:20.390Z [solana-swap-parser] info: SolanaSwapParser initialized {"enabledDexes":["raydium","raydium-clmm","orca","meteora","phoenix","lifinity"],"minAmountThreshold":"0"}

      at Console.log (node_modules/winston/lib/winston/transports/console.js:87:23)

    console.log
      2026-02-02T12:18:20.392Z [solana-swap-parser] info: SolanaSwapParser initialized {"enabledDexes":["raydium","raydium-clmm","orca","meteora","phoenix","lifinity"],"minAmountThreshold":"0"}

      at Console.log (node_modules/winston/lib/winston/transports/console.js:87:23)

    console.log
      2026-02-02T12:18:20.403Z [solana-swap-parser] info: SolanaSwapParser initialized {"enabledDexes":["raydium","raydium-clmm","orca","meteora","phoenix","lifinity"],"minAmountThreshold":"0"}

      at Console.log (node_modules/winston/lib/winston/transports/console.js:87:23)

    console.log
      2026-02-02T12:18:20.411Z [solana-swap-parser] info: SolanaSwapParser initialized {"enabledDexes":["raydium","raydium-clmm","orca","meteora","phoenix","lifinity"],"minAmountThreshold":"0"}

      at Console.log (node_modules/winston/lib/winston/transports/console.js:87:23)

    console.log
      2026-02-02T12:18:20.427Z [solana-swap-parser] info: SolanaSwapParser initialized {"enabledDexes":["raydium","raydium-clmm","orca","meteora","phoenix","lifinity"],"minAmountThreshold":"0"}

      at Console.log (node_modules/winston/lib/winston/transports/console.js:87:23)

    console.log
      2026-02-02T12:18:20.431Z [solana-swap-parser] info: SolanaSwapParser initialized {"enabledDexes":["raydium","raydium-clmm","orca","meteora","phoenix","lifinity"],"minAmountThreshold":"0"}

      at Console.log (node_modules/winston/lib/winston/transports/console.js:87:23)

    console.log
      2026-02-02T12:18:20.433Z [solana-swap-parser] info: SolanaSwapParser initialized {"enabledDexes":["raydium","raydium-clmm","orca","meteora","phoenix","lifinity"],"minAmountThreshold":"0"}

      at Console.log (node_modules/winston/lib/winston/transports/console.js:87:23)

    console.log
      2026-02-02T12:18:20.440Z [solana-swap-parser] info: SolanaSwapParser initialized {"enabledDexes":["raydium","raydium-clmm","orca","meteora","phoenix","lifinity"],"minAmountThreshold":"0"}

      at Console.log (node_modules/winston/lib/winston/transports/console.js:87:23)

    console.log
      2026-02-02T12:18:20.445Z [solana-swap-parser] info: SolanaSwapParser initialized {"enabledDexes":["raydium","raydium-clmm","orca","meteora","phoenix","lifinity"],"minAmountThreshold":"0"}

      at Console.log (node_modules/winston/lib/winston/transports/console.js:87:23)

    console.log
      S3.3.4 Total planned tests: 93

      at Object.<anonymous> (tests/integration/s3.3.4-solana-swap-parser.integration.test.ts:1317:13)

PASS unit services/cross-chain-detector/src/__tests__/unit/bridge-predictor.test.ts
  ● Console

    console.log
      2026-02-02T12:18:20.830Z [bridge-predictor] info: Bridge predictor cleanup completed {"remainingBridges":0}

      at Console.log (node_modules/winston/lib/winston/transports/console.js:87:23)

    console.log
      2026-02-02T12:18:20.904Z [bridge-predictor] info: Bridge predictor cleanup completed {"remainingBridges":1}

      at Console.log (node_modules/winston/lib/winston/transports/console.js:87:23)

    console.log
      2026-02-02T12:18:21.496Z [bridge-predictor] info: Bridge predictor cleanup completed {"remainingBridges":1}

      at Console.log (node_modules/winston/lib/winston/transports/console.js:87:23)

PASS unit services/cross-chain-detector/src/__tests__/unit/detector.test.ts
PASS unit shared/core/__tests__/unit/fixes-regression.test.ts
PASS unit services/unified-detector/src/__tests__/unit/types-utils.test.ts
PASS unit shared/constants/__tests__/unit/config-consistency.test.ts
PASS unit shared/config/__tests__/unit/chains/chain-url-builder.test.ts
PASS unit services/cross-chain-detector/src/__tests__/unit/pending-opportunity.test.ts
PASS unit shared/core/__tests__/unit/professional-quality-monitor.test.ts
  ● Console

    console.log
      2026-02-02T12:18:25.197Z [professional-quality-monitor] info: Professional Quality Monitor initialized

      at Console.log (node_modules/winston/lib/winston/transports/console.js:87:23)

    console.log
      2026-02-02T12:18:25.215Z [professional-quality-monitor] info: Professional Quality Monitor initialized

      at Console.log (node_modules/winston/lib/winston/transports/console.js:87:23)

    console.log
      2026-02-02T12:18:25.217Z [professional-quality-monitor] error: Failed to record detection result {"error":{}}

      at Console.log (node_modules/winston/lib/winston/transports/console.js:87:23)

    console.log
      2026-02-02T12:18:25.218Z [professional-quality-monitor] info: Professional Quality Monitor initialized

      at Console.log (node_modules/winston/lib/winston/transports/console.js:87:23)

    console.log
      2026-02-02T12:18:25.247Z [professional-quality-monitor] info: Professional quality score calculated {"overallScore":98,"grade":"A+","riskLevel":"LOW","assessmentPeriod":"1770031105242 - 1770034705242"}

      at Console.log (node_modules/winston/lib/winston/transports/console.js:87:23)

    console.log
      2026-02-02T12:18:25.254Z [professional-quality-monitor] info: Professional Quality Monitor initialized

      at Console.log (node_modules/winston/lib/winston/transports/console.js:87:23)

    console.log
      2026-02-02T12:18:25.258Z [professional-quality-monitor] info: Professional quality score calculated {"overallScore":98,"grade":"A+","riskLevel":"LOW","assessmentPeriod":"1770031105258 - 1770034705258"}

      at Console.log (node_modules/winston/lib/winston/transports/console.js:87:23)

    console.log
      2026-02-02T12:18:25.271Z [professional-quality-monitor] info: Professional Quality Monitor initialized

      at Console.log (node_modules/winston/lib/winston/transports/console.js:87:23)

    console.log
      2026-02-02T12:18:25.275Z [professional-quality-monitor] info: Professional quality score calculated {"overallScore":98,"grade":"A+","riskLevel":"LOW","assessmentPeriod":"1770031105275 - 1770034705275"}

      at Console.log (node_modules/winston/lib/winston/transports/console.js:87:23)

    console.log
      2026-02-02T12:18:25.281Z [professional-quality-monitor] info: Professional Quality Monitor initialized

      at Console.log (node_modules/winston/lib/winston/transports/console.js:87:23)

    console.log
      2026-02-02T12:18:25.287Z [professional-quality-monitor] info: Professional quality score calculated {"overallScore":98,"grade":"A+","riskLevel":"LOW","assessmentPeriod":"1770031105287 - 1770034705287"}

      at Console.log (node_modules/winston/lib/winston/transports/console.js:87:23)

    console.log
      2026-02-02T12:18:25.289Z [professional-quality-monitor] info: Professional Quality Monitor initialized

      at Console.log (node_modules/winston/lib/winston/transports/console.js:87:23)

    console.log
      2026-02-02T12:18:25.291Z [professional-quality-monitor] info: Professional Quality Monitor initialized

      at Console.log (node_modules/winston/lib/winston/transports/console.js:87:23)

    console.log
      2026-02-02T12:18:25.292Z [professional-quality-monitor] info: Professional Quality Monitor initialized

      at Console.log (node_modules/winston/lib/winston/transports/console.js:87:23)

    console.log
      2026-02-02T12:18:25.294Z [professional-quality-monitor] info: Professional Quality Monitor initialized

      at Console.log (node_modules/winston/lib/winston/transports/console.js:87:23)

    console.log
      2026-02-02T12:18:25.296Z [professional-quality-monitor] info: Professional Quality Monitor initialized

      at Console.log (node_modules/winston/lib/winston/transports/console.js:87:23)

    console.log
      2026-02-02T12:18:25.298Z [professional-quality-monitor] info: Professional Quality Monitor initialized

      at Console.log (node_modules/winston/lib/winston/transports/console.js:87:23)

    console.log
      2026-02-02T12:18:25.300Z [professional-quality-monitor] info: Professional Quality Monitor initialized

      at Console.log (node_modules/winston/lib/winston/transports/console.js:87:23)

    console.log
      2026-02-02T12:18:25.301Z [professional-quality-monitor] info: Professional Quality Monitor initialized

      at Console.log (node_modules/winston/lib/winston/transports/console.js:87:23)

    console.log
      2026-02-02T12:18:25.303Z [professional-quality-monitor] info: Professional quality score calculated {"overallScore":98,"grade":"A+","riskLevel":"LOW","assessmentPeriod":"1770031105302 - 1770034705302"}

      at Console.log (node_modules/winston/lib/winston/transports/console.js:87:23)

    console.log
      2026-02-02T12:18:25.303Z [professional-quality-monitor] info: Professional quality score calculated {"overallScore":98,"grade":"A+","riskLevel":"LOW","assessmentPeriod":"1770031105303 - 1770034705303"}

      at Console.log (node_modules/winston/lib/winston/transports/console.js:87:23)

    console.log
      2026-02-02T12:18:25.304Z [professional-quality-monitor] info: Professional quality score calculated {"overallScore":98,"grade":"A+","riskLevel":"LOW","assessmentPeriod":"1770031105304 - 1770034705304"}

      at Console.log (node_modules/winston/lib/winston/transports/console.js:87:23)

    console.log
      2026-02-02T12:18:25.305Z [professional-quality-monitor] info: Professional Quality Monitor initialized

      at Console.log (node_modules/winston/lib/winston/transports/console.js:87:23)

    console.log
      2026-02-02T12:18:25.306Z [professional-quality-monitor] info: Professional quality score calculated {"overallScore":98,"grade":"A+","riskLevel":"LOW","assessmentPeriod":"1770031105306 - 1770034705306"}

      at Console.log (node_modules/winston/lib/winston/transports/console.js:87:23)

    console.log
      2026-02-02T12:18:25.307Z [professional-quality-monitor] info: Professional quality score calculated {"overallScore":98,"grade":"A+","riskLevel":"LOW","assessmentPeriod":"1770031105307 - 1770034705307"}

      at Console.log (node_modules/winston/lib/winston/transports/console.js:87:23)

    console.log
      2026-02-02T12:18:25.308Z [professional-quality-monitor] info: Professional quality score calculated {"overallScore":98,"grade":"A+","riskLevel":"LOW","assessmentPeriod":"1770031105308 - 1770034705308"}

      at Console.log (node_modules/winston/lib/winston/transports/console.js:87:23)

    console.log
      2026-02-02T12:18:25.309Z [professional-quality-monitor] info: Professional quality score calculated {"overallScore":98,"grade":"A+","riskLevel":"LOW","assessmentPeriod":"1770031105308 - 1770034705308"}

      at Console.log (node_modules/winston/lib/winston/transports/console.js:87:23)

    console.log
      2026-02-02T12:18:25.309Z [professional-quality-monitor] info: Professional quality score calculated {"overallScore":98,"grade":"A+","riskLevel":"LOW","assessmentPeriod":"1770031105309 - 1770034705309"}

      at Console.log (node_modules/winston/lib/winston/transports/console.js:87:23)

    console.log
      2026-02-02T12:18:25.310Z [professional-quality-monitor] info: Professional quality score calculated {"overallScore":98,"grade":"A+","riskLevel":"LOW","assessmentPeriod":"1770031105310 - 1770034705310"}

      at Console.log (node_modules/winston/lib/winston/transports/console.js:87:23)

    console.log
      2026-02-02T12:18:25.310Z [professional-quality-monitor] info: Professional quality score calculated {"overallScore":98,"grade":"A+","riskLevel":"LOW","assessmentPeriod":"1770031105310 - 1770034705310"}

      at Console.log (node_modules/winston/lib/winston/transports/console.js:87:23)

    console.log
      2026-02-02T12:18:25.311Z [professional-quality-monitor] info: Professional quality score calculated {"overallScore":98,"grade":"A+","riskLevel":"LOW","assessmentPeriod":"1770031105311 - 1770034705311"}

      at Console.log (node_modules/winston/lib/winston/transports/console.js:87:23)

    console.log
      2026-02-02T12:18:25.312Z [professional-quality-monitor] info: Professional quality score calculated {"overallScore":98,"grade":"A+","riskLevel":"LOW","assessmentPeriod":"1770031105312 - 1770034705312"}

      at Console.log (node_modules/winston/lib/winston/transports/console.js:87:23)

    console.log
      2026-02-02T12:18:25.313Z [professional-quality-monitor] info: Professional quality score calculated {"overallScore":98,"grade":"A+","riskLevel":"LOW","assessmentPeriod":"1770031105313 - 1770034705313"}

      at Console.log (node_modules/winston/lib/winston/transports/console.js:87:23)

    console.log
      2026-02-02T12:18:25.314Z [professional-quality-monitor] info: Professional quality score calculated {"overallScore":98,"grade":"A+","riskLevel":"LOW","assessmentPeriod":"1770031105314 - 1770034705314"}

      at Console.log (node_modules/winston/lib/winston/transports/console.js:87:23)

    console.log
      2026-02-02T12:18:25.314Z [professional-quality-monitor] info: Professional quality score calculated {"overallScore":98,"grade":"A+","riskLevel":"LOW","assessmentPeriod":"1770031105314 - 1770034705314"}

      at Console.log (node_modules/winston/lib/winston/transports/console.js:87:23)

    console.log
      2026-02-02T12:18:25.316Z [professional-quality-monitor] info: Professional quality score calculated {"overallScore":98,"grade":"A+","riskLevel":"LOW","assessmentPeriod":"1770031105316 - 1770034705316"}

      at Console.log (node_modules/winston/lib/winston/transports/console.js:87:23)

    console.log
      2026-02-02T12:18:25.317Z [professional-quality-monitor] info: Professional quality score calculated {"overallScore":98,"grade":"A+","riskLevel":"LOW","assessmentPeriod":"1770031105317 - 1770034705317"}

      at Console.log (node_modules/winston/lib/winston/transports/console.js:87:23)

    console.log
      2026-02-02T12:18:25.317Z [professional-quality-monitor] info: Professional quality score calculated {"overallScore":98,"grade":"A+","riskLevel":"LOW","assessmentPeriod":"1770031105317 - 1770034705317"}

      at Console.log (node_modules/winston/lib/winston/transports/console.js:87:23)

    console.log
      2026-02-02T12:18:25.318Z [professional-quality-monitor] info: Professional quality score calculated {"overallScore":98,"grade":"A+","riskLevel":"LOW","assessmentPeriod":"1770031105318 - 1770034705318"}

      at Console.log (node_modules/winston/lib/winston/transports/console.js:87:23)

    console.log
      2026-02-02T12:18:25.319Z [professional-quality-monitor] info: Professional quality score calculated {"overallScore":98,"grade":"A+","riskLevel":"LOW","assessmentPeriod":"1770031105319 - 1770034705319"}

      at Console.log (node_modules/winston/lib/winston/transports/console.js:87:23)

    console.log
      2026-02-02T12:18:25.319Z [professional-quality-monitor] info: Professional quality score calculated {"overallScore":98,"grade":"A+","riskLevel":"LOW","assessmentPeriod":"1770031105319 - 1770034705319"}

      at Console.log (node_modules/winston/lib/winston/transports/console.js:87:23)

    console.log
      2026-02-02T12:18:25.320Z [professional-quality-monitor] info: Professional quality score calculated {"overallScore":98,"grade":"A+","riskLevel":"LOW","assessmentPeriod":"1770031105320 - 1770034705320"}

      at Console.log (node_modules/winston/lib/winston/transports/console.js:87:23)

    console.log
      2026-02-02T12:18:25.321Z [professional-quality-monitor] info: Professional quality score calculated {"overallScore":98,"grade":"A+","riskLevel":"LOW","assessmentPeriod":"1770031105321 - 1770034705321"}

      at Console.log (node_modules/winston/lib/winston/transports/console.js:87:23)

    console.log
      2026-02-02T12:18:25.322Z [professional-quality-monitor] info: Professional quality score calculated {"overallScore":98,"grade":"A+","riskLevel":"LOW","assessmentPeriod":"1770031105322 - 1770034705322"}

      at Console.log (node_modules/winston/lib/winston/transports/console.js:87:23)

    console.log
      2026-02-02T12:18:25.322Z [professional-quality-monitor] info: Professional quality score calculated {"overallScore":98,"grade":"A+","riskLevel":"LOW","assessmentPeriod":"1770031105322 - 1770034705322"}

      at Console.log (node_modules/winston/lib/winston/transports/console.js:87:23)

    console.log
      2026-02-02T12:18:25.323Z [professional-quality-monitor] info: Professional quality score calculated {"overallScore":98,"grade":"A+","riskLevel":"LOW","assessmentPeriod":"1770031105323 - 1770034705323"}

      at Console.log (node_modules/winston/lib/winston/transports/console.js:87:23)

    console.log
      2026-02-02T12:18:25.325Z [professional-quality-monitor] info: Professional quality score calculated {"overallScore":98,"grade":"A+","riskLevel":"LOW","assessmentPeriod":"1770031105325 - 1770034705325"}

      at Console.log (node_modules/winston/lib/winston/transports/console.js:87:23)

    console.log
      2026-02-02T12:18:25.325Z [professional-quality-monitor] info: Professional quality score calculated {"overallScore":98,"grade":"A+","riskLevel":"LOW","assessmentPeriod":"1770031105325 - 1770034705325"}

      at Console.log (node_modules/winston/lib/winston/transports/console.js:87:23)

    console.log
      2026-02-02T12:18:25.330Z [professional-quality-monitor] info: Professional quality score calculated {"overallScore":98,"grade":"A+","riskLevel":"LOW","assessmentPeriod":"1770031105330 - 1770034705330"}

      at Console.log (node_modules/winston/lib/winston/transports/console.js:87:23)

    console.log
      2026-02-02T12:18:25.331Z [professional-quality-monitor] info: Professional quality score calculated {"overallScore":98,"grade":"A+","riskLevel":"LOW","assessmentPeriod":"1770031105331 - 1770034705331"}

      at Console.log (node_modules/winston/lib/winston/transports/console.js:87:23)

    console.log
      2026-02-02T12:18:25.332Z [professional-quality-monitor] info: Professional quality score calculated {"overallScore":98,"grade":"A+","riskLevel":"LOW","assessmentPeriod":"1770031105332 - 1770034705332"}

      at Console.log (node_modules/winston/lib/winston/transports/console.js:87:23)

    console.log
      2026-02-02T12:18:25.333Z [professional-quality-monitor] info: Professional quality score calculated {"overallScore":98,"grade":"A+","riskLevel":"LOW","assessmentPeriod":"1770031105333 - 1770034705333"}

      at Console.log (node_modules/winston/lib/winston/transports/console.js:87:23)

    console.log
      2026-02-02T12:18:25.333Z [professional-quality-monitor] info: Professional quality score calculated {"overallScore":98,"grade":"A+","riskLevel":"LOW","assessmentPeriod":"1770031105333 - 1770034705333"}

      at Console.log (node_modules/winston/lib/winston/transports/console.js:87:23)

    console.log
      2026-02-02T12:18:25.336Z [professional-quality-monitor] info: Professional quality score calculated {"overallScore":98,"grade":"A+","riskLevel":"LOW","assessmentPeriod":"1770031105336 - 1770034705336"}

      at Console.log (node_modules/winston/lib/winston/transports/console.js:87:23)

    console.log
      2026-02-02T12:18:25.338Z [professional-quality-monitor] info: Professional quality score calculated {"overallScore":98,"grade":"A+","riskLevel":"LOW","assessmentPeriod":"1770031105337 - 1770034705337"}

      at Console.log (node_modules/winston/lib/winston/transports/console.js:87:23)

    console.log
      2026-02-02T12:18:25.340Z [professional-quality-monitor] info: Professional quality score calculated {"overallScore":98,"grade":"A+","riskLevel":"LOW","assessmentPeriod":"1770031105340 - 1770034705340"}

      at Console.log (node_modules/winston/lib/winston/transports/console.js:87:23)

    console.log
      2026-02-02T12:18:25.342Z [professional-quality-monitor] info: Professional quality score calculated {"overallScore":98,"grade":"A+","riskLevel":"LOW","assessmentPeriod":"1770031105342 - 1770034705342"}

      at Console.log (node_modules/winston/lib/winston/transports/console.js:87:23)

    console.log
      2026-02-02T12:18:25.342Z [professional-quality-monitor] info: Professional quality score calculated {"overallScore":98,"grade":"A+","riskLevel":"LOW","assessmentPeriod":"1770031105342 - 1770034705342"}

      at Console.log (node_modules/winston/lib/winston/transports/console.js:87:23)

    console.log
      2026-02-02T12:18:25.346Z [professional-quality-monitor] info: Professional quality score calculated {"overallScore":98,"grade":"A+","riskLevel":"LOW","assessmentPeriod":"1770031105346 - 1770034705346"}

      at Console.log (node_modules/winston/lib/winston/transports/console.js:87:23)

    console.log
      2026-02-02T12:18:25.346Z [professional-quality-monitor] info: Professional quality score calculated {"overallScore":98,"grade":"A+","riskLevel":"LOW","assessmentPeriod":"1770031105346 - 1770034705346"}

      at Console.log (node_modules/winston/lib/winston/transports/console.js:87:23)

    console.log
      2026-02-02T12:18:25.348Z [professional-quality-monitor] info: Professional quality score calculated {"overallScore":98,"grade":"A+","riskLevel":"LOW","assessmentPeriod":"1770031105348 - 1770034705348"}

      at Console.log (node_modules/winston/lib/winston/transports/console.js:87:23)

    console.log
      2026-02-02T12:18:25.349Z [professional-quality-monitor] info: Professional quality score calculated {"overallScore":98,"grade":"A+","riskLevel":"LOW","assessmentPeriod":"1770031105349 - 1770034705349"}

      at Console.log (node_modules/winston/lib/winston/transports/console.js:87:23)

    console.log
      2026-02-02T12:18:25.349Z [professional-quality-monitor] info: Professional quality score calculated {"overallScore":98,"grade":"A+","riskLevel":"LOW","assessmentPeriod":"1770031105349 - 1770034705349"}

      at Console.log (node_modules/winston/lib/winston/transports/console.js:87:23)

    console.log
      2026-02-02T12:18:25.353Z [professional-quality-monitor] info: Professional quality score calculated {"overallScore":98,"grade":"A+","riskLevel":"LOW","assessmentPeriod":"1770031105353 - 1770034705353"}

      at Console.log (node_modules/winston/lib/winston/transports/console.js:87:23)

    console.log
      2026-02-02T12:18:25.357Z [professional-quality-monitor] info: Professional quality score calculated {"overallScore":98,"grade":"A+","riskLevel":"LOW","assessmentPeriod":"1770031105357 - 1770034705357"}

      at Console.log (node_modules/winston/lib/winston/transports/console.js:87:23)

    console.log
      2026-02-02T12:18:25.358Z [professional-quality-monitor] info: Professional quality score calculated {"overallScore":98,"grade":"A+","riskLevel":"LOW","assessmentPeriod":"1770031105358 - 1770034705358"}

      at Console.log (node_modules/winston/lib/winston/transports/console.js:87:23)

    console.log
      2026-02-02T12:18:25.365Z [professional-quality-monitor] info: Professional quality score calculated {"overallScore":98,"grade":"A+","riskLevel":"LOW","assessmentPeriod":"1770031105365 - 1770034705365"}

      at Console.log (node_modules/winston/lib/winston/transports/console.js:87:23)

    console.log
      2026-02-02T12:18:25.367Z [professional-quality-monitor] info: Professional quality score calculated {"overallScore":98,"grade":"A+","riskLevel":"LOW","assessmentPeriod":"1770031105367 - 1770034705367"}

      at Console.log (node_modules/winston/lib/winston/transports/console.js:87:23)

    console.log
      2026-02-02T12:18:25.368Z [professional-quality-monitor] info: Professional quality score calculated {"overallScore":98,"grade":"A+","riskLevel":"LOW","assessmentPeriod":"1770031105368 - 1770034705368"}

      at Console.log (node_modules/winston/lib/winston/transports/console.js:87:23)

    console.log
      2026-02-02T12:18:25.368Z [professional-quality-monitor] info: Professional quality score calculated {"overallScore":98,"grade":"A+","riskLevel":"LOW","assessmentPeriod":"1770031105368 - 1770034705368"}

      at Console.log (node_modules/winston/lib/winston/transports/console.js:87:23)

    console.log
      2026-02-02T12:18:25.371Z [professional-quality-monitor] info: Professional quality score calculated {"overallScore":98,"grade":"A+","riskLevel":"LOW","assessmentPeriod":"1770031105369 - 1770034705369"}

      at Console.log (node_modules/winston/lib/winston/transports/console.js:87:23)

    console.log
      2026-02-02T12:18:25.372Z [professional-quality-monitor] info: Professional quality score calculated {"overallScore":98,"grade":"A+","riskLevel":"LOW","assessmentPeriod":"1770031105372 - 1770034705372"}

      at Console.log (node_modules/winston/lib/winston/transports/console.js:87:23)

    console.log
      2026-02-02T12:18:25.373Z [professional-quality-monitor] info: Professional quality score calculated {"overallScore":98,"grade":"A+","riskLevel":"LOW","assessmentPeriod":"1770031105373 - 1770034705373"}

      at Console.log (node_modules/winston/lib/winston/transports/console.js:87:23)

    console.log
      2026-02-02T12:18:25.375Z [professional-quality-monitor] info: Professional quality score calculated {"overallScore":98,"grade":"A+","riskLevel":"LOW","assessmentPeriod":"1770031105375 - 1770034705375"}

      at Console.log (node_modules/winston/lib/winston/transports/console.js:87:23)

    console.log
      2026-02-02T12:18:25.376Z [professional-quality-monitor] info: Professional quality score calculated {"overallScore":98,"grade":"A+","riskLevel":"LOW","assessmentPeriod":"1770031105376 - 1770034705376"}

      at Console.log (node_modules/winston/lib/winston/transports/console.js:87:23)

    console.log
      2026-02-02T12:18:25.378Z [professional-quality-monitor] info: Professional quality score calculated {"overallScore":98,"grade":"A+","riskLevel":"LOW","assessmentPeriod":"1770031105378 - 1770034705378"}

      at Console.log (node_modules/winston/lib/winston/transports/console.js:87:23)

    console.log
      2026-02-02T12:18:25.379Z [professional-quality-monitor] info: Professional quality score calculated {"overallScore":98,"grade":"A+","riskLevel":"LOW","assessmentPeriod":"1770031105379 - 1770034705379"}

      at Console.log (node_modules/winston/lib/winston/transports/console.js:87:23)

    console.log
      2026-02-02T12:18:25.380Z [professional-quality-monitor] info: Professional quality score calculated {"overallScore":98,"grade":"A+","riskLevel":"LOW","assessmentPeriod":"1770031105380 - 1770034705380"}

      at Console.log (node_modules/winston/lib/winston/transports/console.js:87:23)

    console.log
      2026-02-02T12:18:25.381Z [professional-quality-monitor] info: Professional quality score calculated {"overallScore":98,"grade":"A+","riskLevel":"LOW","assessmentPeriod":"1770031105381 - 1770034705381"}

      at Console.log (node_modules/winston/lib/winston/transports/console.js:87:23)

    console.log
      2026-02-02T12:18:25.382Z [professional-quality-monitor] info: Professional quality score calculated {"overallScore":98,"grade":"A+","riskLevel":"LOW","assessmentPeriod":"1770031105382 - 1770034705382"}

      at Console.log (node_modules/winston/lib/winston/transports/console.js:87:23)

    console.log
      2026-02-02T12:18:25.383Z [professional-quality-monitor] info: Professional quality score calculated {"overallScore":98,"grade":"A+","riskLevel":"LOW","assessmentPeriod":"1770031105383 - 1770034705383"}

      at Console.log (node_modules/winston/lib/winston/transports/console.js:87:23)

    console.log
      2026-02-02T12:18:25.383Z [professional-quality-monitor] info: Professional quality score calculated {"overallScore":98,"grade":"A+","riskLevel":"LOW","assessmentPeriod":"1770031105383 - 1770034705383"}

      at Console.log (node_modules/winston/lib/winston/transports/console.js:87:23)

    console.log
      2026-02-02T12:18:25.384Z [professional-quality-monitor] info: Professional quality score calculated {"overallScore":98,"grade":"A+","riskLevel":"LOW","assessmentPeriod":"1770031105384 - 1770034705384"}

      at Console.log (node_modules/winston/lib/winston/transports/console.js:87:23)

    console.log
      2026-02-02T12:18:25.385Z [professional-quality-monitor] info: Professional quality score calculated {"overallScore":98,"grade":"A+","riskLevel":"LOW","assessmentPeriod":"1770031105385 - 1770034705385"}

      at Console.log (node_modules/winston/lib/winston/transports/console.js:87:23)

    console.log
      2026-02-02T12:18:25.386Z [professional-quality-monitor] info: Professional quality score calculated {"overallScore":98,"grade":"A+","riskLevel":"LOW","assessmentPeriod":"1770031105386 - 1770034705386"}

      at Console.log (node_modules/winston/lib/winston/transports/console.js:87:23)

    console.log
      2026-02-02T12:18:25.387Z [professional-quality-monitor] info: Professional quality score calculated {"overallScore":98,"grade":"A+","riskLevel":"LOW","assessmentPeriod":"1770031105387 - 1770034705387"}

      at Console.log (node_modules/winston/lib/winston/transports/console.js:87:23)

    console.log
      2026-02-02T12:18:25.388Z [professional-quality-monitor] info: Professional quality score calculated {"overallScore":98,"grade":"A+","riskLevel":"LOW","assessmentPeriod":"1770031105387 - 1770034705387"}

      at Console.log (node_modules/winston/lib/winston/transports/console.js:87:23)

    console.log
      2026-02-02T12:18:25.388Z [professional-quality-monitor] info: Professional quality score calculated {"overallScore":98,"grade":"A+","riskLevel":"LOW","assessmentPeriod":"1770031105388 - 1770034705388"}

      at Console.log (node_modules/winston/lib/winston/transports/console.js:87:23)

    console.log
      2026-02-02T12:18:25.389Z [professional-quality-monitor] info: Professional quality score calculated {"overallScore":98,"grade":"A+","riskLevel":"LOW","assessmentPeriod":"1770031105389 - 1770034705389"}

      at Console.log (node_modules/winston/lib/winston/transports/console.js:87:23)

    console.log
      2026-02-02T12:18:25.389Z [professional-quality-monitor] info: Professional quality score calculated {"overallScore":98,"grade":"A+","riskLevel":"LOW","assessmentPeriod":"1770031105389 - 1770034705389"}

      at Console.log (node_modules/winston/lib/winston/transports/console.js:87:23)

    console.log
      2026-02-02T12:18:25.390Z [professional-quality-monitor] info: Professional quality score calculated {"overallScore":98,"grade":"A+","riskLevel":"LOW","assessmentPeriod":"1770031105390 - 1770034705390"}

      at Console.log (node_modules/winston/lib/winston/transports/console.js:87:23)

    console.log
      2026-02-02T12:18:25.391Z [professional-quality-monitor] info: Professional quality score calculated {"overallScore":98,"grade":"A+","riskLevel":"LOW","assessmentPeriod":"1770031105391 - 1770034705391"}

      at Console.log (node_modules/winston/lib/winston/transports/console.js:87:23)

    console.log
      2026-02-02T12:18:25.392Z [professional-quality-monitor] info: Professional quality score calculated {"overallScore":98,"grade":"A+","riskLevel":"LOW","assessmentPeriod":"1770031105392 - 1770034705392"}

      at Console.log (node_modules/winston/lib/winston/transports/console.js:87:23)

    console.log
      2026-02-02T12:18:25.392Z [professional-quality-monitor] info: Professional quality score calculated {"overallScore":98,"grade":"A+","riskLevel":"LOW","assessmentPeriod":"1770031105392 - 1770034705392"}

      at Console.log (node_modules/winston/lib/winston/transports/console.js:87:23)

    console.log
      2026-02-02T12:18:25.393Z [professional-quality-monitor] info: Professional quality score calculated {"overallScore":98,"grade":"A+","riskLevel":"LOW","assessmentPeriod":"1770031105393 - 1770034705393"}

      at Console.log (node_modules/winston/lib/winston/transports/console.js:87:23)

    console.log
      2026-02-02T12:18:25.394Z [professional-quality-monitor] info: Professional quality score calculated {"overallScore":98,"grade":"A+","riskLevel":"LOW","assessmentPeriod":"1770031105394 - 1770034705394"}

      at Console.log (node_modules/winston/lib/winston/transports/console.js:87:23)

    console.log
      2026-02-02T12:18:25.395Z [professional-quality-monitor] info: Professional quality score calculated {"overallScore":98,"grade":"A+","riskLevel":"LOW","assessmentPeriod":"1770031105395 - 1770034705395"}

      at Console.log (node_modules/winston/lib/winston/transports/console.js:87:23)

    console.log
      2026-02-02T12:18:25.395Z [professional-quality-monitor] info: Professional quality score calculated {"overallScore":98,"grade":"A+","riskLevel":"LOW","assessmentPeriod":"1770031105395 - 1770034705395"}

      at Console.log (node_modules/winston/lib/winston/transports/console.js:87:23)

    console.log
      2026-02-02T12:18:25.396Z [professional-quality-monitor] info: Professional quality score calculated {"overallScore":98,"grade":"A+","riskLevel":"LOW","assessmentPeriod":"1770031105396 - 1770034705396"}

      at Console.log (node_modules/winston/lib/winston/transports/console.js:87:23)

    console.log
      2026-02-02T12:18:25.397Z [professional-quality-monitor] info: Professional quality score calculated {"overallScore":98,"grade":"A+","riskLevel":"LOW","assessmentPeriod":"1770031105397 - 1770034705397"}

      at Console.log (node_modules/winston/lib/winston/transports/console.js:87:23)

    console.log
      2026-02-02T12:18:25.398Z [professional-quality-monitor] info: Professional quality score calculated {"overallScore":98,"grade":"A+","riskLevel":"LOW","assessmentPeriod":"1770031105397 - 1770034705397"}

      at Console.log (node_modules/winston/lib/winston/transports/console.js:87:23)

    console.log
      2026-02-02T12:18:25.399Z [professional-quality-monitor] info: Professional quality score calculated {"overallScore":98,"grade":"A+","riskLevel":"LOW","assessmentPeriod":"1770031105399 - 1770034705399"}

      at Console.log (node_modules/winston/lib/winston/transports/console.js:87:23)

    console.log
      2026-02-02T12:18:25.399Z [professional-quality-monitor] info: Professional quality score calculated {"overallScore":98,"grade":"A+","riskLevel":"LOW","assessmentPeriod":"1770031105399 - 1770034705399"}

      at Console.log (node_modules/winston/lib/winston/transports/console.js:87:23)

    console.log
      2026-02-02T12:18:25.400Z [professional-quality-monitor] info: Professional quality score calculated {"overallScore":98,"grade":"A+","riskLevel":"LOW","assessmentPeriod":"1770031105400 - 1770034705400"}

      at Console.log (node_modules/winston/lib/winston/transports/console.js:87:23)

    console.log
      2026-02-02T12:18:25.401Z [professional-quality-monitor] info: Professional quality score calculated {"overallScore":98,"grade":"A+","riskLevel":"LOW","assessmentPeriod":"1770031105401 - 1770034705401"}

      at Console.log (node_modules/winston/lib/winston/transports/console.js:87:23)

    console.log
      2026-02-02T12:18:25.402Z [professional-quality-monitor] info: Professional quality score calculated {"overallScore":98,"grade":"A+","riskLevel":"LOW","assessmentPeriod":"1770031105401 - 1770034705401"}

      at Console.log (node_modules/winston/lib/winston/transports/console.js:87:23)

    console.log
      2026-02-02T12:18:25.402Z [professional-quality-monitor] info: Professional quality score calculated {"overallScore":98,"grade":"A+","riskLevel":"LOW","assessmentPeriod":"1770031105402 - 1770034705402"}

      at Console.log (node_modules/winston/lib/winston/transports/console.js:87:23)

    console.log
      2026-02-02T12:18:25.403Z [professional-quality-monitor] info: Professional quality score calculated {"overallScore":98,"grade":"A+","riskLevel":"LOW","assessmentPeriod":"1770031105403 - 1770034705403"}

      at Console.log (node_modules/winston/lib/winston/transports/console.js:87:23)

    console.log
      2026-02-02T12:18:25.403Z [professional-quality-monitor] info: Professional quality score calculated {"overallScore":98,"grade":"A+","riskLevel":"LOW","assessmentPeriod":"1770031105403 - 1770034705403"}

      at Console.log (node_modules/winston/lib/winston/transports/console.js:87:23)

    console.log
      2026-02-02T12:18:25.404Z [professional-quality-monitor] info: Professional quality score calculated {"overallScore":98,"grade":"A+","riskLevel":"LOW","assessmentPeriod":"1770031105404 - 1770034705404"}

      at Console.log (node_modules/winston/lib/winston/transports/console.js:87:23)

    console.log
      2026-02-02T12:18:25.405Z [professional-quality-monitor] info: Professional quality score calculated {"overallScore":98,"grade":"A+","riskLevel":"LOW","assessmentPeriod":"1770031105405 - 1770034705405"}

      at Console.log (node_modules/winston/lib/winston/transports/console.js:87:23)

    console.log
      2026-02-02T12:18:25.406Z [professional-quality-monitor] info: Professional quality score calculated {"overallScore":98,"grade":"A+","riskLevel":"LOW","assessmentPeriod":"1770031105406 - 1770034705406"}

      at Console.log (node_modules/winston/lib/winston/transports/console.js:87:23)

    console.log
      2026-02-02T12:18:25.407Z [professional-quality-monitor] info: Professional quality score calculated {"overallScore":98,"grade":"A+","riskLevel":"LOW","assessmentPeriod":"1770031105407 - 1770034705407"}

      at Console.log (node_modules/winston/lib/winston/transports/console.js:87:23)

    console.log
      2026-02-02T12:18:25.407Z [professional-quality-monitor] info: Professional quality score calculated {"overallScore":98,"grade":"A+","riskLevel":"LOW","assessmentPeriod":"1770031105407 - 1770034705407"}

      at Console.log (node_modules/winston/lib/winston/transports/console.js:87:23)

    console.log
      2026-02-02T12:18:25.408Z [professional-quality-monitor] info: Professional quality score calculated {"overallScore":98,"grade":"A+","riskLevel":"LOW","assessmentPeriod":"1770031105408 - 1770034705408"}

      at Console.log (node_modules/winston/lib/winston/transports/console.js:87:23)

    console.log
      2026-02-02T12:18:25.409Z [professional-quality-monitor] info: Professional quality score calculated {"overallScore":98,"grade":"A+","riskLevel":"LOW","assessmentPeriod":"1770031105408 - 1770034705408"}

      at Console.log (node_modules/winston/lib/winston/transports/console.js:87:23)

    console.log
      2026-02-02T12:18:25.409Z [professional-quality-monitor] info: Professional quality score calculated {"overallScore":98,"grade":"A+","riskLevel":"LOW","assessmentPeriod":"1770031105409 - 1770034705409"}

      at Console.log (node_modules/winston/lib/winston/transports/console.js:87:23)

    console.log
      2026-02-02T12:18:25.410Z [professional-quality-monitor] info: Professional quality score calculated {"overallScore":98,"grade":"A+","riskLevel":"LOW","assessmentPeriod":"1770031105410 - 1770034705410"}

      at Console.log (node_modules/winston/lib/winston/transports/console.js:87:23)

    console.log
      2026-02-02T12:18:25.410Z [professional-quality-monitor] info: Professional quality score calculated {"overallScore":98,"grade":"A+","riskLevel":"LOW","assessmentPeriod":"1770031105410 - 1770034705410"}

      at Console.log (node_modules/winston/lib/winston/transports/console.js:87:23)

    console.log
      2026-02-02T12:18:25.411Z [professional-quality-monitor] info: Professional quality score calculated {"overallScore":98,"grade":"A+","riskLevel":"LOW","assessmentPeriod":"1770031105411 - 1770034705411"}

      at Console.log (node_modules/winston/lib/winston/transports/console.js:87:23)

    console.log
      2026-02-02T12:18:25.412Z [professional-quality-monitor] info: Professional quality score calculated {"overallScore":98,"grade":"A+","riskLevel":"LOW","assessmentPeriod":"1770031105412 - 1770034705412"}

      at Console.log (node_modules/winston/lib/winston/transports/console.js:87:23)

    console.log
      2026-02-02T12:18:25.412Z [professional-quality-monitor] info: Professional quality score calculated {"overallScore":98,"grade":"A+","riskLevel":"LOW","assessmentPeriod":"1770031105412 - 1770034705412"}

      at Console.log (node_modules/winston/lib/winston/transports/console.js:87:23)

    console.log
      2026-02-02T12:18:25.413Z [professional-quality-monitor] info: Professional quality score calculated {"overallScore":98,"grade":"A+","riskLevel":"LOW","assessmentPeriod":"1770031105413 - 1770034705413"}

      at Console.log (node_modules/winston/lib/winston/transports/console.js:87:23)

    console.log
      2026-02-02T12:18:25.414Z [professional-quality-monitor] info: Professional quality score calculated {"overallScore":98,"grade":"A+","riskLevel":"LOW","assessmentPeriod":"1770031105414 - 1770034705414"}

      at Console.log (node_modules/winston/lib/winston/transports/console.js:87:23)

    console.log
      2026-02-02T12:18:25.414Z [professional-quality-monitor] info: Professional quality score calculated {"overallScore":98,"grade":"A+","riskLevel":"LOW","assessmentPeriod":"1770031105414 - 1770034705414"}

      at Console.log (node_modules/winston/lib/winston/transports/console.js:87:23)

    console.log
      2026-02-02T12:18:25.415Z [professional-quality-monitor] info: Professional quality score calculated {"overallScore":98,"grade":"A+","riskLevel":"LOW","assessmentPeriod":"1770031105415 - 1770034705415"}

      at Console.log (node_modules/winston/lib/winston/transports/console.js:87:23)

    console.log
      2026-02-02T12:18:25.416Z [professional-quality-monitor] info: Professional quality score calculated {"overallScore":98,"grade":"A+","riskLevel":"LOW","assessmentPeriod":"1770031105416 - 1770034705416"}

      at Console.log (node_modules/winston/lib/winston/transports/console.js:87:23)

    console.log
      2026-02-02T12:18:25.417Z [professional-quality-monitor] info: Professional quality score calculated {"overallScore":98,"grade":"A+","riskLevel":"LOW","assessmentPeriod":"1770031105417 - 1770034705417"}

      at Console.log (node_modules/winston/lib/winston/transports/console.js:87:23)

    console.log
      2026-02-02T12:18:25.419Z [professional-quality-monitor] info: Professional Quality Monitor initialized

      at Console.log (node_modules/winston/lib/winston/transports/console.js:87:23)

    console.log
      2026-02-02T12:18:25.421Z [professional-quality-monitor] error: Failed to get current quality score {"error":{}}

      at Console.log (node_modules/winston/lib/winston/transports/console.js:87:23)

    console.log
      2026-02-02T12:18:25.450Z [professional-quality-monitor] info: Professional Quality Monitor initialized

      at Console.log (node_modules/winston/lib/winston/transports/console.js:87:23)

    console.log
      2026-02-02T12:18:25.453Z [professional-quality-monitor] error: Failed to calculate quality score {"error":{}}

      at Console.log (node_modules/winston/lib/winston/transports/console.js:87:23)

PASS integration tests/integration/s2.1-optimism.integration.test.ts
  ● Console

    console.log
      Price calculation: 0.0031ms average (1000 iterations)

      at Object.<anonymous> (tests/integration/s2.1-optimism.integration.test.ts:688:13)

    console.log
      Arbitrage detection: 0.0075ms average (1000 iterations)

      at Object.<anonymous> (tests/integration/s2.1-optimism.integration.test.ts:708:13)

PASS unit services/execution-engine/__tests__/unit/strategies/flash-loan-providers/provider-factory.test.ts
PASS integration tests/integration/vault-model-dex-regression.integration.test.ts
PASS unit shared/core/__tests__/unit/service-state.test.ts
PASS unit shared/core/__tests__/unit/metrics-manager.test.ts
PASS unit shared/core/src/__tests__/unit/interval-manager.test.ts
PASS integration tests/integration/s2.2.4-token-coverage.integration.test.ts
PASS unit shared/core/__tests__/unit/worker-pool.test.ts
PASS unit services/execution-engine/__tests__/unit/services/simulation/simulation.service.test.ts
(node:35276) [DEP0169] DeprecationWarning: `url.parse()` behavior is not standardized and prone to errors that have security implications. Use the WHATWG URL API instead. CVEs are not issued for `url.parse()` vulnerabilities.
PASS unit shared/security/__tests__/unit/api-key-auth.test.ts
PASS unit shared/core/__tests__/unit/components/price-calculator.test.ts
PASS unit shared/security/__tests__/unit/auth.test.ts
PASS integration tests/integration/s2.2.2-base-dex-expansion.integration.test.ts
  ● Console

    console.log
      Pair generation (315 pairs): 0.24ms

      at Object.<anonymous> (tests/integration/s2.2.2-base-dex-expansion.integration.test.ts:507:13)

    console.log
      getEnabledDexes for Base: 0.0001ms average (1000 iterations)

      at Object.<anonymous> (tests/integration/s2.2.2-base-dex-expansion.integration.test.ts:522:13)

PASS unit services/execution-engine/__tests__/unit/services/simulation/base-simulation-provider.test.ts
PASS unit services/unified-detector/src/__tests__/unit/whale-alert-publisher.test.ts
PASS unit shared/core/__tests__/unit/adr-002-compliance.test.ts
PASS unit services/execution-engine/__tests__/unit/services/simulation/alchemy-provider.test.ts
PASS unit shared/core/__tests__/unit/correlation-analyzer.test.ts
  ● Console

    console.log
      2026-02-02T12:18:34.699Z [correlation-analyzer] info: CorrelationAnalyzer initialized {"coOccurrenceWindowMs":1000,"correlationUpdateIntervalMs":3600000,"maxTrackedPairs":5000,"minCoOccurrences":3}

      at Console.log (node_modules/winston/lib/winston/transports/console.js:87:23)

    console.log
      2026-02-02T12:18:34.717Z [correlation-analyzer] info: CorrelationAnalyzer initialized {"coOccurrenceWindowMs":1000,"correlationUpdateIntervalMs":3600000,"maxTrackedPairs":5000,"minCoOccurrences":3}

      at Console.log (node_modules/winston/lib/winston/transports/console.js:87:23)

    console.log
      2026-02-02T12:18:34.718Z [correlation-analyzer] info: CorrelationAnalyzer initialized {"coOccurrenceWindowMs":500,"correlationUpdateIntervalMs":30000,"maxTrackedPairs":100,"minCoOccurrences":5}

      at Console.log (node_modules/winston/lib/winston/transports/console.js:87:23)

    console.log
      2026-02-02T12:18:34.720Z [correlation-analyzer] info: CorrelationAnalyzer initialized {"coOccurrenceWindowMs":1000,"correlationUpdateIntervalMs":3600000,"maxTrackedPairs":5000,"minCoOccurrences":3}

      at Console.log (node_modules/winston/lib/winston/transports/console.js:87:23)

    console.log
      2026-02-02T12:18:34.722Z [correlation-analyzer] info: CorrelationAnalyzer initialized {"coOccurrenceWindowMs":1000,"correlationUpdateIntervalMs":3600000,"maxTrackedPairs":5000,"minCoOccurrences":3}

      at Console.log (node_modules/winston/lib/winston/transports/console.js:87:23)

    console.log
      2026-02-02T12:18:34.738Z [correlation-analyzer] info: CorrelationAnalyzer initialized {"coOccurrenceWindowMs":1000,"correlationUpdateIntervalMs":3600000,"maxTrackedPairs":5000,"minCoOccurrences":3}

      at Console.log (node_modules/winston/lib/winston/transports/console.js:87:23)

    console.log
      2026-02-02T12:18:34.740Z [correlation-analyzer] info: CorrelationAnalyzer initialized {"coOccurrenceWindowMs":1000,"correlationUpdateIntervalMs":3600000,"maxTrackedPairs":5000,"minCoOccurrences":3}

      at Console.log (node_modules/winston/lib/winston/transports/console.js:87:23)

    console.log
      2026-02-02T12:18:34.748Z [correlation-analyzer] info: CorrelationAnalyzer initialized {"coOccurrenceWindowMs":1000,"correlationUpdateIntervalMs":3600000,"maxTrackedPairs":5000,"minCoOccurrences":3}

      at Console.log (node_modules/winston/lib/winston/transports/console.js:87:23)

    console.log
      2026-02-02T12:18:34.754Z [correlation-analyzer] info: CorrelationAnalyzer initialized {"coOccurrenceWindowMs":1000,"correlationUpdateIntervalMs":3600000,"maxTrackedPairs":5000,"minCoOccurrences":3}

      at Console.log (node_modules/winston/lib/winston/transports/console.js:87:23)

    console.log
      2026-02-02T12:18:34.760Z [correlation-analyzer] info: CorrelationAnalyzer initialized {"coOccurrenceWindowMs":1000,"correlationUpdateIntervalMs":3600000,"maxTrackedPairs":5000,"minCoOccurrences":3}

      at Console.log (node_modules/winston/lib/winston/transports/console.js:87:23)

    console.log
      2026-02-02T12:18:34.764Z [correlation-analyzer] info: CorrelationAnalyzer initialized {"coOccurrenceWindowMs":1000,"correlationUpdateIntervalMs":3600000,"maxTrackedPairs":5000,"minCoOccurrences":3}

      at Console.log (node_modules/winston/lib/winston/transports/console.js:87:23)

    console.log
      2026-02-02T12:18:34.766Z [correlation-analyzer] info: CorrelationAnalyzer initialized {"coOccurrenceWindowMs":1000,"correlationUpdateIntervalMs":3600000,"maxTrackedPairs":5000,"minCoOccurrences":3}

      at Console.log (node_modules/winston/lib/winston/transports/console.js:87:23)

    console.log
      2026-02-02T12:18:34.772Z [correlation-analyzer] info: CorrelationAnalyzer initialized {"coOccurrenceWindowMs":1000,"correlationUpdateIntervalMs":3600000,"maxTrackedPairs":5000,"minCoOccurrences":3}

      at Console.log (node_modules/winston/lib/winston/transports/console.js:87:23)

    console.log
      2026-02-02T12:18:34.776Z [correlation-analyzer] info: CorrelationAnalyzer initialized {"coOccurrenceWindowMs":1000,"correlationUpdateIntervalMs":3600000,"maxTrackedPairs":5000,"minCoOccurrences":1}

      at Console.log (node_modules/winston/lib/winston/transports/console.js:87:23)

    console.log
      2026-02-02T12:18:34.781Z [correlation-analyzer] info: CorrelationAnalyzer initialized {"coOccurrenceWindowMs":1000,"correlationUpdateIntervalMs":3600000,"maxTrackedPairs":5000,"minCoOccurrences":3}

      at Console.log (node_modules/winston/lib/winston/transports/console.js:87:23)

    console.log
      2026-02-02T12:18:34.784Z [correlation-analyzer] info: CorrelationAnalyzer initialized {"coOccurrenceWindowMs":100,"correlationUpdateIntervalMs":3600000,"maxTrackedPairs":5000,"minCoOccurrences":1}

      at Console.log (node_modules/winston/lib/winston/transports/console.js:87:23)

    console.log
      2026-02-02T12:18:34.788Z [correlation-analyzer] info: CorrelationAnalyzer initialized {"coOccurrenceWindowMs":1000,"correlationUpdateIntervalMs":3600000,"maxTrackedPairs":5000,"minCoOccurrences":3}

      at Console.log (node_modules/winston/lib/winston/transports/console.js:87:23)

    console.log
      2026-02-02T12:18:34.789Z [correlation-analyzer] info: CorrelationAnalyzer initialized {"coOccurrenceWindowMs":1000,"correlationUpdateIntervalMs":3600000,"maxTrackedPairs":5000,"minCoOccurrences":1}

      at Console.log (node_modules/winston/lib/winston/transports/console.js:87:23)

    console.log
      2026-02-02T12:18:34.796Z [correlation-analyzer] info: CorrelationAnalyzer initialized {"coOccurrenceWindowMs":1000,"correlationUpdateIntervalMs":3600000,"maxTrackedPairs":5000,"minCoOccurrences":3}

      at Console.log (node_modules/winston/lib/winston/transports/console.js:87:23)

    console.log
      2026-02-02T12:18:34.799Z [correlation-analyzer] info: CorrelationAnalyzer initialized {"coOccurrenceWindowMs":1000,"correlationUpdateIntervalMs":3600000,"maxTrackedPairs":5000,"minCoOccurrences":1}

      at Console.log (node_modules/winston/lib/winston/transports/console.js:87:23)

    console.log
      2026-02-02T12:18:34.802Z [correlation-analyzer] info: CorrelationAnalyzer initialized {"coOccurrenceWindowMs":1000,"correlationUpdateIntervalMs":3600000,"maxTrackedPairs":5000,"minCoOccurrences":3}

      at Console.log (node_modules/winston/lib/winston/transports/console.js:87:23)

    console.log
      2026-02-02T12:18:34.803Z [correlation-analyzer] info: CorrelationAnalyzer initialized {"coOccurrenceWindowMs":1000,"correlationUpdateIntervalMs":3600000,"maxTrackedPairs":5000,"minCoOccurrences":1}

      at Console.log (node_modules/winston/lib/winston/transports/console.js:87:23)

    console.log
      2026-02-02T12:18:34.806Z [correlation-analyzer] info: CorrelationAnalyzer initialized {"coOccurrenceWindowMs":1000,"correlationUpdateIntervalMs":3600000,"maxTrackedPairs":5000,"minCoOccurrences":3}

      at Console.log (node_modules/winston/lib/winston/transports/console.js:87:23)

    console.log
      2026-02-02T12:18:34.807Z [correlation-analyzer] info: CorrelationAnalyzer initialized {"coOccurrenceWindowMs":1000,"correlationUpdateIntervalMs":3600000,"maxTrackedPairs":5000,"minCoOccurrences":5}

      at Console.log (node_modules/winston/lib/winston/transports/console.js:87:23)

    console.log
      2026-02-02T12:18:34.813Z [correlation-analyzer] info: CorrelationAnalyzer initialized {"coOccurrenceWindowMs":1000,"correlationUpdateIntervalMs":3600000,"maxTrackedPairs":5000,"minCoOccurrences":3}

      at Console.log (node_modules/winston/lib/winston/transports/console.js:87:23)

    console.log
      2026-02-02T12:18:34.814Z [correlation-analyzer] info: CorrelationAnalyzer initialized {"coOccurrenceWindowMs":1000,"correlationUpdateIntervalMs":3600000,"maxTrackedPairs":5000,"minCoOccurrences":1}

      at Console.log (node_modules/winston/lib/winston/transports/console.js:87:23)

    console.log
      2026-02-02T12:18:34.822Z [correlation-analyzer] info: CorrelationAnalyzer initialized {"coOccurrenceWindowMs":1000,"correlationUpdateIntervalMs":3600000,"maxTrackedPairs":5000,"minCoOccurrences":3}

      at Console.log (node_modules/winston/lib/winston/transports/console.js:87:23)

    console.log
      2026-02-02T12:18:34.823Z [correlation-analyzer] info: CorrelationAnalyzer initialized {"coOccurrenceWindowMs":1000,"correlationUpdateIntervalMs":3600000,"maxTrackedPairs":5000,"minCoOccurrences":1}

      at Console.log (node_modules/winston/lib/winston/transports/console.js:87:23)

    console.log
      2026-02-02T12:18:34.825Z [correlation-analyzer] info: CorrelationAnalyzer initialized {"coOccurrenceWindowMs":1000,"correlationUpdateIntervalMs":3600000,"maxTrackedPairs":5000,"minCoOccurrences":3}

      at Console.log (node_modules/winston/lib/winston/transports/console.js:87:23)

    console.log
      2026-02-02T12:18:34.826Z [correlation-analyzer] info: CorrelationAnalyzer initialized {"coOccurrenceWindowMs":1000,"correlationUpdateIntervalMs":3600000,"maxTrackedPairs":5000,"minCoOccurrences":1}

      at Console.log (node_modules/winston/lib/winston/transports/console.js:87:23)

    console.log
      2026-02-02T12:18:34.829Z [correlation-analyzer] info: CorrelationAnalyzer initialized {"coOccurrenceWindowMs":1000,"correlationUpdateIntervalMs":3600000,"maxTrackedPairs":5000,"minCoOccurrences":3}

      at Console.log (node_modules/winston/lib/winston/transports/console.js:87:23)

    console.log
      2026-02-02T12:18:34.831Z [correlation-analyzer] info: CorrelationAnalyzer initialized {"coOccurrenceWindowMs":1000,"correlationUpdateIntervalMs":3600000,"maxTrackedPairs":5000,"minCoOccurrences":3}

      at Console.log (node_modules/winston/lib/winston/transports/console.js:87:23)

    console.log
      2026-02-02T12:18:34.832Z [correlation-analyzer] info: CorrelationAnalyzer initialized {"coOccurrenceWindowMs":100,"correlationUpdateIntervalMs":3600000,"maxTrackedPairs":5000,"minCoOccurrences":3}

      at Console.log (node_modules/winston/lib/winston/transports/console.js:87:23)

    console.log
      2026-02-02T12:18:34.834Z [correlation-analyzer] info: CorrelationAnalyzer initialized {"coOccurrenceWindowMs":1000,"correlationUpdateIntervalMs":3600000,"maxTrackedPairs":5000,"minCoOccurrences":3}

      at Console.log (node_modules/winston/lib/winston/transports/console.js:87:23)

    console.log
      2026-02-02T12:18:34.835Z [correlation-analyzer] info: CorrelationAnalyzer initialized {"coOccurrenceWindowMs":1000,"correlationUpdateIntervalMs":3600000,"maxTrackedPairs":5000,"minCoOccurrences":1}

      at Console.log (node_modules/winston/lib/winston/transports/console.js:87:23)

    console.log
      2026-02-02T12:18:34.838Z [correlation-analyzer] info: CorrelationAnalyzer initialized {"coOccurrenceWindowMs":1000,"correlationUpdateIntervalMs":3600000,"maxTrackedPairs":5000,"minCoOccurrences":3}

      at Console.log (node_modules/winston/lib/winston/transports/console.js:87:23)

    console.log
      2026-02-02T12:18:34.840Z [correlation-analyzer] info: CorrelationAnalyzer initialized {"coOccurrenceWindowMs":1000,"correlationUpdateIntervalMs":3600000,"maxTrackedPairs":5000,"minCoOccurrences":3}

      at Console.log (node_modules/winston/lib/winston/transports/console.js:87:23)

    console.log
      2026-02-02T12:18:34.846Z [correlation-analyzer] info: CorrelationAnalyzer initialized {"coOccurrenceWindowMs":1000,"correlationUpdateIntervalMs":3600000,"maxTrackedPairs":10,"minCoOccurrences":3}

      at Console.log (node_modules/winston/lib/winston/transports/console.js:87:23)

    console.log
      2026-02-02T12:18:34.850Z [correlation-analyzer] info: CorrelationAnalyzer initialized {"coOccurrenceWindowMs":1000,"correlationUpdateIntervalMs":3600000,"maxTrackedPairs":5000,"minCoOccurrences":3}

      at Console.log (node_modules/winston/lib/winston/transports/console.js:87:23)

    console.log
      2026-02-02T12:18:34.853Z [correlation-analyzer] info: CorrelationAnalyzer initialized {"coOccurrenceWindowMs":1000,"correlationUpdateIntervalMs":3600000,"maxTrackedPairs":5000,"minCoOccurrences":3}

      at Console.log (node_modules/winston/lib/winston/transports/console.js:87:23)

    console.log
      2026-02-02T12:18:34.867Z [correlation-analyzer] info: CorrelationAnalyzer initialized {"coOccurrenceWindowMs":1000,"correlationUpdateIntervalMs":3600000,"maxTrackedPairs":5000,"minCoOccurrences":3}

      at Console.log (node_modules/winston/lib/winston/transports/console.js:87:23)

    console.log
      2026-02-02T12:18:34.907Z [correlation-analyzer] info: CorrelationAnalyzer initialized {"coOccurrenceWindowMs":1000,"correlationUpdateIntervalMs":3600000,"maxTrackedPairs":5000,"minCoOccurrences":3}

      at Console.log (node_modules/winston/lib/winston/transports/console.js:87:23)

    console.log
      2026-02-02T12:18:34.908Z [correlation-analyzer] info: CorrelationAnalyzer initialized {"coOccurrenceWindowMs":1000,"correlationUpdateIntervalMs":3600000,"maxTrackedPairs":5000,"minCoOccurrences":1}

      at Console.log (node_modules/winston/lib/winston/transports/console.js:87:23)

    console.log
      2026-02-02T12:18:34.910Z [correlation-analyzer] info: CorrelationAnalyzer initialized {"coOccurrenceWindowMs":1000,"correlationUpdateIntervalMs":3600000,"maxTrackedPairs":5000,"minCoOccurrences":3}

      at Console.log (node_modules/winston/lib/winston/transports/console.js:87:23)

    console.log
      2026-02-02T12:18:34.914Z [correlation-analyzer] info: CorrelationAnalyzer initialized {"coOccurrenceWindowMs":1000,"correlationUpdateIntervalMs":3600000,"maxTrackedPairs":5000,"minCoOccurrences":3}

      at Console.log (node_modules/winston/lib/winston/transports/console.js:87:23)

    console.log
      2026-02-02T12:18:34.915Z [correlation-analyzer] info: CorrelationAnalyzer initialized {"coOccurrenceWindowMs":1000,"correlationUpdateIntervalMs":3600000,"maxTrackedPairs":5000,"minCoOccurrences":1}

      at Console.log (node_modules/winston/lib/winston/transports/console.js:87:23)

    console.log
      2026-02-02T12:18:34.916Z [correlation-analyzer] info: CorrelationAnalyzer initialized {"coOccurrenceWindowMs":1000,"correlationUpdateIntervalMs":3600000,"maxTrackedPairs":5000,"minCoOccurrences":1}

      at Console.log (node_modules/winston/lib/winston/transports/console.js:87:23)

    console.log
      2026-02-02T12:18:34.933Z [correlation-analyzer] info: CorrelationAnalyzer initialized {"coOccurrenceWindowMs":1000,"correlationUpdateIntervalMs":3600000,"maxTrackedPairs":5000,"minCoOccurrences":3}

      at Console.log (node_modules/winston/lib/winston/transports/console.js:87:23)

    console.log
      2026-02-02T12:18:34.938Z [correlation-analyzer] info: CorrelationAnalyzer initialized {"coOccurrenceWindowMs":1000,"correlationUpdateIntervalMs":3600000,"maxTrackedPairs":5000,"minCoOccurrences":3}

      at Console.log (node_modules/winston/lib/winston/transports/console.js:87:23)

    console.log
      2026-02-02T12:18:34.944Z [correlation-analyzer] info: CorrelationAnalyzer initialized {"coOccurrenceWindowMs":1000,"correlationUpdateIntervalMs":3600000,"maxTrackedPairs":5000,"minCoOccurrences":3}

      at Console.log (node_modules/winston/lib/winston/transports/console.js:87:23)

    console.log
      2026-02-02T12:18:34.949Z [correlation-analyzer] info: CorrelationAnalyzer initialized {"coOccurrenceWindowMs":1000,"correlationUpdateIntervalMs":3600000,"maxTrackedPairs":5000,"minCoOccurrences":3}

      at Console.log (node_modules/winston/lib/winston/transports/console.js:87:23)

    console.log
      2026-02-02T12:18:34.954Z [correlation-analyzer] info: CorrelationAnalyzer initialized {"coOccurrenceWindowMs":1000,"correlationUpdateIntervalMs":3600000,"maxTrackedPairs":5000,"minCoOccurrences":3}

      at Console.log (node_modules/winston/lib/winston/transports/console.js:87:23)

    console.log
      2026-02-02T12:18:34.956Z [correlation-analyzer] info: CorrelationAnalyzer initialized {"coOccurrenceWindowMs":1000,"correlationUpdateIntervalMs":3600000,"maxTrackedPairs":5000,"minCoOccurrences":3}

      at Console.log (node_modules/winston/lib/winston/transports/console.js:87:23)

    console.log
      2026-02-02T12:18:34.957Z [correlation-analyzer] info: CorrelationAnalyzer initialized {"coOccurrenceWindowMs":1000,"correlationUpdateIntervalMs":3600000,"maxTrackedPairs":5,"minCoOccurrences":3}

      at Console.log (node_modules/winston/lib/winston/transports/console.js:87:23)

    console.log
      2026-02-02T12:18:34.958Z [correlation-analyzer] info: CorrelationAnalyzer initialized {"coOccurrenceWindowMs":1000,"correlationUpdateIntervalMs":3600000,"maxTrackedPairs":5000,"minCoOccurrences":3}

      at Console.log (node_modules/winston/lib/winston/transports/console.js:87:23)

    console.log
      2026-02-02T12:18:34.959Z [correlation-analyzer] info: CorrelationAnalyzer initialized {"coOccurrenceWindowMs":100,"correlationUpdateIntervalMs":3600000,"maxTrackedPairs":5000,"minCoOccurrences":1}

      at Console.log (node_modules/winston/lib/winston/transports/console.js:87:23)

    console.log
      2026-02-02T12:18:34.961Z [correlation-analyzer] info: CorrelationAnalyzer initialized {"coOccurrenceWindowMs":1000,"correlationUpdateIntervalMs":3600000,"maxTrackedPairs":5000,"minCoOccurrences":3}

      at Console.log (node_modules/winston/lib/winston/transports/console.js:87:23)

    console.log
      2026-02-02T12:18:34.963Z [correlation-analyzer] info: CorrelationAnalyzer initialized {"coOccurrenceWindowMs":100,"correlationUpdateIntervalMs":3600000,"maxTrackedPairs":1000,"minCoOccurrences":1}

      at Console.log (node_modules/winston/lib/winston/transports/console.js:87:23)

    console.log
      2026-02-02T12:18:34.968Z [correlation-analyzer] info: CorrelationAnalyzer initialized {"coOccurrenceWindowMs":1000,"correlationUpdateIntervalMs":3600000,"maxTrackedPairs":5000,"minCoOccurrences":3}

      at Console.log (node_modules/winston/lib/winston/transports/console.js:87:23)

    console.log
      2026-02-02T12:18:34.970Z [correlation-analyzer] info: CorrelationAnalyzer initialized {"coOccurrenceWindowMs":100,"correlationUpdateIntervalMs":3600000,"maxTrackedPairs":5000,"minCoOccurrences":1}

      at Console.log (node_modules/winston/lib/winston/transports/console.js:87:23)

    console.log
      2026-02-02T12:18:34.973Z [correlation-analyzer] info: CorrelationAnalyzer initialized {"coOccurrenceWindowMs":1000,"correlationUpdateIntervalMs":3600000,"maxTrackedPairs":5000,"minCoOccurrences":3}

      at Console.log (node_modules/winston/lib/winston/transports/console.js:87:23)

    console.log
      2026-02-02T12:18:34.974Z [correlation-analyzer] info: CorrelationAnalyzer initialized {"coOccurrenceWindowMs":1000,"correlationUpdateIntervalMs":3600000,"maxTrackedPairs":10,"minCoOccurrences":1}

      at Console.log (node_modules/winston/lib/winston/transports/console.js:87:23)

    console.log
      2026-02-02T12:18:34.976Z [correlation-analyzer] info: CorrelationAnalyzer initialized {"coOccurrenceWindowMs":1000,"correlationUpdateIntervalMs":3600000,"maxTrackedPairs":5000,"minCoOccurrences":3}

      at Console.log (node_modules/winston/lib/winston/transports/console.js:87:23)

    console.log
      2026-02-02T12:18:34.977Z [correlation-analyzer] info: CorrelationAnalyzer initialized {"coOccurrenceWindowMs":1000,"correlationUpdateIntervalMs":3600000,"maxTrackedPairs":5,"minCoOccurrences":1}

      at Console.log (node_modules/winston/lib/winston/transports/console.js:87:23)

    console.log
      2026-02-02T12:18:34.979Z [correlation-analyzer] info: CorrelationAnalyzer initialized {"coOccurrenceWindowMs":1000,"correlationUpdateIntervalMs":3600000,"maxTrackedPairs":5000,"minCoOccurrences":3}

      at Console.log (node_modules/winston/lib/winston/transports/console.js:87:23)

    console.log
      2026-02-02T12:18:34.981Z [correlation-analyzer] info: CorrelationAnalyzer initialized {"coOccurrenceWindowMs":1000,"correlationUpdateIntervalMs":3600000,"maxTrackedPairs":5000,"minCoOccurrences":1}

      at Console.log (node_modules/winston/lib/winston/transports/console.js:87:23)

    console.log
      2026-02-02T12:18:34.983Z [correlation-analyzer] info: CorrelationAnalyzer initialized {"coOccurrenceWindowMs":1000,"correlationUpdateIntervalMs":3600000,"maxTrackedPairs":5000,"minCoOccurrences":3}

      at Console.log (node_modules/winston/lib/winston/transports/console.js:87:23)

    console.log
      2026-02-02T12:18:34.984Z [correlation-analyzer] info: CorrelationAnalyzer initialized {"coOccurrenceWindowMs":1000,"correlationUpdateIntervalMs":3600000,"maxTrackedPairs":5000,"minCoOccurrences":1}

      at Console.log (node_modules/winston/lib/winston/transports/console.js:87:23)

    console.log
      2026-02-02T12:18:34.986Z [correlation-analyzer] info: CorrelationAnalyzer initialized {"coOccurrenceWindowMs":1000,"correlationUpdateIntervalMs":3600000,"maxTrackedPairs":5000,"minCoOccurrences":3}

      at Console.log (node_modules/winston/lib/winston/transports/console.js:87:23)

    console.log
      2026-02-02T12:18:34.987Z [correlation-analyzer] info: CorrelationAnalyzer initialized {"coOccurrenceWindowMs":1000,"correlationUpdateIntervalMs":3600000,"maxTrackedPairs":5000,"minCoOccurrences":1}

      at Console.log (node_modules/winston/lib/winston/transports/console.js:87:23)

    console.log
      2026-02-02T12:18:34.988Z [correlation-analyzer] info: CorrelationAnalyzer initialized {"coOccurrenceWindowMs":1000,"correlationUpdateIntervalMs":3600000,"maxTrackedPairs":5000,"minCoOccurrences":3}

      at Console.log (node_modules/winston/lib/winston/transports/console.js:87:23)

    console.log
      2026-02-02T12:18:34.989Z [correlation-analyzer] info: CorrelationAnalyzer initialized {"coOccurrenceWindowMs":1000,"correlationUpdateIntervalMs":3600000,"maxTrackedPairs":5000,"minCoOccurrences":1}

      at Console.log (node_modules/winston/lib/winston/transports/console.js:87:23)

    console.log
      2026-02-02T12:18:34.990Z [correlation-analyzer] warn: beginBatch called while already in batch mode

      at Console.log (node_modules/winston/lib/winston/transports/console.js:87:23)

    console.log
      2026-02-02T12:18:34.992Z [correlation-analyzer] info: CorrelationAnalyzer initialized {"coOccurrenceWindowMs":1000,"correlationUpdateIntervalMs":3600000,"maxTrackedPairs":5000,"minCoOccurrences":3}

      at Console.log (node_modules/winston/lib/winston/transports/console.js:87:23)

    console.log
      2026-02-02T12:18:34.993Z [correlation-analyzer] info: CorrelationAnalyzer initialized {"coOccurrenceWindowMs":1000,"correlationUpdateIntervalMs":3600000,"maxTrackedPairs":5000,"minCoOccurrences":1}

      at Console.log (node_modules/winston/lib/winston/transports/console.js:87:23)

    console.log
      2026-02-02T12:18:34.994Z [correlation-analyzer] warn: endBatch called while not in batch mode

      at Console.log (node_modules/winston/lib/winston/transports/console.js:87:23)

    console.log
      2026-02-02T12:18:34.997Z [correlation-analyzer] info: CorrelationAnalyzer initialized {"coOccurrenceWindowMs":1000,"correlationUpdateIntervalMs":3600000,"maxTrackedPairs":5000,"minCoOccurrences":3}

      at Console.log (node_modules/winston/lib/winston/transports/console.js:87:23)

    console.log
      2026-02-02T12:18:35.000Z [correlation-analyzer] info: CorrelationAnalyzer initialized {"coOccurrenceWindowMs":1000,"correlationUpdateIntervalMs":3600000,"maxTrackedPairs":5000,"minCoOccurrences":1}

      at Console.log (node_modules/winston/lib/winston/transports/console.js:87:23)

PASS integration tests/integration/s3.3.5-solana-price-feed.integration.test.ts
PASS unit services/execution-engine/__tests__/unit/strategies/cross-chain.strategy.test.ts
PASS unit shared/core/__tests__/unit/performance-monitor.test.ts
PASS unit shared/core/__tests__/unit/error-handling.test.ts
PASS unit services/execution-engine/__tests__/unit/services/simulation/tenderly-provider.test.ts
PASS unit services/execution-engine/__tests__/unit/services/simulation/local-provider.test.ts
PASS unit shared/core/__tests__/unit/provider-health-scorer.test.ts
PASS unit services/execution-engine/__tests__/unit/services/provider.service.test.ts
PASS unit services/execution-engine/__tests__/unit/services/circuit-breaker.test.ts
PASS unit shared/core/__tests__/unit/mev-protection.test.ts
PASS unit services/cross-chain-detector/src/__tests__/unit/ml-prediction-manager.test.ts
PASS unit services/execution-engine/__tests__/unit/services/simulation/types.test.ts
PASS unit shared/config/__tests__/unit/dex-factories.test.ts
PASS unit shared/core/__tests__/unit/tier3-advanced.test.ts
  ● Console

    console.log
      2026-02-02T12:18:40.185Z [whale-activity-tracker] info: WhaleActivityTracker initialized {"whaleThresholdUsd":50000,"activityWindowMs":86400000,"maxTrackedWallets":100}

      at Console.log (node_modules/winston/lib/winston/transports/console.js:87:23)

    console.log
      2026-02-02T12:18:40.209Z [whale-activity-tracker] info: WhaleActivityTracker initialized {"whaleThresholdUsd":50000,"activityWindowMs":86400000,"maxTrackedWallets":100}

      at Console.log (node_modules/winston/lib/winston/transports/console.js:87:23)

    console.log
      2026-02-02T12:18:40.211Z [whale-activity-tracker] info: WhaleActivityTracker initialized {"whaleThresholdUsd":50000,"activityWindowMs":86400000,"maxTrackedWallets":100}

      at Console.log (node_modules/winston/lib/winston/transports/console.js:87:23)

    console.log
      2026-02-02T12:18:40.215Z [whale-activity-tracker] info: WhaleActivityTracker initialized {"whaleThresholdUsd":50000,"activityWindowMs":86400000,"maxTrackedWallets":100}

      at Console.log (node_modules/winston/lib/winston/transports/console.js:87:23)

    console.log
      2026-02-02T12:18:40.217Z [whale-activity-tracker] info: Whale signal generated {"type":"follow","token":"WETH","direction":"buy","confidence":0.7,"usdValue":70000}

      at Console.log (node_modules/winston/lib/winston/transports/console.js:87:23)

    console.log
      2026-02-02T12:18:40.218Z [whale-activity-tracker] info: Whale signal generated {"type":"follow","token":"WETH","direction":"buy","confidence":0.7,"usdValue":80000}

      at Console.log (node_modules/winston/lib/winston/transports/console.js:87:23)

    console.log
      2026-02-02T12:18:40.219Z [whale-activity-tracker] info: Whale signal generated {"type":"follow","token":"WETH","direction":"buy","confidence":0.7,"usdValue":90000}

      at Console.log (node_modules/winston/lib/winston/transports/console.js:87:23)

    console.log
      2026-02-02T12:18:40.221Z [whale-activity-tracker] info: WhaleActivityTracker initialized {"whaleThresholdUsd":50000,"activityWindowMs":86400000,"maxTrackedWallets":100}

      at Console.log (node_modules/winston/lib/winston/transports/console.js:87:23)

    console.log
      2026-02-02T12:18:40.223Z [whale-activity-tracker] info: Whale signal generated {"type":"follow","token":"WETH","direction":"buy","confidence":0.7,"usdValue":100000}

      at Console.log (node_modules/winston/lib/winston/transports/console.js:87:23)

    console.log
      2026-02-02T12:18:40.227Z [whale-activity-tracker] info: Whale signal generated {"type":"follow","token":"WETH","direction":"buy","confidence":0.7,"usdValue":100000}

      at Console.log (node_modules/winston/lib/winston/transports/console.js:87:23)

    console.log
      2026-02-02T12:18:40.230Z [whale-activity-tracker] info: Whale signal generated {"type":"follow","token":"WETH","direction":"buy","confidence":0.7,"usdValue":100000}

      at Console.log (node_modules/winston/lib/winston/transports/console.js:87:23)

    console.log
      2026-02-02T12:18:40.232Z [whale-activity-tracker] info: WhaleActivityTracker initialized {"whaleThresholdUsd":50000,"activityWindowMs":86400000,"maxTrackedWallets":100}

      at Console.log (node_modules/winston/lib/winston/transports/console.js:87:23)

    console.log
      2026-02-02T12:18:40.233Z [whale-activity-tracker] info: Whale signal generated {"type":"follow","token":"USDT","direction":"sell","confidence":0.65,"usdValue":100000}

      at Console.log (node_modules/winston/lib/winston/transports/console.js:87:23)

    console.log
      2026-02-02T12:18:40.234Z [whale-activity-tracker] info: Whale signal generated {"type":"follow","token":"USDT","direction":"sell","confidence":0.65,"usdValue":100000}

      at Console.log (node_modules/winston/lib/winston/transports/console.js:87:23)

    console.log
      2026-02-02T12:18:40.235Z [whale-activity-tracker] info: Whale signal generated {"type":"follow","token":"USDT","direction":"sell","confidence":0.65,"usdValue":100000}

      at Console.log (node_modules/winston/lib/winston/transports/console.js:87:23)

    console.log
      2026-02-02T12:18:40.236Z [whale-activity-tracker] info: WhaleActivityTracker initialized {"whaleThresholdUsd":50000,"activityWindowMs":86400000,"maxTrackedWallets":100}

      at Console.log (node_modules/winston/lib/winston/transports/console.js:87:23)

    console.log
      2026-02-02T12:18:40.237Z [whale-activity-tracker] info: Whale signal generated {"type":"follow","token":"WETH","direction":"buy","confidence":0.5,"usdValue":100000}

      at Console.log (node_modules/winston/lib/winston/transports/console.js:87:23)

    console.log
      2026-02-02T12:18:40.238Z [whale-activity-tracker] info: Whale signal generated {"type":"follow","token":"USDT","direction":"sell","confidence":0.5,"usdValue":100000}

      at Console.log (node_modules/winston/lib/winston/transports/console.js:87:23)

    console.log
      2026-02-02T12:18:40.239Z [whale-activity-tracker] info: Whale signal generated {"type":"follow","token":"WETH","direction":"buy","confidence":0.5,"usdValue":100000}

      at Console.log (node_modules/winston/lib/winston/transports/console.js:87:23)

    console.log
      2026-02-02T12:18:40.240Z [whale-activity-tracker] info: Whale signal generated {"type":"follow","token":"USDT","direction":"sell","confidence":0.5,"usdValue":100000}

      at Console.log (node_modules/winston/lib/winston/transports/console.js:87:23)

    console.log
      2026-02-02T12:18:40.241Z [whale-activity-tracker] info: WhaleActivityTracker initialized {"whaleThresholdUsd":50000,"activityWindowMs":86400000,"maxTrackedWallets":100}

      at Console.log (node_modules/winston/lib/winston/transports/console.js:87:23)

    console.log
      2026-02-02T12:18:40.242Z [whale-activity-tracker] info: WhaleActivityTracker initialized {"whaleThresholdUsd":50000,"activityWindowMs":86400000,"maxTrackedWallets":100}

      at Console.log (node_modules/winston/lib/winston/transports/console.js:87:23)

    console.log
      2026-02-02T12:18:40.243Z [whale-activity-tracker] info: Whale signal generated {"type":"front_run","token":"WETH","direction":"buy","confidence":0.55,"usdValue":100000}

      at Console.log (node_modules/winston/lib/winston/transports/console.js:87:23)

    console.log
      2026-02-02T12:18:40.244Z [whale-activity-tracker] info: Whale signal generated {"type":"front_run","token":"USDT","direction":"sell","confidence":0.55,"usdValue":100000}

      at Console.log (node_modules/winston/lib/winston/transports/console.js:87:23)

    console.log
      2026-02-02T12:18:40.245Z [whale-activity-tracker] info: Whale signal generated {"type":"front_run","token":"WETH","direction":"buy","confidence":0.55,"usdValue":100000}

      at Console.log (node_modules/winston/lib/winston/transports/console.js:87:23)

    console.log
      2026-02-02T12:18:40.246Z [whale-activity-tracker] info: Whale signal generated {"type":"front_run","token":"USDT","direction":"sell","confidence":0.55,"usdValue":100000}

      at Console.log (node_modules/winston/lib/winston/transports/console.js:87:23)

    console.log
      2026-02-02T12:18:40.248Z [whale-activity-tracker] info: WhaleActivityTracker initialized {"whaleThresholdUsd":50000,"activityWindowMs":86400000,"maxTrackedWallets":100}

      at Console.log (node_modules/winston/lib/winston/transports/console.js:87:23)

    console.log
      2026-02-02T12:18:40.249Z [whale-activity-tracker] info: Whale signal generated {"type":"follow","token":"WETH","direction":"buy","confidence":0.7,"usdValue":100000}

      at Console.log (node_modules/winston/lib/winston/transports/console.js:87:23)

    console.log
      2026-02-02T12:18:40.250Z [whale-activity-tracker] info: WhaleActivityTracker initialized {"whaleThresholdUsd":50000,"activityWindowMs":86400000,"maxTrackedWallets":100}

      at Console.log (node_modules/winston/lib/winston/transports/console.js:87:23)

    console.log
      2026-02-02T12:18:40.252Z [whale-activity-tracker] info: Whale signal generated {"type":"follow","token":"WETH","direction":"buy","confidence":0.7,"usdValue":100000}

      at Console.log (node_modules/winston/lib/winston/transports/console.js:87:23)

    console.log
      2026-02-02T12:18:40.252Z [whale-activity-tracker] info: Whale signal generated {"type":"follow","token":"WETH","direction":"buy","confidence":0.7,"usdValue":100000}

      at Console.log (node_modules/winston/lib/winston/transports/console.js:87:23)

    console.log
      2026-02-02T12:18:40.254Z [whale-activity-tracker] info: WhaleActivityTracker initialized {"whaleThresholdUsd":50000,"activityWindowMs":86400000,"maxTrackedWallets":100}

      at Console.log (node_modules/winston/lib/winston/transports/console.js:87:23)

    console.log
      2026-02-02T12:18:40.255Z [whale-activity-tracker] info: Whale signal generated {"type":"follow","token":"WETH","direction":"buy","confidence":0.7,"usdValue":100000}

      at Console.log (node_modules/winston/lib/winston/transports/console.js:87:23)

    console.log
      2026-02-02T12:18:40.256Z [whale-activity-tracker] info: Whale signal generated {"type":"follow","token":"WETH","direction":"buy","confidence":0.7,"usdValue":100000}

      at Console.log (node_modules/winston/lib/winston/transports/console.js:87:23)

    console.log
      2026-02-02T12:18:40.257Z [whale-activity-tracker] info: Whale signal generated {"type":"follow","token":"WETH","direction":"buy","confidence":0.7,"usdValue":100000}

      at Console.log (node_modules/winston/lib/winston/transports/console.js:87:23)

    console.log
      2026-02-02T12:18:40.258Z [whale-activity-tracker] info: WhaleActivityTracker initialized {"whaleThresholdUsd":50000,"activityWindowMs":86400000,"maxTrackedWallets":100}

      at Console.log (node_modules/winston/lib/winston/transports/console.js:87:23)

    console.log
      2026-02-02T12:18:40.260Z [whale-activity-tracker] info: Whale signal generated {"type":"follow","token":"WETH","direction":"buy","confidence":0.7,"usdValue":100000}

      at Console.log (node_modules/winston/lib/winston/transports/console.js:87:23)

    console.log
      2026-02-02T12:18:40.280Z [whale-activity-tracker] info: Whale signal generated {"type":"follow","token":"WETH","direction":"buy","confidence":0.85,"usdValue":600000}

      at Console.log (node_modules/winston/lib/winston/transports/console.js:87:23)

    console.log
      2026-02-02T12:18:40.282Z [whale-activity-tracker] info: WhaleActivityTracker initialized {"whaleThresholdUsd":50000,"activityWindowMs":86400000,"maxTrackedWallets":100}

      at Console.log (node_modules/winston/lib/winston/transports/console.js:87:23)

    console.log
      2026-02-02T12:18:40.284Z [whale-activity-tracker] info: Whale signal generated {"type":"follow","token":"WETH","direction":"buy","confidence":0.7,"usdValue":100000}

      at Console.log (node_modules/winston/lib/winston/transports/console.js:87:23)

    console.log
      2026-02-02T12:18:40.286Z [whale-activity-tracker] info: Whale signal generated {"type":"follow","token":"WETH","direction":"buy","confidence":0.7,"usdValue":100000}

      at Console.log (node_modules/winston/lib/winston/transports/console.js:87:23)

    console.log
      2026-02-02T12:18:40.287Z [whale-activity-tracker] info: WhaleActivityTracker initialized {"whaleThresholdUsd":50000,"activityWindowMs":86400000,"maxTrackedWallets":100}

      at Console.log (node_modules/winston/lib/winston/transports/console.js:87:23)

    console.log
      2026-02-02T12:18:40.288Z [whale-activity-tracker] info: Whale signal generated {"type":"follow","token":"WETH","direction":"buy","confidence":0.7,"usdValue":100000}

      at Console.log (node_modules/winston/lib/winston/transports/console.js:87:23)

    console.log
      2026-02-02T12:18:40.289Z [whale-activity-tracker] error: Signal handler error {"error":{}}

      at Console.log (node_modules/winston/lib/winston/transports/console.js:87:23)

    console.log
      2026-02-02T12:18:40.290Z [whale-activity-tracker] info: Whale signal generated {"type":"follow","token":"WETH","direction":"buy","confidence":0.7,"usdValue":100000}

      at Console.log (node_modules/winston/lib/winston/transports/console.js:87:23)

    console.log
      2026-02-02T12:18:40.291Z [whale-activity-tracker] error: Signal handler error {"error":{}}

      at Console.log (node_modules/winston/lib/winston/transports/console.js:87:23)

    console.log
      2026-02-02T12:18:40.294Z [whale-activity-tracker] info: WhaleActivityTracker initialized {"whaleThresholdUsd":50000,"activityWindowMs":86400000,"maxTrackedWallets":100}

      at Console.log (node_modules/winston/lib/winston/transports/console.js:87:23)

    console.log
      2026-02-02T12:18:40.299Z [whale-activity-tracker] info: WhaleActivityTracker initialized {"whaleThresholdUsd":50000,"activityWindowMs":86400000,"maxTrackedWallets":100}

      at Console.log (node_modules/winston/lib/winston/transports/console.js:87:23)

    console.log
      2026-02-02T12:18:40.302Z [whale-activity-tracker] info: WhaleActivityTracker initialized {"whaleThresholdUsd":50000,"activityWindowMs":86400000,"maxTrackedWallets":100}

      at Console.log (node_modules/winston/lib/winston/transports/console.js:87:23)

    console.log
      2026-02-02T12:18:40.304Z [whale-activity-tracker] info: WhaleActivityTracker initialized {"whaleThresholdUsd":50000,"activityWindowMs":86400000,"maxTrackedWallets":100}

      at Console.log (node_modules/winston/lib/winston/transports/console.js:87:23)

    console.log
      2026-02-02T12:18:40.308Z [whale-activity-tracker] info: Whale signal generated {"type":"follow","token":"WETH","direction":"buy","confidence":0.7,"usdValue":100000}

      at Console.log (node_modules/winston/lib/winston/transports/console.js:87:23)

    console.log
      2026-02-02T12:18:40.310Z [whale-activity-tracker] info: Whale signal generated {"type":"follow","token":"WETH","direction":"buy","confidence":0.7,"usdValue":100000}

      at Console.log (node_modules/winston/lib/winston/transports/console.js:87:23)

    console.log
      2026-02-02T12:18:40.311Z [whale-activity-tracker] info: Whale signal generated {"type":"follow","token":"WETH","direction":"buy","confidence":0.7,"usdValue":100000}

      at Console.log (node_modules/winston/lib/winston/transports/console.js:87:23)

    console.log
      2026-02-02T12:18:40.313Z [whale-activity-tracker] info: Whale signal generated {"type":"follow","token":"WETH","direction":"buy","confidence":0.7,"usdValue":100000}

      at Console.log (node_modules/winston/lib/winston/transports/console.js:87:23)

    console.log
      2026-02-02T12:18:40.314Z [whale-activity-tracker] info: Whale signal generated {"type":"follow","token":"USDT","direction":"sell","confidence":0.65,"usdValue":100000}

      at Console.log (node_modules/winston/lib/winston/transports/console.js:87:23)

    console.log
      2026-02-02T12:18:40.315Z [whale-activity-tracker] info: Whale signal generated {"type":"follow","token":"USDT","direction":"sell","confidence":0.65,"usdValue":100000}

      at Console.log (node_modules/winston/lib/winston/transports/console.js:87:23)

    console.log
      2026-02-02T12:18:40.318Z [whale-activity-tracker] info: WhaleActivityTracker initialized {"whaleThresholdUsd":50000,"activityWindowMs":86400000,"maxTrackedWallets":100}

      at Console.log (node_modules/winston/lib/winston/transports/console.js:87:23)

    console.log
      2026-02-02T12:18:40.319Z [whale-activity-tracker] info: WhaleActivityTracker initialized {"whaleThresholdUsd":50000,"activityWindowMs":86400000,"maxTrackedWallets":10}

      at Console.log (node_modules/winston/lib/winston/transports/console.js:87:23)

    console.log
      2026-02-02T12:18:40.323Z [whale-activity-tracker] info: WhaleActivityTracker initialized {"whaleThresholdUsd":50000,"activityWindowMs":86400000,"maxTrackedWallets":100}

      at Console.log (node_modules/winston/lib/winston/transports/console.js:87:23)

    console.log
      2026-02-02T12:18:40.325Z [whale-activity-tracker] info: WhaleActivityTracker initialized {"whaleThresholdUsd":50000,"activityWindowMs":86400000,"maxTrackedWallets":5000}

      at Console.log (node_modules/winston/lib/winston/transports/console.js:87:23)

    console.log
      2026-02-02T12:18:40.333Z [whale-activity-tracker] info: WhaleActivityTracker initialized {"whaleThresholdUsd":50000,"activityWindowMs":86400000,"maxTrackedWallets":100}

      at Console.log (node_modules/winston/lib/winston/transports/console.js:87:23)

    console.log
      2026-02-02T12:18:40.338Z [whale-activity-tracker] info: WhaleActivityTracker initialized {"whaleThresholdUsd":50000,"activityWindowMs":86400000,"maxTrackedWallets":5000}

      at Console.log (node_modules/winston/lib/winston/transports/console.js:87:23)

    console.log
      2026-02-02T12:18:40.344Z [whale-activity-tracker] info: WhaleActivityTracker initialized {"whaleThresholdUsd":50000,"activityWindowMs":86400000,"maxTrackedWallets":5000}

      at Console.log (node_modules/winston/lib/winston/transports/console.js:87:23)

    console.log
      2026-02-02T12:18:40.353Z [liquidity-depth-analyzer] info: LiquidityDepthAnalyzer initialized {"depthLevels":10,"maxTrackedPools":100,"cacheTtlMs":30000}

      at Console.log (node_modules/winston/lib/winston/transports/console.js:87:23)

    console.log
      2026-02-02T12:18:40.370Z [liquidity-depth-analyzer] info: LiquidityDepthAnalyzer initialized {"depthLevels":10,"maxTrackedPools":100,"cacheTtlMs":30000}

      at Console.log (node_modules/winston/lib/winston/transports/console.js:87:23)

    console.log
      2026-02-02T12:18:40.374Z [liquidity-depth-analyzer] info: LiquidityDepthAnalyzer initialized {"depthLevels":10,"maxTrackedPools":100,"cacheTtlMs":30000}

      at Console.log (node_modules/winston/lib/winston/transports/console.js:87:23)

    console.log
      2026-02-02T12:18:40.380Z [liquidity-depth-analyzer] info: LiquidityDepthAnalyzer initialized {"depthLevels":10,"maxTrackedPools":100,"cacheTtlMs":30000}

      at Console.log (node_modules/winston/lib/winston/transports/console.js:87:23)

    console.log
      2026-02-02T12:18:40.387Z [liquidity-depth-analyzer] info: LiquidityDepthAnalyzer initialized {"depthLevels":10,"maxTrackedPools":100,"cacheTtlMs":30000}

      at Console.log (node_modules/winston/lib/winston/transports/console.js:87:23)

    console.log
      2026-02-02T12:18:40.391Z [liquidity-depth-analyzer] info: LiquidityDepthAnalyzer initialized {"depthLevels":10,"maxTrackedPools":100,"cacheTtlMs":30000}

      at Console.log (node_modules/winston/lib/winston/transports/console.js:87:23)

    console.log
      2026-02-02T12:18:40.399Z [liquidity-depth-analyzer] info: LiquidityDepthAnalyzer initialized {"depthLevels":10,"maxTrackedPools":100,"cacheTtlMs":30000}

      at Console.log (node_modules/winston/lib/winston/transports/console.js:87:23)

    console.log
      2026-02-02T12:18:40.405Z [liquidity-depth-analyzer] info: LiquidityDepthAnalyzer initialized {"depthLevels":10,"maxTrackedPools":100,"cacheTtlMs":30000}

      at Console.log (node_modules/winston/lib/winston/transports/console.js:87:23)

    console.log
      2026-02-02T12:18:40.410Z [liquidity-depth-analyzer] info: LiquidityDepthAnalyzer initialized {"depthLevels":10,"maxTrackedPools":100,"cacheTtlMs":30000}

      at Console.log (node_modules/winston/lib/winston/transports/console.js:87:23)

    console.log
      2026-02-02T12:18:40.414Z [liquidity-depth-analyzer] info: LiquidityDepthAnalyzer initialized {"depthLevels":10,"maxTrackedPools":100,"cacheTtlMs":30000}

      at Console.log (node_modules/winston/lib/winston/transports/console.js:87:23)

    console.log
      2026-02-02T12:18:40.416Z [liquidity-depth-analyzer] info: LiquidityDepthAnalyzer initialized {"depthLevels":10,"maxTrackedPools":100,"cacheTtlMs":30000}

      at Console.log (node_modules/winston/lib/winston/transports/console.js:87:23)

    console.log
      2026-02-02T12:18:40.418Z [liquidity-depth-analyzer] info: LiquidityDepthAnalyzer initialized {"depthLevels":10,"maxTrackedPools":100,"cacheTtlMs":30000}

      at Console.log (node_modules/winston/lib/winston/transports/console.js:87:23)

    console.log
      2026-02-02T12:18:40.421Z [liquidity-depth-analyzer] info: LiquidityDepthAnalyzer initialized {"depthLevels":10,"maxTrackedPools":100,"cacheTtlMs":30000}

      at Console.log (node_modules/winston/lib/winston/transports/console.js:87:23)

    console.log
      2026-02-02T12:18:40.423Z [liquidity-depth-analyzer] info: LiquidityDepthAnalyzer initialized {"depthLevels":10,"maxTrackedPools":100,"cacheTtlMs":30000}

      at Console.log (node_modules/winston/lib/winston/transports/console.js:87:23)

    console.log
      2026-02-02T12:18:40.426Z [liquidity-depth-analyzer] info: LiquidityDepthAnalyzer initialized {"depthLevels":10,"maxTrackedPools":100,"cacheTtlMs":30000}

      at Console.log (node_modules/winston/lib/winston/transports/console.js:87:23)

    console.log
      2026-02-02T12:18:40.432Z [liquidity-depth-analyzer] info: LiquidityDepthAnalyzer initialized {"depthLevels":10,"maxTrackedPools":100,"cacheTtlMs":30000}

      at Console.log (node_modules/winston/lib/winston/transports/console.js:87:23)

    console.log
      2026-02-02T12:18:40.436Z [liquidity-depth-analyzer] info: LiquidityDepthAnalyzer initialized {"depthLevels":10,"maxTrackedPools":10,"cacheTtlMs":30000}

      at Console.log (node_modules/winston/lib/winston/transports/console.js:87:23)

    console.log
      2026-02-02T12:18:40.439Z [liquidity-depth-analyzer] info: LiquidityDepthAnalyzer initialized {"depthLevels":10,"maxTrackedPools":100,"cacheTtlMs":30000}

      at Console.log (node_modules/winston/lib/winston/transports/console.js:87:23)

    console.log
      2026-02-02T12:18:40.441Z [liquidity-depth-analyzer] info: LiquidityDepthAnalyzer initialized {"depthLevels":10,"maxTrackedPools":100,"cacheTtlMs":30000}

      at Console.log (node_modules/winston/lib/winston/transports/console.js:87:23)

    console.log
      2026-02-02T12:18:40.444Z [liquidity-depth-analyzer] info: LiquidityDepthAnalyzer initialized {"depthLevels":10,"maxTrackedPools":100,"cacheTtlMs":30000}

      at Console.log (node_modules/winston/lib/winston/transports/console.js:87:23)

    console.log
      2026-02-02T12:18:40.445Z [liquidity-depth-analyzer] info: LiquidityDepthAnalyzer initialized {"depthLevels":10,"maxTrackedPools":1000,"cacheTtlMs":30000}

      at Console.log (node_modules/winston/lib/winston/transports/console.js:87:23)

    console.log
      2026-02-02T12:18:40.447Z [liquidity-depth-analyzer] info: LiquidityDepthAnalyzer initialized {"depthLevels":10,"maxTrackedPools":100,"cacheTtlMs":30000}

      at Console.log (node_modules/winston/lib/winston/transports/console.js:87:23)

    console.log
      2026-02-02T12:18:40.448Z [liquidity-depth-analyzer] info: LiquidityDepthAnalyzer initialized {"depthLevels":10,"maxTrackedPools":1000,"cacheTtlMs":30000}

      at Console.log (node_modules/winston/lib/winston/transports/console.js:87:23)

    console.log
      2026-02-02T12:18:40.449Z [liquidity-depth-analyzer] info: LiquidityDepthAnalyzer initialized {"depthLevels":10,"maxTrackedPools":1000,"cacheTtlMs":30000}

      at Console.log (node_modules/winston/lib/winston/transports/console.js:87:23)

    console.log
      2026-02-02T12:18:40.451Z [liquidity-depth-analyzer] info: LiquidityDepthAnalyzer initialized {"depthLevels":10,"maxTrackedPools":100,"cacheTtlMs":30000}

      at Console.log (node_modules/winston/lib/winston/transports/console.js:87:23)

    console.log
      2026-02-02T12:18:40.453Z [liquidity-depth-analyzer] info: LiquidityDepthAnalyzer initialized {"depthLevels":10,"maxTrackedPools":100,"cacheTtlMs":30000}

      at Console.log (node_modules/winston/lib/winston/transports/console.js:87:23)

    console.log
      2026-02-02T12:18:40.455Z [liquidity-depth-analyzer] info: LiquidityDepthAnalyzer initialized {"depthLevels":10,"maxTrackedPools":100,"cacheTtlMs":30000}

      at Console.log (node_modules/winston/lib/winston/transports/console.js:87:23)

    console.log
      2026-02-02T12:18:40.458Z [liquidity-depth-analyzer] info: LiquidityDepthAnalyzer initialized {"depthLevels":10,"maxTrackedPools":100,"cacheTtlMs":30000}

      at Console.log (node_modules/winston/lib/winston/transports/console.js:87:23)

    console.log
      2026-02-02T12:18:40.461Z [liquidity-depth-analyzer] warn: Pool update skipped: missing poolAddress

      at Console.log (node_modules/winston/lib/winston/transports/console.js:87:23)

    console.log
      2026-02-02T12:18:40.464Z [liquidity-depth-analyzer] info: LiquidityDepthAnalyzer initialized {"depthLevels":10,"maxTrackedPools":100,"cacheTtlMs":30000}

      at Console.log (node_modules/winston/lib/winston/transports/console.js:87:23)

    console.log
      2026-02-02T12:18:40.465Z [liquidity-depth-analyzer] warn: Pool update skipped: negative reserves {"poolAddress":"0xPOOL648b5a36"}

      at Console.log (node_modules/winston/lib/winston/transports/console.js:87:23)

    console.log
      2026-02-02T12:18:40.466Z [liquidity-depth-analyzer] info: LiquidityDepthAnalyzer initialized {"depthLevels":10,"maxTrackedPools":100,"cacheTtlMs":30000}

      at Console.log (node_modules/winston/lib/winston/transports/console.js:87:23)

    console.log
      2026-02-02T12:18:40.467Z [liquidity-depth-analyzer] warn: Pool update skipped: invalid price {"poolAddress":"0xPOOL77c71ef5","price":0}

      at Console.log (node_modules/winston/lib/winston/transports/console.js:87:23)

    console.log
      2026-02-02T12:18:40.469Z [liquidity-depth-analyzer] info: LiquidityDepthAnalyzer initialized {"depthLevels":10,"maxTrackedPools":100,"cacheTtlMs":30000}

      at Console.log (node_modules/winston/lib/winston/transports/console.js:87:23)

    console.log
      2026-02-02T12:18:40.472Z [liquidity-depth-analyzer] warn: Pool update skipped: invalid price {"poolAddress":"0xPOOL6ce2e0ff","price":-100}

      at Console.log (node_modules/winston/lib/winston/transports/console.js:87:23)

    console.log
      2026-02-02T12:18:40.474Z [liquidity-depth-analyzer] info: LiquidityDepthAnalyzer initialized {"depthLevels":10,"maxTrackedPools":100,"cacheTtlMs":30000}

      at Console.log (node_modules/winston/lib/winston/transports/console.js:87:23)

    console.log
      2026-02-02T12:18:40.475Z [liquidity-depth-analyzer] warn: Pool update skipped: invalid price {"poolAddress":"0xPOOL2f5b8c68","price":null}

      at Console.log (node_modules/winston/lib/winston/transports/console.js:87:23)

    console.log
      2026-02-02T12:18:40.481Z [liquidity-depth-analyzer] info: LiquidityDepthAnalyzer initialized {"depthLevels":10,"maxTrackedPools":100,"cacheTtlMs":30000}

      at Console.log (node_modules/winston/lib/winston/transports/console.js:87:23)

    console.log
      2026-02-02T12:18:40.481Z [liquidity-depth-analyzer] warn: Pool update skipped: invalid price {"poolAddress":"0xPOOL09693e95","price":null}

      at Console.log (node_modules/winston/lib/winston/transports/console.js:87:23)

    console.log
      2026-02-02T12:18:40.486Z [liquidity-depth-analyzer] info: LiquidityDepthAnalyzer initialized {"depthLevels":10,"maxTrackedPools":100,"cacheTtlMs":30000}

      at Console.log (node_modules/winston/lib/winston/transports/console.js:87:23)

    console.log
      2026-02-02T12:18:40.488Z [liquidity-depth-analyzer] warn: Pool update skipped: invalid liquidityUsd {"poolAddress":"0xPOOLe9e6b39f"}

      at Console.log (node_modules/winston/lib/winston/transports/console.js:87:23)

    console.log
      2026-02-02T12:18:40.490Z [liquidity-depth-analyzer] info: LiquidityDepthAnalyzer initialized {"depthLevels":10,"maxTrackedPools":100,"cacheTtlMs":30000}

      at Console.log (node_modules/winston/lib/winston/transports/console.js:87:23)

    console.log
      2026-02-02T12:18:40.491Z [liquidity-depth-analyzer] warn: Pool update skipped: invalid liquidityUsd {"poolAddress":"0xPOOL450fd74b"}

      at Console.log (node_modules/winston/lib/winston/transports/console.js:87:23)

    console.log
      2026-02-02T12:18:40.494Z [liquidity-depth-analyzer] info: LiquidityDepthAnalyzer initialized {"depthLevels":10,"maxTrackedPools":100,"cacheTtlMs":30000}

      at Console.log (node_modules/winston/lib/winston/transports/console.js:87:23)

PASS unit services/unified-detector/src/__tests__/unit/chain-instance-manager.test.ts
PASS unit services/execution-engine/__tests__/unit/services/queue.service.test.ts
PASS unit shared/core/__tests__/unit/partition-router.test.ts
PASS unit shared/core/__tests__/unit/partition-service-utils.test.ts
PASS unit services/cross-chain-detector/src/__tests__/unit/stream-consumer.test.ts
PASS unit shared/core/__tests__/unit/jito-provider.test.ts
PASS unit shared/config/src/__tests__/unit/mev-config.test.ts
PASS unit services/execution-engine/__tests__/unit/services/simulation/anvil-manager.test.ts
  ● Console

    console.log
      Anvil not found. Integration tests will be skipped.

      at Object.<anonymous> (services/execution-engine/__tests__/unit/services/simulation/anvil-manager.test.ts:33:11)

PASS unit shared/core/__tests__/unit/components/pair-repository.test.ts
PASS unit services/execution-engine/__tests__/unit/strategies/flash-loan-providers/unsupported.provider.test.ts
PASS unit services/execution-engine/__tests__/unit/strategies/base.strategy.test.ts
PASS unit shared/core/__tests__/unit/async-mutex.test.ts
PASS unit shared/ml/__tests__/unit/feature-math.test.ts
PASS unit shared/core/__tests__/unit/adr-003-compliance.test.ts
PASS unit services/execution-engine/__tests__/unit/consumers/validation.test.ts
PASS unit services/cross-chain-detector/src/__tests__/unit/bridge-cost-estimator.test.ts
PASS unit shared/config/src/__tests__/unit/risk-config.test.ts
PASS unit shared/core/__tests__/unit/redis-streams/redis-streams-basic.test.ts
PASS unit shared/core/__tests__/unit/service-registry.test.ts
  ● Console

    console.log
      2026-02-02T12:18:47.619Z [service-registry] error: Service initialization failed: failing-service {"error":"Factory failed"}

      at Console.log (node_modules/winston/lib/winston/transports/console.js:87:23)

    console.log
      2026-02-02T12:18:47.645Z [service-registry] error: Service initialization failed: error-cached-service {"error":"Cached error"}

      at Console.log (node_modules/winston/lib/winston/transports/console.js:87:23)

    console.log
      2026-02-02T12:18:47.664Z [service-registry] warn: Service cleanup failed: cleanup-error-service {"error":"Cleanup failed"}

      at Console.log (node_modules/winston/lib/winston/transports/console.js:87:23)

    console.log
      2026-02-02T12:18:47.672Z [service-registry] error: Service initialization failed: retry-after-reset {"error":"Initial failure"}

      at Console.log (node_modules/winston/lib/winston/transports/console.js:87:23)

    console.log
      2026-02-02T12:18:47.718Z [service-registry] warn: Service cleanup failed: bad-service {"error":"Cleanup failed"}

      at Console.log (node_modules/winston/lib/winston/transports/console.js:87:23)
          at async Promise.allSettled (index 0)

PASS integration tests/integration/s3.1.3-partition-asia-fast.integration.test.ts
PASS unit shared/core/__tests__/unit/mev-risk-analyzer.test.ts
PASS unit shared/core/__tests__/unit/partitioned-detector.test.ts
PASS unit shared/core/__tests__/unit/dex-adapters/balancer-v2-adapter.test.ts
PASS unit shared/core/__tests__/unit/pair-discovery.test.ts
PASS unit services/cross-chain-detector/src/__tests__/unit/price-data-manager.test.ts
PASS unit shared/ml/__tests__/unit/direction-types.test.ts
PASS unit shared/core/__tests__/unit/dex-adapters/gmx-adapter.test.ts
PASS unit shared/config/src/__tests__/unit/thresholds.test.ts
PASS integration shared/core/__tests__/integration/phase1-phase2-integration.integration.test.ts
PASS unit shared/config/src/__tests__/unit/schemas.test.ts
PASS unit services/coordinator/__tests__/unit/leadership/leadership-election-service.test.ts
PASS unit services/unified-detector/src/__tests__/unit/opportunity-publisher.test.ts
PASS integration tests/integration/s3.1.2-partition-assignment.integration.test.ts
PASS unit shared/core/__tests__/unit/pair-activity-tracker.test.ts
  ● Console

    console.log
      2026-02-02T12:18:55.823Z [pair-activity-tracker] info: PairActivityTracker initialized {"windowMs":1000,"hotThreshold":2,"maxPairs":100}

      at Console.log (node_modules/winston/lib/winston/transports/console.js:87:23)

    console.log
      2026-02-02T12:18:55.837Z [pair-activity-tracker] info: PairActivityTracker initialized {"windowMs":1000,"hotThreshold":2,"maxPairs":100}

      at Console.log (node_modules/winston/lib/winston/transports/console.js:87:23)

    console.log
      2026-02-02T12:18:55.844Z [pair-activity-tracker] info: PairActivityTracker initialized {"windowMs":1000,"hotThreshold":2,"maxPairs":100}

      at Console.log (node_modules/winston/lib/winston/transports/console.js:87:23)

    console.log
      2026-02-02T12:18:55.862Z [pair-activity-tracker] info: PairActivityTracker initialized {"windowMs":1000,"hotThreshold":2,"maxPairs":100}

      at Console.log (node_modules/winston/lib/winston/transports/console.js:87:23)

    console.log
      2026-02-02T12:18:55.887Z [pair-activity-tracker] info: PairActivityTracker initialized {"windowMs":1000,"hotThreshold":2,"maxPairs":100}

      at Console.log (node_modules/winston/lib/winston/transports/console.js:87:23)

    console.log
      2026-02-02T12:18:55.906Z [pair-activity-tracker] info: PairActivityTracker initialized {"windowMs":1000,"hotThreshold":2,"maxPairs":100}

      at Console.log (node_modules/winston/lib/winston/transports/console.js:87:23)

    console.log
      2026-02-02T12:18:55.914Z [pair-activity-tracker] info: PairActivityTracker initialized {"windowMs":1000,"hotThreshold":2,"maxPairs":100}

      at Console.log (node_modules/winston/lib/winston/transports/console.js:87:23)

    console.log
      2026-02-02T12:18:55.942Z [pair-activity-tracker] info: PairActivityTracker initialized {"windowMs":1000,"hotThreshold":2,"maxPairs":100}

      at Console.log (node_modules/winston/lib/winston/transports/console.js:87:23)

    console.log
      2026-02-02T12:18:55.957Z [pair-activity-tracker] info: PairActivityTracker initialized {"windowMs":1000,"hotThreshold":2,"maxPairs":100}

      at Console.log (node_modules/winston/lib/winston/transports/console.js:87:23)

    console.log
      2026-02-02T12:18:55.969Z [pair-activity-tracker] info: PairActivityTracker initialized {"windowMs":1000,"hotThreshold":2,"maxPairs":100}

      at Console.log (node_modules/winston/lib/winston/transports/console.js:87:23)

    console.log
      2026-02-02T12:18:55.976Z [pair-activity-tracker] info: PairActivityTracker initialized {"windowMs":1000,"hotThreshold":2,"maxPairs":100}

      at Console.log (node_modules/winston/lib/winston/transports/console.js:87:23)

    console.log
      2026-02-02T12:18:55.986Z [pair-activity-tracker] info: PairActivityTracker initialized {"windowMs":1000,"hotThreshold":2,"maxPairs":100}

      at Console.log (node_modules/winston/lib/winston/transports/console.js:87:23)

    console.log
      2026-02-02T12:18:55.999Z [pair-activity-tracker] info: PairActivityTracker initialized {"windowMs":1000,"hotThreshold":2,"maxPairs":100}

      at Console.log (node_modules/winston/lib/winston/transports/console.js:87:23)

    console.log
      2026-02-02T12:18:56.001Z [pair-activity-tracker] info: PairActivityTracker initialized {"windowMs":1000,"hotThreshold":2,"maxPairs":100}

      at Console.log (node_modules/winston/lib/winston/transports/console.js:87:23)

    console.log
      2026-02-02T12:18:56.003Z [pair-activity-tracker] info: PairActivityTracker initialized {"windowMs":1000,"hotThreshold":2,"maxPairs":10}

      at Console.log (node_modules/winston/lib/winston/transports/console.js:87:23)

    console.log
      2026-02-02T12:18:56.023Z [pair-activity-tracker] info: PairActivityTracker initialized {"windowMs":1000,"hotThreshold":2,"maxPairs":100}

      at Console.log (node_modules/winston/lib/winston/transports/console.js:87:23)

    console.log
      2026-02-02T12:18:56.026Z [pair-activity-tracker] info: PairActivityTracker initialized {"windowMs":10000,"hotThreshold":2,"maxPairs":5000}

      at Console.log (node_modules/winston/lib/winston/transports/console.js:87:23)

    console.log
      2026-02-02T12:18:56.028Z [pair-activity-tracker] info: PairActivityTracker initialized {"windowMs":1000,"hotThreshold":2,"maxPairs":100}

      at Console.log (node_modules/winston/lib/winston/transports/console.js:87:23)

    console.log
      2026-02-02T12:18:56.029Z [pair-activity-tracker] info: PairActivityTracker initialized {"windowMs":5000,"hotThreshold":2,"maxPairs":5000}

      at Console.log (node_modules/winston/lib/winston/transports/console.js:87:23)

PASS integration tests/integration/s3.1.1-partitioned-detector.integration.test.ts
PASS unit services/unified-detector/src/__tests__/unit/metrics-collector.test.ts
PASS unit services/execution-engine/__tests__/unit/risk/risk-management-orchestrator.test.ts
PASS unit shared/core/__tests__/unit/cross-region-health.test.ts
PASS unit services/unified-detector/src/__tests__/unit/unified-detector.test.ts (5.945 s)
PASS unit shared/core/__tests__/unit/logging.test.ts
PASS unit shared/config/src/__tests__/unit/addresses.test.ts
PASS unit shared/core/__tests__/unit/factory-subscription.test.ts
PASS unit shared/core/__tests__/unit/dex-adapters/platypus-adapter.test.ts
PASS integration shared/core/__tests__/integration/detector-lifecycle.integration.test.ts
PASS unit services/unified-detector/src/__tests__/unit/subscription-migration.test.ts
PASS unit shared/core/__tests__/unit/bridge-router.test.ts
PASS unit shared/core/__tests__/unit/components/token-utils.test.ts
PASS unit shared/core/__tests__/unit/multi-leg-worker.test.ts
PASS unit shared/core/__tests__/unit/stream-health-monitor.test.ts
PASS unit shared/core/__tests__/unit/dex-adapters/adapter-registry.test.ts
PASS unit shared/core/__tests__/unit/graceful-degradation.test.ts
PASS integration tests/integration/s3.3.6-solana-arbitrage-detector.integration.test.ts (5.129 s)
  ● Console

    console.log
      SolanaArbitrageDetector initialized {
        chainId: 'solana',
        minProfitThreshold: 0.3,
        crossChainEnabled: true,
        triangularEnabled: true,
        hasStreamsClient: false
      }

      at new SolanaArbitrageDetector (services/partition-solana/src/arbitrage-detector.ts:255:17)

PASS unit shared/core/__tests__/unit/components/arbitrage-detector.test.ts
PASS integration tests/integration/s2.2.3-bsc-dex-expansion.integration.test.ts
PASS integration tests/integration/s2.2.5-pair-initialization.integration.test.ts
PASS unit shared/core/__tests__/unit/tier1-optimizations.test.ts
  ● Console

    console.log
      LRU Performance (10000 items):

      at Object.<anonymous> (shared/core/__tests__/unit/tier1-optimizations.test.ts:164:15)

    console.log
        Add:    5.50ms (0.550μs/op)

      at Object.<anonymous> (shared/core/__tests__/unit/tier1-optimizations.test.ts:165:15)

    console.log
        Touch:  2.33ms (0.931μs/op)

      at Object.<anonymous> (shared/core/__tests__/unit/tier1-optimizations.test.ts:166:15)

    console.log
        Remove: 0.94ms (0.377μs/op)

      at Object.<anonymous> (shared/core/__tests__/unit/tier1-optimizations.test.ts:167:15)

    console.log
        Evict:  4.46ms (0.594μs/op)

      at Object.<anonymous> (shared/core/__tests__/unit/tier1-optimizations.test.ts:168:15)

    console.log
      Token pair index lookup: 9.06ms for 10k lookups (0.906μs/op)

      at Object.<anonymous> (shared/core/__tests__/unit/tier1-optimizations.test.ts:520:15)

PASS unit shared/security/__tests__/unit/validation.test.ts
PASS integration tests/integration/s4.1.5-failover-scenarios.integration.test.ts
PASS unit services/execution-engine/__tests__/unit/strategies/flash-loan.strategy.test.ts
PASS unit shared/security/__tests__/unit/rate-limiter.test.ts
PASS integration tests/integration/s3.2.3-fantom-p1-integration.integration.test.ts
  ● Console

    console.log
      P1 Partition DEX Summary:

      at Object.<anonymous> (tests/integration/s3.2.3-fantom-p1-integration.integration.test.ts:700:13)

    console.log
        Total configured: 22

      at Object.<anonymous> (tests/integration/s3.2.3-fantom-p1-integration.integration.test.ts:701:13)

    console.log
        Total enabled: 22

      at Object.<anonymous> (tests/integration/s3.2.3-fantom-p1-integration.integration.test.ts:702:13)

    console.log
        bsc: 8/8 enabled

      at Object.<anonymous> (tests/integration/s3.2.3-fantom-p1-integration.integration.test.ts:707:15)

    console.log
        polygon: 4/4 enabled

      at Object.<anonymous> (tests/integration/s3.2.3-fantom-p1-integration.integration.test.ts:707:15)

    console.log
        avalanche: 6/6 enabled

      at Object.<anonymous> (tests/integration/s3.2.3-fantom-p1-integration.integration.test.ts:707:15)

    console.log
        fantom: 4/4 enabled

      at Object.<anonymous> (tests/integration/s3.2.3-fantom-p1-integration.integration.test.ts:707:15)

PASS integration tests/integration/s2.2-dex-expansion.integration.test.ts
  ● Console

    console.log
      Fee conversion: 0.001724ms average (10000 iterations)

      at Object.<anonymous> (tests/integration/s2.2-dex-expansion.integration.test.ts:679:13)

    console.log
      getEnabledDexes: 0.0002ms average (1000 iterations)

      at Object.<anonymous> (tests/integration/s2.2-dex-expansion.integration.test.ts:696:13)

    console.log
      Pair generation (594 pairs): 0.34ms

      at Object.<anonymous> (tests/integration/s2.2-dex-expansion.integration.test.ts:721:13)

    console.log
      Arbitrage detection: 0.0050ms average (1000 iterations)

      at Object.<anonymous> (tests/integration/s2.2-dex-expansion.integration.test.ts:742:13)

PASS integration tests/integration/s3.3.3-solana-token-configuration.integration.test.ts
  ● Console

    console.log
      Total Solana tokens configured: 15

      at Object.<anonymous> (tests/integration/s3.3.3-solana-token-configuration.integration.test.ts:575:13)

    console.log
      Token category distribution: { anchor: 1, stablecoin: 2, defi: 3, meme: 2, governance: 4, lst: 3 }

      at Object.<anonymous> (tests/integration/s3.3.3-solana-token-configuration.integration.test.ts:600:13)

    console.log
      Decimal distribution: { '5': 1, '6': 8, '9': 6 }

      at Object.<anonymous> (tests/integration/s3.3.3-solana-token-configuration.integration.test.ts:619:13)

PASS integration shared/core/__tests__/integration/professional-quality.integration.test.ts
  ● Console

    console.log
      2026-02-02T12:19:13.049Z [professional-quality-monitor] info: Professional Quality Monitor initialized

      at Console.log (node_modules/winston/lib/winston/transports/console.js:87:23)

    console.log
      2026-02-02T12:19:13.063Z [professional-quality-monitor] info: Professional quality score calculated {"overallScore":98,"grade":"A+","riskLevel":"LOW","assessmentPeriod":"1770031153062 - 1770034753062"}

      at Console.log (node_modules/winston/lib/winston/transports/console.js:87:23)

    console.log
      2026-02-02T12:19:13.068Z [professional-quality-monitor] info: Professional Quality Monitor initialized

      at Console.log (node_modules/winston/lib/winston/transports/console.js:87:23)

    console.log
      2026-02-02T12:19:13.073Z [professional-quality-monitor] info: Professional quality score calculated {"overallScore":98,"grade":"A+","riskLevel":"LOW","assessmentPeriod":"1770031153073 - 1770034753073"}

      at Console.log (node_modules/winston/lib/winston/transports/console.js:87:23)

    console.log
      2026-02-02T12:19:13.074Z [professional-quality-monitor] info: Professional quality score calculated {"overallScore":98,"grade":"A+","riskLevel":"LOW","assessmentPeriod":"1770031153074 - 1770034753074"}

      at Console.log (node_modules/winston/lib/winston/transports/console.js:87:23)

    console.log
      2026-02-02T12:19:13.075Z [professional-quality-monitor] info: Professional quality score calculated {"overallScore":98,"grade":"A+","riskLevel":"LOW","assessmentPeriod":"1770031153075 - 1770034753075"}

      at Console.log (node_modules/winston/lib/winston/transports/console.js:87:23)

    console.log
      2026-02-02T12:19:13.081Z [professional-quality-monitor] info: Professional quality score calculated {"overallScore":98,"grade":"A+","riskLevel":"LOW","assessmentPeriod":"1770031153081 - 1770034753081"}

      at Console.log (node_modules/winston/lib/winston/transports/console.js:87:23)

    console.log
      2026-02-02T12:19:13.082Z [professional-quality-monitor] info: Professional quality score calculated {"overallScore":98,"grade":"A+","riskLevel":"LOW","assessmentPeriod":"1770031153082 - 1770034753082"}

      at Console.log (node_modules/winston/lib/winston/transports/console.js:87:23)

    console.log
      2026-02-02T12:19:13.084Z [professional-quality-monitor] info: Professional Quality Monitor initialized

      at Console.log (node_modules/winston/lib/winston/transports/console.js:87:23)

    console.log
      2026-02-02T12:19:13.087Z [professional-quality-monitor] info: Professional quality score calculated {"overallScore":98,"grade":"A+","riskLevel":"LOW","assessmentPeriod":"1770031153087 - 1770034753087"}

      at Console.log (node_modules/winston/lib/winston/transports/console.js:87:23)

    console.log
      2026-02-02T12:19:13.089Z [professional-quality-monitor] info: Professional Quality Monitor initialized

      at Console.log (node_modules/winston/lib/winston/transports/console.js:87:23)

    console.log
      2026-02-02T12:19:13.106Z [professional-quality-monitor] info: Professional Quality Monitor initialized

      at Console.log (node_modules/winston/lib/winston/transports/console.js:87:23)

    console.log
      2026-02-02T12:19:13.113Z [professional-quality-monitor] info: Professional Quality Monitor initialized

      at Console.log (node_modules/winston/lib/winston/transports/console.js:87:23)

    console.log
      2026-02-02T12:19:13.123Z [professional-quality-monitor] info: Professional Quality Monitor initialized

      at Console.log (node_modules/winston/lib/winston/transports/console.js:87:23)

    console.log
      2026-02-02T12:19:13.132Z [professional-quality-monitor] info: Professional Quality Monitor initialized

      at Console.log (node_modules/winston/lib/winston/transports/console.js:87:23)

    console.log
      2026-02-02T12:19:13.136Z [professional-quality-monitor] error: Failed to get current quality score {"error":{}}

      at Console.log (node_modules/winston/lib/winston/transports/console.js:87:23)

    console.log
      2026-02-02T12:19:13.139Z [professional-quality-monitor] info: Professional Quality Monitor initialized

      at Console.log (node_modules/winston/lib/winston/transports/console.js:87:23)

    console.log
      2026-02-02T12:19:13.141Z [professional-quality-monitor] error: Failed to record detection result {"error":{}}

      at Console.log (node_modules/winston/lib/winston/transports/console.js:87:23)

    console.log
      2026-02-02T12:19:13.142Z [professional-quality-monitor] error: Failed to record detection result {"error":{}}

      at Console.log (node_modules/winston/lib/winston/transports/console.js:87:23)

PASS integration tests/integration/s3.2.4-cross-chain-detection.integration.test.ts
  ● Console

    console.log
      AVAX-BSC common tokens (5): [ 'USDT', 'USDC', 'WBTC', 'WETH', 'LINK' ]

      at Object.<anonymous> (tests/integration/s3.2.4-cross-chain-detection.integration.test.ts:124:15)

    console.log
      FTM-Polygon common tokens (5): [ 'USDT', 'USDC', 'DAI', 'WETH', 'WBTC' ]

      at Object.<anonymous> (tests/integration/s3.2.4-cross-chain-detection.integration.test.ts:213:15)

    console.log
      bsc-polygon common tokens (5): [ 'USDT', 'USDC', 'WBTC', 'WETH', 'LINK' ]

      at Object.<anonymous> (tests/integration/s3.2.4-cross-chain-detection.integration.test.ts:561:19)

    console.log
      bsc-avalanche common tokens (5): [ 'USDT', 'USDC', 'WBTC', 'WETH', 'LINK' ]

      at Object.<anonymous> (tests/integration/s3.2.4-cross-chain-detection.integration.test.ts:561:19)

    console.log
      bsc-fantom common tokens (4): [ 'USDT', 'USDC', 'WBTC', 'WETH' ]

      at Object.<anonymous> (tests/integration/s3.2.4-cross-chain-detection.integration.test.ts:561:19)

    console.log
      polygon-avalanche common tokens (8): [ 'USDT', 'USDC', 'DAI', 'WBTC', 'WETH' ]

      at Object.<anonymous> (tests/integration/s3.2.4-cross-chain-detection.integration.test.ts:561:19)

    console.log
      polygon-fantom common tokens (5): [ 'USDT', 'USDC', 'DAI', 'WETH', 'WBTC' ]

      at Object.<anonymous> (tests/integration/s3.2.4-cross-chain-detection.integration.test.ts:561:19)

    console.log
      avalanche-fantom common tokens (5): [ 'USDT', 'USDC', 'DAI', 'WBTC', 'WETH' ]

      at Object.<anonymous> (tests/integration/s3.2.4-cross-chain-detection.integration.test.ts:561:19)

    console.log
      
      === P1 Cross-Chain Detection Summary ===

      at Object.<anonymous> (tests/integration/s3.2.4-cross-chain-detection.integration.test.ts:583:15)

    console.log
      Partition: asia-fast

      at Object.<anonymous> (tests/integration/s3.2.4-cross-chain-detection.integration.test.ts:584:15)

    console.log
      Chains: bsc, polygon, avalanche, fantom

      at Object.<anonymous> (tests/integration/s3.2.4-cross-chain-detection.integration.test.ts:585:15)

    console.log
      Total cross-chain routes: 6

      at Object.<anonymous> (tests/integration/s3.2.4-cross-chain-detection.integration.test.ts:586:15)

    console.log
      
      Route details:

      at Object.<anonymous> (tests/integration/s3.2.4-cross-chain-detection.integration.test.ts:587:15)

    console.log
        bsc <-> polygon: 5 common tokens

      at Object.<anonymous> (tests/integration/s3.2.4-cross-chain-detection.integration.test.ts:592:19)

    console.log
        bsc <-> avalanche: 5 common tokens

      at Object.<anonymous> (tests/integration/s3.2.4-cross-chain-detection.integration.test.ts:592:19)

    console.log
        bsc <-> fantom: 4 common tokens

      at Object.<anonymous> (tests/integration/s3.2.4-cross-chain-detection.integration.test.ts:592:19)

    console.log
        polygon <-> avalanche: 8 common tokens

      at Object.<anonymous> (tests/integration/s3.2.4-cross-chain-detection.integration.test.ts:592:19)

    console.log
        polygon <-> fantom: 5 common tokens

      at Object.<anonymous> (tests/integration/s3.2.4-cross-chain-detection.integration.test.ts:592:19)

    console.log
        avalanche <-> fantom: 5 common tokens

      at Object.<anonymous> (tests/integration/s3.2.4-cross-chain-detection.integration.test.ts:592:19)

    console.log
      ========================================

      at Object.<anonymous> (tests/integration/s3.2.4-cross-chain-detection.integration.test.ts:595:15)

PASS unit services/unified-detector/__tests__/unit/chain-instance.test.ts
PASS unit services/unified-detector/src/__tests__/unit/health-reporter.test.ts
PASS unit shared/core/__tests__/unit/message-validators.test.ts
PASS unit services/partition-high-value/src/__tests__/unit/index.test.ts
PASS integration services/partition-asia-fast/src/__tests__/integration/service.integration.test.ts
PASS unit shared/core/__tests__/unit/gas-price-cache.test.ts
PASS unit services/partition-asia-fast/src/__tests__/unit/index.test.ts
PASS unit shared/core/__tests__/unit/base-detector-streams.test.ts
PASS unit shared/ml/__tests__/unit/orderflow-features.test.ts
PASS unit services/unified-detector/src/__tests__/unit/chain-simulation-handler.test.ts
PASS unit services/unified-detector/__tests__/unit/unified-detector.test.ts
PASS unit services/partition-l2-turbo/src/__tests__/unit/index.test.ts
PASS unit services/execution-engine/__tests__/unit/initialization/initialization.test.ts
FAIL unit shared/test-utils/__tests__/unit/helpers/timer-helpers.test.ts
  ● Test suite failed to run

    [96mshared/test-utils/__tests__/unit/helpers/timer-helpers.test.ts[0m:[93m16[0m:[93m8[0m - [91merror[0m[90m TS2307: [0mCannot find module '../../../../src/helpers/timer-helpers' or its corresponding type declarations.

    [7m16[0m } from '../../../../src/helpers/timer-helpers';
    [7m  [0m [91m       ~~~~~~~~~~~~~~~~~~~~~~~~~~~~~~~~~~~~~~~[0m

PASS unit services/execution-engine/__tests__/unit/services/simulation/simulation-metrics-collector.test.ts
PASS unit services/execution-engine/__tests__/unit/strategies/strategy-factory.test.ts
PASS unit services/execution-engine/__tests__/unit/strategies/simulation.strategy.test.ts
PASS unit shared/config/__tests__/unit/partitions.test.ts
PASS unit shared/config/__tests__/unit/cross-chain.test.ts
PASS unit shared/config/__tests__/unit/config-modules.test.ts
PASS unit shared/ml/__tests__/unit/orderflow-predictor.test.ts (167.559 s)
  ● Console

    console.warn
      
      ============================
      Hi, looks like you are running TensorFlow.js in Node.js. To speed things up dramatically, install our node backend, visit https://github.com/tensorflow/tfjs-node for more details. 
      ============================

      at Object.warn (tfjs-core/src/log.ts:22:17)
      at MathBackendCPU.Object.<anonymous>.MathBackendCPU.write (tfjs-backend-cpu/src/backend_cpu.ts:58:22)
      at Engine.Object.<anonymous>.Engine.makeTensor (tfjs-core/src/engine.ts:815:28)
      at TensorBuffer.Object.<anonymous>.TensorBuffer.toTensor (tfjs-core/src/tensor.ts:158:24)
      at truncatedNormal_ (tfjs-core/src/ops/truncated_normal.ts:59:14)
      at Object.truncatedNormal__op [as truncatedNormal] (tfjs-core/src/ops/operation.ts:51:28)
      at HeNormal.truncatedNormal [as apply] (tfjs-layers/src/initializers.ts:352:14)
      at Dense.Object.<anonymous>.Layer.addWeight (tfjs-layers/src/engine/topology.ts:1288:35)
      at Dense.Object.<anonymous>.Dense.build (tfjs-layers/src/layers/core.ts:244:26)
      at tfjs-layers/src/engine/topology.ts:981:14
      at nameScope (tfjs-layers/src/common.ts:48:20)
      at Dense.Object.<anonymous>.Layer.apply (tfjs-layers/src/engine/topology.ts:967:12)
      at Sequential.Object.<anonymous>.Sequential.add (tfjs-layers/src/models.ts:491:15)
      at OrderflowPredictor.initializeModel (shared/ml/src/orderflow-predictor.ts:313:13)
      at new OrderflowPredictor (shared/ml/src/orderflow-predictor.ts:285:28)
      at Object.<anonymous> (shared/ml/__tests__/unit/orderflow-predictor.test.ts:240:25)

PASS unit shared/ml/__tests__/unit/predictor.test.ts (3091.081 s)
  ● Console

    console.warn
      
      ============================
      Hi, looks like you are running TensorFlow.js in Node.js. To speed things up dramatically, install our node backend, visit https://github.com/tensorflow/tfjs-node for more details. 
      ============================

      at Object.warn (tfjs-core/src/log.ts:22:17)
      at MathBackendCPU.Object.<anonymous>.MathBackendCPU.write (tfjs-backend-cpu/src/backend_cpu.ts:58:22)
      at Engine.Object.<anonymous>.Engine.makeTensor (tfjs-core/src/engine.ts:815:28)
      at TensorBuffer.Object.<anonymous>.TensorBuffer.toTensor (tfjs-core/src/tensor.ts:158:24)
      at truncatedNormal_ (tfjs-core/src/ops/truncated_normal.ts:59:14)
      at Object.truncatedNormal__op [as truncatedNormal] (tfjs-core/src/ops/operation.ts:51:28)
      at GlorotNormal.truncatedNormal [as apply] (tfjs-layers/src/initializers.ts:352:14)
      at LSTMCell.Object.<anonymous>.Layer.addWeight (tfjs-layers/src/engine/topology.ts:1288:35)
      at LSTMCell.Object.<anonymous>.LSTMCell.build (tfjs-layers/src/layers/recurrent.ts:1703:24)
      at LSTM.Object.<anonymous>.RNN.build (tfjs-layers/src/layers/recurrent.ts:516:17)
      at tfjs-layers/src/engine/topology.ts:981:14
      at nameScope (tfjs-layers/src/common.ts:48:20)
      at LSTM.Object.<anonymous>.Layer.apply (tfjs-layers/src/engine/topology.ts:967:12)
      at LSTM.Object.<anonymous>.RNN.apply (tfjs-layers/src/layers/recurrent.ts:697:25)
      at Sequential.Object.<anonymous>.Sequential.add (tfjs-layers/src/models.ts:491:15)
      at LSTMPredictor.initializeModel (shared/ml/src/predictor.ts:192:13)
      at new LSTMPredictor (shared/ml/src/predictor.ts:164:28)
      at Object.<anonymous> (shared/ml/__tests__/unit/predictor.test.ts:94:25)

    console.warn
      Orthogonal initializer is being called on a matrix with more than 2000 (65536) elements: Slowness may result.

      at tfjs-layers/src/initializers.ts:558:17
      at tfjs-core/src/engine.ts:469:20
      at Engine.Object.<anonymous>.Engine.scopedRun (tfjs-core/src/engine.ts:480:19)
      at Engine.Object.<anonymous>.Engine.tidy (tfjs-core/src/engine.ts:467:17)
      at Object.tidy (tfjs-core/src/globals.ts:192:17)
      at Orthogonal.tidy [as apply] (tfjs-layers/src/initializers.ts:543:12)
      at LSTMCell.Object.<anonymous>.Layer.addWeight (tfjs-layers/src/engine/topology.ts:1288:35)
      at LSTMCell.Object.<anonymous>.LSTMCell.build (tfjs-layers/src/layers/recurrent.ts:1706:33)
      at LSTM.Object.<anonymous>.RNN.build (tfjs-layers/src/layers/recurrent.ts:516:17)
      at tfjs-layers/src/engine/topology.ts:981:14
      at nameScope (tfjs-layers/src/common.ts:48:20)
      at LSTM.Object.<anonymous>.Layer.apply (tfjs-layers/src/engine/topology.ts:967:12)
      at LSTM.Object.<anonymous>.RNN.apply (tfjs-layers/src/layers/recurrent.ts:697:25)
      at Sequential.Object.<anonymous>.Sequential.add (tfjs-layers/src/models.ts:491:15)
      at LSTMPredictor.initializeModel (shared/ml/src/predictor.ts:192:13)
      at new LSTMPredictor (shared/ml/src/predictor.ts:164:28)
      at Object.<anonymous> (shared/ml/__tests__/unit/predictor.test.ts:94:25)

    console.warn
      Orthogonal initializer is being called on a matrix with more than 2000 (16384) elements: Slowness may result.

      at tfjs-layers/src/initializers.ts:558:17
      at tfjs-core/src/engine.ts:469:20
      at Engine.Object.<anonymous>.Engine.scopedRun (tfjs-core/src/engine.ts:480:19)
      at Engine.Object.<anonymous>.Engine.tidy (tfjs-core/src/engine.ts:467:17)
      at Object.tidy (tfjs-core/src/globals.ts:192:17)
      at Orthogonal.tidy [as apply] (tfjs-layers/src/initializers.ts:543:12)
      at LSTMCell.Object.<anonymous>.Layer.addWeight (tfjs-layers/src/engine/topology.ts:1288:35)
      at LSTMCell.Object.<anonymous>.LSTMCell.build (tfjs-layers/src/layers/recurrent.ts:1706:33)
      at LSTM.Object.<anonymous>.RNN.build (tfjs-layers/src/layers/recurrent.ts:516:17)
      at tfjs-layers/src/engine/topology.ts:981:14
      at nameScope (tfjs-layers/src/common.ts:48:20)
      at LSTM.Object.<anonymous>.Layer.apply (tfjs-layers/src/engine/topology.ts:967:12)
      at LSTM.Object.<anonymous>.RNN.apply (tfjs-layers/src/layers/recurrent.ts:697:25)
      at Sequential.Object.<anonymous>.Sequential.add (tfjs-layers/src/models.ts:538:34)
      at LSTMPredictor.initializeModel (shared/ml/src/predictor.ts:201:13)
      at new LSTMPredictor (shared/ml/src/predictor.ts:164:28)
      at Object.<anonymous> (shared/ml/__tests__/unit/predictor.test.ts:94:25)

    console.warn
      Orthogonal initializer is being called on a matrix with more than 2000 (65536) elements: Slowness may result.

      at tfjs-layers/src/initializers.ts:558:17
      at tfjs-core/src/engine.ts:469:20
      at Engine.Object.<anonymous>.Engine.scopedRun (tfjs-core/src/engine.ts:480:19)
      at Engine.Object.<anonymous>.Engine.tidy (tfjs-core/src/engine.ts:467:17)
      at Object.tidy (tfjs-core/src/globals.ts:192:17)
      at Orthogonal.tidy [as apply] (tfjs-layers/src/initializers.ts:543:12)
      at LSTMCell.Object.<anonymous>.Layer.addWeight (tfjs-layers/src/engine/topology.ts:1288:35)
      at LSTMCell.Object.<anonymous>.LSTMCell.build (tfjs-layers/src/layers/recurrent.ts:1706:33)
      at LSTM.Object.<anonymous>.RNN.build (tfjs-layers/src/layers/recurrent.ts:516:17)
      at tfjs-layers/src/engine/topology.ts:981:14
      at nameScope (tfjs-layers/src/common.ts:48:20)
      at LSTM.Object.<anonymous>.Layer.apply (tfjs-layers/src/engine/topology.ts:967:12)
      at LSTM.Object.<anonymous>.RNN.apply (tfjs-layers/src/layers/recurrent.ts:697:25)
      at Sequential.Object.<anonymous>.Sequential.add (tfjs-layers/src/models.ts:491:15)
      at LSTMPredictor.initializeModel (shared/ml/src/predictor.ts:192:13)
      at new LSTMPredictor (shared/ml/src/predictor.ts:164:28)
      at Object.<anonymous> (shared/ml/__tests__/unit/predictor.test.ts:108:25)

    console.warn
      Orthogonal initializer is being called on a matrix with more than 2000 (16384) elements: Slowness may result.

      at tfjs-layers/src/initializers.ts:558:17
      at tfjs-core/src/engine.ts:469:20
      at Engine.Object.<anonymous>.Engine.scopedRun (tfjs-core/src/engine.ts:480:19)
      at Engine.Object.<anonymous>.Engine.tidy (tfjs-core/src/engine.ts:467:17)
      at Object.tidy (tfjs-core/src/globals.ts:192:17)
      at Orthogonal.tidy [as apply] (tfjs-layers/src/initializers.ts:543:12)
      at LSTMCell.Object.<anonymous>.Layer.addWeight (tfjs-layers/src/engine/topology.ts:1288:35)
      at LSTMCell.Object.<anonymous>.LSTMCell.build (tfjs-layers/src/layers/recurrent.ts:1706:33)
      at LSTM.Object.<anonymous>.RNN.build (tfjs-layers/src/layers/recurrent.ts:516:17)
      at tfjs-layers/src/engine/topology.ts:981:14
      at nameScope (tfjs-layers/src/common.ts:48:20)
      at LSTM.Object.<anonymous>.Layer.apply (tfjs-layers/src/engine/topology.ts:967:12)
      at LSTM.Object.<anonymous>.RNN.apply (tfjs-layers/src/layers/recurrent.ts:697:25)
      at Sequential.Object.<anonymous>.Sequential.add (tfjs-layers/src/models.ts:538:34)
      at LSTMPredictor.initializeModel (shared/ml/src/predictor.ts:201:13)
      at new LSTMPredictor (shared/ml/src/predictor.ts:164:28)
      at Object.<anonymous> (shared/ml/__tests__/unit/predictor.test.ts:108:25)

    console.warn
      Orthogonal initializer is being called on a matrix with more than 2000 (65536) elements: Slowness may result.

      at tfjs-layers/src/initializers.ts:558:17
      at tfjs-core/src/engine.ts:469:20
      at Engine.Object.<anonymous>.Engine.scopedRun (tfjs-core/src/engine.ts:480:19)
      at Engine.Object.<anonymous>.Engine.tidy (tfjs-core/src/engine.ts:467:17)
      at Object.tidy (tfjs-core/src/globals.ts:192:17)
      at Orthogonal.tidy [as apply] (tfjs-layers/src/initializers.ts:543:12)
      at LSTMCell.Object.<anonymous>.Layer.addWeight (tfjs-layers/src/engine/topology.ts:1288:35)
      at LSTMCell.Object.<anonymous>.LSTMCell.build (tfjs-layers/src/layers/recurrent.ts:1706:33)
      at LSTM.Object.<anonymous>.RNN.build (tfjs-layers/src/layers/recurrent.ts:516:17)
      at tfjs-layers/src/engine/topology.ts:981:14
      at nameScope (tfjs-layers/src/common.ts:48:20)
      at LSTM.Object.<anonymous>.Layer.apply (tfjs-layers/src/engine/topology.ts:967:12)
      at LSTM.Object.<anonymous>.RNN.apply (tfjs-layers/src/layers/recurrent.ts:697:25)
      at Sequential.Object.<anonymous>.Sequential.add (tfjs-layers/src/models.ts:491:15)
      at LSTMPredictor.initializeModel (shared/ml/src/predictor.ts:192:13)
      at new LSTMPredictor (shared/ml/src/predictor.ts:164:28)
      at Object.<anonymous> (shared/ml/__tests__/unit/predictor.test.ts:116:25)

    console.warn
      Orthogonal initializer is being called on a matrix with more than 2000 (16384) elements: Slowness may result.

      at tfjs-layers/src/initializers.ts:558:17
      at tfjs-core/src/engine.ts:469:20
      at Engine.Object.<anonymous>.Engine.scopedRun (tfjs-core/src/engine.ts:480:19)
      at Engine.Object.<anonymous>.Engine.tidy (tfjs-core/src/engine.ts:467:17)
      at Object.tidy (tfjs-core/src/globals.ts:192:17)
      at Orthogonal.tidy [as apply] (tfjs-layers/src/initializers.ts:543:12)
      at LSTMCell.Object.<anonymous>.Layer.addWeight (tfjs-layers/src/engine/topology.ts:1288:35)
      at LSTMCell.Object.<anonymous>.LSTMCell.build (tfjs-layers/src/layers/recurrent.ts:1706:33)
      at LSTM.Object.<anonymous>.RNN.build (tfjs-layers/src/layers/recurrent.ts:516:17)
      at tfjs-layers/src/engine/topology.ts:981:14
      at nameScope (tfjs-layers/src/common.ts:48:20)
      at LSTM.Object.<anonymous>.Layer.apply (tfjs-layers/src/engine/topology.ts:967:12)
      at LSTM.Object.<anonymous>.RNN.apply (tfjs-layers/src/layers/recurrent.ts:697:25)
      at Sequential.Object.<anonymous>.Sequential.add (tfjs-layers/src/models.ts:538:34)
      at LSTMPredictor.initializeModel (shared/ml/src/predictor.ts:201:13)
      at new LSTMPredictor (shared/ml/src/predictor.ts:164:28)
      at Object.<anonymous> (shared/ml/__tests__/unit/predictor.test.ts:116:25)

    console.warn
      Orthogonal initializer is being called on a matrix with more than 2000 (65536) elements: Slowness may result.

      at tfjs-layers/src/initializers.ts:558:17
      at tfjs-core/src/engine.ts:469:20
      at Engine.Object.<anonymous>.Engine.scopedRun (tfjs-core/src/engine.ts:480:19)
      at Engine.Object.<anonymous>.Engine.tidy (tfjs-core/src/engine.ts:467:17)
      at Object.tidy (tfjs-core/src/globals.ts:192:17)
      at Orthogonal.tidy [as apply] (tfjs-layers/src/initializers.ts:543:12)
      at LSTMCell.Object.<anonymous>.Layer.addWeight (tfjs-layers/src/engine/topology.ts:1288:35)
      at LSTMCell.Object.<anonymous>.LSTMCell.build (tfjs-layers/src/layers/recurrent.ts:1706:33)
      at LSTM.Object.<anonymous>.RNN.build (tfjs-layers/src/layers/recurrent.ts:516:17)
      at tfjs-layers/src/engine/topology.ts:981:14
      at nameScope (tfjs-layers/src/common.ts:48:20)
      at LSTM.Object.<anonymous>.Layer.apply (tfjs-layers/src/engine/topology.ts:967:12)
      at LSTM.Object.<anonymous>.RNN.apply (tfjs-layers/src/layers/recurrent.ts:697:25)
      at Sequential.Object.<anonymous>.Sequential.add (tfjs-layers/src/models.ts:491:15)
      at LSTMPredictor.initializeModel (shared/ml/src/predictor.ts:192:13)
      at new LSTMPredictor (shared/ml/src/predictor.ts:164:28)
      at Object.<anonymous> (shared/ml/__tests__/unit/predictor.test.ts:135:19)

    console.warn
      Orthogonal initializer is being called on a matrix with more than 2000 (16384) elements: Slowness may result.

      at tfjs-layers/src/initializers.ts:558:17
      at tfjs-core/src/engine.ts:469:20
      at Engine.Object.<anonymous>.Engine.scopedRun (tfjs-core/src/engine.ts:480:19)
      at Engine.Object.<anonymous>.Engine.tidy (tfjs-core/src/engine.ts:467:17)
      at Object.tidy (tfjs-core/src/globals.ts:192:17)
      at Orthogonal.tidy [as apply] (tfjs-layers/src/initializers.ts:543:12)
      at LSTMCell.Object.<anonymous>.Layer.addWeight (tfjs-layers/src/engine/topology.ts:1288:35)
      at LSTMCell.Object.<anonymous>.LSTMCell.build (tfjs-layers/src/layers/recurrent.ts:1706:33)
      at LSTM.Object.<anonymous>.RNN.build (tfjs-layers/src/layers/recurrent.ts:516:17)
      at tfjs-layers/src/engine/topology.ts:981:14
      at nameScope (tfjs-layers/src/common.ts:48:20)
      at LSTM.Object.<anonymous>.Layer.apply (tfjs-layers/src/engine/topology.ts:967:12)
      at LSTM.Object.<anonymous>.RNN.apply (tfjs-layers/src/layers/recurrent.ts:697:25)
      at Sequential.Object.<anonymous>.Sequential.add (tfjs-layers/src/models.ts:538:34)
      at LSTMPredictor.initializeModel (shared/ml/src/predictor.ts:201:13)
      at new LSTMPredictor (shared/ml/src/predictor.ts:164:28)
      at Object.<anonymous> (shared/ml/__tests__/unit/predictor.test.ts:135:19)

    console.warn
      Orthogonal initializer is being called on a matrix with more than 2000 (65536) elements: Slowness may result.

      at tfjs-layers/src/initializers.ts:558:17
      at tfjs-core/src/engine.ts:469:20
      at Engine.Object.<anonymous>.Engine.scopedRun (tfjs-core/src/engine.ts:480:19)
      at Engine.Object.<anonymous>.Engine.tidy (tfjs-core/src/engine.ts:467:17)
      at Object.tidy (tfjs-core/src/globals.ts:192:17)
      at Orthogonal.tidy [as apply] (tfjs-layers/src/initializers.ts:543:12)
      at LSTMCell.Object.<anonymous>.Layer.addWeight (tfjs-layers/src/engine/topology.ts:1288:35)
      at LSTMCell.Object.<anonymous>.LSTMCell.build (tfjs-layers/src/layers/recurrent.ts:1706:33)
      at LSTM.Object.<anonymous>.RNN.build (tfjs-layers/src/layers/recurrent.ts:516:17)
      at tfjs-layers/src/engine/topology.ts:981:14
      at nameScope (tfjs-layers/src/common.ts:48:20)
      at LSTM.Object.<anonymous>.Layer.apply (tfjs-layers/src/engine/topology.ts:967:12)
      at LSTM.Object.<anonymous>.RNN.apply (tfjs-layers/src/layers/recurrent.ts:697:25)
      at Sequential.Object.<anonymous>.Sequential.add (tfjs-layers/src/models.ts:491:15)
      at LSTMPredictor.initializeModel (shared/ml/src/predictor.ts:192:13)
      at new LSTMPredictor (shared/ml/src/predictor.ts:164:28)
      at Object.<anonymous> (shared/ml/__tests__/unit/predictor.test.ts:135:19)

    console.warn
      Orthogonal initializer is being called on a matrix with more than 2000 (16384) elements: Slowness may result.

      at tfjs-layers/src/initializers.ts:558:17
      at tfjs-core/src/engine.ts:469:20
      at Engine.Object.<anonymous>.Engine.scopedRun (tfjs-core/src/engine.ts:480:19)
      at Engine.Object.<anonymous>.Engine.tidy (tfjs-core/src/engine.ts:467:17)
      at Object.tidy (tfjs-core/src/globals.ts:192:17)
      at Orthogonal.tidy [as apply] (tfjs-layers/src/initializers.ts:543:12)
      at LSTMCell.Object.<anonymous>.Layer.addWeight (tfjs-layers/src/engine/topology.ts:1288:35)
      at LSTMCell.Object.<anonymous>.LSTMCell.build (tfjs-layers/src/layers/recurrent.ts:1706:33)
      at LSTM.Object.<anonymous>.RNN.build (tfjs-layers/src/layers/recurrent.ts:516:17)
      at tfjs-layers/src/engine/topology.ts:981:14
      at nameScope (tfjs-layers/src/common.ts:48:20)
      at LSTM.Object.<anonymous>.Layer.apply (tfjs-layers/src/engine/topology.ts:967:12)
      at LSTM.Object.<anonymous>.RNN.apply (tfjs-layers/src/layers/recurrent.ts:697:25)
      at Sequential.Object.<anonymous>.Sequential.add (tfjs-layers/src/models.ts:538:34)
      at LSTMPredictor.initializeModel (shared/ml/src/predictor.ts:201:13)
      at new LSTMPredictor (shared/ml/src/predictor.ts:164:28)
      at Object.<anonymous> (shared/ml/__tests__/unit/predictor.test.ts:135:19)

    console.warn
      Orthogonal initializer is being called on a matrix with more than 2000 (65536) elements: Slowness may result.

      at tfjs-layers/src/initializers.ts:558:17
      at tfjs-core/src/engine.ts:469:20
      at Engine.Object.<anonymous>.Engine.scopedRun (tfjs-core/src/engine.ts:480:19)
      at Engine.Object.<anonymous>.Engine.tidy (tfjs-core/src/engine.ts:467:17)
      at Object.tidy (tfjs-core/src/globals.ts:192:17)
      at Orthogonal.tidy [as apply] (tfjs-layers/src/initializers.ts:543:12)
      at LSTMCell.Object.<anonymous>.Layer.addWeight (tfjs-layers/src/engine/topology.ts:1288:35)
      at LSTMCell.Object.<anonymous>.LSTMCell.build (tfjs-layers/src/layers/recurrent.ts:1706:33)
      at LSTM.Object.<anonymous>.RNN.build (tfjs-layers/src/layers/recurrent.ts:516:17)
      at tfjs-layers/src/engine/topology.ts:981:14
      at nameScope (tfjs-layers/src/common.ts:48:20)
      at LSTM.Object.<anonymous>.Layer.apply (tfjs-layers/src/engine/topology.ts:967:12)
      at LSTM.Object.<anonymous>.RNN.apply (tfjs-layers/src/layers/recurrent.ts:697:25)
      at Sequential.Object.<anonymous>.Sequential.add (tfjs-layers/src/models.ts:491:15)
      at LSTMPredictor.initializeModel (shared/ml/src/predictor.ts:192:13)
      at new LSTMPredictor (shared/ml/src/predictor.ts:164:28)
      at Object.<anonymous> (shared/ml/__tests__/unit/predictor.test.ts:135:19)

    console.warn
      Orthogonal initializer is being called on a matrix with more than 2000 (16384) elements: Slowness may result.

      at tfjs-layers/src/initializers.ts:558:17
      at tfjs-core/src/engine.ts:469:20
      at Engine.Object.<anonymous>.Engine.scopedRun (tfjs-core/src/engine.ts:480:19)
      at Engine.Object.<anonymous>.Engine.tidy (tfjs-core/src/engine.ts:467:17)
      at Object.tidy (tfjs-core/src/globals.ts:192:17)
      at Orthogonal.tidy [as apply] (tfjs-layers/src/initializers.ts:543:12)
      at LSTMCell.Object.<anonymous>.Layer.addWeight (tfjs-layers/src/engine/topology.ts:1288:35)
      at LSTMCell.Object.<anonymous>.LSTMCell.build (tfjs-layers/src/layers/recurrent.ts:1706:33)
      at LSTM.Object.<anonymous>.RNN.build (tfjs-layers/src/layers/recurrent.ts:516:17)
      at tfjs-layers/src/engine/topology.ts:981:14
      at nameScope (tfjs-layers/src/common.ts:48:20)
      at LSTM.Object.<anonymous>.Layer.apply (tfjs-layers/src/engine/topology.ts:967:12)
      at LSTM.Object.<anonymous>.RNN.apply (tfjs-layers/src/layers/recurrent.ts:697:25)
      at Sequential.Object.<anonymous>.Sequential.add (tfjs-layers/src/models.ts:538:34)
      at LSTMPredictor.initializeModel (shared/ml/src/predictor.ts:201:13)
      at new LSTMPredictor (shared/ml/src/predictor.ts:164:28)
      at Object.<anonymous> (shared/ml/__tests__/unit/predictor.test.ts:135:19)

    console.warn
      Orthogonal initializer is being called on a matrix with more than 2000 (65536) elements: Slowness may result.

      at tfjs-layers/src/initializers.ts:558:17
      at tfjs-core/src/engine.ts:469:20
      at Engine.Object.<anonymous>.Engine.scopedRun (tfjs-core/src/engine.ts:480:19)
      at Engine.Object.<anonymous>.Engine.tidy (tfjs-core/src/engine.ts:467:17)
      at Object.tidy (tfjs-core/src/globals.ts:192:17)
      at Orthogonal.tidy [as apply] (tfjs-layers/src/initializers.ts:543:12)
      at LSTMCell.Object.<anonymous>.Layer.addWeight (tfjs-layers/src/engine/topology.ts:1288:35)
      at LSTMCell.Object.<anonymous>.LSTMCell.build (tfjs-layers/src/layers/recurrent.ts:1706:33)
      at LSTM.Object.<anonymous>.RNN.build (tfjs-layers/src/layers/recurrent.ts:516:17)
      at tfjs-layers/src/engine/topology.ts:981:14
      at nameScope (tfjs-layers/src/common.ts:48:20)
      at LSTM.Object.<anonymous>.Layer.apply (tfjs-layers/src/engine/topology.ts:967:12)
      at LSTM.Object.<anonymous>.RNN.apply (tfjs-layers/src/layers/recurrent.ts:697:25)
      at Sequential.Object.<anonymous>.Sequential.add (tfjs-layers/src/models.ts:491:15)
      at LSTMPredictor.initializeModel (shared/ml/src/predictor.ts:192:13)
      at new LSTMPredictor (shared/ml/src/predictor.ts:164:28)
      at Object.<anonymous> (shared/ml/__tests__/unit/predictor.test.ts:135:19)

    console.warn
      Orthogonal initializer is being called on a matrix with more than 2000 (16384) elements: Slowness may result.

      at tfjs-layers/src/initializers.ts:558:17
      at tfjs-core/src/engine.ts:469:20
      at Engine.Object.<anonymous>.Engine.scopedRun (tfjs-core/src/engine.ts:480:19)
      at Engine.Object.<anonymous>.Engine.tidy (tfjs-core/src/engine.ts:467:17)
      at Object.tidy (tfjs-core/src/globals.ts:192:17)
      at Orthogonal.tidy [as apply] (tfjs-layers/src/initializers.ts:543:12)
      at LSTMCell.Object.<anonymous>.Layer.addWeight (tfjs-layers/src/engine/topology.ts:1288:35)
      at LSTMCell.Object.<anonymous>.LSTMCell.build (tfjs-layers/src/layers/recurrent.ts:1706:33)
      at LSTM.Object.<anonymous>.RNN.build (tfjs-layers/src/layers/recurrent.ts:516:17)
      at tfjs-layers/src/engine/topology.ts:981:14
      at nameScope (tfjs-layers/src/common.ts:48:20)
      at LSTM.Object.<anonymous>.Layer.apply (tfjs-layers/src/engine/topology.ts:967:12)
      at LSTM.Object.<anonymous>.RNN.apply (tfjs-layers/src/layers/recurrent.ts:697:25)
      at Sequential.Object.<anonymous>.Sequential.add (tfjs-layers/src/models.ts:538:34)
      at LSTMPredictor.initializeModel (shared/ml/src/predictor.ts:201:13)
      at new LSTMPredictor (shared/ml/src/predictor.ts:164:28)
      at Object.<anonymous> (shared/ml/__tests__/unit/predictor.test.ts:135:19)

    console.warn
      Orthogonal initializer is being called on a matrix with more than 2000 (65536) elements: Slowness may result.

      at tfjs-layers/src/initializers.ts:558:17
      at tfjs-core/src/engine.ts:469:20
      at Engine.Object.<anonymous>.Engine.scopedRun (tfjs-core/src/engine.ts:480:19)
      at Engine.Object.<anonymous>.Engine.tidy (tfjs-core/src/engine.ts:467:17)
      at Object.tidy (tfjs-core/src/globals.ts:192:17)
      at Orthogonal.tidy [as apply] (tfjs-layers/src/initializers.ts:543:12)
      at LSTMCell.Object.<anonymous>.Layer.addWeight (tfjs-layers/src/engine/topology.ts:1288:35)
      at LSTMCell.Object.<anonymous>.LSTMCell.build (tfjs-layers/src/layers/recurrent.ts:1706:33)
      at LSTM.Object.<anonymous>.RNN.build (tfjs-layers/src/layers/recurrent.ts:516:17)
      at tfjs-layers/src/engine/topology.ts:981:14
      at nameScope (tfjs-layers/src/common.ts:48:20)
      at LSTM.Object.<anonymous>.Layer.apply (tfjs-layers/src/engine/topology.ts:967:12)
      at LSTM.Object.<anonymous>.RNN.apply (tfjs-layers/src/layers/recurrent.ts:697:25)
      at Sequential.Object.<anonymous>.Sequential.add (tfjs-layers/src/models.ts:491:15)
      at LSTMPredictor.initializeModel (shared/ml/src/predictor.ts:192:13)
      at new LSTMPredictor (shared/ml/src/predictor.ts:164:28)
      at Object.<anonymous> (shared/ml/__tests__/unit/predictor.test.ts:209:19)

    console.warn
      Orthogonal initializer is being called on a matrix with more than 2000 (16384) elements: Slowness may result.

      at tfjs-layers/src/initializers.ts:558:17
      at tfjs-core/src/engine.ts:469:20
      at Engine.Object.<anonymous>.Engine.scopedRun (tfjs-core/src/engine.ts:480:19)
      at Engine.Object.<anonymous>.Engine.tidy (tfjs-core/src/engine.ts:467:17)
      at Object.tidy (tfjs-core/src/globals.ts:192:17)
      at Orthogonal.tidy [as apply] (tfjs-layers/src/initializers.ts:543:12)
      at LSTMCell.Object.<anonymous>.Layer.addWeight (tfjs-layers/src/engine/topology.ts:1288:35)
      at LSTMCell.Object.<anonymous>.LSTMCell.build (tfjs-layers/src/layers/recurrent.ts:1706:33)
      at LSTM.Object.<anonymous>.RNN.build (tfjs-layers/src/layers/recurrent.ts:516:17)
      at tfjs-layers/src/engine/topology.ts:981:14
      at nameScope (tfjs-layers/src/common.ts:48:20)
      at LSTM.Object.<anonymous>.Layer.apply (tfjs-layers/src/engine/topology.ts:967:12)
      at LSTM.Object.<anonymous>.RNN.apply (tfjs-layers/src/layers/recurrent.ts:697:25)
      at Sequential.Object.<anonymous>.Sequential.add (tfjs-layers/src/models.ts:538:34)
      at LSTMPredictor.initializeModel (shared/ml/src/predictor.ts:201:13)
      at new LSTMPredictor (shared/ml/src/predictor.ts:164:28)
      at Object.<anonymous> (shared/ml/__tests__/unit/predictor.test.ts:209:19)

    console.warn
      Orthogonal initializer is being called on a matrix with more than 2000 (65536) elements: Slowness may result.

      at tfjs-layers/src/initializers.ts:558:17
      at tfjs-core/src/engine.ts:469:20
      at Engine.Object.<anonymous>.Engine.scopedRun (tfjs-core/src/engine.ts:480:19)
      at Engine.Object.<anonymous>.Engine.tidy (tfjs-core/src/engine.ts:467:17)
      at Object.tidy (tfjs-core/src/globals.ts:192:17)
      at Orthogonal.tidy [as apply] (tfjs-layers/src/initializers.ts:543:12)
      at LSTMCell.Object.<anonymous>.Layer.addWeight (tfjs-layers/src/engine/topology.ts:1288:35)
      at LSTMCell.Object.<anonymous>.LSTMCell.build (tfjs-layers/src/layers/recurrent.ts:1706:33)
      at LSTM.Object.<anonymous>.RNN.build (tfjs-layers/src/layers/recurrent.ts:516:17)
      at tfjs-layers/src/engine/topology.ts:981:14
      at nameScope (tfjs-layers/src/common.ts:48:20)
      at LSTM.Object.<anonymous>.Layer.apply (tfjs-layers/src/engine/topology.ts:967:12)
      at LSTM.Object.<anonymous>.RNN.apply (tfjs-layers/src/layers/recurrent.ts:697:25)
      at Sequential.Object.<anonymous>.Sequential.add (tfjs-layers/src/models.ts:491:15)
      at LSTMPredictor.initializeModel (shared/ml/src/predictor.ts:192:13)
      at new LSTMPredictor (shared/ml/src/predictor.ts:164:28)
      at Object.<anonymous> (shared/ml/__tests__/unit/predictor.test.ts:209:19)

    console.warn
      Orthogonal initializer is being called on a matrix with more than 2000 (16384) elements: Slowness may result.

      at tfjs-layers/src/initializers.ts:558:17
      at tfjs-core/src/engine.ts:469:20
      at Engine.Object.<anonymous>.Engine.scopedRun (tfjs-core/src/engine.ts:480:19)
      at Engine.Object.<anonymous>.Engine.tidy (tfjs-core/src/engine.ts:467:17)
      at Object.tidy (tfjs-core/src/globals.ts:192:17)
      at Orthogonal.tidy [as apply] (tfjs-layers/src/initializers.ts:543:12)
      at LSTMCell.Object.<anonymous>.Layer.addWeight (tfjs-layers/src/engine/topology.ts:1288:35)
      at LSTMCell.Object.<anonymous>.LSTMCell.build (tfjs-layers/src/layers/recurrent.ts:1706:33)
      at LSTM.Object.<anonymous>.RNN.build (tfjs-layers/src/layers/recurrent.ts:516:17)
      at tfjs-layers/src/engine/topology.ts:981:14
      at nameScope (tfjs-layers/src/common.ts:48:20)
      at LSTM.Object.<anonymous>.Layer.apply (tfjs-layers/src/engine/topology.ts:967:12)
      at LSTM.Object.<anonymous>.RNN.apply (tfjs-layers/src/layers/recurrent.ts:697:25)
      at Sequential.Object.<anonymous>.Sequential.add (tfjs-layers/src/models.ts:538:34)
      at LSTMPredictor.initializeModel (shared/ml/src/predictor.ts:201:13)
      at new LSTMPredictor (shared/ml/src/predictor.ts:164:28)
      at Object.<anonymous> (shared/ml/__tests__/unit/predictor.test.ts:209:19)

    console.warn
      Orthogonal initializer is being called on a matrix with more than 2000 (65536) elements: Slowness may result.

      at tfjs-layers/src/initializers.ts:558:17
      at tfjs-core/src/engine.ts:469:20
      at Engine.Object.<anonymous>.Engine.scopedRun (tfjs-core/src/engine.ts:480:19)
      at Engine.Object.<anonymous>.Engine.tidy (tfjs-core/src/engine.ts:467:17)
      at Object.tidy (tfjs-core/src/globals.ts:192:17)
      at Orthogonal.tidy [as apply] (tfjs-layers/src/initializers.ts:543:12)
      at LSTMCell.Object.<anonymous>.Layer.addWeight (tfjs-layers/src/engine/topology.ts:1288:35)
      at LSTMCell.Object.<anonymous>.LSTMCell.build (tfjs-layers/src/layers/recurrent.ts:1706:33)
      at LSTM.Object.<anonymous>.RNN.build (tfjs-layers/src/layers/recurrent.ts:516:17)
      at tfjs-layers/src/engine/topology.ts:981:14
      at nameScope (tfjs-layers/src/common.ts:48:20)
      at LSTM.Object.<anonymous>.Layer.apply (tfjs-layers/src/engine/topology.ts:967:12)
      at LSTM.Object.<anonymous>.RNN.apply (tfjs-layers/src/layers/recurrent.ts:697:25)
      at Sequential.Object.<anonymous>.Sequential.add (tfjs-layers/src/models.ts:491:15)
      at LSTMPredictor.initializeModel (shared/ml/src/predictor.ts:192:13)
      at new LSTMPredictor (shared/ml/src/predictor.ts:164:28)
      at Object.<anonymous> (shared/ml/__tests__/unit/predictor.test.ts:245:19)

    console.warn
      Orthogonal initializer is being called on a matrix with more than 2000 (16384) elements: Slowness may result.

      at tfjs-layers/src/initializers.ts:558:17
      at tfjs-core/src/engine.ts:469:20
      at Engine.Object.<anonymous>.Engine.scopedRun (tfjs-core/src/engine.ts:480:19)
      at Engine.Object.<anonymous>.Engine.tidy (tfjs-core/src/engine.ts:467:17)
      at Object.tidy (tfjs-core/src/globals.ts:192:17)
      at Orthogonal.tidy [as apply] (tfjs-layers/src/initializers.ts:543:12)
      at LSTMCell.Object.<anonymous>.Layer.addWeight (tfjs-layers/src/engine/topology.ts:1288:35)
      at LSTMCell.Object.<anonymous>.LSTMCell.build (tfjs-layers/src/layers/recurrent.ts:1706:33)
      at LSTM.Object.<anonymous>.RNN.build (tfjs-layers/src/layers/recurrent.ts:516:17)
      at tfjs-layers/src/engine/topology.ts:981:14
      at nameScope (tfjs-layers/src/common.ts:48:20)
      at LSTM.Object.<anonymous>.Layer.apply (tfjs-layers/src/engine/topology.ts:967:12)
      at LSTM.Object.<anonymous>.RNN.apply (tfjs-layers/src/layers/recurrent.ts:697:25)
      at Sequential.Object.<anonymous>.Sequential.add (tfjs-layers/src/models.ts:538:34)
      at LSTMPredictor.initializeModel (shared/ml/src/predictor.ts:201:13)
      at new LSTMPredictor (shared/ml/src/predictor.ts:164:28)
      at Object.<anonymous> (shared/ml/__tests__/unit/predictor.test.ts:245:19)

    console.warn
      Orthogonal initializer is being called on a matrix with more than 2000 (65536) elements: Slowness may result.

      at tfjs-layers/src/initializers.ts:558:17
      at tfjs-core/src/engine.ts:469:20
      at Engine.Object.<anonymous>.Engine.scopedRun (tfjs-core/src/engine.ts:480:19)
      at Engine.Object.<anonymous>.Engine.tidy (tfjs-core/src/engine.ts:467:17)
      at Object.tidy (tfjs-core/src/globals.ts:192:17)
      at Orthogonal.tidy [as apply] (tfjs-layers/src/initializers.ts:543:12)
      at LSTMCell.Object.<anonymous>.Layer.addWeight (tfjs-layers/src/engine/topology.ts:1288:35)
      at LSTMCell.Object.<anonymous>.LSTMCell.build (tfjs-layers/src/layers/recurrent.ts:1706:33)
      at LSTM.Object.<anonymous>.RNN.build (tfjs-layers/src/layers/recurrent.ts:516:17)
      at tfjs-layers/src/engine/topology.ts:981:14
      at nameScope (tfjs-layers/src/common.ts:48:20)
      at LSTM.Object.<anonymous>.Layer.apply (tfjs-layers/src/engine/topology.ts:967:12)
      at LSTM.Object.<anonymous>.RNN.apply (tfjs-layers/src/layers/recurrent.ts:697:25)
      at Sequential.Object.<anonymous>.Sequential.add (tfjs-layers/src/models.ts:491:15)
      at LSTMPredictor.initializeModel (shared/ml/src/predictor.ts:192:13)
      at new LSTMPredictor (shared/ml/src/predictor.ts:164:28)
      at Object.<anonymous> (shared/ml/__tests__/unit/predictor.test.ts:245:19)

    console.warn
      Orthogonal initializer is being called on a matrix with more than 2000 (16384) elements: Slowness may result.

      at tfjs-layers/src/initializers.ts:558:17
      at tfjs-core/src/engine.ts:469:20
      at Engine.Object.<anonymous>.Engine.scopedRun (tfjs-core/src/engine.ts:480:19)
      at Engine.Object.<anonymous>.Engine.tidy (tfjs-core/src/engine.ts:467:17)
      at Object.tidy (tfjs-core/src/globals.ts:192:17)
      at Orthogonal.tidy [as apply] (tfjs-layers/src/initializers.ts:543:12)
      at LSTMCell.Object.<anonymous>.Layer.addWeight (tfjs-layers/src/engine/topology.ts:1288:35)
      at LSTMCell.Object.<anonymous>.LSTMCell.build (tfjs-layers/src/layers/recurrent.ts:1706:33)
      at LSTM.Object.<anonymous>.RNN.build (tfjs-layers/src/layers/recurrent.ts:516:17)
      at tfjs-layers/src/engine/topology.ts:981:14
      at nameScope (tfjs-layers/src/common.ts:48:20)
      at LSTM.Object.<anonymous>.Layer.apply (tfjs-layers/src/engine/topology.ts:967:12)
      at LSTM.Object.<anonymous>.RNN.apply (tfjs-layers/src/layers/recurrent.ts:697:25)
      at Sequential.Object.<anonymous>.Sequential.add (tfjs-layers/src/models.ts:538:34)
      at LSTMPredictor.initializeModel (shared/ml/src/predictor.ts:201:13)
      at new LSTMPredictor (shared/ml/src/predictor.ts:164:28)
      at Object.<anonymous> (shared/ml/__tests__/unit/predictor.test.ts:245:19)

    console.warn
      Orthogonal initializer is being called on a matrix with more than 2000 (65536) elements: Slowness may result.

      at tfjs-layers/src/initializers.ts:558:17
      at tfjs-core/src/engine.ts:469:20
      at Engine.Object.<anonymous>.Engine.scopedRun (tfjs-core/src/engine.ts:480:19)
      at Engine.Object.<anonymous>.Engine.tidy (tfjs-core/src/engine.ts:467:17)
      at Object.tidy (tfjs-core/src/globals.ts:192:17)
      at Orthogonal.tidy [as apply] (tfjs-layers/src/initializers.ts:543:12)
      at LSTMCell.Object.<anonymous>.Layer.addWeight (tfjs-layers/src/engine/topology.ts:1288:35)
      at LSTMCell.Object.<anonymous>.LSTMCell.build (tfjs-layers/src/layers/recurrent.ts:1706:33)
      at LSTM.Object.<anonymous>.RNN.build (tfjs-layers/src/layers/recurrent.ts:516:17)
      at tfjs-layers/src/engine/topology.ts:981:14
      at nameScope (tfjs-layers/src/common.ts:48:20)
      at LSTM.Object.<anonymous>.Layer.apply (tfjs-layers/src/engine/topology.ts:967:12)
      at LSTM.Object.<anonymous>.RNN.apply (tfjs-layers/src/layers/recurrent.ts:697:25)
      at Sequential.Object.<anonymous>.Sequential.add (tfjs-layers/src/models.ts:491:15)
      at LSTMPredictor.initializeModel (shared/ml/src/predictor.ts:192:13)
      at new LSTMPredictor (shared/ml/src/predictor.ts:164:28)
      at Object.<anonymous> (shared/ml/__tests__/unit/predictor.test.ts:245:19)

    console.warn
      Orthogonal initializer is being called on a matrix with more than 2000 (16384) elements: Slowness may result.

      at tfjs-layers/src/initializers.ts:558:17
      at tfjs-core/src/engine.ts:469:20
      at Engine.Object.<anonymous>.Engine.scopedRun (tfjs-core/src/engine.ts:480:19)
      at Engine.Object.<anonymous>.Engine.tidy (tfjs-core/src/engine.ts:467:17)
      at Object.tidy (tfjs-core/src/globals.ts:192:17)
      at Orthogonal.tidy [as apply] (tfjs-layers/src/initializers.ts:543:12)
      at LSTMCell.Object.<anonymous>.Layer.addWeight (tfjs-layers/src/engine/topology.ts:1288:35)
      at LSTMCell.Object.<anonymous>.LSTMCell.build (tfjs-layers/src/layers/recurrent.ts:1706:33)
      at LSTM.Object.<anonymous>.RNN.build (tfjs-layers/src/layers/recurrent.ts:516:17)
      at tfjs-layers/src/engine/topology.ts:981:14
      at nameScope (tfjs-layers/src/common.ts:48:20)
      at LSTM.Object.<anonymous>.Layer.apply (tfjs-layers/src/engine/topology.ts:967:12)
      at LSTM.Object.<anonymous>.RNN.apply (tfjs-layers/src/layers/recurrent.ts:697:25)
      at Sequential.Object.<anonymous>.Sequential.add (tfjs-layers/src/models.ts:538:34)
      at LSTMPredictor.initializeModel (shared/ml/src/predictor.ts:201:13)
      at new LSTMPredictor (shared/ml/src/predictor.ts:164:28)
      at Object.<anonymous> (shared/ml/__tests__/unit/predictor.test.ts:245:19)

    console.warn
      Orthogonal initializer is being called on a matrix with more than 2000 (65536) elements: Slowness may result.

      at tfjs-layers/src/initializers.ts:558:17
      at tfjs-core/src/engine.ts:469:20
      at Engine.Object.<anonymous>.Engine.scopedRun (tfjs-core/src/engine.ts:480:19)
      at Engine.Object.<anonymous>.Engine.tidy (tfjs-core/src/engine.ts:467:17)
      at Object.tidy (tfjs-core/src/globals.ts:192:17)
      at Orthogonal.tidy [as apply] (tfjs-layers/src/initializers.ts:543:12)
      at LSTMCell.Object.<anonymous>.Layer.addWeight (tfjs-layers/src/engine/topology.ts:1288:35)
      at LSTMCell.Object.<anonymous>.LSTMCell.build (tfjs-layers/src/layers/recurrent.ts:1706:33)
      at LSTM.Object.<anonymous>.RNN.build (tfjs-layers/src/layers/recurrent.ts:516:17)
      at tfjs-layers/src/engine/topology.ts:981:14
      at nameScope (tfjs-layers/src/common.ts:48:20)
      at LSTM.Object.<anonymous>.Layer.apply (tfjs-layers/src/engine/topology.ts:967:12)
      at LSTM.Object.<anonymous>.RNN.apply (tfjs-layers/src/layers/recurrent.ts:697:25)
      at Sequential.Object.<anonymous>.Sequential.add (tfjs-layers/src/models.ts:491:15)
      at LSTMPredictor.initializeModel (shared/ml/src/predictor.ts:192:13)
      at new LSTMPredictor (shared/ml/src/predictor.ts:164:28)
      at Object.<anonymous> (shared/ml/__tests__/unit/predictor.test.ts:288:25)

    console.warn
      Orthogonal initializer is being called on a matrix with more than 2000 (16384) elements: Slowness may result.

      at tfjs-layers/src/initializers.ts:558:17
      at tfjs-core/src/engine.ts:469:20
      at Engine.Object.<anonymous>.Engine.scopedRun (tfjs-core/src/engine.ts:480:19)
      at Engine.Object.<anonymous>.Engine.tidy (tfjs-core/src/engine.ts:467:17)
      at Object.tidy (tfjs-core/src/globals.ts:192:17)
      at Orthogonal.tidy [as apply] (tfjs-layers/src/initializers.ts:543:12)
      at LSTMCell.Object.<anonymous>.Layer.addWeight (tfjs-layers/src/engine/topology.ts:1288:35)
      at LSTMCell.Object.<anonymous>.LSTMCell.build (tfjs-layers/src/layers/recurrent.ts:1706:33)
      at LSTM.Object.<anonymous>.RNN.build (tfjs-layers/src/layers/recurrent.ts:516:17)
      at tfjs-layers/src/engine/topology.ts:981:14
      at nameScope (tfjs-layers/src/common.ts:48:20)
      at LSTM.Object.<anonymous>.Layer.apply (tfjs-layers/src/engine/topology.ts:967:12)
      at LSTM.Object.<anonymous>.RNN.apply (tfjs-layers/src/layers/recurrent.ts:697:25)
      at Sequential.Object.<anonymous>.Sequential.add (tfjs-layers/src/models.ts:538:34)
      at LSTMPredictor.initializeModel (shared/ml/src/predictor.ts:201:13)
      at new LSTMPredictor (shared/ml/src/predictor.ts:164:28)
      at Object.<anonymous> (shared/ml/__tests__/unit/predictor.test.ts:288:25)

    console.warn
      Orthogonal initializer is being called on a matrix with more than 2000 (65536) elements: Slowness may result.

      at tfjs-layers/src/initializers.ts:558:17
      at tfjs-core/src/engine.ts:469:20
      at Engine.Object.<anonymous>.Engine.scopedRun (tfjs-core/src/engine.ts:480:19)
      at Engine.Object.<anonymous>.Engine.tidy (tfjs-core/src/engine.ts:467:17)
      at Object.tidy (tfjs-core/src/globals.ts:192:17)
      at Orthogonal.tidy [as apply] (tfjs-layers/src/initializers.ts:543:12)
      at LSTMCell.Object.<anonymous>.Layer.addWeight (tfjs-layers/src/engine/topology.ts:1288:35)
      at LSTMCell.Object.<anonymous>.LSTMCell.build (tfjs-layers/src/layers/recurrent.ts:1706:33)
      at LSTM.Object.<anonymous>.RNN.build (tfjs-layers/src/layers/recurrent.ts:516:17)
      at tfjs-layers/src/engine/topology.ts:981:14
      at nameScope (tfjs-layers/src/common.ts:48:20)
      at LSTM.Object.<anonymous>.Layer.apply (tfjs-layers/src/engine/topology.ts:967:12)
      at LSTM.Object.<anonymous>.RNN.apply (tfjs-layers/src/layers/recurrent.ts:697:25)
      at Sequential.Object.<anonymous>.Sequential.add (tfjs-layers/src/models.ts:491:15)
      at LSTMPredictor.initializeModel (shared/ml/src/predictor.ts:192:13)
      at new LSTMPredictor (shared/ml/src/predictor.ts:164:28)
      at Object.<anonymous> (shared/ml/__tests__/unit/predictor.test.ts:306:25)

    console.warn
      Orthogonal initializer is being called on a matrix with more than 2000 (16384) elements: Slowness may result.

      at tfjs-layers/src/initializers.ts:558:17
      at tfjs-core/src/engine.ts:469:20
      at Engine.Object.<anonymous>.Engine.scopedRun (tfjs-core/src/engine.ts:480:19)
      at Engine.Object.<anonymous>.Engine.tidy (tfjs-core/src/engine.ts:467:17)
      at Object.tidy (tfjs-core/src/globals.ts:192:17)
      at Orthogonal.tidy [as apply] (tfjs-layers/src/initializers.ts:543:12)
      at LSTMCell.Object.<anonymous>.Layer.addWeight (tfjs-layers/src/engine/topology.ts:1288:35)
      at LSTMCell.Object.<anonymous>.LSTMCell.build (tfjs-layers/src/layers/recurrent.ts:1706:33)
      at LSTM.Object.<anonymous>.RNN.build (tfjs-layers/src/layers/recurrent.ts:516:17)
      at tfjs-layers/src/engine/topology.ts:981:14
      at nameScope (tfjs-layers/src/common.ts:48:20)
      at LSTM.Object.<anonymous>.Layer.apply (tfjs-layers/src/engine/topology.ts:967:12)
      at LSTM.Object.<anonymous>.RNN.apply (tfjs-layers/src/layers/recurrent.ts:697:25)
      at Sequential.Object.<anonymous>.Sequential.add (tfjs-layers/src/models.ts:538:34)
      at LSTMPredictor.initializeModel (shared/ml/src/predictor.ts:201:13)
      at new LSTMPredictor (shared/ml/src/predictor.ts:164:28)
      at Object.<anonymous> (shared/ml/__tests__/unit/predictor.test.ts:306:25)

    console.warn
      Orthogonal initializer is being called on a matrix with more than 2000 (65536) elements: Slowness may result.

      at tfjs-layers/src/initializers.ts:558:17
      at tfjs-core/src/engine.ts:469:20
      at Engine.Object.<anonymous>.Engine.scopedRun (tfjs-core/src/engine.ts:480:19)
      at Engine.Object.<anonymous>.Engine.tidy (tfjs-core/src/engine.ts:467:17)
      at Object.tidy (tfjs-core/src/globals.ts:192:17)
      at Orthogonal.tidy [as apply] (tfjs-layers/src/initializers.ts:543:12)
      at LSTMCell.Object.<anonymous>.Layer.addWeight (tfjs-layers/src/engine/topology.ts:1288:35)
      at LSTMCell.Object.<anonymous>.LSTMCell.build (tfjs-layers/src/layers/recurrent.ts:1706:33)
      at LSTM.Object.<anonymous>.RNN.build (tfjs-layers/src/layers/recurrent.ts:516:17)
      at tfjs-layers/src/engine/topology.ts:981:14
      at nameScope (tfjs-layers/src/common.ts:48:20)
      at LSTM.Object.<anonymous>.Layer.apply (tfjs-layers/src/engine/topology.ts:967:12)
      at LSTM.Object.<anonymous>.RNN.apply (tfjs-layers/src/layers/recurrent.ts:697:25)
      at Sequential.Object.<anonymous>.Sequential.add (tfjs-layers/src/models.ts:491:15)
      at LSTMPredictor.initializeModel (shared/ml/src/predictor.ts:192:13)
      at new LSTMPredictor (shared/ml/src/predictor.ts:164:28)
      at getLSTMPredictor (shared/ml/src/predictor.ts:1061:21)
      at Object.<anonymous> (shared/ml/__tests__/unit/predictor.test.ts:513:41)

    console.warn
      Orthogonal initializer is being called on a matrix with more than 2000 (16384) elements: Slowness may result.

      at tfjs-layers/src/initializers.ts:558:17
      at tfjs-core/src/engine.ts:469:20
      at Engine.Object.<anonymous>.Engine.scopedRun (tfjs-core/src/engine.ts:480:19)
      at Engine.Object.<anonymous>.Engine.tidy (tfjs-core/src/engine.ts:467:17)
      at Object.tidy (tfjs-core/src/globals.ts:192:17)
      at Orthogonal.tidy [as apply] (tfjs-layers/src/initializers.ts:543:12)
      at LSTMCell.Object.<anonymous>.Layer.addWeight (tfjs-layers/src/engine/topology.ts:1288:35)
      at LSTMCell.Object.<anonymous>.LSTMCell.build (tfjs-layers/src/layers/recurrent.ts:1706:33)
      at LSTM.Object.<anonymous>.RNN.build (tfjs-layers/src/layers/recurrent.ts:516:17)
      at tfjs-layers/src/engine/topology.ts:981:14
      at nameScope (tfjs-layers/src/common.ts:48:20)
      at LSTM.Object.<anonymous>.Layer.apply (tfjs-layers/src/engine/topology.ts:967:12)
      at LSTM.Object.<anonymous>.RNN.apply (tfjs-layers/src/layers/recurrent.ts:697:25)
      at Sequential.Object.<anonymous>.Sequential.add (tfjs-layers/src/models.ts:538:34)
      at LSTMPredictor.initializeModel (shared/ml/src/predictor.ts:201:13)
      at new LSTMPredictor (shared/ml/src/predictor.ts:164:28)
      at getLSTMPredictor (shared/ml/src/predictor.ts:1061:21)
      at Object.<anonymous> (shared/ml/__tests__/unit/predictor.test.ts:513:41)

    console.warn
      Orthogonal initializer is being called on a matrix with more than 2000 (65536) elements: Slowness may result.

      at tfjs-layers/src/initializers.ts:558:17
      at tfjs-core/src/engine.ts:469:20
      at Engine.Object.<anonymous>.Engine.scopedRun (tfjs-core/src/engine.ts:480:19)
      at Engine.Object.<anonymous>.Engine.tidy (tfjs-core/src/engine.ts:467:17)
      at Object.tidy (tfjs-core/src/globals.ts:192:17)
      at Orthogonal.tidy [as apply] (tfjs-layers/src/initializers.ts:543:12)
      at LSTMCell.Object.<anonymous>.Layer.addWeight (tfjs-layers/src/engine/topology.ts:1288:35)
      at LSTMCell.Object.<anonymous>.LSTMCell.build (tfjs-layers/src/layers/recurrent.ts:1706:33)
      at LSTM.Object.<anonymous>.RNN.build (tfjs-layers/src/layers/recurrent.ts:516:17)
      at tfjs-layers/src/engine/topology.ts:981:14
      at nameScope (tfjs-layers/src/common.ts:48:20)
      at LSTM.Object.<anonymous>.Layer.apply (tfjs-layers/src/engine/topology.ts:967:12)
      at LSTM.Object.<anonymous>.RNN.apply (tfjs-layers/src/layers/recurrent.ts:697:25)
      at Sequential.Object.<anonymous>.Sequential.add (tfjs-layers/src/models.ts:491:15)
      at LSTMPredictor.initializeModel (shared/ml/src/predictor.ts:192:13)
      at new LSTMPredictor (shared/ml/src/predictor.ts:164:28)
      at getLSTMPredictor (shared/ml/src/predictor.ts:1061:21)
      at Object.<anonymous> (shared/ml/__tests__/unit/predictor.test.ts:520:41)

    console.warn
      Orthogonal initializer is being called on a matrix with more than 2000 (16384) elements: Slowness may result.

      at tfjs-layers/src/initializers.ts:558:17
      at tfjs-core/src/engine.ts:469:20
      at Engine.Object.<anonymous>.Engine.scopedRun (tfjs-core/src/engine.ts:480:19)
      at Engine.Object.<anonymous>.Engine.tidy (tfjs-core/src/engine.ts:467:17)
      at Object.tidy (tfjs-core/src/globals.ts:192:17)
      at Orthogonal.tidy [as apply] (tfjs-layers/src/initializers.ts:543:12)
      at LSTMCell.Object.<anonymous>.Layer.addWeight (tfjs-layers/src/engine/topology.ts:1288:35)
      at LSTMCell.Object.<anonymous>.LSTMCell.build (tfjs-layers/src/layers/recurrent.ts:1706:33)
      at LSTM.Object.<anonymous>.RNN.build (tfjs-layers/src/layers/recurrent.ts:516:17)
      at tfjs-layers/src/engine/topology.ts:981:14
      at nameScope (tfjs-layers/src/common.ts:48:20)
      at LSTM.Object.<anonymous>.Layer.apply (tfjs-layers/src/engine/topology.ts:967:12)
      at LSTM.Object.<anonymous>.RNN.apply (tfjs-layers/src/layers/recurrent.ts:697:25)
      at Sequential.Object.<anonymous>.Sequential.add (tfjs-layers/src/models.ts:538:34)
      at LSTMPredictor.initializeModel (shared/ml/src/predictor.ts:201:13)
      at new LSTMPredictor (shared/ml/src/predictor.ts:164:28)
      at getLSTMPredictor (shared/ml/src/predictor.ts:1061:21)
      at Object.<anonymous> (shared/ml/__tests__/unit/predictor.test.ts:520:41)

    console.warn
      Orthogonal initializer is being called on a matrix with more than 2000 (65536) elements: Slowness may result.

      at tfjs-layers/src/initializers.ts:558:17
      at tfjs-core/src/engine.ts:469:20
      at Engine.Object.<anonymous>.Engine.scopedRun (tfjs-core/src/engine.ts:480:19)
      at Engine.Object.<anonymous>.Engine.tidy (tfjs-core/src/engine.ts:467:17)
      at Object.tidy (tfjs-core/src/globals.ts:192:17)
      at Orthogonal.tidy [as apply] (tfjs-layers/src/initializers.ts:543:12)
      at LSTMCell.Object.<anonymous>.Layer.addWeight (tfjs-layers/src/engine/topology.ts:1288:35)
      at LSTMCell.Object.<anonymous>.LSTMCell.build (tfjs-layers/src/layers/recurrent.ts:1706:33)
      at LSTM.Object.<anonymous>.RNN.build (tfjs-layers/src/layers/recurrent.ts:516:17)
      at tfjs-layers/src/engine/topology.ts:981:14
      at nameScope (tfjs-layers/src/common.ts:48:20)
      at LSTM.Object.<anonymous>.Layer.apply (tfjs-layers/src/engine/topology.ts:967:12)
      at LSTM.Object.<anonymous>.RNN.apply (tfjs-layers/src/layers/recurrent.ts:697:25)
      at Sequential.Object.<anonymous>.Sequential.add (tfjs-layers/src/models.ts:491:15)
      at LSTMPredictor.initializeModel (shared/ml/src/predictor.ts:192:13)
      at new LSTMPredictor (shared/ml/src/predictor.ts:164:28)
      at getLSTMPredictor (shared/ml/src/predictor.ts:1061:21)
      at Object.<anonymous> (shared/ml/__tests__/unit/predictor.test.ts:525:41)

    console.warn
      Orthogonal initializer is being called on a matrix with more than 2000 (16384) elements: Slowness may result.

      at tfjs-layers/src/initializers.ts:558:17
      at tfjs-core/src/engine.ts:469:20
      at Engine.Object.<anonymous>.Engine.scopedRun (tfjs-core/src/engine.ts:480:19)
      at Engine.Object.<anonymous>.Engine.tidy (tfjs-core/src/engine.ts:467:17)
      at Object.tidy (tfjs-core/src/globals.ts:192:17)
      at Orthogonal.tidy [as apply] (tfjs-layers/src/initializers.ts:543:12)
      at LSTMCell.Object.<anonymous>.Layer.addWeight (tfjs-layers/src/engine/topology.ts:1288:35)
      at LSTMCell.Object.<anonymous>.LSTMCell.build (tfjs-layers/src/layers/recurrent.ts:1706:33)
      at LSTM.Object.<anonymous>.RNN.build (tfjs-layers/src/layers/recurrent.ts:516:17)
      at tfjs-layers/src/engine/topology.ts:981:14
      at nameScope (tfjs-layers/src/common.ts:48:20)
      at LSTM.Object.<anonymous>.Layer.apply (tfjs-layers/src/engine/topology.ts:967:12)
      at LSTM.Object.<anonymous>.RNN.apply (tfjs-layers/src/layers/recurrent.ts:697:25)
      at Sequential.Object.<anonymous>.Sequential.add (tfjs-layers/src/models.ts:538:34)
      at LSTMPredictor.initializeModel (shared/ml/src/predictor.ts:201:13)
      at new LSTMPredictor (shared/ml/src/predictor.ts:164:28)
      at getLSTMPredictor (shared/ml/src/predictor.ts:1061:21)
      at Object.<anonymous> (shared/ml/__tests__/unit/predictor.test.ts:525:41)

    console.warn
      Orthogonal initializer is being called on a matrix with more than 2000 (65536) elements: Slowness may result.

      at tfjs-layers/src/initializers.ts:558:17
      at tfjs-core/src/engine.ts:469:20
      at Engine.Object.<anonymous>.Engine.scopedRun (tfjs-core/src/engine.ts:480:19)
      at Engine.Object.<anonymous>.Engine.tidy (tfjs-core/src/engine.ts:467:17)
      at Object.tidy (tfjs-core/src/globals.ts:192:17)
      at Orthogonal.tidy [as apply] (tfjs-layers/src/initializers.ts:543:12)
      at LSTMCell.Object.<anonymous>.Layer.addWeight (tfjs-layers/src/engine/topology.ts:1288:35)
      at LSTMCell.Object.<anonymous>.LSTMCell.build (tfjs-layers/src/layers/recurrent.ts:1706:33)
      at LSTM.Object.<anonymous>.RNN.build (tfjs-layers/src/layers/recurrent.ts:516:17)
      at tfjs-layers/src/engine/topology.ts:981:14
      at nameScope (tfjs-layers/src/common.ts:48:20)
      at LSTM.Object.<anonymous>.Layer.apply (tfjs-layers/src/engine/topology.ts:967:12)
      at LSTM.Object.<anonymous>.RNN.apply (tfjs-layers/src/layers/recurrent.ts:697:25)
      at Sequential.Object.<anonymous>.Sequential.add (tfjs-layers/src/models.ts:491:15)
      at LSTMPredictor.initializeModel (shared/ml/src/predictor.ts:192:13)
      at new LSTMPredictor (shared/ml/src/predictor.ts:164:28)
      at getLSTMPredictor (shared/ml/src/predictor.ts:1061:21)
      at Object.<anonymous> (shared/ml/__tests__/unit/predictor.test.ts:552:37)

    console.warn
      Orthogonal initializer is being called on a matrix with more than 2000 (16384) elements: Slowness may result.

      at tfjs-layers/src/initializers.ts:558:17
      at tfjs-core/src/engine.ts:469:20
      at Engine.Object.<anonymous>.Engine.scopedRun (tfjs-core/src/engine.ts:480:19)
      at Engine.Object.<anonymous>.Engine.tidy (tfjs-core/src/engine.ts:467:17)
      at Object.tidy (tfjs-core/src/globals.ts:192:17)
      at Orthogonal.tidy [as apply] (tfjs-layers/src/initializers.ts:543:12)
      at LSTMCell.Object.<anonymous>.Layer.addWeight (tfjs-layers/src/engine/topology.ts:1288:35)
      at LSTMCell.Object.<anonymous>.LSTMCell.build (tfjs-layers/src/layers/recurrent.ts:1706:33)
      at LSTM.Object.<anonymous>.RNN.build (tfjs-layers/src/layers/recurrent.ts:516:17)
      at tfjs-layers/src/engine/topology.ts:981:14
      at nameScope (tfjs-layers/src/common.ts:48:20)
      at LSTM.Object.<anonymous>.Layer.apply (tfjs-layers/src/engine/topology.ts:967:12)
      at LSTM.Object.<anonymous>.RNN.apply (tfjs-layers/src/layers/recurrent.ts:697:25)
      at Sequential.Object.<anonymous>.Sequential.add (tfjs-layers/src/models.ts:538:34)
      at LSTMPredictor.initializeModel (shared/ml/src/predictor.ts:201:13)
      at new LSTMPredictor (shared/ml/src/predictor.ts:164:28)
      at getLSTMPredictor (shared/ml/src/predictor.ts:1061:21)
      at Object.<anonymous> (shared/ml/__tests__/unit/predictor.test.ts:552:37)

    console.warn
      Orthogonal initializer is being called on a matrix with more than 2000 (65536) elements: Slowness may result.

      at tfjs-layers/src/initializers.ts:558:17
      at tfjs-core/src/engine.ts:469:20
      at Engine.Object.<anonymous>.Engine.scopedRun (tfjs-core/src/engine.ts:480:19)
      at Engine.Object.<anonymous>.Engine.tidy (tfjs-core/src/engine.ts:467:17)
      at Object.tidy (tfjs-core/src/globals.ts:192:17)
      at Orthogonal.tidy [as apply] (tfjs-layers/src/initializers.ts:543:12)
      at LSTMCell.Object.<anonymous>.Layer.addWeight (tfjs-layers/src/engine/topology.ts:1288:35)
      at LSTMCell.Object.<anonymous>.LSTMCell.build (tfjs-layers/src/layers/recurrent.ts:1706:33)
      at LSTM.Object.<anonymous>.RNN.build (tfjs-layers/src/layers/recurrent.ts:516:17)
      at tfjs-layers/src/engine/topology.ts:981:14
      at nameScope (tfjs-layers/src/common.ts:48:20)
      at LSTM.Object.<anonymous>.Layer.apply (tfjs-layers/src/engine/topology.ts:967:12)
      at LSTM.Object.<anonymous>.RNN.apply (tfjs-layers/src/layers/recurrent.ts:697:25)
      at Sequential.Object.<anonymous>.Sequential.add (tfjs-layers/src/models.ts:491:15)
      at LSTMPredictor.initializeModel (shared/ml/src/predictor.ts:192:13)
      at new LSTMPredictor (shared/ml/src/predictor.ts:164:28)
      at getLSTMPredictor (shared/ml/src/predictor.ts:1061:21)
      at Object.<anonymous> (shared/ml/__tests__/unit/predictor.test.ts:558:37)

    console.warn
      Orthogonal initializer is being called on a matrix with more than 2000 (16384) elements: Slowness may result.

      at tfjs-layers/src/initializers.ts:558:17
      at tfjs-core/src/engine.ts:469:20
      at Engine.Object.<anonymous>.Engine.scopedRun (tfjs-core/src/engine.ts:480:19)
      at Engine.Object.<anonymous>.Engine.tidy (tfjs-core/src/engine.ts:467:17)
      at Object.tidy (tfjs-core/src/globals.ts:192:17)
      at Orthogonal.tidy [as apply] (tfjs-layers/src/initializers.ts:543:12)
      at LSTMCell.Object.<anonymous>.Layer.addWeight (tfjs-layers/src/engine/topology.ts:1288:35)
      at LSTMCell.Object.<anonymous>.LSTMCell.build (tfjs-layers/src/layers/recurrent.ts:1706:33)
      at LSTM.Object.<anonymous>.RNN.build (tfjs-layers/src/layers/recurrent.ts:516:17)
      at tfjs-layers/src/engine/topology.ts:981:14
      at nameScope (tfjs-layers/src/common.ts:48:20)
      at LSTM.Object.<anonymous>.Layer.apply (tfjs-layers/src/engine/topology.ts:967:12)
      at LSTM.Object.<anonymous>.RNN.apply (tfjs-layers/src/layers/recurrent.ts:697:25)
      at Sequential.Object.<anonymous>.Sequential.add (tfjs-layers/src/models.ts:538:34)
      at LSTMPredictor.initializeModel (shared/ml/src/predictor.ts:201:13)
      at new LSTMPredictor (shared/ml/src/predictor.ts:164:28)
      at getLSTMPredictor (shared/ml/src/predictor.ts:1061:21)
      at Object.<anonymous> (shared/ml/__tests__/unit/predictor.test.ts:558:37)

    console.warn
      Orthogonal initializer is being called on a matrix with more than 2000 (65536) elements: Slowness may result.

      at tfjs-layers/src/initializers.ts:558:17
      at tfjs-core/src/engine.ts:469:20
      at Engine.Object.<anonymous>.Engine.scopedRun (tfjs-core/src/engine.ts:480:19)
      at Engine.Object.<anonymous>.Engine.tidy (tfjs-core/src/engine.ts:467:17)
      at Object.tidy (tfjs-core/src/globals.ts:192:17)
      at Orthogonal.tidy [as apply] (tfjs-layers/src/initializers.ts:543:12)
      at LSTMCell.Object.<anonymous>.Layer.addWeight (tfjs-layers/src/engine/topology.ts:1288:35)
      at LSTMCell.Object.<anonymous>.LSTMCell.build (tfjs-layers/src/layers/recurrent.ts:1706:33)
      at LSTM.Object.<anonymous>.RNN.build (tfjs-layers/src/layers/recurrent.ts:516:17)
      at tfjs-layers/src/engine/topology.ts:981:14
      at nameScope (tfjs-layers/src/common.ts:48:20)
      at LSTM.Object.<anonymous>.Layer.apply (tfjs-layers/src/engine/topology.ts:967:12)
      at LSTM.Object.<anonymous>.RNN.apply (tfjs-layers/src/layers/recurrent.ts:697:25)
      at Sequential.Object.<anonymous>.Sequential.add (tfjs-layers/src/models.ts:491:15)
      at LSTMPredictor.initializeModel (shared/ml/src/predictor.ts:192:13)
      at new LSTMPredictor (shared/ml/src/predictor.ts:164:28)
      at Object.<anonymous> (shared/ml/__tests__/unit/predictor.test.ts:578:25)

    console.warn
      Orthogonal initializer is being called on a matrix with more than 2000 (16384) elements: Slowness may result.

      at tfjs-layers/src/initializers.ts:558:17
      at tfjs-core/src/engine.ts:469:20
      at Engine.Object.<anonymous>.Engine.scopedRun (tfjs-core/src/engine.ts:480:19)
      at Engine.Object.<anonymous>.Engine.tidy (tfjs-core/src/engine.ts:467:17)
      at Object.tidy (tfjs-core/src/globals.ts:192:17)
      at Orthogonal.tidy [as apply] (tfjs-layers/src/initializers.ts:543:12)
      at LSTMCell.Object.<anonymous>.Layer.addWeight (tfjs-layers/src/engine/topology.ts:1288:35)
      at LSTMCell.Object.<anonymous>.LSTMCell.build (tfjs-layers/src/layers/recurrent.ts:1706:33)
      at LSTM.Object.<anonymous>.RNN.build (tfjs-layers/src/layers/recurrent.ts:516:17)
      at tfjs-layers/src/engine/topology.ts:981:14
      at nameScope (tfjs-layers/src/common.ts:48:20)
      at LSTM.Object.<anonymous>.Layer.apply (tfjs-layers/src/engine/topology.ts:967:12)
      at LSTM.Object.<anonymous>.RNN.apply (tfjs-layers/src/layers/recurrent.ts:697:25)
      at Sequential.Object.<anonymous>.Sequential.add (tfjs-layers/src/models.ts:538:34)
      at LSTMPredictor.initializeModel (shared/ml/src/predictor.ts:201:13)
      at new LSTMPredictor (shared/ml/src/predictor.ts:164:28)
      at Object.<anonymous> (shared/ml/__tests__/unit/predictor.test.ts:578:25)

    console.warn
      Orthogonal initializer is being called on a matrix with more than 2000 (65536) elements: Slowness may result.

      at tfjs-layers/src/initializers.ts:558:17
      at tfjs-core/src/engine.ts:469:20
      at Engine.Object.<anonymous>.Engine.scopedRun (tfjs-core/src/engine.ts:480:19)
      at Engine.Object.<anonymous>.Engine.tidy (tfjs-core/src/engine.ts:467:17)
      at Object.tidy (tfjs-core/src/globals.ts:192:17)
      at Orthogonal.tidy [as apply] (tfjs-layers/src/initializers.ts:543:12)
      at LSTMCell.Object.<anonymous>.Layer.addWeight (tfjs-layers/src/engine/topology.ts:1288:35)
      at LSTMCell.Object.<anonymous>.LSTMCell.build (tfjs-layers/src/layers/recurrent.ts:1706:33)
      at LSTM.Object.<anonymous>.RNN.build (tfjs-layers/src/layers/recurrent.ts:516:17)
      at tfjs-layers/src/engine/topology.ts:981:14
      at nameScope (tfjs-layers/src/common.ts:48:20)
      at LSTM.Object.<anonymous>.Layer.apply (tfjs-layers/src/engine/topology.ts:967:12)
      at LSTM.Object.<anonymous>.RNN.apply (tfjs-layers/src/layers/recurrent.ts:697:25)
      at Sequential.Object.<anonymous>.Sequential.add (tfjs-layers/src/models.ts:491:15)
      at LSTMPredictor.initializeModel (shared/ml/src/predictor.ts:192:13)
      at new LSTMPredictor (shared/ml/src/predictor.ts:164:28)
      at Object.<anonymous> (shared/ml/__tests__/unit/predictor.test.ts:610:25)

    console.warn
      Orthogonal initializer is being called on a matrix with more than 2000 (16384) elements: Slowness may result.

      at tfjs-layers/src/initializers.ts:558:17
      at tfjs-core/src/engine.ts:469:20
      at Engine.Object.<anonymous>.Engine.scopedRun (tfjs-core/src/engine.ts:480:19)
      at Engine.Object.<anonymous>.Engine.tidy (tfjs-core/src/engine.ts:467:17)
      at Object.tidy (tfjs-core/src/globals.ts:192:17)
      at Orthogonal.tidy [as apply] (tfjs-layers/src/initializers.ts:543:12)
      at LSTMCell.Object.<anonymous>.Layer.addWeight (tfjs-layers/src/engine/topology.ts:1288:35)
      at LSTMCell.Object.<anonymous>.LSTMCell.build (tfjs-layers/src/layers/recurrent.ts:1706:33)
      at LSTM.Object.<anonymous>.RNN.build (tfjs-layers/src/layers/recurrent.ts:516:17)
      at tfjs-layers/src/engine/topology.ts:981:14
      at nameScope (tfjs-layers/src/common.ts:48:20)
      at LSTM.Object.<anonymous>.Layer.apply (tfjs-layers/src/engine/topology.ts:967:12)
      at LSTM.Object.<anonymous>.RNN.apply (tfjs-layers/src/layers/recurrent.ts:697:25)
      at Sequential.Object.<anonymous>.Sequential.add (tfjs-layers/src/models.ts:538:34)
      at LSTMPredictor.initializeModel (shared/ml/src/predictor.ts:201:13)
      at new LSTMPredictor (shared/ml/src/predictor.ts:164:28)
      at Object.<anonymous> (shared/ml/__tests__/unit/predictor.test.ts:610:25)

    console.warn
      Orthogonal initializer is being called on a matrix with more than 2000 (65536) elements: Slowness may result.

      at tfjs-layers/src/initializers.ts:558:17
      at tfjs-core/src/engine.ts:469:20
      at Engine.Object.<anonymous>.Engine.scopedRun (tfjs-core/src/engine.ts:480:19)
      at Engine.Object.<anonymous>.Engine.tidy (tfjs-core/src/engine.ts:467:17)
      at Object.tidy (tfjs-core/src/globals.ts:192:17)
      at Orthogonal.tidy [as apply] (tfjs-layers/src/initializers.ts:543:12)
      at LSTMCell.Object.<anonymous>.Layer.addWeight (tfjs-layers/src/engine/topology.ts:1288:35)
      at LSTMCell.Object.<anonymous>.LSTMCell.build (tfjs-layers/src/layers/recurrent.ts:1706:33)
      at LSTM.Object.<anonymous>.RNN.build (tfjs-layers/src/layers/recurrent.ts:516:17)
      at tfjs-layers/src/engine/topology.ts:981:14
      at nameScope (tfjs-layers/src/common.ts:48:20)
      at LSTM.Object.<anonymous>.Layer.apply (tfjs-layers/src/engine/topology.ts:967:12)
      at LSTM.Object.<anonymous>.RNN.apply (tfjs-layers/src/layers/recurrent.ts:697:25)
      at Sequential.Object.<anonymous>.Sequential.add (tfjs-layers/src/models.ts:491:15)
      at LSTMPredictor.initializeModel (shared/ml/src/predictor.ts:192:13)
      at new LSTMPredictor (shared/ml/src/predictor.ts:164:28)
      at Object.<anonymous> (shared/ml/__tests__/unit/predictor.test.ts:642:25)

    console.warn
      Orthogonal initializer is being called on a matrix with more than 2000 (16384) elements: Slowness may result.

      at tfjs-layers/src/initializers.ts:558:17
      at tfjs-core/src/engine.ts:469:20
      at Engine.Object.<anonymous>.Engine.scopedRun (tfjs-core/src/engine.ts:480:19)
      at Engine.Object.<anonymous>.Engine.tidy (tfjs-core/src/engine.ts:467:17)
      at Object.tidy (tfjs-core/src/globals.ts:192:17)
      at Orthogonal.tidy [as apply] (tfjs-layers/src/initializers.ts:543:12)
      at LSTMCell.Object.<anonymous>.Layer.addWeight (tfjs-layers/src/engine/topology.ts:1288:35)
      at LSTMCell.Object.<anonymous>.LSTMCell.build (tfjs-layers/src/layers/recurrent.ts:1706:33)
      at LSTM.Object.<anonymous>.RNN.build (tfjs-layers/src/layers/recurrent.ts:516:17)
      at tfjs-layers/src/engine/topology.ts:981:14
      at nameScope (tfjs-layers/src/common.ts:48:20)
      at LSTM.Object.<anonymous>.Layer.apply (tfjs-layers/src/engine/topology.ts:967:12)
      at LSTM.Object.<anonymous>.RNN.apply (tfjs-layers/src/layers/recurrent.ts:697:25)
      at Sequential.Object.<anonymous>.Sequential.add (tfjs-layers/src/models.ts:538:34)
      at LSTMPredictor.initializeModel (shared/ml/src/predictor.ts:201:13)
      at new LSTMPredictor (shared/ml/src/predictor.ts:164:28)
      at Object.<anonymous> (shared/ml/__tests__/unit/predictor.test.ts:642:25)

    console.warn
      Orthogonal initializer is being called on a matrix with more than 2000 (65536) elements: Slowness may result.

      at tfjs-layers/src/initializers.ts:558:17
      at tfjs-core/src/engine.ts:469:20
      at Engine.Object.<anonymous>.Engine.scopedRun (tfjs-core/src/engine.ts:480:19)
      at Engine.Object.<anonymous>.Engine.tidy (tfjs-core/src/engine.ts:467:17)
      at Object.tidy (tfjs-core/src/globals.ts:192:17)
      at Orthogonal.tidy [as apply] (tfjs-layers/src/initializers.ts:543:12)
      at LSTMCell.Object.<anonymous>.Layer.addWeight (tfjs-layers/src/engine/topology.ts:1288:35)
      at LSTMCell.Object.<anonymous>.LSTMCell.build (tfjs-layers/src/layers/recurrent.ts:1706:33)
      at LSTM.Object.<anonymous>.RNN.build (tfjs-layers/src/layers/recurrent.ts:516:17)
      at tfjs-layers/src/engine/topology.ts:981:14
      at nameScope (tfjs-layers/src/common.ts:48:20)
      at LSTM.Object.<anonymous>.Layer.apply (tfjs-layers/src/engine/topology.ts:967:12)
      at LSTM.Object.<anonymous>.RNN.apply (tfjs-layers/src/layers/recurrent.ts:697:25)
      at Sequential.Object.<anonymous>.Sequential.add (tfjs-layers/src/models.ts:491:15)
      at LSTMPredictor.initializeModel (shared/ml/src/predictor.ts:192:13)
      at new LSTMPredictor (shared/ml/src/predictor.ts:164:28)
      at Object.<anonymous> (shared/ml/__tests__/unit/predictor.test.ts:673:25)

    console.warn
      Orthogonal initializer is being called on a matrix with more than 2000 (16384) elements: Slowness may result.

      at tfjs-layers/src/initializers.ts:558:17
      at tfjs-core/src/engine.ts:469:20
      at Engine.Object.<anonymous>.Engine.scopedRun (tfjs-core/src/engine.ts:480:19)
      at Engine.Object.<anonymous>.Engine.tidy (tfjs-core/src/engine.ts:467:17)
      at Object.tidy (tfjs-core/src/globals.ts:192:17)
      at Orthogonal.tidy [as apply] (tfjs-layers/src/initializers.ts:543:12)
      at LSTMCell.Object.<anonymous>.Layer.addWeight (tfjs-layers/src/engine/topology.ts:1288:35)
      at LSTMCell.Object.<anonymous>.LSTMCell.build (tfjs-layers/src/layers/recurrent.ts:1706:33)
      at LSTM.Object.<anonymous>.RNN.build (tfjs-layers/src/layers/recurrent.ts:516:17)
      at tfjs-layers/src/engine/topology.ts:981:14
      at nameScope (tfjs-layers/src/common.ts:48:20)
      at LSTM.Object.<anonymous>.Layer.apply (tfjs-layers/src/engine/topology.ts:967:12)
      at LSTM.Object.<anonymous>.RNN.apply (tfjs-layers/src/layers/recurrent.ts:697:25)
      at Sequential.Object.<anonymous>.Sequential.add (tfjs-layers/src/models.ts:538:34)
      at LSTMPredictor.initializeModel (shared/ml/src/predictor.ts:201:13)
      at new LSTMPredictor (shared/ml/src/predictor.ts:164:28)
      at Object.<anonymous> (shared/ml/__tests__/unit/predictor.test.ts:673:25)

A worker process has failed to exit gracefully and has been force exited. This is likely caused by tests leaking due to improper teardown. Try running with --detectOpenHandles to find leaks. Active timers can also cause this, ensure that .unref() was called on them.

⚠️  Slow Tests Detected:

━━━━━━━━━━━━━━━━━━━━━━━━━━━━━━━━━━━━━━━━━━━━━━━━━━━━━━━━━━━━━━━━━━━━━━━━━━━━━━━━
1. [unknown] 298736ms (5875% over 5000ms threshold)
   Singleton Factory Functions resetAllMLSingletons should reset all singletons
   C:\Users\kj2bn8f\arbitrage_new\shared\ml\__tests__\unit\predictor.test.ts

2. [unknown] 279126ms (5483% over 5000ms threshold)
   LSTMPredictor updateModel should calculate recent accuracy
   C:\Users\kj2bn8f\arbitrage_new\shared\ml\__tests__\unit\predictor.test.ts

3. [unknown] 269008ms (5280% over 5000ms threshold)
   Singleton Factory Functions getLSTMPredictor should create new instance after reset
   C:\Users\kj2bn8f\arbitrage_new\shared\ml\__tests__\unit\predictor.test.ts

4. [unknown] 259479ms (5090% over 5000ms threshold)
   LSTMPredictor initialization should initialize model asynchronously
   C:\Users\kj2bn8f\arbitrage_new\shared\ml\__tests__\unit\predictor.test.ts

5. [unknown] 181646ms (3533% over 5000ms threshold)
   LSTMPredictor initialization should accept custom configuration
   C:\Users\kj2bn8f\arbitrage_new\shared\ml\__tests__\unit\predictor.test.ts

6. [unknown] 144736ms (2795% over 5000ms threshold)
   LSTMPredictor updateModel should not trigger retraining when accuracy is good
   C:\Users\kj2bn8f\arbitrage_new\shared\ml\__tests__\unit\predictor.test.ts

7. [unknown] 132757ms (2555% over 5000ms threshold)
   LSTMPredictor dispose should clean up resources
   C:\Users\kj2bn8f\arbitrage_new\shared\ml\__tests__\unit\predictor.test.ts

8. [unknown] 125226ms (2405% over 5000ms threshold)
   Singleton Factory Functions getLSTMPredictor should return same instance on multiple calls
   C:\Users\kj2bn8f\arbitrage_new\shared\ml\__tests__\unit\predictor.test.ts

9. [unknown] 124815ms (2396% over 5000ms threshold)
   LSTMPredictor getModelStats should return correct initial stats
   C:\Users\kj2bn8f\arbitrage_new\shared\ml\__tests__\unit\predictor.test.ts

10. [unknown] 121134ms (2323% over 5000ms threshold)
   LSTMPredictor trainModel should train model with valid data
   C:\Users\kj2bn8f\arbitrage_new\shared\ml\__tests__\unit\predictor.test.ts

11. [unknown] 111875ms (2138% over 5000ms threshold)
   LSTMPredictor initialization should be ready before prediction can succeed
   C:\Users\kj2bn8f\arbitrage_new\shared\ml\__tests__\unit\predictor.test.ts

12. [unknown] 107131ms (2043% over 5000ms threshold)
   Edge Cases and Error Handling negative price handling should handle negative prices gracefully
   C:\Users\kj2bn8f\arbitrage_new\shared\ml\__tests__\unit\predictor.test.ts

13. [unknown] 106864ms (2037% over 5000ms threshold)
   Edge Cases and Error Handling division by zero protection (Bug 4.3 fix) should handle zero volumes without NaN
   C:\Users\kj2bn8f\arbitrage_new\shared\ml\__tests__\unit\predictor.test.ts

14. [unknown] 105476ms (2010% over 5000ms threshold)
   Edge Cases and Error Handling concurrent access should handle multiple concurrent predictions
   C:\Users\kj2bn8f\arbitrage_new\shared\ml\__tests__\unit\predictor.test.ts

15. [unknown] 104465ms (1989% over 5000ms threshold)
   Edge Cases and Error Handling very large values should handle very large price values
   C:\Users\kj2bn8f\arbitrage_new\shared\ml\__tests__\unit\predictor.test.ts

16. [unknown] 103698ms (1974% over 5000ms threshold)
   LSTMPredictor updateModel should accumulate prediction history
   C:\Users\kj2bn8f\arbitrage_new\shared\ml\__tests__\unit\predictor.test.ts

17. [unknown] 103495ms (1970% over 5000ms threshold)
   LSTMPredictor predictPrice should return valid time horizon
   C:\Users\kj2bn8f\arbitrage_new\shared\ml\__tests__\unit\predictor.test.ts

18. [unknown] 103429ms (1969% over 5000ms threshold)
   LSTMPredictor predictPrice should handle empty price history
   C:\Users\kj2bn8f\arbitrage_new\shared\ml\__tests__\unit\predictor.test.ts

19. [unknown] 101735ms (1935% over 5000ms threshold)
   LSTMPredictor trainModel should throw error with invalid input size
   C:\Users\kj2bn8f\arbitrage_new\shared\ml\__tests__\unit\predictor.test.ts

20. [unknown] 101652ms (1933% over 5000ms threshold)
   LSTMPredictor predictPrice should return fallback prediction when not trained
   C:\Users\kj2bn8f\arbitrage_new\shared\ml\__tests__\unit\predictor.test.ts

21. [unknown] 101281ms (1926% over 5000ms threshold)
   LSTMPredictor predictPrice should handle price history shorter than sequence length
   C:\Users\kj2bn8f\arbitrage_new\shared\ml\__tests__\unit\predictor.test.ts

22. [unknown] 12795ms (156% over 5000ms threshold)
   OrderflowPredictor Prediction - Trained Model should return bounded whale impact (0 to 1)
   C:\Users\kj2bn8f\arbitrage_new\shared\ml\__tests__\unit\orderflow-predictor.test.ts

23. [unknown] 12739ms (155% over 5000ms threshold)
   Training Data Preparation should handle samples with mixed outcomes
   C:\Users\kj2bn8f\arbitrage_new\shared\ml\__tests__\unit\orderflow-predictor.test.ts

24. [unknown] 11960ms (139% over 5000ms threshold)
   OrderflowPredictor Prediction - Trained Model should increment prediction counter
   C:\Users\kj2bn8f\arbitrage_new\shared\ml\__tests__\unit\orderflow-predictor.test.ts

25. [unknown] 11266ms (125% over 5000ms threshold)
   OrderflowPredictor Prediction - Trained Model should return ML prediction when trained
   C:\Users\kj2bn8f\arbitrage_new\shared\ml\__tests__\unit\orderflow-predictor.test.ts

26. [unknown] 10954ms (119% over 5000ms threshold)
   OrderflowPredictor Prediction - Trained Model should return bounded orderflow pressure (-1 to 1)
   C:\Users\kj2bn8f\arbitrage_new\shared\ml\__tests__\unit\orderflow-predictor.test.ts

27. [unknown] 10810ms (116% over 5000ms threshold)
   OrderflowPredictor Accuracy Tracking should validate accuracy when training sample matches prediction
   C:\Users\kj2bn8f\arbitrage_new\shared\ml\__tests__\unit\orderflow-predictor.test.ts

28. [unknown] 10721ms (114% over 5000ms threshold)
   OrderflowPredictor Accuracy Tracking should track pending predictions for accuracy validation
   C:\Users\kj2bn8f\arbitrage_new\shared\ml\__tests__\unit\orderflow-predictor.test.ts

29. [unknown] 10152ms (103% over 5000ms threshold)
   OrderflowPredictor Online Learning should retrain when history reaches minimum samples
   C:\Users\kj2bn8f\arbitrage_new\shared\ml\__tests__\unit\orderflow-predictor.test.ts

30. [unknown] 9946ms (99% over 5000ms threshold)
   OrderflowPredictor Race Condition Protection should show isTraining flag during training
   C:\Users\kj2bn8f\arbitrage_new\shared\ml\__tests__\unit\orderflow-predictor.test.ts

31. [unknown] 9840ms (97% over 5000ms threshold)
   Training Data Preparation should handle samples with extreme values
   C:\Users\kj2bn8f\arbitrage_new\shared\ml\__tests__\unit\orderflow-predictor.test.ts

32. [unknown] 9549ms (91% over 5000ms threshold)
   Training Data Preparation should handle samples with all bullish outcomes
   C:\Users\kj2bn8f\arbitrage_new\shared\ml\__tests__\unit\orderflow-predictor.test.ts

33. [unknown] 9107ms (82% over 5000ms threshold)
   OrderflowPredictor Prediction - Trained Model should return bounded volatility (0 to 1)
   C:\Users\kj2bn8f\arbitrage_new\shared\ml\__tests__\unit\orderflow-predictor.test.ts

34. [unknown] 8928ms (79% over 5000ms threshold)
   Training Data Preparation should handle samples with all zeros
   C:\Users\kj2bn8f\arbitrage_new\shared\ml\__tests__\unit\orderflow-predictor.test.ts

35. [unknown] 8634ms (73% over 5000ms threshold)
   OrderflowPredictor Race Condition Protection should prevent concurrent training with isTraining mutex
   C:\Users\kj2bn8f\arbitrage_new\shared\ml\__tests__\unit\orderflow-predictor.test.ts

36. [unknown] 8278ms (66% over 5000ms threshold)
   OrderflowPredictor Training should update lastTrainingTime after training
   C:\Users\kj2bn8f\arbitrage_new\shared\ml\__tests__\unit\orderflow-predictor.test.ts

37. [unknown] 7828ms (57% over 5000ms threshold)
   OrderflowPredictor Training should train model with sufficient samples
   C:\Users\kj2bn8f\arbitrage_new\shared\ml\__tests__\unit\orderflow-predictor.test.ts

━━━━━━━━━━━━━━━━━━━━━━━━━━━━━━━━━━━━━━━━━━━━━━━━━━━━━━━━━━━━━━━━━━━━━━━━━━━━━━━━
Total slow tests: 37

Slow test report written to: C:\Users\kj2bn8f\arbitrage_new\slow-tests.json


Summary of all failing tests
FAIL shared/ml/__tests__/unit/model-persistence.test.ts (34.58 s)
  ● model-persistence › ModelPersistence class › loadModel › should load model from disk

    expect(received).toBe(expected) // Object.is equality

    Expected: true
    Received: false

    [0m [90m 172 |[39m         [36mconst[39m result [33m=[39m [36mawait[39m persistence[33m.[39mloadModel([32m'test-model'[39m)[33m;[39m
     [90m 173 |[39m
    [31m[1m>[22m[39m[90m 174 |[39m         expect(result[33m.[39msuccess)[33m.[39mtoBe([36mtrue[39m)[33m;[39m
     [90m     |[39m                                [31m[1m^[22m[39m
     [90m 175 |[39m         expect(result[33m.[39mmodel)[33m.[39mtoBeDefined()[33m;[39m
     [90m 176 |[39m         expect(result[33m.[39mmetadata)[33m.[39mtoBeDefined()[33m;[39m
     [90m 177 |[39m         expect(mockTf[33m.[39mloadLayersModel)[33m.[39mtoHaveBeenCalled()[33m;[39m[0m

      at Object.<anonymous> (shared/ml/__tests__/unit/model-persistence.test.ts:174:32)

  ● model-persistence › ModelPersistence class › modelExists › should return true for existing model

    expect(received).toBe(expected) // Object.is equality

    Expected: true
    Received: false

    [0m [90m 222 |[39m         [36mawait[39m persistence[33m.[39msaveModel(mockModel [36mas[39m any[33m,[39m metadata)[33m;[39m
     [90m 223 |[39m
    [31m[1m>[22m[39m[90m 224 |[39m         expect(persistence[33m.[39mmodelExists([32m'test-model'[39m))[33m.[39mtoBe([36mtrue[39m)[33m;[39m
     [90m     |[39m                                                       [31m[1m^[22m[39m
     [90m 225 |[39m       })[33m;[39m
     [90m 226 |[39m
     [90m 227 |[39m       it([32m'should return false for non-existent model'[39m[33m,[39m () [33m=>[39m {[0m

      at Object.<anonymous> (shared/ml/__tests__/unit/model-persistence.test.ts:224:55)

FAIL shared/core/__tests__/unit/components/price-calculator.property.test.ts
  ● Test suite failed to run

    [96mshared/core/__tests__/unit/components/price-calculator.property.test.ts[0m:[93m12[0m:[93m21[0m - [91merror[0m[90m TS2307: [0mCannot find module 'fast-check' or its corresponding type declarations.

    [7m12[0m import * as fc from 'fast-check';
    [7m  [0m [91m                    ~~~~~~~~~~~~[0m
    [96mshared/core/__tests__/unit/components/price-calculator.property.test.ts[0m:[93m66[0m:[93m50[0m - [91merror[0m[90m TS7006: [0mParameter 'reserve0' implicitly has an 'any' type.

    [7m66[0m         fc.property(validReserve, validReserve, (reserve0, reserve1) => {
    [7m  [0m [91m                                                 ~~~~~~~~[0m
    [96mshared/core/__tests__/unit/components/price-calculator.property.test.ts[0m:[93m66[0m:[93m60[0m - [91merror[0m[90m TS7006: [0mParameter 'reserve1' implicitly has an 'any' type.

    [7m66[0m         fc.property(validReserve, validReserve, (reserve0, reserve1) => {
    [7m  [0m [91m                                                           ~~~~~~~~[0m
    [96mshared/core/__tests__/unit/components/price-calculator.property.test.ts[0m:[93m79[0m:[93m12[0m - [91merror[0m[90m TS7006: [0mParameter 'reserve0' implicitly has an 'any' type.

    [7m79[0m           (reserve0, reserve1) => {
    [7m  [0m [91m           ~~~~~~~~[0m
    [96mshared/core/__tests__/unit/components/price-calculator.property.test.ts[0m:[93m79[0m:[93m22[0m - [91merror[0m[90m TS7006: [0mParameter 'reserve1' implicitly has an 'any' type.

    [7m79[0m           (reserve0, reserve1) => {
    [7m  [0m [91m                     ~~~~~~~~[0m
    [96mshared/core/__tests__/unit/components/price-calculator.property.test.ts[0m:[93m90[0m:[93m50[0m - [91merror[0m[90m TS7006: [0mParameter 'reserve0' implicitly has an 'any' type.

    [7m90[0m         fc.property(validReserve, validReserve, (reserve0, reserve1) => {
    [7m  [0m [91m                                                 ~~~~~~~~[0m
    [96mshared/core/__tests__/unit/components/price-calculator.property.test.ts[0m:[93m90[0m:[93m60[0m - [91merror[0m[90m TS7006: [0mParameter 'reserve1' implicitly has an 'any' type.

    [7m90[0m         fc.property(validReserve, validReserve, (reserve0, reserve1) => {
    [7m  [0m [91m                                                           ~~~~~~~~[0m
    [96mshared/core/__tests__/unit/components/price-calculator.property.test.ts[0m:[93m110[0m:[93m12[0m - [91merror[0m[90m TS7006: [0mParameter 'reserve0' implicitly has an 'any' type.

    [7m110[0m           (reserve0, reserve1, delta) => {
    [7m   [0m [91m           ~~~~~~~~[0m
    [96mshared/core/__tests__/unit/components/price-calculator.property.test.ts[0m:[93m110[0m:[93m22[0m - [91merror[0m[90m TS7006: [0mParameter 'reserve1' implicitly has an 'any' type.

    [7m110[0m           (reserve0, reserve1, delta) => {
    [7m   [0m [91m                     ~~~~~~~~[0m
    [96mshared/core/__tests__/unit/components/price-calculator.property.test.ts[0m:[93m110[0m:[93m32[0m - [91merror[0m[90m TS7006: [0mParameter 'delta' implicitly has an 'any' type.

    [7m110[0m           (reserve0, reserve1, delta) => {
    [7m   [0m [91m                               ~~~~~[0m
    [96mshared/core/__tests__/unit/components/price-calculator.property.test.ts[0m:[93m125[0m:[93m50[0m - [91merror[0m[90m TS7006: [0mParameter 'reserve0' implicitly has an 'any' type.

    [7m125[0m         fc.property(validReserve, validReserve, (reserve0, reserve1) => {
    [7m   [0m [91m                                                 ~~~~~~~~[0m
    [96mshared/core/__tests__/unit/components/price-calculator.property.test.ts[0m:[93m125[0m:[93m60[0m - [91merror[0m[90m TS7006: [0mParameter 'reserve1' implicitly has an 'any' type.

    [7m125[0m         fc.property(validReserve, validReserve, (reserve0, reserve1) => {
    [7m   [0m [91m                                                           ~~~~~~~~[0m
    [96mshared/core/__tests__/unit/components/price-calculator.property.test.ts[0m:[93m142[0m:[93m46[0m - [91merror[0m[90m TS7006: [0mParameter 'price1' implicitly has an 'any' type.

    [7m142[0m         fc.property(validPrice, validPrice, (price1, price2) => {
    [7m   [0m [91m                                             ~~~~~~[0m
    [96mshared/core/__tests__/unit/components/price-calculator.property.test.ts[0m:[93m142[0m:[93m54[0m - [91merror[0m[90m TS7006: [0mParameter 'price2' implicitly has an 'any' type.

    [7m142[0m         fc.property(validPrice, validPrice, (price1, price2) => {
    [7m   [0m [91m                                                     ~~~~~~[0m
    [96mshared/core/__tests__/unit/components/price-calculator.property.test.ts[0m:[93m157[0m:[93m46[0m - [91merror[0m[90m TS7006: [0mParameter 'price1' implicitly has an 'any' type.

    [7m157[0m         fc.property(validPrice, validPrice, (price1, price2) => {
    [7m   [0m [91m                                             ~~~~~~[0m
    [96mshared/core/__tests__/unit/components/price-calculator.property.test.ts[0m:[93m157[0m:[93m54[0m - [91merror[0m[90m TS7006: [0mParameter 'price2' implicitly has an 'any' type.

    [7m157[0m         fc.property(validPrice, validPrice, (price1, price2) => {
    [7m   [0m [91m                                                     ~~~~~~[0m
    [96mshared/core/__tests__/unit/components/price-calculator.property.test.ts[0m:[93m172[0m:[93m34[0m - [91merror[0m[90m TS7006: [0mParameter 'price' implicitly has an 'any' type.

    [7m172[0m         fc.property(validPrice, (price) => {
    [7m   [0m [91m                                 ~~~~~[0m
    [96mshared/core/__tests__/unit/components/price-calculator.property.test.ts[0m:[93m186[0m:[93m46[0m - [91merror[0m[90m TS7006: [0mParameter 'price1' implicitly has an 'any' type.

    [7m186[0m         fc.property(validPrice, validPrice, (price1, price2) => {
    [7m   [0m [91m                                             ~~~~~~[0m
    [96mshared/core/__tests__/unit/components/price-calculator.property.test.ts[0m:[93m186[0m:[93m54[0m - [91merror[0m[90m TS7006: [0mParameter 'price2' implicitly has an 'any' type.

    [7m186[0m         fc.property(validPrice, validPrice, (price1, price2) => {
    [7m   [0m [91m                                                     ~~~~~~[0m
    [96mshared/core/__tests__/unit/components/price-calculator.property.test.ts[0m:[93m207[0m:[93m12[0m - [91merror[0m[90m TS7006: [0mParameter 'grossSpread' implicitly has an 'any' type.

    [7m207[0m           (grossSpread, fee1, fee2) => {
    [7m   [0m [91m           ~~~~~~~~~~~[0m
    [96mshared/core/__tests__/unit/components/price-calculator.property.test.ts[0m:[93m207[0m:[93m25[0m - [91merror[0m[90m TS7006: [0mParameter 'fee1' implicitly has an 'any' type.

    [7m207[0m           (grossSpread, fee1, fee2) => {
    [7m   [0m [91m                        ~~~~[0m
    [96mshared/core/__tests__/unit/components/price-calculator.property.test.ts[0m:[93m207[0m:[93m31[0m - [91merror[0m[90m TS7006: [0mParameter 'fee2' implicitly has an 'any' type.

    [7m207[0m           (grossSpread, fee1, fee2) => {
    [7m   [0m [91m                              ~~~~[0m
    [96mshared/core/__tests__/unit/components/price-calculator.property.test.ts[0m:[93m233[0m:[93m12[0m - [91merror[0m[90m TS7006: [0mParameter 'grossSpread' implicitly has an 'any' type.

    [7m233[0m           (grossSpread, negativeFee, validFee) => {
    [7m   [0m [91m           ~~~~~~~~~~~[0m
    [96mshared/core/__tests__/unit/components/price-calculator.property.test.ts[0m:[93m233[0m:[93m25[0m - [91merror[0m[90m TS7006: [0mParameter 'negativeFee' implicitly has an 'any' type.

    [7m233[0m           (grossSpread, negativeFee, validFee) => {
    [7m   [0m [91m                        ~~~~~~~~~~~[0m
    [96mshared/core/__tests__/unit/components/price-calculator.property.test.ts[0m:[93m233[0m:[93m38[0m - [91merror[0m[90m TS7006: [0mParameter 'validFee' implicitly has an 'any' type.

    [7m233[0m           (grossSpread, negativeFee, validFee) => {
    [7m   [0m [91m                                     ~~~~~~~~[0m
    [96mshared/core/__tests__/unit/components/price-calculator.property.test.ts[0m:[93m246[0m:[93m34[0m - [91merror[0m[90m TS7006: [0mParameter 'price' implicitly has an 'any' type.

    [7m246[0m         fc.property(validPrice, (price) => {
    [7m   [0m [91m                                 ~~~~~[0m
    [96mshared/core/__tests__/unit/components/price-calculator.property.test.ts[0m:[93m266[0m:[93m12[0m - [91merror[0m[90m TS7006: [0mParameter 'price' implicitly has an 'any' type.

    [7m266[0m           (price) => {
    [7m   [0m [91m           ~~~~~[0m
    [96mshared/core/__tests__/unit/components/price-calculator.property.test.ts[0m:[93m284[0m:[93m12[0m - [91merror[0m[90m TS7006: [0mParameter 'spread' implicitly has an 'any' type.

    [7m284[0m           (spread, age, maxAge) => {
    [7m   [0m [91m           ~~~~~~[0m
    [96mshared/core/__tests__/unit/components/price-calculator.property.test.ts[0m:[93m284[0m:[93m20[0m - [91merror[0m[90m TS7006: [0mParameter 'age' implicitly has an 'any' type.

    [7m284[0m           (spread, age, maxAge) => {
    [7m   [0m [91m                   ~~~[0m
    [96mshared/core/__tests__/unit/components/price-calculator.property.test.ts[0m:[93m284[0m:[93m25[0m - [91merror[0m[90m TS7006: [0mParameter 'maxAge' implicitly has an 'any' type.

    [7m284[0m           (spread, age, maxAge) => {
    [7m   [0m [91m                        ~~~~~~[0m
    [96mshared/core/__tests__/unit/components/price-calculator.property.test.ts[0m:[93m299[0m:[93m12[0m - [91merror[0m[90m TS7006: [0mParameter 'spread' implicitly has an 'any' type.

    [7m299[0m           (spread, age1, ageDelta) => {
    [7m   [0m [91m           ~~~~~~[0m
    [96mshared/core/__tests__/unit/components/price-calculator.property.test.ts[0m:[93m299[0m:[93m20[0m - [91merror[0m[90m TS7006: [0mParameter 'age1' implicitly has an 'any' type.

    [7m299[0m           (spread, age1, ageDelta) => {
    [7m   [0m [91m                   ~~~~[0m
    [96mshared/core/__tests__/unit/components/price-calculator.property.test.ts[0m:[93m299[0m:[93m26[0m - [91merror[0m[90m TS7006: [0mParameter 'ageDelta' implicitly has an 'any' type.

    [7m299[0m           (spread, age1, ageDelta) => {
    [7m   [0m [91m                         ~~~~~~~~[0m
    [96mshared/core/__tests__/unit/components/price-calculator.property.test.ts[0m:[93m328[0m:[93m58[0m - [91merror[0m[90m TS7006: [0mParameter 'bps' implicitly has an 'any' type.

    [7m328[0m         fc.property(fc.integer({ min: 0, max: 10000 }), (bps) => {
    [7m   [0m [91m                                                         ~~~[0m
    [96mshared/core/__tests__/unit/components/price-calculator.property.test.ts[0m:[93m347[0m:[93m68[0m - [91merror[0m[90m TS7006: [0mParameter 'percentage' implicitly has an 'any' type.

    [7m347[0m         fc.property(fc.double({ min: 0, max: 100, noNaN: true }), (percentage) => {
    [7m   [0m [91m                                                                   ~~~~~~~~~~[0m
    [96mshared/core/__tests__/unit/components/price-calculator.property.test.ts[0m:[93m364[0m:[93m36[0m - [91merror[0m[90m TS7006: [0mParameter 'price' implicitly has an 'any' type.

    [7m364[0m           fc.property(validPrice, (price) => {
    [7m   [0m [91m                                   ~~~~~[0m
    [96mshared/core/__tests__/unit/components/price-calculator.property.test.ts[0m:[93m375[0m:[93m14[0m - [91merror[0m[90m TS7006: [0mParameter 'price' implicitly has an 'any' type.

    [7m375[0m             (price) => {
    [7m   [0m [91m             ~~~~~[0m
    [96mshared/core/__tests__/unit/components/price-calculator.property.test.ts[0m:[93m393[0m:[93m34[0m - [91merror[0m[90m TS7006: [0mParameter 'fee' implicitly has an 'any' type.

    [7m393[0m           fc.property(validFee, (fee) => {
    [7m   [0m [91m                                 ~~~[0m
    [96mshared/core/__tests__/unit/components/price-calculator.property.test.ts[0m:[93m407[0m:[93m14[0m - [91merror[0m[90m TS7006: [0mParameter 'fee' implicitly has an 'any' type.

    [7m407[0m             (fee) => {
    [7m   [0m [91m             ~~~[0m
    [96mshared/core/__tests__/unit/components/price-calculator.property.test.ts[0m:[93m419[0m:[93m52[0m - [91merror[0m[90m TS7006: [0mParameter 'r0' implicitly has an 'any' type.

    [7m419[0m           fc.property(validReserve, validReserve, (r0, r1) => {
    [7m   [0m [91m                                                   ~~[0m
    [96mshared/core/__tests__/unit/components/price-calculator.property.test.ts[0m:[93m419[0m:[93m56[0m - [91merror[0m[90m TS7006: [0mParameter 'r1' implicitly has an 'any' type.

    [7m419[0m           fc.property(validReserve, validReserve, (r0, r1) => {
    [7m   [0m [91m                                                       ~~[0m
    [96mshared/core/__tests__/unit/components/price-calculator.property.test.ts[0m:[93m431[0m:[93m14[0m - [91merror[0m[90m TS7006: [0mParameter 'r0' implicitly has an 'any' type.

    [7m431[0m             (r0, r1) => {
    [7m   [0m [91m             ~~[0m
    [96mshared/core/__tests__/unit/components/price-calculator.property.test.ts[0m:[93m431[0m:[93m18[0m - [91merror[0m[90m TS7006: [0mParameter 'r1' implicitly has an 'any' type.

    [7m431[0m             (r0, r1) => {
    [7m   [0m [91m                 ~~[0m
    [96mshared/core/__tests__/unit/components/price-calculator.property.test.ts[0m:[93m448[0m:[93m36[0m - [91merror[0m[90m TS7006: [0mParameter 'numerator' implicitly has an 'any' type.

    [7m448[0m         fc.property(validReserve, (numerator) => {
    [7m   [0m [91m                                   ~~~~~~~~~[0m

FAIL shared/config/__tests__/unit/config-manager.test.ts (39.031 s)
  ● ConfigManager › REDIS_URL validation › should fail for missing REDIS_URL

    expect(received).toBe(expected) // Object.is equality

    Expected: false
    Received: true

    [0m [90m 82 |[39m       [36mconst[39m result [33m=[39m [33mConfigManager[39m[33m.[39mgetInstance()[33m.[39mvalidate()[33m;[39m
     [90m 83 |[39m
    [31m[1m>[22m[39m[90m 84 |[39m       expect(result[33m.[39mvalid)[33m.[39mtoBe([36mfalse[39m)[33m;[39m
     [90m    |[39m                            [31m[1m^[22m[39m
     [90m 85 |[39m       expect(result[33m.[39merrors[33m.[39msome((e[33m:[39m string) [33m=>[39m e[33m.[39mincludes([32m'REDIS_URL'[39m)))[33m.[39mtoBe([36mtrue[39m)[33m;[39m
     [90m 86 |[39m     })[33m;[39m
     [90m 87 |[39m[0m

      at Object.<anonymous> (shared/config/__tests__/unit/config-manager.test.ts:84:28)

  ● ConfigManager › validateOrThrow › should throw for invalid configuration

    expect(received).toThrow(expected)

    Expected substring: "Configuration validation failed"

    Received function did not throw

    [0m [90m 238 |[39m       expect(() [33m=>[39m {
     [90m 239 |[39m         [33mConfigManager[39m[33m.[39mgetInstance()[33m.[39mvalidateOrThrow()[33m;[39m
    [31m[1m>[22m[39m[90m 240 |[39m       })[33m.[39mtoThrow([32m'Configuration validation failed'[39m)[33m;[39m
     [90m     |[39m          [31m[1m^[22m[39m
     [90m 241 |[39m     })[33m;[39m
     [90m 242 |[39m
     [90m 243 |[39m     it([32m'should log warnings before throwing'[39m[33m,[39m () [33m=>[39m {[0m

      at Object.<anonymous> (shared/config/__tests__/unit/config-manager.test.ts:240:10)

  ● ConfigManager › validateOrThrow › should log warnings before throwing

    expect(received).toThrow()

    Received function did not throw

    [0m [90m 249 |[39m       expect(() [33m=>[39m {
     [90m 250 |[39m         [33mConfigManager[39m[33m.[39mgetInstance()[33m.[39mvalidateOrThrow()[33m;[39m
    [31m[1m>[22m[39m[90m 251 |[39m       })[33m.[39mtoThrow()[33m;[39m
     [90m     |[39m          [31m[1m^[22m[39m
     [90m 252 |[39m
     [90m 253 |[39m       errorSpy[33m.[39mmockRestore()[33m;[39m
     [90m 254 |[39m       warnSpy[33m.[39mmockRestore()[33m;[39m[0m

      at Object.<anonymous> (shared/config/__tests__/unit/config-manager.test.ts:251:10)

  ● STRICT_CONFIG_VALIDATION › should demote errors to warnings when STRICT_CONFIG_VALIDATION is false

    expect(received).toBe(expected) // Object.is equality

    Expected: true
    Received: false

    [0m [90m 377 |[39m     expect(result[33m.[39mvalid)[33m.[39mtoBe([36mtrue[39m)[33m;[39m [90m// Should be valid despite missing required var[39m
     [90m 378 |[39m     expect(result[33m.[39merrors)[33m.[39mtoHaveLength([35m0[39m)[33m;[39m
    [31m[1m>[22m[39m[90m 379 |[39m     expect(result[33m.[39mwarnings[33m.[39msome((w[33m:[39m string) [33m=>[39m w[33m.[39mincludes([32m'[RELAXED]'[39m)))[33m.[39mtoBe([36mtrue[39m)[33m;[39m
     [90m     |[39m                                                                          [31m[1m^[22m[39m
     [90m 380 |[39m   })[33m;[39m
     [90m 381 |[39m
     [90m 382 |[39m   it([32m'should enforce errors when STRICT_CONFIG_VALIDATION is true'[39m[33m,[39m () [33m=>[39m {[0m

      at Object.<anonymous> (shared/config/__tests__/unit/config-manager.test.ts:379:74)

  ● STRICT_CONFIG_VALIDATION › should enforce errors when STRICT_CONFIG_VALIDATION is true

    expect(received).toBe(expected) // Object.is equality

    Expected: false
    Received: true

    [0m [90m 386 |[39m     [36mconst[39m result [33m=[39m [33mConfigManager[39m[33m.[39mgetInstance()[33m.[39mvalidate()[33m;[39m
     [90m 387 |[39m
    [31m[1m>[22m[39m[90m 388 |[39m     expect(result[33m.[39mvalid)[33m.[39mtoBe([36mfalse[39m)[33m;[39m
     [90m     |[39m                          [31m[1m^[22m[39m
     [90m 389 |[39m     expect(result[33m.[39merrors)[33m.[39mtoHaveLength([35m1[39m)[33m;[39m
     [90m 390 |[39m   })[33m;[39m
     [90m 391 |[39m[0m

      at Object.<anonymous> (shared/config/__tests__/unit/config-manager.test.ts:388:26)

  ● STRICT_CONFIG_VALIDATION › should default to strict validation (errors are errors)

    expect(received).toBe(expected) // Object.is equality

    Expected: false
    Received: true

    [0m [90m 396 |[39m     [36mconst[39m result [33m=[39m [33mConfigManager[39m[33m.[39mgetInstance()[33m.[39mvalidate()[33m;[39m
     [90m 397 |[39m
    [31m[1m>[22m[39m[90m 398 |[39m     expect(result[33m.[39mvalid)[33m.[39mtoBe([36mfalse[39m)[33m;[39m
     [90m     |[39m                          [31m[1m^[22m[39m
     [90m 399 |[39m   })[33m;[39m
     [90m 400 |[39m })[33m;[39m
     [90m 401 |[39m[0m

      at Object.<anonymous> (shared/config/__tests__/unit/config-manager.test.ts:398:26)

FAIL tests/integration/s3.1.7-detector-migration.integration.test.ts (43.397 s)
  ● S3.1.7.10: Migration Documentation › should reference partition architecture in implementation plan

    expect(received).toContain(expected) // indexOf

    Expected substring: "Migrate existing detectors"
    Received string:    "# Implementation Plan·
    **Status**: Active
    **Last Updated**: February 2, 2026·
    ---·
    ## Sprint 3: Partitioned Architecture·
    ### S3.1.7: Detector Migration to Partitioned Architecture·
    The arbitrage detection system has been migrated from a monolithic unified-detector to a partitioned architecture for better scalability and regional optimization.·
    **Partition Strategy**:·
    | Partition | ID | Chains | Region | Health Check |
    |-----------|-----|--------|--------|--------------|
    | P1 | asia-fast | BSC, Polygon, Avalanche, Fantom | asia-southeast1 | 15000ms |
    | P2 | l2-turbo | Arbitrum, Optimism, Base | asia-southeast1 | 10000ms |
    | P3 | high-value | Ethereum | us-central1 | 20000ms |
    | P4 | solana | Solana | asia-southeast1 | 10000ms |·
    **Migration Status**: ✅ Complete·
    **Key Changes**:
    - Unified detector split into partition-specific services
    - Each partition optimized for its chain characteristics
    - Cross-region health management implemented
    - Graceful degradation for partition failures·
    **Architecture References**:
    - ADR-003: Partitioned Chain Detectors
    - ADR-009: Test Architecture·
    ---·
    ## Current Sprint Work·
    See `FINAL_IMPLEMENTATION_PLAN.md` for current priorities:
    - Flash Loan Testnet Deployment (P0)
    - Flash Loan Security Audit (P0)
    - A/B Testing Framework (P1)·
    ---·
    ## Completed Sprints·
    ### Test Framework Improvements (Feb 2026)
    - ✅ Jest configuration fixes
    - ✅ Test migration to `__tests__/` directories
    - ✅ Test data builders and helpers
    - ✅ Performance optimization (beforeAll patterns)
    - ✅ Test naming and structure improvements·
    See `.claude/plans/TEST_FRAMEWORK_FIXES_IMPLEMENTATION_PLAN.md` for details.
    "

    [0m [90m 670 |[39m     expect(content)[33m.[39mtoContain([32m'Partitioned'[39m)[33m;[39m
     [90m 671 |[39m     expect(content)[33m.[39mtoContain([32m'S3.1.7'[39m)[33m;[39m
    [31m[1m>[22m[39m[90m 672 |[39m     expect(content)[33m.[39mtoContain([32m'Migrate existing detectors'[39m)[33m;[39m
     [90m     |[39m                     [31m[1m^[22m[39m
     [90m 673 |[39m   })[33m;[39m
     [90m 674 |[39m })[33m;[39m
     [90m 675 |[39m[0m

      at Object.<anonymous> (tests/integration/s3.1.7-detector-migration.integration.test.ts:672:21)

FAIL tests/integration/s3.1.6-partition-solana.integration.test.ts (43.454 s)
  ● S3.1.6.18: Cross-Partition Consistency › P4 uses same patterns as P1-P3 › should have consistent comment patterns with P3

    expect(received).toContain(expected) // indexOf

    Expected substring: "P12-P14 refactor"
    Received string:    "/**·
     * P3 High-Value Partition Service Entry Point·
     *·
     * Deploys the unified detector for the High-Value partition:·
     * - Chains: Ethereum, zkSync, Linea·
     * - Region: Oracle Cloud US-East (us-east1)·
     * - Resource Profile: Heavy (3 high-value chains)·
     *·
     * This service is a deployment wrapper for the unified-detector,·
     * configured specifically for the P3 partition.·
     *·
     * High-Value partition characteristics:·
     * - Longer health checks (30s) for Ethereum's ~12s blocks·
     * - Standard failover timeout (60s) for mainnet stability·
     * - Heavy resource profile for Ethereum mainnet processing·
     * - US-East deployment for proximity to major Ethereum infrastructure·
     *·
     * Environment Variables:·
     * - PARTITION_ID: Set to 'high-value' by default·
     * - PARTITION_CHAINS: Override chains to monitor (comma-separated, default: ethereum,zksync,linea)·
     * - REDIS_URL: Redis connection URL (required)·
     * - LOG_LEVEL: Logging level (default: info)·
     * - HEALTH_CHECK_PORT: HTTP health check port (default: 3003)·
     * - INSTANCE_ID: Unique instance identifier (auto-generated if not set)·
     * - REGION_ID: Deployment region (default: us-east1)·
     * - ENABLE_CROSS_REGION_HEALTH: Enable cross-region health reporting (default: true)·
     *·
     * @see ADR-003: Partitioned Chain Detectors·
     */···
    import { Server } from 'http';·
    import { UnifiedChainDetector, UnifiedDetectorConfig } from '@arbitrage/unified-detector';·
    import {·
      createLogger,·
      parsePort,·
      validateAndFilterChains,·
      createPartitionHealthServer,·
      setupDetectorEventHandlers,·
      setupProcessHandlers,·
      exitWithConfigError,·
      closeServerWithTimeout,·
      parsePartitionEnvironmentConfig,·
      validatePartitionEnvironmentConfig,·
      generateInstanceId,·
      PartitionServiceConfig,·
      PartitionEnvironmentConfig,·
      PARTITION_PORTS,·
      PARTITION_SERVICE_NAMES·
    } from '@arbitrage/core';·
    import { getPartition, PARTITION_IDS } from '@arbitrage/config';···
    // =============================================================================·
    // P3 Partition Constants·
    // =============================================================================···
    const P3_PARTITION_ID = PARTITION_IDS.HIGH_VALUE;·
    // Use centralized port constant (P1: 3001, P2: 3002, P3: 3003, P4: 3004)·
    const P3_DEFAULT_PORT = PARTITION_PORTS[P3_PARTITION_ID] ?? 3003;···
    // =============================================================================·
    // Configuration·
    // =============================================================================···
    const logger = createLogger('partition-high-value:main');···
    // =============================================================================·
    // Partition Configuration Retrieval·
    // =============================================================================···
    // Single partition config retrieval·
    const partitionConfig = getPartition(P3_PARTITION_ID);·
    if (!partitionConfig) {·
      exitWithConfigError('P3 partition configuration not found', { partitionId: P3_PARTITION_ID }, logger);·
    }···
    // BUG-FIX: Add defensive null-safety checks for test compatibility·
    // During test imports, mocks may not be fully initialized, so we use optional chaining·
    // and provide safe defaults to prevent \"Cannot read properties of undefined\" errors·
    const P3_CHAINS: readonly string[] = partitionConfig?.chains ?? [];·
    const P3_REGION = partitionConfig?.region ?? 'us-east1';···
    // BUG-FIX: Validate partition config has chains·
    if (!P3_CHAINS || P3_CHAINS.length === 0) {·
      exitWithConfigError('P3 partition has no chains configured', {·
        partitionId: P3_PARTITION_ID,·
        chains: P3_CHAINS·
      }, logger);·
    }···
    // =============================================================================·
    // Environment Configuration (Using shared typed utilities)·
    // =============================================================================···
    // Parse environment into typed configuration using shared utility·
    const envConfig: PartitionEnvironmentConfig = parsePartitionEnvironmentConfig(P3_CHAINS);···
    // Validate environment configuration (exits on critical errors, warns on non-critical)·
    validatePartitionEnvironmentConfig(envConfig, P3_PARTITION_ID, P3_CHAINS, logger);···
    // =============================================================================·
    // Service Configuration·
    // =============================================================================···
    // Service configuration for shared utilities·
    const serviceConfig: PartitionServiceConfig = {·
      partitionId: P3_PARTITION_ID,·
      serviceName: PARTITION_SERVICE_NAMES[P3_PARTITION_ID] ?? 'partition-high-value',·
      defaultChains: P3_CHAINS,·
      defaultPort: P3_DEFAULT_PORT,·
      region: P3_REGION,·
      provider: partitionConfig?.provider ?? 'oracle'·
    };···
    // Store server reference for graceful shutdown·
    const healthServerRef: { current: Server | null } = { current: null };···
    // Unified detector configuration (uses typed envConfig)·
    // BUG-FIX: Use nullish coalescing (??) consistently instead of logical OR (||)·
    // to properly handle falsy but valid values like empty strings or 0·
    // BUG-FIX: Add optional chaining for envConfig properties for test compatibility·
    const config: UnifiedDetectorConfig = {·
      partitionId: P3_PARTITION_ID,·
      chains: validateAndFilterChains(envConfig?.partitionChains, P3_CHAINS, logger),·
      instanceId: generateInstanceId(P3_PARTITION_ID, envConfig?.instanceId),·
      regionId: envConfig?.regionId ?? P3_REGION,·
      enableCrossRegionHealth: envConfig?.enableCrossRegionHealth ?? true,·
      healthCheckPort: parsePort(envConfig?.healthCheckPort, P3_DEFAULT_PORT, logger)·
    };···
    // =============================================================================·
    // Service Instance·
    // =============================================================================···
    const detector = new UnifiedChainDetector(config);···
    // =============================================================================·
    // Event Handlers (Using shared utilities)·
    // =============================================================================···
    setupDetectorEventHandlers(detector, logger, P3_PARTITION_ID);···
    // =============================================================================·
    // Process Handlers (Using shared utilities with shutdown guard)·
    // =============================================================================···
    // Store cleanup function to prevent MaxListenersExceeded warnings·
    // in test scenarios and allow proper handler cleanup·
    const cleanupProcessHandlers = setupProcessHandlers(healthServerRef, detector, logger, serviceConfig.serviceName);···
    // =============================================================================·
    // Main Entry Point·
    // =============================================================================···
    // Guard against multiple main() invocations (e.g., from integration tests)·
    // FIX: Standardized to use single state enum (matching P2 l2-turbo pattern)·
    // This is cleaner and more explicit about the service lifecycle state·
    type MainState = 'idle' | 'starting' | 'started' | 'failed';·
    let mainState: MainState = 'idle';···
    async function main(): Promise<void> {·
      // Check-and-set guard prevents duplicate invocations within same event loop tick·
      if (mainState !== 'idle') {·
        logger.warn('main() already started or starting, ignoring duplicate invocation', {·
          currentState: mainState·
        });·
        return;·
      }·
      mainState = 'starting';···
      logger.info('Starting P3 High-Value Partition Service', {·
        partitionId: P3_PARTITION_ID,·
        chains: config.chains,·
        region: P3_REGION,·
        provider: serviceConfig.provider,·
        nodeVersion: process.version,·
        pid: process.pid·
      });···
      try {·
        // Start health check server first (using shared utilities)·
        // BUG-FIX: Use nullish coalescing for port to handle port 0 correctly·
        healthServerRef.current = createPartitionHealthServer({·
          port: config.healthCheckPort ?? P3_DEFAULT_PORT,·
          config: serviceConfig,·
          detector,·
          logger·
        });···
        // Start detector·
        await detector.start();···
        // BUG-FIX: Mark as fully started only after successful completion·
        mainState = 'started';···
        logger.info('P3 High-Value Partition Service started successfully', {·
          partitionId: detector.getPartitionId(),·
          chains: detector.getChains(),·
          healthyChains: detector.getHealthyChains()·
        });···
      } catch (error) {·
        // BUG-FIX: Mark as failed instead of resetting to idle·
        mainState = 'failed';···
        logger.error('Failed to start P3 High-Value Partition Service', { error });···
        // BUG-FIX: Explicit null check before closing server·
        // Server may be null if createPartitionHealthServer threw before assignment·
        if (healthServerRef.current) {·
          await closeServerWithTimeout(healthServerRef.current, 1000, logger);·
        }···
        // BUG-FIX: Clear server reference after closing to prevent stale reference issues·
        healthServerRef.current = null;···
        // Clean up process handlers before exit to prevent listener leaks·
        cleanupProcessHandlers();···
        process.exit(1);·
      }·
    }···
    // Run - only when this is the main entry point (not when imported by tests)·
    // Check for Jest worker to prevent auto-start during test imports·
    if (!process.env.JEST_WORKER_ID) {·
      main().catch((error) => {·
        // BUG-FIX: Wrap logging in try-catch to prevent silent failures if logger fails·
        try {·
          if (logger) {·
            logger.error('Fatal error in P3 High-Value partition main', { error });·
          } else {·
            console.error('Fatal error in P3 High-Value partition main (logger unavailable):', error);·
          }·
        } catch (logError) {·
          // Last resort - write to stderr directly·
          process.stderr.write(`FATAL: ${error}\\nLOG ERROR: ${logError}\\n`);·
        }·
        process.exit(1);·
      });·
    }···
    // =============================================================================·
    // Exports·
    // =============================================================================···
    export {·
      detector,·
      config,·
      P3_PARTITION_ID,·
      P3_CHAINS,·
      P3_REGION,·
      cleanupProcessHandlers,·
      // Export for testing·
      envConfig·
    };···
    // Re-export type from shared utilities for convenience·
    export type { PartitionEnvironmentConfig };·
    "

    [0m [90m 1665 |[39m
     [90m 1666 |[39m       [90m// Both should use P12-P14 refactor pattern[39m
    [31m[1m>[22m[39m[90m 1667 |[39m       expect(p3Content)[33m.[39mtoContain([32m'P12-P14 refactor'[39m)[33m;[39m
     [90m      |[39m                         [31m[1m^[22m[39m
     [90m 1668 |[39m       expect(p4Content)[33m.[39mtoContain([32m'P12-P14 refactor'[39m)[33m;[39m
     [90m 1669 |[39m
     [90m 1670 |[39m       [90m// Both should use P12-P16 refactor pattern[39m[0m

      at Object.<anonymous> (tests/integration/s3.1.6-partition-solana.integration.test.ts:1667:25)

  ● S3.1.6.18: Cross-Partition Consistency › All partitions share same utility patterns › should use validateAndFilterChains in all partitions

    expect(received).toContain(expected) // indexOf

    Expected substring: "validateAndFilterChains(process.env.PARTITION_CHAINS"
    Received string:    "/**·
     * P1 Asia-Fast Partition Service Entry Point·
     *·
     * Deploys the unified detector for the Asia-Fast partition:·
     * - Chains: BSC, Polygon, Avalanche, Fantom·
     * - Region: Oracle Cloud Singapore (asia-southeast1)·
     * - Resource Profile: Heavy (4 chains)·
     *·
     * This service is a deployment wrapper for the unified-detector,·
     * configured specifically for the P1 partition.·
     *·
     * Architecture Note:·
     * This service creates its own HTTP health server via createPartitionHealthServer().·
     * The UnifiedChainDetector class provides health data but NOT an HTTP server.·
     * This separation of concerns allows:·
     * - Partition-specific health endpoint configuration·
     * - Consistent health response format across all partition services·
     * - The detector class to remain transport-agnostic·
     *·
     * Environment Variables:·
     * - PARTITION_ID: Set to 'asia-fast' by default·
     * - REDIS_URL: Redis connection URL (required)·
     * - LOG_LEVEL: Logging level (default: info)·
     * - HEALTH_CHECK_PORT: HTTP health check port (default: 3001)·
     * - INSTANCE_ID: Unique instance identifier (auto-generated if not set)·
     * - REGION_ID: Region identifier (default: asia-southeast1)·
     * - ENABLE_CROSS_REGION_HEALTH: Enable cross-region health reporting (default: true)·
     * - PARTITION_CHAINS: Override default chains (comma-separated)·
     *·
     * @see ADR-003: Partitioned Chain Detectors·
     */···
    import { Server } from 'http';·
    import { UnifiedChainDetector, UnifiedDetectorConfig } from '@arbitrage/unified-detector';·
    import {·
      createLogger,·
      parsePort,·
      validateAndFilterChains,·
      createPartitionHealthServer,·
      setupDetectorEventHandlers,·
      setupProcessHandlers,·
      exitWithConfigError,·
      closeServerWithTimeout,·
      parsePartitionEnvironmentConfig,·
      validatePartitionEnvironmentConfig,·
      generateInstanceId,·
      PartitionServiceConfig,·
      PartitionEnvironmentConfig,·
      PARTITION_PORTS,·
      PARTITION_SERVICE_NAMES,·
      Logger·
    } from '@arbitrage/core';·
    import { getPartition, PARTITION_IDS } from '@arbitrage/config';···
    // =============================================================================·
    // P1 Partition Constants·
    // =============================================================================···
    const P1_PARTITION_ID = PARTITION_IDS.ASIA_FAST;·
    // Use centralized port constant (P1: 3001, P2: 3002, P3: 3003, P4: 3004)·
    const P1_DEFAULT_PORT = PARTITION_PORTS[P1_PARTITION_ID] ?? 3001;···
    // =============================================================================·
    // Configuration·
    // =============================================================================···
    const logger = createLogger('partition-asia-fast:main');···
    // =============================================================================·
    // Partition Configuration Retrieval·
    // =============================================================================···
    // Single partition config retrieval·
    const partitionConfig = getPartition(P1_PARTITION_ID);·
    if (!partitionConfig) {·
      exitWithConfigError('P1 partition configuration not found', { partitionId: P1_PARTITION_ID }, logger);·
    }···
    // BUG-FIX: Add defensive null-safety checks for test compatibility·
    // During test imports, mocks may not be fully initialized, so we use optional chaining·
    // and provide safe defaults to prevent \"Cannot read properties of undefined\" errors·
    const P1_CHAINS: readonly string[] = partitionConfig?.chains ?? [];·
    const P1_REGION = partitionConfig?.region ?? 'asia-southeast1';···
    // BUG-FIX: Validate partition config has chains·
    if (!P1_CHAINS || P1_CHAINS.length === 0) {·
      exitWithConfigError('P1 partition has no chains configured', {·
        partitionId: P1_PARTITION_ID,·
        chains: P1_CHAINS·
      }, logger);·
    }···
    // =============================================================================·
    // Environment Configuration (Using shared typed utilities)·
    // =============================================================================···
    // Parse environment into typed configuration using shared utility·
    const envConfig: PartitionEnvironmentConfig = parsePartitionEnvironmentConfig(P1_CHAINS);···
    // Validate environment configuration (exits on critical errors, warns on non-critical)·
    validatePartitionEnvironmentConfig(envConfig, P1_PARTITION_ID, P1_CHAINS, logger);···
    // =============================================================================·
    // Service Configuration·
    // =============================================================================···
    // Service configuration for shared utilities·
    const serviceConfig: PartitionServiceConfig = {·
      partitionId: P1_PARTITION_ID,·
      serviceName: PARTITION_SERVICE_NAMES[P1_PARTITION_ID] ?? 'partition-asia-fast',·
      defaultChains: P1_CHAINS,·
      defaultPort: P1_DEFAULT_PORT,·
      region: P1_REGION,·
      provider: partitionConfig?.provider ?? 'oracle'·
    };···
    // Store server reference for graceful shutdown·
    const healthServerRef: { current: Server | null } = { current: null };···
    // Unified detector configuration (uses typed envConfig)·
    // BUG-FIX: Use nullish coalescing (??) consistently instead of logical OR (||)·
    // to properly handle falsy but valid values like empty strings or 0·
    // BUG-FIX: Add optional chaining for envConfig properties for test compatibility·
    const config: UnifiedDetectorConfig = {·
      partitionId: P1_PARTITION_ID,·
      chains: validateAndFilterChains(envConfig?.partitionChains, P1_CHAINS, logger),·
      instanceId: generateInstanceId(P1_PARTITION_ID, envConfig?.instanceId),·
      regionId: envConfig?.regionId ?? P1_REGION,·
      enableCrossRegionHealth: envConfig?.enableCrossRegionHealth ?? true,·
      healthCheckPort: parsePort(envConfig?.healthCheckPort, P1_DEFAULT_PORT, logger)·
    };···
    // =============================================================================·
    // Service Instance·
    // =============================================================================···
    const detector = new UnifiedChainDetector(config);···
    // =============================================================================·
    // Event Handlers (Using shared utilities)·
    // =============================================================================···
    setupDetectorEventHandlers(detector, logger, P1_PARTITION_ID);···
    // =============================================================================·
    // Process Handlers (Using shared utilities with shutdown guard)·
    // =============================================================================···
    // Store cleanup function to prevent MaxListenersExceeded warnings·
    // in test scenarios and allow proper handler cleanup·
    const cleanupProcessHandlers = setupProcessHandlers(healthServerRef, detector, logger, serviceConfig.serviceName);···
    // =============================================================================·
    // Main Entry Point·
    // =============================================================================···
    // Guard against multiple main() invocations (e.g., from integration tests)·
    // FIX: Standardized to use single state enum (matching P2 l2-turbo pattern)·
    // This is cleaner and more explicit about the service lifecycle state·
    type MainState = 'idle' | 'starting' | 'started' | 'failed';·
    let mainState: MainState = 'idle';···
    async function main(): Promise<void> {·
      // Check-and-set guard prevents duplicate invocations within same event loop tick·
      if (mainState !== 'idle') {·
        logger.warn('main() already started or starting, ignoring duplicate invocation', {·
          currentState: mainState·
        });·
        return;·
      }·
      mainState = 'starting';···
      logger.info('Starting P1 Asia-Fast Partition Service', {·
        partitionId: P1_PARTITION_ID,·
        chains: config.chains,·
        region: P1_REGION,·
        provider: serviceConfig.provider,·
        nodeVersion: process.version,·
        pid: process.pid·
      });···
      try {·
        // Start health check server first (using shared utilities)·
        // BUG-FIX: Use nullish coalescing for port to handle port 0 correctly·
        healthServerRef.current = createPartitionHealthServer({·
          port: config.healthCheckPort ?? P1_DEFAULT_PORT,·
          config: serviceConfig,·
          detector,·
          logger·
        });···
        // Start detector·
        await detector.start();···
        // BUG-FIX: Mark as fully started only after successful completion·
        mainState = 'started';···
        logger.info('P1 Asia-Fast Partition Service started successfully', {·
          partitionId: detector.getPartitionId(),·
          chains: detector.getChains(),·
          healthyChains: detector.getHealthyChains()·
        });···
      } catch (error) {·
        // BUG-FIX: Mark as failed instead of resetting to idle·
        mainState = 'failed';···
        logger.error('Failed to start P1 Asia-Fast Partition Service', { error });···
        // BUG-FIX: Explicit null check before closing server·
        // Server may be null if createPartitionHealthServer threw before assignment·
        if (healthServerRef.current) {·
          await closeServerWithTimeout(healthServerRef.current, 1000, logger);·
        }···
        // BUG-FIX: Clear server reference after closing to prevent stale reference issues·
        healthServerRef.current = null;···
        // Clean up process handlers before exit to prevent listener leaks·
        cleanupProcessHandlers();···
        process.exit(1);·
      }·
    }···
    // Run - only when this is the main entry point (not when imported by tests)·
    // Check for Jest worker to prevent auto-start during test imports·
    if (!process.env.JEST_WORKER_ID) {·
      main().catch((error) => {·
        // BUG-FIX: Wrap logging in try-catch to prevent silent failures if logger fails·
        try {·
          if (logger) {·
            logger.error('Fatal error in P1 Asia-Fast partition main', { error });·
          } else {·
            console.error('Fatal error in P1 Asia-Fast partition main (logger unavailable):', error);·
          }·
        } catch (logError) {·
          // Last resort - write to stderr directly·
          process.stderr.write(`FATAL: ${error}\\nLOG ERROR: ${logError}\\n`);·
        }·
        process.exit(1);·
      });·
    }···
    // =============================================================================·
    // Exports·
    // =============================================================================···
    export {·
      detector,·
      config,·
      P1_PARTITION_ID,·
      P1_CHAINS,·
      P1_REGION,·
      cleanupProcessHandlers,·
      // Export for testing·
      envConfig·
    };···
    // Re-export type from shared utilities for convenience·
    export type { PartitionEnvironmentConfig };·
    "

    [0m [90m 1843 |[39m         [36mconst[39m content [33m=[39m fs[33m.[39mreadFileSync(filePath[33m,[39m [32m'utf-8'[39m)[33m;[39m
     [90m 1844 |[39m
    [31m[1m>[22m[39m[90m 1845 |[39m         expect(content)[33m.[39mtoContain([32m'validateAndFilterChains(process.env.PARTITION_CHAINS'[39m)[33m;[39m
     [90m      |[39m                         [31m[1m^[22m[39m
     [90m 1846 |[39m       }
     [90m 1847 |[39m     })[33m;[39m
     [90m 1848 |[39m[0m

      at Object.<anonymous> (tests/integration/s3.1.6-partition-solana.integration.test.ts:1845:25)

  ● S3.1.6.18: Cross-Partition Consistency › All partitions share same utility patterns › should use parsePort in all partitions

    expect(received).toContain(expected) // indexOf

    Expected substring: "parsePort(process.env.HEALTH_CHECK_PORT"
    Received string:    "/**·
     * P1 Asia-Fast Partition Service Entry Point·
     *·
     * Deploys the unified detector for the Asia-Fast partition:·
     * - Chains: BSC, Polygon, Avalanche, Fantom·
     * - Region: Oracle Cloud Singapore (asia-southeast1)·
     * - Resource Profile: Heavy (4 chains)·
     *·
     * This service is a deployment wrapper for the unified-detector,·
     * configured specifically for the P1 partition.·
     *·
     * Architecture Note:·
     * This service creates its own HTTP health server via createPartitionHealthServer().·
     * The UnifiedChainDetector class provides health data but NOT an HTTP server.·
     * This separation of concerns allows:·
     * - Partition-specific health endpoint configuration·
     * - Consistent health response format across all partition services·
     * - The detector class to remain transport-agnostic·
     *·
     * Environment Variables:·
     * - PARTITION_ID: Set to 'asia-fast' by default·
     * - REDIS_URL: Redis connection URL (required)·
     * - LOG_LEVEL: Logging level (default: info)·
     * - HEALTH_CHECK_PORT: HTTP health check port (default: 3001)·
     * - INSTANCE_ID: Unique instance identifier (auto-generated if not set)·
     * - REGION_ID: Region identifier (default: asia-southeast1)·
     * - ENABLE_CROSS_REGION_HEALTH: Enable cross-region health reporting (default: true)·
     * - PARTITION_CHAINS: Override default chains (comma-separated)·
     *·
     * @see ADR-003: Partitioned Chain Detectors·
     */···
    import { Server } from 'http';·
    import { UnifiedChainDetector, UnifiedDetectorConfig } from '@arbitrage/unified-detector';·
    import {·
      createLogger,·
      parsePort,·
      validateAndFilterChains,·
      createPartitionHealthServer,·
      setupDetectorEventHandlers,·
      setupProcessHandlers,·
      exitWithConfigError,·
      closeServerWithTimeout,·
      parsePartitionEnvironmentConfig,·
      validatePartitionEnvironmentConfig,·
      generateInstanceId,·
      PartitionServiceConfig,·
      PartitionEnvironmentConfig,·
      PARTITION_PORTS,·
      PARTITION_SERVICE_NAMES,·
      Logger·
    } from '@arbitrage/core';·
    import { getPartition, PARTITION_IDS } from '@arbitrage/config';···
    // =============================================================================·
    // P1 Partition Constants·
    // =============================================================================···
    const P1_PARTITION_ID = PARTITION_IDS.ASIA_FAST;·
    // Use centralized port constant (P1: 3001, P2: 3002, P3: 3003, P4: 3004)·
    const P1_DEFAULT_PORT = PARTITION_PORTS[P1_PARTITION_ID] ?? 3001;···
    // =============================================================================·
    // Configuration·
    // =============================================================================···
    const logger = createLogger('partition-asia-fast:main');···
    // =============================================================================·
    // Partition Configuration Retrieval·
    // =============================================================================···
    // Single partition config retrieval·
    const partitionConfig = getPartition(P1_PARTITION_ID);·
    if (!partitionConfig) {·
      exitWithConfigError('P1 partition configuration not found', { partitionId: P1_PARTITION_ID }, logger);·
    }···
    // BUG-FIX: Add defensive null-safety checks for test compatibility·
    // During test imports, mocks may not be fully initialized, so we use optional chaining·
    // and provide safe defaults to prevent \"Cannot read properties of undefined\" errors·
    const P1_CHAINS: readonly string[] = partitionConfig?.chains ?? [];·
    const P1_REGION = partitionConfig?.region ?? 'asia-southeast1';···
    // BUG-FIX: Validate partition config has chains·
    if (!P1_CHAINS || P1_CHAINS.length === 0) {·
      exitWithConfigError('P1 partition has no chains configured', {·
        partitionId: P1_PARTITION_ID,·
        chains: P1_CHAINS·
      }, logger);·
    }···
    // =============================================================================·
    // Environment Configuration (Using shared typed utilities)·
    // =============================================================================···
    // Parse environment into typed configuration using shared utility·
    const envConfig: PartitionEnvironmentConfig = parsePartitionEnvironmentConfig(P1_CHAINS);···
    // Validate environment configuration (exits on critical errors, warns on non-critical)·
    validatePartitionEnvironmentConfig(envConfig, P1_PARTITION_ID, P1_CHAINS, logger);···
    // =============================================================================·
    // Service Configuration·
    // =============================================================================···
    // Service configuration for shared utilities·
    const serviceConfig: PartitionServiceConfig = {·
      partitionId: P1_PARTITION_ID,·
      serviceName: PARTITION_SERVICE_NAMES[P1_PARTITION_ID] ?? 'partition-asia-fast',·
      defaultChains: P1_CHAINS,·
      defaultPort: P1_DEFAULT_PORT,·
      region: P1_REGION,·
      provider: partitionConfig?.provider ?? 'oracle'·
    };···
    // Store server reference for graceful shutdown·
    const healthServerRef: { current: Server | null } = { current: null };···
    // Unified detector configuration (uses typed envConfig)·
    // BUG-FIX: Use nullish coalescing (??) consistently instead of logical OR (||)·
    // to properly handle falsy but valid values like empty strings or 0·
    // BUG-FIX: Add optional chaining for envConfig properties for test compatibility·
    const config: UnifiedDetectorConfig = {·
      partitionId: P1_PARTITION_ID,·
      chains: validateAndFilterChains(envConfig?.partitionChains, P1_CHAINS, logger),·
      instanceId: generateInstanceId(P1_PARTITION_ID, envConfig?.instanceId),·
      regionId: envConfig?.regionId ?? P1_REGION,·
      enableCrossRegionHealth: envConfig?.enableCrossRegionHealth ?? true,·
      healthCheckPort: parsePort(envConfig?.healthCheckPort, P1_DEFAULT_PORT, logger)·
    };···
    // =============================================================================·
    // Service Instance·
    // =============================================================================···
    const detector = new UnifiedChainDetector(config);···
    // =============================================================================·
    // Event Handlers (Using shared utilities)·
    // =============================================================================···
    setupDetectorEventHandlers(detector, logger, P1_PARTITION_ID);···
    // =============================================================================·
    // Process Handlers (Using shared utilities with shutdown guard)·
    // =============================================================================···
    // Store cleanup function to prevent MaxListenersExceeded warnings·
    // in test scenarios and allow proper handler cleanup·
    const cleanupProcessHandlers = setupProcessHandlers(healthServerRef, detector, logger, serviceConfig.serviceName);···
    // =============================================================================·
    // Main Entry Point·
    // =============================================================================···
    // Guard against multiple main() invocations (e.g., from integration tests)·
    // FIX: Standardized to use single state enum (matching P2 l2-turbo pattern)·
    // This is cleaner and more explicit about the service lifecycle state·
    type MainState = 'idle' | 'starting' | 'started' | 'failed';·
    let mainState: MainState = 'idle';···
    async function main(): Promise<void> {·
      // Check-and-set guard prevents duplicate invocations within same event loop tick·
      if (mainState !== 'idle') {·
        logger.warn('main() already started or starting, ignoring duplicate invocation', {·
          currentState: mainState·
        });·
        return;·
      }·
      mainState = 'starting';···
      logger.info('Starting P1 Asia-Fast Partition Service', {·
        partitionId: P1_PARTITION_ID,·
        chains: config.chains,·
        region: P1_REGION,·
        provider: serviceConfig.provider,·
        nodeVersion: process.version,·
        pid: process.pid·
      });···
      try {·
        // Start health check server first (using shared utilities)·
        // BUG-FIX: Use nullish coalescing for port to handle port 0 correctly·
        healthServerRef.current = createPartitionHealthServer({·
          port: config.healthCheckPort ?? P1_DEFAULT_PORT,·
          config: serviceConfig,·
          detector,·
          logger·
        });···
        // Start detector·
        await detector.start();···
        // BUG-FIX: Mark as fully started only after successful completion·
        mainState = 'started';···
        logger.info('P1 Asia-Fast Partition Service started successfully', {·
          partitionId: detector.getPartitionId(),·
          chains: detector.getChains(),·
          healthyChains: detector.getHealthyChains()·
        });···
      } catch (error) {·
        // BUG-FIX: Mark as failed instead of resetting to idle·
        mainState = 'failed';···
        logger.error('Failed to start P1 Asia-Fast Partition Service', { error });···
        // BUG-FIX: Explicit null check before closing server·
        // Server may be null if createPartitionHealthServer threw before assignment·
        if (healthServerRef.current) {·
          await closeServerWithTimeout(healthServerRef.current, 1000, logger);·
        }···
        // BUG-FIX: Clear server reference after closing to prevent stale reference issues·
        healthServerRef.current = null;···
        // Clean up process handlers before exit to prevent listener leaks·
        cleanupProcessHandlers();···
        process.exit(1);·
      }·
    }···
    // Run - only when this is the main entry point (not when imported by tests)·
    // Check for Jest worker to prevent auto-start during test imports·
    if (!process.env.JEST_WORKER_ID) {·
      main().catch((error) => {·
        // BUG-FIX: Wrap logging in try-catch to prevent silent failures if logger fails·
        try {·
          if (logger) {·
            logger.error('Fatal error in P1 Asia-Fast partition main', { error });·
          } else {·
            console.error('Fatal error in P1 Asia-Fast partition main (logger unavailable):', error);·
          }·
        } catch (logError) {·
          // Last resort - write to stderr directly·
          process.stderr.write(`FATAL: ${error}\\nLOG ERROR: ${logError}\\n`);·
        }·
        process.exit(1);·
      });·
    }···
    // =============================================================================·
    // Exports·
    // =============================================================================···
    export {·
      detector,·
      config,·
      P1_PARTITION_ID,·
      P1_CHAINS,·
      P1_REGION,·
      cleanupProcessHandlers,·
      // Export for testing·
      envConfig·
    };···
    // Re-export type from shared utilities for convenience·
    export type { PartitionEnvironmentConfig };·
    "

    [0m [90m 1862 |[39m         [36mconst[39m content [33m=[39m fs[33m.[39mreadFileSync(filePath[33m,[39m [32m'utf-8'[39m)[33m;[39m
     [90m 1863 |[39m
    [31m[1m>[22m[39m[90m 1864 |[39m         expect(content)[33m.[39mtoContain([32m'parsePort(process.env.HEALTH_CHECK_PORT'[39m)[33m;[39m
     [90m      |[39m                         [31m[1m^[22m[39m
     [90m 1865 |[39m       }
     [90m 1866 |[39m     })[33m;[39m
     [90m 1867 |[39m   })[33m;[39m[0m

      at Object.<anonymous> (tests/integration/s3.1.6-partition-solana.integration.test.ts:1864:25)

FAIL services/mempool-detector/src/__tests__/integration/success-criteria.integration.test.ts (9.63 s)
  ● Success Criteria: Feed Latency (<10ms) › should decode real transactions within 10ms latency budget

    expect(received).toBeLessThan(expected)

    Expected: < 10
    Received:   41.09549999999581

    [0m [90m 435 |[39m     console[33m.[39mlog([32m'==========================================\n'[39m)[33m;[39m
     [90m 436 |[39m
    [31m[1m>[22m[39m[90m 437 |[39m     expect(maxLatency)[33m.[39mtoBeLessThan([33mSUCCESS_CRITERIA[39m[33m.[39m[33mMAX_FEED_LATENCY_MS[39m)[33m;[39m
     [90m     |[39m                        [31m[1m^[22m[39m
     [90m 438 |[39m   })[33m;[39m
     [90m 439 |[39m
     [90m 440 |[39m   it([32m'should handle high-throughput decoding of real transactions within latency budget'[39m[33m,[39m () [33m=>[39m {[0m

      at Object.<anonymous> (services/mempool-detector/src/__tests__/integration/success-criteria.integration.test.ts:437:24)

FAIL shared/core/__tests__/unit/risk/execution-probability-tracker.test.ts
  ● Performance › should handle recording 10000 outcomes efficiently

    expect(received).toBeLessThan(expected)

    Expected: < 500
    Received:   510.3839000000007

    [0m [90m 625 |[39m     expect(tracker[33m.[39mgetStats()[33m.[39mtotalOutcomes)[33m.[39mtoBe([35m10000[39m)[33m;[39m
     [90m 626 |[39m     [90m// Should complete in under 500ms[39m
    [31m[1m>[22m[39m[90m 627 |[39m     expect(duration)[33m.[39mtoBeLessThan([35m500[39m)[33m;[39m
     [90m     |[39m                      [31m[1m^[22m[39m
     [90m 628 |[39m   })[33m;[39m
     [90m 629 |[39m
     [90m 630 |[39m   it([32m'should have O(1) lookup time for getWinProbability'[39m[33m,[39m () [33m=>[39m {[0m

      at Object.<anonymous> (shared/core/__tests__/unit/risk/execution-probability-tracker.test.ts:627:22)

  ● Performance › should have O(1) lookup time for getWinProbability

    expect(received).toBeLessThan(expected)

    Expected: < 50
    Received:   62.365300000004936

    [0m [90m 646 |[39m
     [90m 647 |[39m     [90m// 10000 lookups should complete in under 50ms (O(1) per lookup)[39m
    [31m[1m>[22m[39m[90m 648 |[39m     expect(duration)[33m.[39mtoBeLessThan([35m50[39m)[33m;[39m
     [90m     |[39m                      [31m[1m^[22m[39m
     [90m 649 |[39m   })[33m;[39m
     [90m 650 |[39m
     [90m 651 |[39m   it([32m'should handle many unique keys efficiently'[39m[33m,[39m () [33m=>[39m {[0m

      at Object.<anonymous> (shared/core/__tests__/unit/risk/execution-probability-tracker.test.ts:648:22)

FAIL tests/integration/s1.3-price-matrix.integration.test.ts (5.605 s)
  ● S1.3 L1 Price Matrix Integration Tests › S1.3.5: Performance Benchmarks › should achieve <1μs average lookup time

    expect(received).toBeLessThan(expected)

    Expected: < 0.01
    Received:   0.02304788000000117

    [0m [90m 262 |[39m
     [90m 263 |[39m       [90m// Target: <1μs (allow 10μs for test environment variance)[39m
    [31m[1m>[22m[39m[90m 264 |[39m       expect(avgTimeMs)[33m.[39mtoBeLessThan([35m0.01[39m)[33m;[39m
     [90m     |[39m                         [31m[1m^[22m[39m
     [90m 265 |[39m     })[33m;[39m
     [90m 266 |[39m
     [90m 267 |[39m     it([32m'should achieve <10μs average write time'[39m[33m,[39m () [33m=>[39m {[0m

      at Object.<anonymous> (tests/integration/s1.3-price-matrix.integration.test.ts:264:25)

FAIL shared/test-utils/__tests__/unit/helpers/timer-helpers.test.ts
  ● Test suite failed to run

    [96mshared/test-utils/__tests__/unit/helpers/timer-helpers.test.ts[0m:[93m16[0m:[93m8[0m - [91merror[0m[90m TS2307: [0mCannot find module '../../../../src/helpers/timer-helpers' or its corresponding type declarations.

    [7m16[0m } from '../../../../src/helpers/timer-helpers';
    [7m  [0m [91m       ~~~~~~~~~~~~~~~~~~~~~~~~~~~~~~~~~~~~~~~[0m


Test Suites: 9 failed, 2 skipped, 179 passed, 188 of 190 total
Tests:       16 failed, 51 skipped, 92 todo, 7732 passed, 7891 total
Snapshots:   0 total
Time:        3133.405 s, estimated 3967 s
Ran all test suites in 4 projects.

[Jest Global Teardown] Stopping Redis test server...
[Jest Global Teardown] Redis test server stopped

