
> professional-arbitrage-system@1.0.0 test:unit
> jest --selectProjects unit

Running one project: unit

[Jest Global Setup] Starting Redis test server...
[Jest Global Setup] Redis test server running at 127.0.0.1:51644

FAIL unit services/execution-engine/__tests__/unit/strategies/flash-loan-providers/provider-factory.test.ts
  ● Test suite failed to run

    TypeError: abi is not iterable

    [0m [90m 37 |[39m [90m * Creating Interface objects is expensive - cache at module level.[39m
     [90m 38 |[39m [90m */[39m
    [31m[1m>[22m[39m[90m 39 |[39m [36mconst[39m [33mBALANCER_V2_INTERFACE[39m [33m=[39m [36mnew[39m ethers[33m.[39m[33mInterface[39m([33mBALANCER_V2_FLASH_ARBITRAGE_ABI[39m)[33m;[39m
     [90m    |[39m                               [31m[1m^[22m[39m
     [90m 40 |[39m
     [90m 41 |[39m [90m/**[39m
     [90m 42 |[39m [90m * Default deadline for flash loan execution (5 minutes from now).[39m[0m

      at new Interface (node_modules/ethers/src.ts/abi/interface.ts:342:25)
      at Object.<anonymous> (services/execution-engine/src/strategies/flash-loan-providers/balancer-v2.provider.ts:39:31)
      at Object.<anonymous> (services/execution-engine/src/strategies/flash-loan-providers/provider-factory.ts:23:1)
      at Object.<anonymous> (services/execution-engine/__tests__/unit/strategies/flash-loan-providers/provider-factory.test.ts:13:1)

(node:193196) [DEP0040] DeprecationWarning: The `punycode` module is deprecated. Please use a userland alternative instead.
(Use `node --trace-deprecation ...` to show where the warning was created)
(node:99588) [DEP0040] DeprecationWarning: The `punycode` module is deprecated. Please use a userland alternative instead.
(Use `node --trace-deprecation ...` to show where the warning was created)
FAIL unit shared/config/src/__tests__/unit/schemas.test.ts (20.322 s)
  ● BridgeCostConfigSchema › should accept valid bridge cost config

    expect(received).toBe(expected) // Object.is equality

    Expected: true
    Received: false

    [0m [90m 372 |[39m   it([32m'should accept valid bridge cost config'[39m[33m,[39m () [33m=>[39m {
     [90m 373 |[39m     [36mconst[39m result [33m=[39m [33mBridgeCostConfigSchema[39m[33m.[39msafeParse(validBridgeCost)[33m;[39m
    [31m[1m>[22m[39m[90m 374 |[39m     expect(result[33m.[39msuccess)[33m.[39mtoBe([36mtrue[39m)[33m;[39m
     [90m     |[39m                            [31m[1m^[22m[39m
     [90m 375 |[39m   })[33m;[39m
     [90m 376 |[39m
     [90m 377 |[39m   it([32m'should reject reliability over 1'[39m[33m,[39m () [33m=>[39m {[0m

      at Object.<anonymous> (shared/config/src/__tests__/unit/schemas.test.ts:374:28)

(node:152332) [DEP0040] DeprecationWarning: The `punycode` module is deprecated. Please use a userland alternative instead.
(Use `node --trace-deprecation ...` to show where the warning was created)
(node:181028) [DEP0040] DeprecationWarning: The `punycode` module is deprecated. Please use a userland alternative instead.
(Use `node --trace-deprecation ...` to show where the warning was created)
FAIL unit shared/test-utils/__tests__/unit/helpers/timer-helpers.test.ts (20.372 s)
  ● TimerHelpers › waitForCondition › should throw on timeout

    expect(received).rejects.toThrow(expected)

    Expected substring: "Condition not met within 100ms"
    Received message:   "Timeout waiting for condition after 100ms"

        [0m [90m 439 |[39m
         [90m 440 |[39m     [36mif[39m ([33mDate[39m[33m.[39mnow() [33m-[39m startTime [33m>[39m timeout) {
        [31m[1m>[22m[39m[90m 441 |[39m       [36mthrow[39m [36mnew[39m [33mError[39m([32m`Timeout waiting for ${description} after ${timeout}ms`[39m)[33m;[39m
         [90m     |[39m             [31m[1m^[22m[39m
         [90m 442 |[39m     }
         [90m 443 |[39m
         [90m 444 |[39m     [36mif[39m (advanceTimers [33m&&[39m _fakeTimersActive) {[0m

      at waitForCondition (shared/test-utils/src/helpers/timer-helpers.ts:441:13)
      at shared/test-utils/__tests__/unit/helpers/timer-helpers.test.ts:274:9
      at withFakeTimers (shared/test-utils/src/helpers/timer-helpers.ts:131:5)
      at Object.<anonymous> (shared/test-utils/__tests__/unit/helpers/timer-helpers.test.ts:263:7)
      at Object.toThrow (node_modules/expect/build/index.js:218:22)
      at shared/test-utils/__tests__/unit/helpers/timer-helpers.test.ts:274:39
      at withFakeTimers (shared/test-utils/src/helpers/timer-helpers.ts:131:11)
      at Object.<anonymous> (shared/test-utils/__tests__/unit/helpers/timer-helpers.test.ts:263:27)

(node:117092) [DEP0040] DeprecationWarning: The `punycode` module is deprecated. Please use a userland alternative instead.
(Use `node --trace-deprecation ...` to show where the warning was created)
FAIL unit shared/config/__tests__/unit/dex-expansion.test.ts (20.634 s)
  ● S2.2.1: Arbitrum DEX Expansion (6 → 9) › DEX Configuration Validation › should have all DEXs with fee property defined

    expect(received).toBe(expected) // Object.is equality

    Expected: "number"
    Received: "undefined"

    [0m [90m 140 |[39m     it([32m'should have all DEXs with fee property defined'[39m[33m,[39m () [33m=>[39m {
     [90m 141 |[39m       arbitrumDexes[33m.[39mforEach(dex [33m=>[39m {
    [31m[1m>[22m[39m[90m 142 |[39m         expect([36mtypeof[39m dex[33m.[39mfee)[33m.[39mtoBe([32m'number'[39m)[33m;[39m
     [90m     |[39m                                [31m[1m^[22m[39m
     [90m 143 |[39m         expect(dex[33m.[39mfee)[33m.[39mtoBeGreaterThanOrEqual([35m0[39m)[33m;[39m
     [90m 144 |[39m       })[33m;[39m
     [90m 145 |[39m     })[33m;[39m[0m

      at shared/config/__tests__/unit/dex-expansion.test.ts:142:32
          at Array.forEach (<anonymous>)
      at Object.<anonymous> (shared/config/__tests__/unit/dex-expansion.test.ts:141:21)

(node:138816) [DEP0040] DeprecationWarning: The `punycode` module is deprecated. Please use a userland alternative instead.
(Use `node --trace-deprecation ...` to show where the warning was created)
FAIL unit services/execution-engine/__tests__/unit/strategies/flash-loan.strategy.test.ts (21.328 s)
  ● FlashLoanStrategy › buildExecuteArbitrageCalldata › should encode calldata correctly for executeArbitrage

    missing argument: types/values length mismatch (count=4, expectedCount=5, code=MISSING_ARGUMENT, version=6.16.0)

    [0m [90m 1422 |[39m     } [36melse[39m {
     [90m 1423 |[39m       [90m// Aave V3: Standard flash loan[39m
    [31m[1m>[22m[39m[90m 1424 |[39m       [36mreturn[39m [33mFLASH_LOAN_INTERFACE[39m[33m.[39mencodeFunctionData([32m'executeArbitrage'[39m[33m,[39m [
     [90m      |[39m                                   [31m[1m^[22m[39m
     [90m 1425 |[39m         asset[33m,[39m
     [90m 1426 |[39m         amount[33m,[39m
     [90m 1427 |[39m         swapPathTuples[33m,[39m[0m

      at makeError (node_modules/ethers/src.ts/utils/errors.ts:698:21)
      at assert (node_modules/ethers/src.ts/utils/errors.ts:719:25)
      at assertArgumentCount (node_modules/ethers/src.ts/utils/errors.ts:738:5)
      at AbiCoder.encode (node_modules/ethers/src.ts/abi/abi-coder.ts:189:28)
      at Interface._encodeParams (node_modules/ethers/src.ts/abi/interface.ts:795:31)
      at Interface.encodeFunctionData (node_modules/ethers/src.ts/abi/interface.ts:884:18)
      at FlashLoanStrategy.buildExecuteArbitrageCalldata (services/execution-engine/src/strategies/flash-loan.strategy.ts:1424:35)
      at Object.<anonymous> (services/execution-engine/__tests__/unit/strategies/flash-loan.strategy.test.ts:369:33)

  ● FlashLoanStrategy › buildExecuteArbitrageCalldata › should include correct function signature

    missing argument: types/values length mismatch (count=4, expectedCount=5, code=MISSING_ARGUMENT, version=6.16.0)

    [0m [90m 1422 |[39m     } [36melse[39m {
     [90m 1423 |[39m       [90m// Aave V3: Standard flash loan[39m
    [31m[1m>[22m[39m[90m 1424 |[39m       [36mreturn[39m [33mFLASH_LOAN_INTERFACE[39m[33m.[39mencodeFunctionData([32m'executeArbitrage'[39m[33m,[39m [
     [90m      |[39m                                   [31m[1m^[22m[39m
     [90m 1425 |[39m         asset[33m,[39m
     [90m 1426 |[39m         amount[33m,[39m
     [90m 1427 |[39m         swapPathTuples[33m,[39m[0m

      at makeError (node_modules/ethers/src.ts/utils/errors.ts:698:21)
      at assert (node_modules/ethers/src.ts/utils/errors.ts:719:25)
      at assertArgumentCount (node_modules/ethers/src.ts/utils/errors.ts:738:5)
      at AbiCoder.encode (node_modules/ethers/src.ts/abi/abi-coder.ts:189:28)
      at Interface._encodeParams (node_modules/ethers/src.ts/abi/interface.ts:795:31)
      at Interface.encodeFunctionData (node_modules/ethers/src.ts/abi/interface.ts:884:18)
      at FlashLoanStrategy.buildExecuteArbitrageCalldata (services/execution-engine/src/strategies/flash-loan.strategy.ts:1424:35)
      at Object.<anonymous> (services/execution-engine/__tests__/unit/strategies/flash-loan.strategy.test.ts:393:33)

  ● FlashLoanStrategy › prepareFlashLoanContractTransaction › should prepare transaction with correct parameters

    missing argument: types/values length mismatch (count=4, expectedCount=5, code=MISSING_ARGUMENT, version=6.16.0)

    [0m [90m 1422 |[39m     } [36melse[39m {
     [90m 1423 |[39m       [90m// Aave V3: Standard flash loan[39m
    [31m[1m>[22m[39m[90m 1424 |[39m       [36mreturn[39m [33mFLASH_LOAN_INTERFACE[39m[33m.[39mencodeFunctionData([32m'executeArbitrage'[39m[33m,[39m [
     [90m      |[39m                                   [31m[1m^[22m[39m
     [90m 1425 |[39m         asset[33m,[39m
     [90m 1426 |[39m         amount[33m,[39m
     [90m 1427 |[39m         swapPathTuples[33m,[39m[0m

      at makeError (node_modules/ethers/src.ts/utils/errors.ts:698:21)
      at assert (node_modules/ethers/src.ts/utils/errors.ts:719:25)
      at assertArgumentCount (node_modules/ethers/src.ts/utils/errors.ts:738:5)
      at AbiCoder.encode (node_modules/ethers/src.ts/abi/abi-coder.ts:189:28)
      at Interface._encodeParams (node_modules/ethers/src.ts/abi/interface.ts:795:31)
      at Interface.encodeFunctionData (node_modules/ethers/src.ts/abi/interface.ts:884:18)
      at FlashLoanStrategy.buildExecuteArbitrageCalldata (services/execution-engine/src/strategies/flash-loan.strategy.ts:1424:35)
      at FlashLoanStrategy.prepareFlashLoanContractTransaction (services/execution-engine/src/strategies/flash-loan.strategy.ts:1572:27)
      at Object.<anonymous> (services/execution-engine/__tests__/unit/strategies/flash-loan.strategy.test.ts:419:33)

  ● FlashLoanStrategy › execute › should execute flash loan arbitrage successfully

    expect(received).toBe(expected) // Object.is equality

    Expected: true
    Received: false

    [0m [90m 460 |[39m       [36mconst[39m result [33m=[39m [36mawait[39m strategy[33m.[39mexecute(opportunity[33m,[39m ctx)[33m;[39m
     [90m 461 |[39m
    [31m[1m>[22m[39m[90m 462 |[39m       expect(result[33m.[39msuccess)[33m.[39mtoBe([36mtrue[39m)[33m;[39m
     [90m     |[39m                              [31m[1m^[22m[39m
     [90m 463 |[39m       expect(result[33m.[39mtransactionHash)[33m.[39mtoBeDefined()[33m;[39m
     [90m 464 |[39m       expect(result[33m.[39mopportunityId)[33m.[39mtoBe(opportunity[33m.[39mid)[33m;[39m
     [90m 465 |[39m       expect(result[33m.[39mchain)[33m.[39mtoBe([32m'ethereum'[39m)[33m;[39m[0m

      at Object.<anonymous> (services/execution-engine/__tests__/unit/strategies/flash-loan.strategy.test.ts:462:30)

  ● FlashLoanStrategy › execute › should apply MEV protection before submission

    expect(jest.fn()).toHaveBeenCalled()

    Expected number of calls: >= 1
    Received number of calls:    0

    [0m [90m 524 |[39m       [36mawait[39m strategy[33m.[39mexecute(opportunity[33m,[39m ctx)[33m;[39m
     [90m 525 |[39m
    [31m[1m>[22m[39m[90m 526 |[39m       expect(mockMevProvider[33m.[39msendProtectedTransaction)[33m.[39mtoHaveBeenCalled()[33m;[39m
     [90m     |[39m                                                        [31m[1m^[22m[39m
     [90m 527 |[39m     })[33m;[39m
     [90m 528 |[39m
     [90m 529 |[39m     it([32m'should skip unprofitable opportunities after fee calculation'[39m[33m,[39m [36masync[39m () [33m=>[39m {[0m

      at Object.<anonymous> (services/execution-engine/__tests__/unit/strategies/flash-loan.strategy.test.ts:526:56)

  ● FlashLoanStrategy › execute › should skip unprofitable opportunities after fee calculation

    expect(received).toContain(expected) // indexOf

    Expected substring: "unprofitable"
    Received string:    "[ERR_FLASH_LOAN] Flash loan error: missing argument: types/values length mismatch (count=4, expectedCount=5, code=MISSING_ARGUMENT, version=6.16.0)"

    [0m [90m 550 |[39m
     [90m 551 |[39m       expect(result[33m.[39msuccess)[33m.[39mtoBe([36mfalse[39m)[33m;[39m
    [31m[1m>[22m[39m[90m 552 |[39m       expect(result[33m.[39merror)[33m.[39mtoContain([32m'unprofitable'[39m)[33m;[39m
     [90m     |[39m                            [31m[1m^[22m[39m
     [90m 553 |[39m     })[33m;[39m
     [90m 554 |[39m
     [90m 555 |[39m     it([32m'should use simulation when available'[39m[33m,[39m [36masync[39m () [33m=>[39m {[0m

      at Object.<anonymous> (services/execution-engine/__tests__/unit/strategies/flash-loan.strategy.test.ts:552:28)

  ● FlashLoanStrategy › execute › should use simulation when available

    expect(jest.fn()).toHaveBeenCalled()

    Expected number of calls: >= 1
    Received number of calls:    0

    [0m [90m 575 |[39m       [36mawait[39m strategy[33m.[39mexecute(opportunity[33m,[39m ctx)[33m;[39m
     [90m 576 |[39m
    [31m[1m>[22m[39m[90m 577 |[39m       expect(mockSimulationService[33m.[39msimulate)[33m.[39mtoHaveBeenCalled()[33m;[39m
     [90m     |[39m                                              [31m[1m^[22m[39m
     [90m 578 |[39m     })[33m;[39m
     [90m 579 |[39m
     [90m 580 |[39m     it([32m'should abort if simulation predicts revert'[39m[33m,[39m [36masync[39m () [33m=>[39m {[0m

      at Object.<anonymous> (services/execution-engine/__tests__/unit/strategies/flash-loan.strategy.test.ts:577:46)

  ● FlashLoanStrategy › execute › should abort if simulation predicts revert

    expect(received).toContain(expected) // indexOf

    Expected substring: "ERR_SIMULATION_REVERT"
    Received string:    "[ERR_FLASH_LOAN] Flash loan error: missing argument: types/values length mismatch (count=4, expectedCount=5, code=MISSING_ARGUMENT, version=6.16.0)"

    [0m [90m 602 |[39m       expect(result[33m.[39msuccess)[33m.[39mtoBe([36mfalse[39m)[33m;[39m
     [90m 603 |[39m       [90m// Fix 6.1: Error format changed to use ExecutionErrorCode[39m
    [31m[1m>[22m[39m[90m 604 |[39m       expect(result[33m.[39merror)[33m.[39mtoContain([32m'ERR_SIMULATION_REVERT'[39m)[33m;[39m
     [90m     |[39m                            [31m[1m^[22m[39m
     [90m 605 |[39m       expect(ctx[33m.[39mstats[33m.[39msimulationPredictedReverts)[33m.[39mtoBe([35m1[39m)[33m;[39m
     [90m 606 |[39m     })[33m;[39m
     [90m 607 |[39m[0m

      at Object.<anonymous> (services/execution-engine/__tests__/unit/strategies/flash-loan.strategy.test.ts:604:28)

  ● FlashLoanStrategy › execute › should track nonce via NonceManager

    expect(jest.fn()).toHaveBeenCalledWith(...expected)

    Expected: "ethereum"

    Number of calls: 0

    [0m [90m 619 |[39m       [36mawait[39m strategy[33m.[39mexecute(opportunity[33m,[39m ctx)[33m;[39m
     [90m 620 |[39m
    [31m[1m>[22m[39m[90m 621 |[39m       expect(mockNonceManager[33m.[39mgetNextNonce)[33m.[39mtoHaveBeenCalledWith([32m'ethereum'[39m)[33m;[39m
     [90m     |[39m                                             [31m[1m^[22m[39m
     [90m 622 |[39m       expect(mockNonceManager[33m.[39mconfirmTransaction)[33m.[39mtoHaveBeenCalled()[33m;[39m
     [90m 623 |[39m     })[33m;[39m
     [90m 624 |[39m[0m

      at Object.<anonymous> (services/execution-engine/__tests__/unit/strategies/flash-loan.strategy.test.ts:621:45)

  ● FlashLoanStrategy › execute › should fail nonce on error

    expect(jest.fn()).toHaveBeenCalled()

    Expected number of calls: >= 1
    Received number of calls:    0

    [0m [90m 641 |[39m
     [90m 642 |[39m       expect(result[33m.[39msuccess)[33m.[39mtoBe([36mfalse[39m)[33m;[39m
    [31m[1m>[22m[39m[90m 643 |[39m       expect(mockNonceManager[33m.[39mfailTransaction)[33m.[39mtoHaveBeenCalled()[33m;[39m
     [90m     |[39m                                                [31m[1m^[22m[39m
     [90m 644 |[39m     })[33m;[39m
     [90m 645 |[39m   })[33m;[39m
     [90m 646 |[39m[0m

      at Object.<anonymous> (services/execution-engine/__tests__/unit/strategies/flash-loan.strategy.test.ts:643:48)

  ● FlashLoanStrategy › estimateGasFromTransaction › should estimate gas for prepared transaction

    missing argument: types/values length mismatch (count=4, expectedCount=5, code=MISSING_ARGUMENT, version=6.16.0)

    [0m [90m 1422 |[39m     } [36melse[39m {
     [90m 1423 |[39m       [90m// Aave V3: Standard flash loan[39m
    [31m[1m>[22m[39m[90m 1424 |[39m       [36mreturn[39m [33mFLASH_LOAN_INTERFACE[39m[33m.[39mencodeFunctionData([32m'executeArbitrage'[39m[33m,[39m [
     [90m      |[39m                                   [31m[1m^[22m[39m
     [90m 1425 |[39m         asset[33m,[39m
     [90m 1426 |[39m         amount[33m,[39m
     [90m 1427 |[39m         swapPathTuples[33m,[39m[0m

      at makeError (node_modules/ethers/src.ts/utils/errors.ts:698:21)
      at assert (node_modules/ethers/src.ts/utils/errors.ts:719:25)
      at assertArgumentCount (node_modules/ethers/src.ts/utils/errors.ts:738:5)
      at AbiCoder.encode (node_modules/ethers/src.ts/abi/abi-coder.ts:189:28)
      at Interface._encodeParams (node_modules/ethers/src.ts/abi/interface.ts:795:31)
      at Interface.encodeFunctionData (node_modules/ethers/src.ts/abi/interface.ts:884:18)
      at FlashLoanStrategy.buildExecuteArbitrageCalldata (services/execution-engine/src/strategies/flash-loan.strategy.ts:1424:35)
      at FlashLoanStrategy.prepareFlashLoanContractTransaction (services/execution-engine/src/strategies/flash-loan.strategy.ts:1572:27)
      at Object.<anonymous> (services/execution-engine/__tests__/unit/strategies/flash-loan.strategy.test.ts:659:33)

  ● FlashLoanStrategy › estimateGasFromTransaction › should return default estimate on error

    missing argument: types/values length mismatch (count=4, expectedCount=5, code=MISSING_ARGUMENT, version=6.16.0)

    [0m [90m 1422 |[39m     } [36melse[39m {
     [90m 1423 |[39m       [90m// Aave V3: Standard flash loan[39m
    [31m[1m>[22m[39m[90m 1424 |[39m       [36mreturn[39m [33mFLASH_LOAN_INTERFACE[39m[33m.[39mencodeFunctionData([32m'executeArbitrage'[39m[33m,[39m [
     [90m      |[39m                                   [31m[1m^[22m[39m
     [90m 1425 |[39m         asset[33m,[39m
     [90m 1426 |[39m         amount[33m,[39m
     [90m 1427 |[39m         swapPathTuples[33m,[39m[0m

      at makeError (node_modules/ethers/src.ts/utils/errors.ts:698:21)
      at assert (node_modules/ethers/src.ts/utils/errors.ts:719:25)
      at assertArgumentCount (node_modules/ethers/src.ts/utils/errors.ts:738:5)
      at AbiCoder.encode (node_modules/ethers/src.ts/abi/abi-coder.ts:189:28)
      at Interface._encodeParams (node_modules/ethers/src.ts/abi/interface.ts:795:31)
      at Interface.encodeFunctionData (node_modules/ethers/src.ts/abi/interface.ts:884:18)
      at FlashLoanStrategy.buildExecuteArbitrageCalldata (services/execution-engine/src/strategies/flash-loan.strategy.ts:1424:35)
      at FlashLoanStrategy.prepareFlashLoanContractTransaction (services/execution-engine/src/strategies/flash-loan.strategy.ts:1572:27)
      at Object.<anonymous> (services/execution-engine/__tests__/unit/strategies/flash-loan.strategy.test.ts:673:33)

  ● FlashLoanStrategy › protocol support › should not support non-Aave V3 chains

    expect(received).toBe(expected) // Object.is equality

    Expected: false
    Received: true

    [0m [90m 732 |[39m     it([32m'should not support non-Aave V3 chains'[39m[33m,[39m () [33m=>[39m {
     [90m 733 |[39m       [90m// These chains use different flash loan protocols[39m
    [31m[1m>[22m[39m[90m 734 |[39m       expect(strategy[33m.[39misProtocolSupported([32m'bsc'[39m))[33m.[39mtoBe([36mfalse[39m)[33m;[39m [90m// PancakeSwap[39m
     [90m     |[39m                                                   [31m[1m^[22m[39m
     [90m 735 |[39m       expect(strategy[33m.[39misProtocolSupported([32m'fantom'[39m))[33m.[39mtoBe([36mfalse[39m)[33m;[39m [90m// SpookySwap[39m
     [90m 736 |[39m       expect(strategy[33m.[39misProtocolSupported([32m'zksync'[39m))[33m.[39mtoBe([36mfalse[39m)[33m;[39m [90m// SyncSwap[39m
     [90m 737 |[39m       expect(strategy[33m.[39misProtocolSupported([32m'linea'[39m))[33m.[39mtoBe([36mfalse[39m)[33m;[39m [90m// SyncSwap[39m[0m

      at Object.<anonymous> (services/execution-engine/__tests__/unit/strategies/flash-loan.strategy.test.ts:734:51)

  ● FlashLoanStrategy › protocol support › should return error for unsupported protocol chain execution

    expect(received).toContain(expected) // indexOf

    Expected substring: "not supported"
    Received string:    "[ERR_FLASH_LOAN] Flash loan error: No FlashLoanArbitrage contract configured for chain: bsc"

    [0m [90m 751 |[39m
     [90m 752 |[39m       expect(result[33m.[39msuccess)[33m.[39mtoBe([36mfalse[39m)[33m;[39m
    [31m[1m>[22m[39m[90m 753 |[39m       expect(result[33m.[39merror)[33m.[39mtoContain([32m'not supported'[39m)[33m;[39m
     [90m     |[39m                            [31m[1m^[22m[39m
     [90m 754 |[39m       expect(result[33m.[39merror)[33m.[39mtoContain([32m'pancakeswap_v3'[39m)[33m;[39m
     [90m 755 |[39m     })[33m;[39m
     [90m 756 |[39m[0m

      at Object.<anonymous> (services/execution-engine/__tests__/unit/strategies/flash-loan.strategy.test.ts:753:28)

  ● FlashLoanStrategy › protocol support › should get protocol for chain

    expect(received).toBe(expected) // Object.is equality

    Expected: "spookyswap"
    Received: "balancer_v2"

    [0m [90m 758 |[39m       expect(strategy[33m.[39mgetProtocolForChain([32m'ethereum'[39m))[33m.[39mtoBe([32m'aave_v3'[39m)[33m;[39m
     [90m 759 |[39m       expect(strategy[33m.[39mgetProtocolForChain([32m'bsc'[39m))[33m.[39mtoBe([32m'pancakeswap_v3'[39m)[33m;[39m
    [31m[1m>[22m[39m[90m 760 |[39m       expect(strategy[33m.[39mgetProtocolForChain([32m'fantom'[39m))[33m.[39mtoBe([32m'spookyswap'[39m)[33m;[39m
     [90m     |[39m                                                      [31m[1m^[22m[39m
     [90m 761 |[39m       expect(strategy[33m.[39mgetProtocolForChain([32m'zksync'[39m))[33m.[39mtoBe([32m'syncswap'[39m)[33m;[39m
     [90m 762 |[39m     })[33m;[39m
     [90m 763 |[39m[0m

      at Object.<anonymous> (services/execution-engine/__tests__/unit/strategies/flash-loan.strategy.test.ts:760:54)

  ● FlashLoanStrategy › protocol support › should get supported protocol chains

    expect(received).not.toContain(expected) // indexOf

    Expected value: not "bsc"
    Received array:     ["ethereum", "polygon", "arbitrum", "base", "optimism", "avalanche", "bsc"]

    [0m [90m 766 |[39m       expect(supported)[33m.[39mtoContain([32m'ethereum'[39m)[33m;[39m
     [90m 767 |[39m       expect(supported)[33m.[39mtoContain([32m'polygon'[39m)[33m;[39m
    [31m[1m>[22m[39m[90m 768 |[39m       expect(supported)[33m.[39mnot[33m.[39mtoContain([32m'bsc'[39m)[33m;[39m
     [90m     |[39m                             [31m[1m^[22m[39m
     [90m 769 |[39m       expect(supported)[33m.[39mnot[33m.[39mtoContain([32m'fantom'[39m)[33m;[39m
     [90m 770 |[39m     })[33m;[39m
     [90m 771 |[39m   })[33m;[39m[0m

      at Object.<anonymous> (services/execution-engine/__tests__/unit/strategies/flash-loan.strategy.test.ts:768:29)

  ● FlashLoanStrategy › edge cases › should handle gas spike by aborting

    expect(received).toMatch(expected)

    Expected pattern: /HIGH_FEES|unprofitable|Gas price spike/
    Received string:  "[ERR_FLASH_LOAN] Flash loan error: missing argument: types/values length mismatch (count=4, expectedCount=5, code=MISSING_ARGUMENT, version=6.16.0)"

    [0m [90m 962 |[39m       expect(result[33m.[39msuccess)[33m.[39mtoBe([36mfalse[39m)[33m;[39m
     [90m 963 |[39m       [90m// High gas causes opportunity to become unprofitable after fees[39m
    [31m[1m>[22m[39m[90m 964 |[39m       expect(result[33m.[39merror)[33m.[39mtoMatch([35m/HIGH_FEES|unprofitable|Gas price spike/[39m)[33m;[39m
     [90m     |[39m                            [31m[1m^[22m[39m
     [90m 965 |[39m     })[33m;[39m
     [90m 966 |[39m   })[33m;[39m
     [90m 967 |[39m })[33m;[39m[0m

      at Object.<anonymous> (services/execution-engine/__tests__/unit/strategies/flash-loan.strategy.test.ts:964:28)

PASS unit shared/core/__tests__/unit/tier1-optimizations.test.ts (6.506 s)
  ● Console

    console.log
      LRU Performance (10000 items):

      at Object.<anonymous> (shared/core/__tests__/unit/tier1-optimizations.test.ts:164:15)

    console.log
        Add:    3.57ms (0.357μs/op)

      at Object.<anonymous> (shared/core/__tests__/unit/tier1-optimizations.test.ts:165:15)

    console.log
        Touch:  0.98ms (0.393μs/op)

      at Object.<anonymous> (shared/core/__tests__/unit/tier1-optimizations.test.ts:166:15)

    console.log
        Remove: 0.89ms (0.354μs/op)

      at Object.<anonymous> (shared/core/__tests__/unit/tier1-optimizations.test.ts:167:15)

    console.log
        Evict:  1.19ms (0.159μs/op)

      at Object.<anonymous> (shared/core/__tests__/unit/tier1-optimizations.test.ts:168:15)

    console.log
      Token pair index lookup: 6.59ms for 10k lookups (0.659μs/op)

      at Object.<anonymous> (shared/core/__tests__/unit/tier1-optimizations.test.ts:520:15)

PASS unit shared/config/__tests__/unit/partitions.test.ts
PASS unit shared/test-utils/__tests__/unit/redis-test-helper.test.ts (7.518 s)
  ● Console

    console.warn
      [RedisTestHelper] Database limit reached (15). Wrapping around - some test suites may share databases.

    [0m [90m  97 |[39m   [90m// This is a safety measure; in practice, we shouldn't exceed 15 concurrent test suites[39m
     [90m  98 |[39m   [36mif[39m (nextDatabase [33m>=[39m [33mMAX_DATABASE[39m) {
    [31m[1m>[22m[39m[90m  99 |[39m     console[33m.[39mwarn(
     [90m     |[39m             [31m[1m^[22m[39m
     [90m 100 |[39m       [32m`[RedisTestHelper] Database limit reached (${MAX_DATABASE}). `[39m [33m+[39m
     [90m 101 |[39m       [32m`Wrapping around - some test suites may share databases.`[39m
     [90m 102 |[39m     )[33m;[39m[0m

      at getIsolatedRedisDatabase (shared/test-utils/src/redis-test-helper.ts:99:13)
      at Object.<anonymous> (shared/test-utils/__tests__/unit/redis-test-helper.test.ts:86:9)

PASS unit shared/core/src/flash-loan-aggregation/infrastructure/__tests__/unit/weighted-ranking.strategy.test.ts
PASS unit shared/core/__tests__/unit/base-detector-streams.test.ts
PASS unit shared/core/__tests__/unit/detector/health-monitor.test.ts
FAIL unit shared/core/__tests__/unit/cross-chain-simulator.test.ts (31.165 s)
  ● CrossChainSimulator › Profit Calculation › should calculate net profit after bridge fees and gas

    No cross-chain opportunity detected within timeout

    [0m [90m 112 |[39m       setTimeout(() [33m=>[39m {
     [90m 113 |[39m         simulator[33m.[39mstop()[33m;[39m
    [31m[1m>[22m[39m[90m 114 |[39m         done([36mnew[39m [33mError[39m([32m'No cross-chain opportunity detected within timeout'[39m))[33m;[39m
     [90m     |[39m              [31m[1m^[22m[39m
     [90m 115 |[39m       }[33m,[39m [35m5000[39m)[33m;[39m
     [90m 116 |[39m     })[33m;[39m
     [90m 117 |[39m[0m

      at Timeout._onTimeout (shared/core/__tests__/unit/cross-chain-simulator.test.ts:114:14)

  ● CrossChainSimulator › Profit Calculation › should calculate net profit after bridge fees and gas

    No opportunity detected

    [0m [90m 204 |[39m       setTimeout(() [33m=>[39m {
     [90m 205 |[39m         simulator[33m.[39mstop()[33m;[39m
    [31m[1m>[22m[39m[90m 206 |[39m         done([36mnew[39m [33mError[39m([32m'No opportunity detected'[39m))[33m;[39m
     [90m     |[39m              [31m[1m^[22m[39m
     [90m 207 |[39m       }[33m,[39m [35m5000[39m)[33m;[39m
     [90m 208 |[39m     })[33m;[39m
     [90m 209 |[39m[0m

      at Timeout._onTimeout (shared/core/__tests__/unit/cross-chain-simulator.test.ts:206:14)

  ● CrossChainSimulator › Profit Calculation › should calculate net profit after bridge fees and gas

    No opportunity detected

    [0m [90m 234 |[39m       setTimeout(() [33m=>[39m {
     [90m 235 |[39m         simulator[33m.[39mstop()[33m;[39m
    [31m[1m>[22m[39m[90m 236 |[39m         done([36mnew[39m [33mError[39m([32m'No opportunity detected'[39m))[33m;[39m
     [90m     |[39m              [31m[1m^[22m[39m
     [90m 237 |[39m       }[33m,[39m [35m5000[39m)[33m;[39m
     [90m 238 |[39m     })[33m;[39m
     [90m 239 |[39m   })[33m;[39m[0m

      at Timeout._onTimeout (shared/core/__tests__/unit/cross-chain-simulator.test.ts:236:14)

  ● CrossChainSimulator › Profit Calculation › should calculate net profit after bridge fees and gas

    No opportunity detected

    [0m [90m 274 |[39m       setTimeout(() [33m=>[39m {
     [90m 275 |[39m         simulator[33m.[39mstop()[33m;[39m
    [31m[1m>[22m[39m[90m 276 |[39m         done([36mnew[39m [33mError[39m([32m'No opportunity detected'[39m))[33m;[39m
     [90m     |[39m              [31m[1m^[22m[39m
     [90m 277 |[39m       }[33m,[39m [35m5000[39m)[33m;[39m
     [90m 278 |[39m     })[33m;[39m
     [90m 279 |[39m   })[33m;[39m[0m

      at Timeout._onTimeout (shared/core/__tests__/unit/cross-chain-simulator.test.ts:276:14)

  ● CrossChainSimulator › Profit Calculation › should calculate net profit after bridge fees and gas

    No opportunity detected

    [0m [90m 317 |[39m       setTimeout(() [33m=>[39m {
     [90m 318 |[39m         simulator[33m.[39mstop()[33m;[39m
    [31m[1m>[22m[39m[90m 319 |[39m         done([36mnew[39m [33mError[39m([32m'No opportunity detected'[39m))[33m;[39m
     [90m     |[39m              [31m[1m^[22m[39m
     [90m 320 |[39m       }[33m,[39m [35m5000[39m)[33m;[39m
     [90m 321 |[39m     })[33m;[39m
     [90m 322 |[39m   })[33m;[39m[0m

      at Timeout._onTimeout (shared/core/__tests__/unit/cross-chain-simulator.test.ts:319:14)

PASS unit shared/core/__tests__/unit/mev-share-provider.test.ts (11.501 s)
PASS unit shared/core/__tests__/unit/risk/drawdown-circuit-breaker.test.ts
  ● Console

    console.log
      2026-02-09T10:16:45.157Z [drawdown-circuit-breaker] info: DrawdownCircuitBreaker initialized {"maxDailyLoss":"5%","cautionThreshold":"3%","cautionMultiplier":"75%","maxConsecutiveLosses":5,"enabled":true}

      at Console.log (node_modules/winston/lib/winston/transports/console.js:87:23)

    console.log
      2026-02-09T10:16:45.202Z [drawdown-circuit-breaker] info: DrawdownCircuitBreaker initialized {"maxDailyLoss":"5%","cautionThreshold":"3%","cautionMultiplier":"75%","maxConsecutiveLosses":5,"enabled":true}

      at Console.log (node_modules/winston/lib/winston/transports/console.js:87:23)

    console.log
      2026-02-09T10:16:45.203Z [drawdown-circuit-breaker] info: DrawdownCircuitBreaker initialized {"maxDailyLoss":"5%","cautionThreshold":"3%","cautionMultiplier":"75%","maxConsecutiveLosses":5,"enabled":true}

      at Console.log (node_modules/winston/lib/winston/transports/console.js:87:23)

    console.log
      2026-02-09T10:16:45.205Z [drawdown-circuit-breaker] info: DrawdownCircuitBreaker initialized {"maxDailyLoss":"5%","cautionThreshold":"3%","cautionMultiplier":"75%","maxConsecutiveLosses":5,"enabled":true}

      at Console.log (node_modules/winston/lib/winston/transports/console.js:87:23)

    console.log
      2026-02-09T10:16:45.242Z [drawdown-circuit-breaker] info: DrawdownCircuitBreaker initialized {"maxDailyLoss":"5%","cautionThreshold":"3%","cautionMultiplier":"75%","maxConsecutiveLosses":5,"enabled":true}

      at Console.log (node_modules/winston/lib/winston/transports/console.js:87:23)

    console.log
      2026-02-09T10:16:45.246Z [drawdown-circuit-breaker] info: DrawdownCircuitBreaker initialized {"maxDailyLoss":"5%","cautionThreshold":"3%","cautionMultiplier":"75%","maxConsecutiveLosses":5,"enabled":true}

      at Console.log (node_modules/winston/lib/winston/transports/console.js:87:23)

    console.log
      2026-02-09T10:16:45.249Z [drawdown-circuit-breaker] info: DrawdownCircuitBreaker initialized {"maxDailyLoss":"5%","cautionThreshold":"3%","cautionMultiplier":"75%","maxConsecutiveLosses":5,"enabled":true}

      at Console.log (node_modules/winston/lib/winston/transports/console.js:87:23)

    console.log
      2026-02-09T10:16:45.258Z [drawdown-circuit-breaker] info: DrawdownCircuitBreaker initialized {"maxDailyLoss":"5%","cautionThreshold":"3%","cautionMultiplier":"75%","maxConsecutiveLosses":5,"enabled":true}

      at Console.log (node_modules/winston/lib/winston/transports/console.js:87:23)

    console.log
      2026-02-09T10:16:45.263Z [drawdown-circuit-breaker] info: DrawdownCircuitBreaker initialized {"maxDailyLoss":"5%","cautionThreshold":"3%","cautionMultiplier":"75%","maxConsecutiveLosses":5,"enabled":true}

      at Console.log (node_modules/winston/lib/winston/transports/console.js:87:23)

    console.log
      2026-02-09T10:16:45.264Z [drawdown-circuit-breaker] warn: DrawdownCircuitBreaker: totalCapital is 0, drawdown calculations will be disabled

      at Console.log (node_modules/winston/lib/winston/transports/console.js:87:23)

    console.log
      2026-02-09T10:16:45.265Z [drawdown-circuit-breaker] info: DrawdownCircuitBreaker initialized {"maxDailyLoss":"5%","cautionThreshold":"3%","cautionMultiplier":"75%","maxConsecutiveLosses":5,"enabled":true}

      at Console.log (node_modules/winston/lib/winston/transports/console.js:87:23)

    console.log
      2026-02-09T10:16:45.271Z [drawdown-circuit-breaker] info: DrawdownCircuitBreaker initialized {"maxDailyLoss":"5%","cautionThreshold":"3%","cautionMultiplier":"75%","maxConsecutiveLosses":5,"enabled":true}

      at Console.log (node_modules/winston/lib/winston/transports/console.js:87:23)

    console.log
      2026-02-09T10:16:45.273Z [drawdown-circuit-breaker] info: DrawdownCircuitBreaker initialized {"maxDailyLoss":"5%","cautionThreshold":"3%","cautionMultiplier":"75%","maxConsecutiveLosses":5,"enabled":true}

      at Console.log (node_modules/winston/lib/winston/transports/console.js:87:23)

    console.log
      2026-02-09T10:16:45.279Z [drawdown-circuit-breaker] info: DrawdownCircuitBreaker initialized {"maxDailyLoss":"5%","cautionThreshold":"3%","cautionMultiplier":"75%","maxConsecutiveLosses":5,"enabled":true}

      at Console.log (node_modules/winston/lib/winston/transports/console.js:87:23)

    console.log
      2026-02-09T10:16:45.282Z [drawdown-circuit-breaker] info: DrawdownCircuitBreaker initialized {"maxDailyLoss":"5%","cautionThreshold":"3%","cautionMultiplier":"75%","maxConsecutiveLosses":5,"enabled":true}

      at Console.log (node_modules/winston/lib/winston/transports/console.js:87:23)

    console.log
      2026-02-09T10:16:45.285Z [drawdown-circuit-breaker] info: DrawdownCircuitBreaker initialized {"maxDailyLoss":"5%","cautionThreshold":"3%","cautionMultiplier":"75%","maxConsecutiveLosses":5,"enabled":true}

      at Console.log (node_modules/winston/lib/winston/transports/console.js:87:23)

    console.log
      2026-02-09T10:16:45.287Z [drawdown-circuit-breaker] info: DrawdownCircuitBreaker initialized {"maxDailyLoss":"5%","cautionThreshold":"3%","cautionMultiplier":"75%","maxConsecutiveLosses":5,"enabled":true}

      at Console.log (node_modules/winston/lib/winston/transports/console.js:87:23)

    console.log
      2026-02-09T10:16:45.289Z [drawdown-circuit-breaker] info: DrawdownCircuitBreaker initialized {"maxDailyLoss":"5%","cautionThreshold":"3%","cautionMultiplier":"75%","maxConsecutiveLosses":5,"enabled":true}

      at Console.log (node_modules/winston/lib/winston/transports/console.js:87:23)

    console.log
      2026-02-09T10:16:45.291Z [drawdown-circuit-breaker] info: State transition {"from":"NORMAL","to":"CAUTION","dailyPnL":"-3100000000000000000","consecutiveLosses":1,"currentDrawdown":"3.10%"}

      at Console.log (node_modules/winston/lib/winston/transports/console.js:87:23)

    console.log
      2026-02-09T10:16:45.293Z [drawdown-circuit-breaker] info: DrawdownCircuitBreaker initialized {"maxDailyLoss":"5%","cautionThreshold":"3%","cautionMultiplier":"75%","maxConsecutiveLosses":5,"enabled":true}

      at Console.log (node_modules/winston/lib/winston/transports/console.js:87:23)

    console.log
      2026-02-09T10:16:45.294Z [drawdown-circuit-breaker] info: State transition {"from":"NORMAL","to":"CAUTION","dailyPnL":"-3200000000000000000","consecutiveLosses":4,"currentDrawdown":"3.20%"}

      at Console.log (node_modules/winston/lib/winston/transports/console.js:87:23)

    console.log
      2026-02-09T10:16:45.296Z [drawdown-circuit-breaker] info: DrawdownCircuitBreaker initialized {"maxDailyLoss":"5%","cautionThreshold":"3%","cautionMultiplier":"75%","maxConsecutiveLosses":5,"enabled":true}

      at Console.log (node_modules/winston/lib/winston/transports/console.js:87:23)

    console.log
      2026-02-09T10:16:45.297Z [drawdown-circuit-breaker] info: State transition {"from":"NORMAL","to":"CAUTION","dailyPnL":"-3000000000000000000","consecutiveLosses":1,"currentDrawdown":"3.00%"}

      at Console.log (node_modules/winston/lib/winston/transports/console.js:87:23)

    console.log
      2026-02-09T10:16:45.298Z [drawdown-circuit-breaker] info: DrawdownCircuitBreaker initialized {"maxDailyLoss":"5%","cautionThreshold":"3%","cautionMultiplier":"75%","maxConsecutiveLosses":5,"enabled":true}

      at Console.log (node_modules/winston/lib/winston/transports/console.js:87:23)

    console.log
      2026-02-09T10:16:45.299Z [drawdown-circuit-breaker] info: State transition {"from":"NORMAL","to":"CAUTION","dailyPnL":"-3500000000000000000","consecutiveLosses":1,"currentDrawdown":"3.50%"}

      at Console.log (node_modules/winston/lib/winston/transports/console.js:87:23)

    console.log
      2026-02-09T10:16:45.302Z [drawdown-circuit-breaker] info: DrawdownCircuitBreaker initialized {"maxDailyLoss":"5%","cautionThreshold":"3%","cautionMultiplier":"75%","maxConsecutiveLosses":5,"enabled":true}

      at Console.log (node_modules/winston/lib/winston/transports/console.js:87:23)

    console.log
      2026-02-09T10:16:45.312Z [drawdown-circuit-breaker] info: DrawdownCircuitBreaker initialized {"maxDailyLoss":"5%","cautionThreshold":"3%","cautionMultiplier":"60%","maxConsecutiveLosses":5,"enabled":true}

      at Console.log (node_modules/winston/lib/winston/transports/console.js:87:23)

    console.log
      2026-02-09T10:16:45.313Z [drawdown-circuit-breaker] info: State transition {"from":"NORMAL","to":"CAUTION","dailyPnL":"-3500000000000000000","consecutiveLosses":1,"currentDrawdown":"3.50%"}

      at Console.log (node_modules/winston/lib/winston/transports/console.js:87:23)

    console.log
      2026-02-09T10:16:45.314Z [drawdown-circuit-breaker] info: DrawdownCircuitBreaker initialized {"maxDailyLoss":"5%","cautionThreshold":"3%","cautionMultiplier":"75%","maxConsecutiveLosses":5,"enabled":true}

      at Console.log (node_modules/winston/lib/winston/transports/console.js:87:23)

    console.log
      2026-02-09T10:16:45.318Z [drawdown-circuit-breaker] info: DrawdownCircuitBreaker initialized {"maxDailyLoss":"5%","cautionThreshold":"3%","cautionMultiplier":"75%","maxConsecutiveLosses":5,"enabled":true}

      at Console.log (node_modules/winston/lib/winston/transports/console.js:87:23)

    console.log
      2026-02-09T10:16:45.319Z [drawdown-circuit-breaker] info: State transition {"from":"NORMAL","to":"CAUTION","dailyPnL":"-3500000000000000000","consecutiveLosses":1,"currentDrawdown":"3.50%"}

      at Console.log (node_modules/winston/lib/winston/transports/console.js:87:23)

    console.log
      2026-02-09T10:16:45.320Z [drawdown-circuit-breaker] info: DrawdownCircuitBreaker initialized {"maxDailyLoss":"5%","cautionThreshold":"3%","cautionMultiplier":"75%","maxConsecutiveLosses":5,"enabled":true}

      at Console.log (node_modules/winston/lib/winston/transports/console.js:87:23)

    console.log
      2026-02-09T10:16:45.321Z [drawdown-circuit-breaker] info: State transition {"from":"NORMAL","to":"CAUTION","dailyPnL":"-3500000000000000000","consecutiveLosses":1,"currentDrawdown":"3.50%"}

      at Console.log (node_modules/winston/lib/winston/transports/console.js:87:23)

    console.log
      2026-02-09T10:16:45.322Z [drawdown-circuit-breaker] info: State transition {"from":"CAUTION","to":"HALT","dailyPnL":"-5500000000000000000","consecutiveLosses":2,"currentDrawdown":"5.50%"}

      at Console.log (node_modules/winston/lib/winston/transports/console.js:87:23)

    console.log
      2026-02-09T10:16:45.324Z [drawdown-circuit-breaker] info: DrawdownCircuitBreaker initialized {"maxDailyLoss":"5%","cautionThreshold":"3%","cautionMultiplier":"75%","maxConsecutiveLosses":5,"enabled":true}

      at Console.log (node_modules/winston/lib/winston/transports/console.js:87:23)

    console.log
      2026-02-09T10:16:45.324Z [drawdown-circuit-breaker] info: State transition {"from":"NORMAL","to":"CAUTION","dailyPnL":"-3500000000000000000","consecutiveLosses":1,"currentDrawdown":"3.50%"}

      at Console.log (node_modules/winston/lib/winston/transports/console.js:87:23)

    console.log
      2026-02-09T10:16:45.326Z [drawdown-circuit-breaker] info: DrawdownCircuitBreaker initialized {"maxDailyLoss":"5%","cautionThreshold":"3%","cautionMultiplier":"75%","maxConsecutiveLosses":5,"enabled":true}

      at Console.log (node_modules/winston/lib/winston/transports/console.js:87:23)

    console.log
      2026-02-09T10:16:45.326Z [drawdown-circuit-breaker] info: State transition {"from":"NORMAL","to":"CAUTION","dailyPnL":"-3500000000000000000","consecutiveLosses":1,"currentDrawdown":"3.50%"}

      at Console.log (node_modules/winston/lib/winston/transports/console.js:87:23)

    console.log
      2026-02-09T10:16:45.327Z [drawdown-circuit-breaker] info: State transition {"from":"CAUTION","to":"HALT","dailyPnL":"-3504000000000000000","consecutiveLosses":5,"currentDrawdown":"3.50%"}

      at Console.log (node_modules/winston/lib/winston/transports/console.js:87:23)

    console.log
      2026-02-09T10:16:45.328Z [drawdown-circuit-breaker] warn: HALT triggered by consecutive losses {"consecutiveLosses":5,"maxAllowed":5}

      at Console.log (node_modules/winston/lib/winston/transports/console.js:87:23)

    console.log
      2026-02-09T10:16:45.330Z [drawdown-circuit-breaker] info: DrawdownCircuitBreaker initialized {"maxDailyLoss":"5%","cautionThreshold":"3%","cautionMultiplier":"75%","maxConsecutiveLosses":5,"enabled":true}

      at Console.log (node_modules/winston/lib/winston/transports/console.js:87:23)

    console.log
      2026-02-09T10:16:45.331Z [drawdown-circuit-breaker] info: State transition {"from":"NORMAL","to":"CAUTION","dailyPnL":"-3500000000000000000","consecutiveLosses":1,"currentDrawdown":"3.50%"}

      at Console.log (node_modules/winston/lib/winston/transports/console.js:87:23)

    console.log
      2026-02-09T10:16:45.333Z [drawdown-circuit-breaker] info: State transition {"from":"CAUTION","to":"HALT","dailyPnL":"-5500000000000000000","consecutiveLosses":2,"currentDrawdown":"5.50%"}

      at Console.log (node_modules/winston/lib/winston/transports/console.js:87:23)

    console.log
      2026-02-09T10:16:45.335Z [drawdown-circuit-breaker] info: DrawdownCircuitBreaker initialized {"maxDailyLoss":"5%","cautionThreshold":"3%","cautionMultiplier":"75%","maxConsecutiveLosses":5,"enabled":true}

      at Console.log (node_modules/winston/lib/winston/transports/console.js:87:23)

    console.log
      2026-02-09T10:16:45.336Z [drawdown-circuit-breaker] info: State transition {"from":"NORMAL","to":"CAUTION","dailyPnL":"-3500000000000000000","consecutiveLosses":1,"currentDrawdown":"3.50%"}

      at Console.log (node_modules/winston/lib/winston/transports/console.js:87:23)

    console.log
      2026-02-09T10:16:45.338Z [drawdown-circuit-breaker] info: State transition {"from":"CAUTION","to":"HALT","dailyPnL":"-5500000000000000000","consecutiveLosses":2,"currentDrawdown":"5.50%"}

      at Console.log (node_modules/winston/lib/winston/transports/console.js:87:23)

    console.log
      2026-02-09T10:16:45.342Z [drawdown-circuit-breaker] info: DrawdownCircuitBreaker initialized {"maxDailyLoss":"5%","cautionThreshold":"3%","cautionMultiplier":"75%","maxConsecutiveLosses":5,"enabled":true}

      at Console.log (node_modules/winston/lib/winston/transports/console.js:87:23)

    console.log
      2026-02-09T10:16:45.343Z [drawdown-circuit-breaker] info: State transition {"from":"NORMAL","to":"CAUTION","dailyPnL":"-3500000000000000000","consecutiveLosses":1,"currentDrawdown":"3.50%"}

      at Console.log (node_modules/winston/lib/winston/transports/console.js:87:23)

    console.log
      2026-02-09T10:16:45.347Z [drawdown-circuit-breaker] info: State transition {"from":"CAUTION","to":"HALT","dailyPnL":"-5500000000000000000","consecutiveLosses":2,"currentDrawdown":"5.50%"}

      at Console.log (node_modules/winston/lib/winston/transports/console.js:87:23)

    console.log
      2026-02-09T10:16:45.349Z [drawdown-circuit-breaker] info: DrawdownCircuitBreaker initialized {"maxDailyLoss":"5%","cautionThreshold":"3%","cautionMultiplier":"75%","maxConsecutiveLosses":5,"enabled":true}

      at Console.log (node_modules/winston/lib/winston/transports/console.js:87:23)

    console.log
      2026-02-09T10:16:45.350Z [drawdown-circuit-breaker] info: State transition {"from":"NORMAL","to":"CAUTION","dailyPnL":"-3500000000000000000","consecutiveLosses":1,"currentDrawdown":"3.50%"}

      at Console.log (node_modules/winston/lib/winston/transports/console.js:87:23)

    console.log
      2026-02-09T10:16:45.352Z [drawdown-circuit-breaker] info: State transition {"from":"CAUTION","to":"HALT","dailyPnL":"-5500000000000000000","consecutiveLosses":2,"currentDrawdown":"5.50%"}

      at Console.log (node_modules/winston/lib/winston/transports/console.js:87:23)

    console.log
      2026-02-09T10:16:45.354Z [drawdown-circuit-breaker] info: DrawdownCircuitBreaker initialized {"maxDailyLoss":"5%","cautionThreshold":"3%","cautionMultiplier":"75%","maxConsecutiveLosses":5,"enabled":true}

      at Console.log (node_modules/winston/lib/winston/transports/console.js:87:23)

    console.log
      2026-02-09T10:16:45.355Z [drawdown-circuit-breaker] info: State transition {"from":"NORMAL","to":"CAUTION","dailyPnL":"-3500000000000000000","consecutiveLosses":1,"currentDrawdown":"3.50%"}

      at Console.log (node_modules/winston/lib/winston/transports/console.js:87:23)

    console.log
      2026-02-09T10:16:45.356Z [drawdown-circuit-breaker] info: State transition {"from":"CAUTION","to":"HALT","dailyPnL":"-5500000000000000000","consecutiveLosses":2,"currentDrawdown":"5.50%"}

      at Console.log (node_modules/winston/lib/winston/transports/console.js:87:23)

    console.log
      2026-02-09T10:16:45.357Z [drawdown-circuit-breaker] warn: Manual reset attempted but cooldown not expired {"cooldownRemainingMs":3600000}

      at Console.log (node_modules/winston/lib/winston/transports/console.js:87:23)

    console.log
      2026-02-09T10:16:45.359Z [drawdown-circuit-breaker] info: DrawdownCircuitBreaker initialized {"maxDailyLoss":"5%","cautionThreshold":"3%","cautionMultiplier":"75%","maxConsecutiveLosses":5,"enabled":true}

      at Console.log (node_modules/winston/lib/winston/transports/console.js:87:23)

    console.log
      2026-02-09T10:16:45.360Z [drawdown-circuit-breaker] info: State transition {"from":"NORMAL","to":"CAUTION","dailyPnL":"-3500000000000000000","consecutiveLosses":1,"currentDrawdown":"3.50%"}

      at Console.log (node_modules/winston/lib/winston/transports/console.js:87:23)

    console.log
      2026-02-09T10:16:45.361Z [drawdown-circuit-breaker] info: State transition {"from":"CAUTION","to":"HALT","dailyPnL":"-5500000000000000000","consecutiveLosses":2,"currentDrawdown":"5.50%"}

      at Console.log (node_modules/winston/lib/winston/transports/console.js:87:23)

    console.log
      2026-02-09T10:16:45.363Z [drawdown-circuit-breaker] info: DrawdownCircuitBreaker initialized {"maxDailyLoss":"5%","cautionThreshold":"3%","cautionMultiplier":"75%","maxConsecutiveLosses":5,"enabled":true}

      at Console.log (node_modules/winston/lib/winston/transports/console.js:87:23)

    console.log
      2026-02-09T10:16:45.364Z [drawdown-circuit-breaker] info: State transition {"from":"NORMAL","to":"CAUTION","dailyPnL":"-3500000000000000000","consecutiveLosses":1,"currentDrawdown":"3.50%"}

      at Console.log (node_modules/winston/lib/winston/transports/console.js:87:23)

    console.log
      2026-02-09T10:16:45.365Z [drawdown-circuit-breaker] info: State transition {"from":"CAUTION","to":"HALT","dailyPnL":"-5500000000000000000","consecutiveLosses":2,"currentDrawdown":"5.50%"}

      at Console.log (node_modules/winston/lib/winston/transports/console.js:87:23)

    console.log
      2026-02-09T10:16:45.389Z [drawdown-circuit-breaker] info: State transition {"from":"HALT","to":"RECOVERY","dailyPnL":"-5500000000000000000","consecutiveLosses":2,"currentDrawdown":"5.50%"}

      at Console.log (node_modules/winston/lib/winston/transports/console.js:87:23)

    console.log
      2026-02-09T10:16:45.394Z [drawdown-circuit-breaker] info: Manual reset successful - entering RECOVERY state

      at Console.log (node_modules/winston/lib/winston/transports/console.js:87:23)

    console.log
      2026-02-09T10:16:45.398Z [drawdown-circuit-breaker] info: DrawdownCircuitBreaker initialized {"maxDailyLoss":"5%","cautionThreshold":"3%","cautionMultiplier":"75%","maxConsecutiveLosses":5,"enabled":true}

      at Console.log (node_modules/winston/lib/winston/transports/console.js:87:23)

    console.log
      2026-02-09T10:16:45.404Z [drawdown-circuit-breaker] info: State transition {"from":"NORMAL","to":"CAUTION","dailyPnL":"-3500000000000000000","consecutiveLosses":1,"currentDrawdown":"3.50%"}

      at Console.log (node_modules/winston/lib/winston/transports/console.js:87:23)

    console.log
      2026-02-09T10:16:45.412Z [drawdown-circuit-breaker] info: State transition {"from":"CAUTION","to":"HALT","dailyPnL":"-5500000000000000000","consecutiveLosses":2,"currentDrawdown":"5.50%"}

      at Console.log (node_modules/winston/lib/winston/transports/console.js:87:23)

    console.log
      2026-02-09T10:16:45.414Z [drawdown-circuit-breaker] info: DrawdownCircuitBreaker initialized {"maxDailyLoss":"5%","cautionThreshold":"3%","cautionMultiplier":"75%","maxConsecutiveLosses":5,"enabled":true}

      at Console.log (node_modules/winston/lib/winston/transports/console.js:87:23)

    console.log
      2026-02-09T10:16:45.416Z [drawdown-circuit-breaker] warn: Manual reset attempted but not in HALT state {"currentState":"NORMAL"}

      at Console.log (node_modules/winston/lib/winston/transports/console.js:87:23)

    console.log
      2026-02-09T10:16:45.418Z [drawdown-circuit-breaker] info: DrawdownCircuitBreaker initialized {"maxDailyLoss":"5%","cautionThreshold":"3%","cautionMultiplier":"75%","maxConsecutiveLosses":5,"enabled":true}

      at Console.log (node_modules/winston/lib/winston/transports/console.js:87:23)

    console.log
      2026-02-09T10:16:45.419Z [drawdown-circuit-breaker] info: State transition {"from":"NORMAL","to":"CAUTION","dailyPnL":"-3500000000000000000","consecutiveLosses":1,"currentDrawdown":"3.50%"}

      at Console.log (node_modules/winston/lib/winston/transports/console.js:87:23)

    console.log
      2026-02-09T10:16:45.421Z [drawdown-circuit-breaker] info: State transition {"from":"CAUTION","to":"HALT","dailyPnL":"-5500000000000000000","consecutiveLosses":2,"currentDrawdown":"5.50%"}

      at Console.log (node_modules/winston/lib/winston/transports/console.js:87:23)

    console.log
      2026-02-09T10:16:45.422Z [drawdown-circuit-breaker] info: DrawdownCircuitBreaker initialized {"maxDailyLoss":"5%","cautionThreshold":"3%","cautionMultiplier":"75%","maxConsecutiveLosses":5,"enabled":true}

      at Console.log (node_modules/winston/lib/winston/transports/console.js:87:23)

    console.log
      2026-02-09T10:16:45.424Z [drawdown-circuit-breaker] info: State transition {"from":"NORMAL","to":"CAUTION","dailyPnL":"-3500000000000000000","consecutiveLosses":1,"currentDrawdown":"3.50%"}

      at Console.log (node_modules/winston/lib/winston/transports/console.js:87:23)

    console.log
      2026-02-09T10:16:45.425Z [drawdown-circuit-breaker] info: State transition {"from":"CAUTION","to":"HALT","dailyPnL":"-5500000000000000000","consecutiveLosses":2,"currentDrawdown":"5.50%"}

      at Console.log (node_modules/winston/lib/winston/transports/console.js:87:23)

    console.log
      2026-02-09T10:16:45.446Z [drawdown-circuit-breaker] info: State transition {"from":"HALT","to":"RECOVERY","dailyPnL":"-5500000000000000000","consecutiveLosses":2,"currentDrawdown":"5.50%"}

      at Console.log (node_modules/winston/lib/winston/transports/console.js:87:23)

    console.log
      2026-02-09T10:16:45.448Z [drawdown-circuit-breaker] info: Manual reset successful - entering RECOVERY state

      at Console.log (node_modules/winston/lib/winston/transports/console.js:87:23)

    console.log
      2026-02-09T10:16:45.450Z [drawdown-circuit-breaker] info: DrawdownCircuitBreaker initialized {"maxDailyLoss":"5%","cautionThreshold":"3%","cautionMultiplier":"75%","maxConsecutiveLosses":5,"enabled":true}

      at Console.log (node_modules/winston/lib/winston/transports/console.js:87:23)

    console.log
      2026-02-09T10:16:45.452Z [drawdown-circuit-breaker] info: DrawdownCircuitBreaker initialized {"maxDailyLoss":"5%","cautionThreshold":"3%","cautionMultiplier":"75%","maxConsecutiveLosses":5,"enabled":true}

      at Console.log (node_modules/winston/lib/winston/transports/console.js:87:23)

    console.log
      2026-02-09T10:16:45.453Z [drawdown-circuit-breaker] info: State transition {"from":"NORMAL","to":"CAUTION","dailyPnL":"-3500000000000000000","consecutiveLosses":1,"currentDrawdown":"3.50%"}

      at Console.log (node_modules/winston/lib/winston/transports/console.js:87:23)

    console.log
      2026-02-09T10:16:45.455Z [drawdown-circuit-breaker] info: State transition {"from":"CAUTION","to":"HALT","dailyPnL":"-5500000000000000000","consecutiveLosses":2,"currentDrawdown":"5.50%"}

      at Console.log (node_modules/winston/lib/winston/transports/console.js:87:23)

    console.log
      2026-02-09T10:16:45.476Z [drawdown-circuit-breaker] info: State transition {"from":"HALT","to":"RECOVERY","dailyPnL":"-5500000000000000000","consecutiveLosses":2,"currentDrawdown":"5.50%"}

      at Console.log (node_modules/winston/lib/winston/transports/console.js:87:23)

    console.log
      2026-02-09T10:16:45.478Z [drawdown-circuit-breaker] info: Manual reset successful - entering RECOVERY state

      at Console.log (node_modules/winston/lib/winston/transports/console.js:87:23)

    console.log
      2026-02-09T10:16:45.484Z [drawdown-circuit-breaker] info: State transition {"from":"RECOVERY","to":"NORMAL","dailyPnL":"-5200000000000000000","consecutiveLosses":0,"currentDrawdown":"5.20%"}

      at Console.log (node_modules/winston/lib/winston/transports/console.js:87:23)

    console.log
      2026-02-09T10:16:45.486Z [drawdown-circuit-breaker] info: Recovery complete - returning to NORMAL trading

      at Console.log (node_modules/winston/lib/winston/transports/console.js:87:23)

    console.log
      2026-02-09T10:16:45.491Z [drawdown-circuit-breaker] info: DrawdownCircuitBreaker initialized {"maxDailyLoss":"5%","cautionThreshold":"3%","cautionMultiplier":"75%","maxConsecutiveLosses":5,"enabled":true}

      at Console.log (node_modules/winston/lib/winston/transports/console.js:87:23)

    console.log
      2026-02-09T10:16:45.493Z [drawdown-circuit-breaker] info: DrawdownCircuitBreaker initialized {"maxDailyLoss":"5%","cautionThreshold":"3%","cautionMultiplier":"75%","maxConsecutiveLosses":5,"enabled":true}

      at Console.log (node_modules/winston/lib/winston/transports/console.js:87:23)

    console.log
      2026-02-09T10:16:45.496Z [drawdown-circuit-breaker] info: State transition {"from":"NORMAL","to":"CAUTION","dailyPnL":"-3500000000000000000","consecutiveLosses":1,"currentDrawdown":"3.50%"}

      at Console.log (node_modules/winston/lib/winston/transports/console.js:87:23)

    console.log
      2026-02-09T10:16:45.497Z [drawdown-circuit-breaker] info: State transition {"from":"CAUTION","to":"HALT","dailyPnL":"-5500000000000000000","consecutiveLosses":2,"currentDrawdown":"5.50%"}

      at Console.log (node_modules/winston/lib/winston/transports/console.js:87:23)

    console.log
      2026-02-09T10:16:45.518Z [drawdown-circuit-breaker] info: State transition {"from":"HALT","to":"RECOVERY","dailyPnL":"-5500000000000000000","consecutiveLosses":2,"currentDrawdown":"5.50%"}

      at Console.log (node_modules/winston/lib/winston/transports/console.js:87:23)

    console.log
      2026-02-09T10:16:45.520Z [drawdown-circuit-breaker] info: Manual reset successful - entering RECOVERY state

      at Console.log (node_modules/winston/lib/winston/transports/console.js:87:23)

    console.log
      2026-02-09T10:16:45.522Z [drawdown-circuit-breaker] info: DrawdownCircuitBreaker initialized {"maxDailyLoss":"5%","cautionThreshold":"3%","cautionMultiplier":"75%","maxConsecutiveLosses":5,"enabled":true}

      at Console.log (node_modules/winston/lib/winston/transports/console.js:87:23)

    console.log
      2026-02-09T10:16:45.523Z [drawdown-circuit-breaker] info: DrawdownCircuitBreaker initialized {"maxDailyLoss":"5%","cautionThreshold":"3%","cautionMultiplier":"75%","maxConsecutiveLosses":5,"enabled":true}

      at Console.log (node_modules/winston/lib/winston/transports/console.js:87:23)

    console.log
      2026-02-09T10:16:45.526Z [drawdown-circuit-breaker] info: State transition {"from":"NORMAL","to":"CAUTION","dailyPnL":"-3500000000000000000","consecutiveLosses":1,"currentDrawdown":"3.50%"}

      at Console.log (node_modules/winston/lib/winston/transports/console.js:87:23)

    console.log
      2026-02-09T10:16:45.528Z [drawdown-circuit-breaker] info: State transition {"from":"CAUTION","to":"HALT","dailyPnL":"-5500000000000000000","consecutiveLosses":2,"currentDrawdown":"5.50%"}

      at Console.log (node_modules/winston/lib/winston/transports/console.js:87:23)

    console.log
      2026-02-09T10:16:45.551Z [drawdown-circuit-breaker] info: State transition {"from":"HALT","to":"RECOVERY","dailyPnL":"-5500000000000000000","consecutiveLosses":2,"currentDrawdown":"5.50%"}

      at Console.log (node_modules/winston/lib/winston/transports/console.js:87:23)

    console.log
      2026-02-09T10:16:45.552Z [drawdown-circuit-breaker] info: Manual reset successful - entering RECOVERY state

      at Console.log (node_modules/winston/lib/winston/transports/console.js:87:23)

    console.log
      2026-02-09T10:16:45.556Z [drawdown-circuit-breaker] info: DrawdownCircuitBreaker initialized {"maxDailyLoss":"5%","cautionThreshold":"3%","cautionMultiplier":"75%","maxConsecutiveLosses":5,"enabled":true}

      at Console.log (node_modules/winston/lib/winston/transports/console.js:87:23)

    console.log
      2026-02-09T10:16:45.557Z [drawdown-circuit-breaker] info: DrawdownCircuitBreaker initialized {"maxDailyLoss":"5%","cautionThreshold":"3%","cautionMultiplier":"75%","maxConsecutiveLosses":5,"enabled":true}

      at Console.log (node_modules/winston/lib/winston/transports/console.js:87:23)

    console.log
      2026-02-09T10:16:45.560Z [drawdown-circuit-breaker] info: State transition {"from":"NORMAL","to":"CAUTION","dailyPnL":"-3500000000000000000","consecutiveLosses":1,"currentDrawdown":"3.50%"}

      at Console.log (node_modules/winston/lib/winston/transports/console.js:87:23)

    console.log
      2026-02-09T10:16:45.562Z [drawdown-circuit-breaker] info: State transition {"from":"CAUTION","to":"HALT","dailyPnL":"-5500000000000000000","consecutiveLosses":2,"currentDrawdown":"5.50%"}

      at Console.log (node_modules/winston/lib/winston/transports/console.js:87:23)

    console.log
      2026-02-09T10:16:45.605Z [drawdown-circuit-breaker] info: State transition {"from":"HALT","to":"RECOVERY","dailyPnL":"-5500000000000000000","consecutiveLosses":2,"currentDrawdown":"5.50%"}

      at Console.log (node_modules/winston/lib/winston/transports/console.js:87:23)

    console.log
      2026-02-09T10:16:45.607Z [drawdown-circuit-breaker] info: Manual reset successful - entering RECOVERY state

      at Console.log (node_modules/winston/lib/winston/transports/console.js:87:23)

    console.log
      2026-02-09T10:16:45.609Z [drawdown-circuit-breaker] info: DrawdownCircuitBreaker initialized {"maxDailyLoss":"5%","cautionThreshold":"3%","cautionMultiplier":"75%","maxConsecutiveLosses":5,"enabled":true}

      at Console.log (node_modules/winston/lib/winston/transports/console.js:87:23)

    console.log
      2026-02-09T10:16:45.612Z [drawdown-circuit-breaker] info: DrawdownCircuitBreaker initialized {"maxDailyLoss":"5%","cautionThreshold":"3%","cautionMultiplier":"75%","maxConsecutiveLosses":5,"enabled":true}

      at Console.log (node_modules/winston/lib/winston/transports/console.js:87:23)

    console.log
      2026-02-09T10:16:45.613Z [drawdown-circuit-breaker] info: State transition {"from":"NORMAL","to":"CAUTION","dailyPnL":"-3500000000000000000","consecutiveLosses":1,"currentDrawdown":"3.50%"}

      at Console.log (node_modules/winston/lib/winston/transports/console.js:87:23)

    console.log
      2026-02-09T10:16:45.616Z [drawdown-circuit-breaker] info: DrawdownCircuitBreaker initialized {"maxDailyLoss":"5%","cautionThreshold":"3%","cautionMultiplier":"75%","maxConsecutiveLosses":5,"enabled":true}

      at Console.log (node_modules/winston/lib/winston/transports/console.js:87:23)

    console.log
      2026-02-09T10:16:45.617Z [drawdown-circuit-breaker] info: DrawdownCircuitBreaker initialized {"maxDailyLoss":"5%","cautionThreshold":"3%","cautionMultiplier":"75%","maxConsecutiveLosses":5,"enabled":true}

      at Console.log (node_modules/winston/lib/winston/transports/console.js:87:23)

    console.log
      2026-02-09T10:16:45.619Z [drawdown-circuit-breaker] info: DrawdownCircuitBreaker initialized {"maxDailyLoss":"5%","cautionThreshold":"3%","cautionMultiplier":"75%","maxConsecutiveLosses":5,"enabled":true}

      at Console.log (node_modules/winston/lib/winston/transports/console.js:87:23)

    console.log
      2026-02-09T10:16:45.621Z [drawdown-circuit-breaker] info: DrawdownCircuitBreaker initialized {"maxDailyLoss":"5%","cautionThreshold":"3%","cautionMultiplier":"75%","maxConsecutiveLosses":5,"enabled":true}

      at Console.log (node_modules/winston/lib/winston/transports/console.js:87:23)

    console.log
      2026-02-09T10:16:45.624Z [drawdown-circuit-breaker] info: DrawdownCircuitBreaker initialized {"maxDailyLoss":"5%","cautionThreshold":"3%","cautionMultiplier":"75%","maxConsecutiveLosses":5,"enabled":true}

      at Console.log (node_modules/winston/lib/winston/transports/console.js:87:23)

    console.log
      2026-02-09T10:16:45.626Z [drawdown-circuit-breaker] info: DrawdownCircuitBreaker initialized {"maxDailyLoss":"5%","cautionThreshold":"3%","cautionMultiplier":"75%","maxConsecutiveLosses":5,"enabled":true}

      at Console.log (node_modules/winston/lib/winston/transports/console.js:87:23)

    console.log
      2026-02-09T10:16:45.627Z [drawdown-circuit-breaker] info: DrawdownCircuitBreaker initialized {"maxDailyLoss":"5%","cautionThreshold":"3%","cautionMultiplier":"75%","maxConsecutiveLosses":5,"enabled":false}

      at Console.log (node_modules/winston/lib/winston/transports/console.js:87:23)

    console.log
      2026-02-09T10:16:45.628Z [drawdown-circuit-breaker] info: DrawdownCircuitBreaker initialized {"maxDailyLoss":"5%","cautionThreshold":"3%","cautionMultiplier":"75%","maxConsecutiveLosses":5,"enabled":true}

      at Console.log (node_modules/winston/lib/winston/transports/console.js:87:23)

    console.log
      2026-02-09T10:16:45.632Z [drawdown-circuit-breaker] info: DrawdownCircuitBreaker initialized {"maxDailyLoss":"5%","cautionThreshold":"3%","cautionMultiplier":"75%","maxConsecutiveLosses":5,"enabled":true}

      at Console.log (node_modules/winston/lib/winston/transports/console.js:87:23)

    console.log
      2026-02-09T10:16:45.638Z [drawdown-circuit-breaker] info: DrawdownCircuitBreaker initialized {"maxDailyLoss":"5%","cautionThreshold":"3%","cautionMultiplier":"75%","maxConsecutiveLosses":5,"enabled":true}

      at Console.log (node_modules/winston/lib/winston/transports/console.js:87:23)

    console.log
      2026-02-09T10:16:45.641Z [drawdown-circuit-breaker] info: DrawdownCircuitBreaker initialized {"maxDailyLoss":"5%","cautionThreshold":"3%","cautionMultiplier":"75%","maxConsecutiveLosses":5,"enabled":true}

      at Console.log (node_modules/winston/lib/winston/transports/console.js:87:23)

    console.log
      2026-02-09T10:16:45.644Z [drawdown-circuit-breaker] info: State transition {"from":"NORMAL","to":"CAUTION","dailyPnL":"-3500000000000000000","consecutiveLosses":1,"currentDrawdown":"3.50%"}

      at Console.log (node_modules/winston/lib/winston/transports/console.js:87:23)

    console.log
      2026-02-09T10:16:45.645Z [drawdown-circuit-breaker] info: State transition {"from":"CAUTION","to":"HALT","dailyPnL":"-5500000000000000000","consecutiveLosses":2,"currentDrawdown":"5.50%"}

      at Console.log (node_modules/winston/lib/winston/transports/console.js:87:23)

    console.log
      2026-02-09T10:16:45.647Z [drawdown-circuit-breaker] info: DrawdownCircuitBreaker initialized {"maxDailyLoss":"5%","cautionThreshold":"3%","cautionMultiplier":"75%","maxConsecutiveLosses":5,"enabled":true}

      at Console.log (node_modules/winston/lib/winston/transports/console.js:87:23)

    console.log
      2026-02-09T10:16:45.648Z [drawdown-circuit-breaker] info: Capital updated {"newCapital":"200000000000000000000","peakCapital":"200000000000000000000"}

      at Console.log (node_modules/winston/lib/winston/transports/console.js:87:23)

    console.log
      2026-02-09T10:16:45.650Z [drawdown-circuit-breaker] info: DrawdownCircuitBreaker initialized {"maxDailyLoss":"5%","cautionThreshold":"3%","cautionMultiplier":"75%","maxConsecutiveLosses":5,"enabled":true}

      at Console.log (node_modules/winston/lib/winston/transports/console.js:87:23)

    console.log
      2026-02-09T10:16:45.650Z [drawdown-circuit-breaker] info: Capital updated {"newCapital":"200000000000000000000","peakCapital":"200000000000000000000"}

      at Console.log (node_modules/winston/lib/winston/transports/console.js:87:23)

    console.log
      2026-02-09T10:16:45.652Z [drawdown-circuit-breaker] info: DrawdownCircuitBreaker initialized {"maxDailyLoss":"5%","cautionThreshold":"3%","cautionMultiplier":"75%","maxConsecutiveLosses":5,"enabled":true}

      at Console.log (node_modules/winston/lib/winston/transports/console.js:87:23)

    console.log
      2026-02-09T10:16:45.653Z [drawdown-circuit-breaker] info: State transition {"from":"NORMAL","to":"CAUTION","dailyPnL":"-10000000000000000000","consecutiveLosses":1,"currentDrawdown":"10.00%"}

      at Console.log (node_modules/winston/lib/winston/transports/console.js:87:23)

    console.log
      2026-02-09T10:16:45.653Z [drawdown-circuit-breaker] info: Capital updated {"newCapital":"100000000000000000000","peakCapital":"100000000000000000000"}

      at Console.log (node_modules/winston/lib/winston/transports/console.js:87:23)

    console.log
      2026-02-09T10:16:45.655Z [drawdown-circuit-breaker] info: DrawdownCircuitBreaker initialized {"maxDailyLoss":"5%","cautionThreshold":"3%","cautionMultiplier":"75%","maxConsecutiveLosses":5,"enabled":true}

      at Console.log (node_modules/winston/lib/winston/transports/console.js:87:23)

    console.log
      2026-02-09T10:16:45.656Z [drawdown-circuit-breaker] info: State transition {"from":"NORMAL","to":"CAUTION","dailyPnL":"-3500000000000000000","consecutiveLosses":1,"currentDrawdown":"3.50%"}

      at Console.log (node_modules/winston/lib/winston/transports/console.js:87:23)

    console.log
      2026-02-09T10:16:45.657Z [drawdown-circuit-breaker] info: State transition {"from":"CAUTION","to":"HALT","dailyPnL":"-5500000000000000000","consecutiveLosses":2,"currentDrawdown":"5.50%"}

      at Console.log (node_modules/winston/lib/winston/transports/console.js:87:23)

    console.log
      2026-02-09T10:16:45.658Z [drawdown-circuit-breaker] warn: Force reset triggered - bypassing all safety checks

      at Console.log (node_modules/winston/lib/winston/transports/console.js:87:23)

    console.log
      2026-02-09T10:16:45.659Z [drawdown-circuit-breaker] info: DrawdownCircuitBreaker initialized {"maxDailyLoss":"5%","cautionThreshold":"3%","cautionMultiplier":"75%","maxConsecutiveLosses":5,"enabled":true}

      at Console.log (node_modules/winston/lib/winston/transports/console.js:87:23)

    console.log
      2026-02-09T10:16:45.660Z [drawdown-circuit-breaker] info: State transition {"from":"NORMAL","to":"CAUTION","dailyPnL":"-3500000000000000000","consecutiveLosses":1,"currentDrawdown":"3.50%"}

      at Console.log (node_modules/winston/lib/winston/transports/console.js:87:23)

    console.log
      2026-02-09T10:16:45.662Z [drawdown-circuit-breaker] warn: Force reset triggered - bypassing all safety checks

      at Console.log (node_modules/winston/lib/winston/transports/console.js:87:23)

    console.log
      2026-02-09T10:16:45.663Z [drawdown-circuit-breaker] info: DrawdownCircuitBreaker initialized {"maxDailyLoss":"5%","cautionThreshold":"3%","cautionMultiplier":"75%","maxConsecutiveLosses":5,"enabled":true}

      at Console.log (node_modules/winston/lib/winston/transports/console.js:87:23)

    console.log
      2026-02-09T10:16:45.665Z [drawdown-circuit-breaker] info: DrawdownCircuitBreaker initialized {"maxDailyLoss":"5%","cautionThreshold":"3%","cautionMultiplier":"75%","maxConsecutiveLosses":5,"enabled":true}

      at Console.log (node_modules/winston/lib/winston/transports/console.js:87:23)

    console.log
      2026-02-09T10:16:45.666Z [drawdown-circuit-breaker] info: State transition {"from":"NORMAL","to":"CAUTION","dailyPnL":"-3500000000000000000","consecutiveLosses":1,"currentDrawdown":"3.50%"}

      at Console.log (node_modules/winston/lib/winston/transports/console.js:87:23)

    console.log
      2026-02-09T10:16:45.666Z [drawdown-circuit-breaker] info: State transition {"from":"CAUTION","to":"HALT","dailyPnL":"-5500000000000000000","consecutiveLosses":2,"currentDrawdown":"5.50%"}

      at Console.log (node_modules/winston/lib/winston/transports/console.js:87:23)

    console.log
      2026-02-09T10:16:45.731Z [drawdown-circuit-breaker] warn: Force reset triggered - bypassing all safety checks

      at Console.log (node_modules/winston/lib/winston/transports/console.js:87:23)

    console.log
      2026-02-09T10:16:45.732Z [drawdown-circuit-breaker] info: DrawdownCircuitBreaker initialized {"maxDailyLoss":"5%","cautionThreshold":"3%","cautionMultiplier":"75%","maxConsecutiveLosses":5,"enabled":true}

      at Console.log (node_modules/winston/lib/winston/transports/console.js:87:23)

    console.log
      2026-02-09T10:16:45.733Z [drawdown-circuit-breaker] info: DrawdownCircuitBreaker initialized {"maxDailyLoss":"5%","cautionThreshold":"3%","cautionMultiplier":"75%","maxConsecutiveLosses":5,"enabled":false}

      at Console.log (node_modules/winston/lib/winston/transports/console.js:87:23)

    console.log
      2026-02-09T10:16:45.735Z [drawdown-circuit-breaker] info: DrawdownCircuitBreaker initialized {"maxDailyLoss":"5%","cautionThreshold":"3%","cautionMultiplier":"75%","maxConsecutiveLosses":5,"enabled":true}

      at Console.log (node_modules/winston/lib/winston/transports/console.js:87:23)

    console.log
      2026-02-09T10:16:45.736Z [drawdown-circuit-breaker] info: DrawdownCircuitBreaker initialized {"maxDailyLoss":"5%","cautionThreshold":"3%","cautionMultiplier":"75%","maxConsecutiveLosses":5,"enabled":false}

      at Console.log (node_modules/winston/lib/winston/transports/console.js:87:23)

    console.log
      2026-02-09T10:16:45.738Z [drawdown-circuit-breaker] info: DrawdownCircuitBreaker initialized {"maxDailyLoss":"5%","cautionThreshold":"3%","cautionMultiplier":"75%","maxConsecutiveLosses":5,"enabled":true}

      at Console.log (node_modules/winston/lib/winston/transports/console.js:87:23)

    console.log
      2026-02-09T10:16:45.740Z [drawdown-circuit-breaker] info: DrawdownCircuitBreaker initialized {"maxDailyLoss":"5%","cautionThreshold":"3%","cautionMultiplier":"75%","maxConsecutiveLosses":5,"enabled":true}

      at Console.log (node_modules/winston/lib/winston/transports/console.js:87:23)

    console.log
      2026-02-09T10:16:45.741Z [drawdown-circuit-breaker] info: State transition {"from":"NORMAL","to":"CAUTION","dailyPnL":"-3500000000000000000","consecutiveLosses":1,"currentDrawdown":"3.50%"}

      at Console.log (node_modules/winston/lib/winston/transports/console.js:87:23)

    console.log
      2026-02-09T10:16:45.742Z [drawdown-circuit-breaker] info: State transition {"from":"CAUTION","to":"HALT","dailyPnL":"-5500000000000000000","consecutiveLosses":2,"currentDrawdown":"5.50%"}

      at Console.log (node_modules/winston/lib/winston/transports/console.js:87:23)

    console.log
      2026-02-09T10:16:45.743Z [drawdown-circuit-breaker] info: DrawdownCircuitBreaker initialized {"maxDailyLoss":"5%","cautionThreshold":"3%","cautionMultiplier":"75%","maxConsecutiveLosses":5,"enabled":true}

      at Console.log (node_modules/winston/lib/winston/transports/console.js:87:23)

    console.log
      2026-02-09T10:16:45.745Z [drawdown-circuit-breaker] info: DrawdownCircuitBreaker initialized {"maxDailyLoss":"5%","cautionThreshold":"3%","cautionMultiplier":"75%","maxConsecutiveLosses":5,"enabled":true}

      at Console.log (node_modules/winston/lib/winston/transports/console.js:87:23)

    console.log
      2026-02-09T10:16:45.767Z [drawdown-circuit-breaker] info: DrawdownCircuitBreaker initialized {"maxDailyLoss":"5%","cautionThreshold":"3%","cautionMultiplier":"75%","maxConsecutiveLosses":5,"enabled":true}

      at Console.log (node_modules/winston/lib/winston/transports/console.js:87:23)

    console.log
      2026-02-09T10:16:45.768Z [drawdown-circuit-breaker] info: State transition {"from":"NORMAL","to":"CAUTION","dailyPnL":"-3500000000000000000","consecutiveLosses":1,"currentDrawdown":"3.50%"}

      at Console.log (node_modules/winston/lib/winston/transports/console.js:87:23)

    console.log
      2026-02-09T10:16:45.770Z [drawdown-circuit-breaker] info: DrawdownCircuitBreaker initialized {"maxDailyLoss":"5%","cautionThreshold":"3%","cautionMultiplier":"75%","maxConsecutiveLosses":5,"enabled":true}

      at Console.log (node_modules/winston/lib/winston/transports/console.js:87:23)

    console.log
      2026-02-09T10:16:45.771Z [drawdown-circuit-breaker] info: DrawdownCircuitBreaker initialized {"maxDailyLoss":"10%","cautionThreshold":"3%","cautionMultiplier":"75%","maxConsecutiveLosses":5,"enabled":true}

      at Console.log (node_modules/winston/lib/winston/transports/console.js:87:23)

    console.log
      2026-02-09T10:16:45.773Z [drawdown-circuit-breaker] info: DrawdownCircuitBreaker initialized {"maxDailyLoss":"5%","cautionThreshold":"3%","cautionMultiplier":"75%","maxConsecutiveLosses":5,"enabled":true}

      at Console.log (node_modules/winston/lib/winston/transports/console.js:87:23)

    console.log
      2026-02-09T10:16:45.774Z [drawdown-circuit-breaker] warn: getDrawdownCircuitBreaker called with config but instance exists; config ignored

      at Console.log (node_modules/winston/lib/winston/transports/console.js:87:23)

    console.log
      2026-02-09T10:16:45.776Z [drawdown-circuit-breaker] info: DrawdownCircuitBreaker initialized {"maxDailyLoss":"5%","cautionThreshold":"3%","cautionMultiplier":"75%","maxConsecutiveLosses":5,"enabled":true}

      at Console.log (node_modules/winston/lib/winston/transports/console.js:87:23)

    console.log
      2026-02-09T10:16:45.776Z [drawdown-circuit-breaker] info: DrawdownCircuitBreaker initialized {"maxDailyLoss":"5%","cautionThreshold":"3%","cautionMultiplier":"75%","maxConsecutiveLosses":5,"enabled":true}

      at Console.log (node_modules/winston/lib/winston/transports/console.js:87:23)

    console.log
      2026-02-09T10:16:45.778Z [drawdown-circuit-breaker] info: DrawdownCircuitBreaker initialized {"maxDailyLoss":"5%","cautionThreshold":"3%","cautionMultiplier":"75%","maxConsecutiveLosses":5,"enabled":true}

      at Console.log (node_modules/winston/lib/winston/transports/console.js:87:23)

    console.log
      2026-02-09T10:16:45.779Z [drawdown-circuit-breaker] info: DrawdownCircuitBreaker initialized {"maxDailyLoss":"5%","cautionThreshold":"3%","cautionMultiplier":"75%","maxConsecutiveLosses":5,"enabled":true}

      at Console.log (node_modules/winston/lib/winston/transports/console.js:87:23)

    console.log
      2026-02-09T10:16:45.782Z [drawdown-circuit-breaker] info: DrawdownCircuitBreaker initialized {"maxDailyLoss":"5%","cautionThreshold":"3%","cautionMultiplier":"75%","maxConsecutiveLosses":5,"enabled":true}

      at Console.log (node_modules/winston/lib/winston/transports/console.js:87:23)

    console.log
      2026-02-09T10:16:45.790Z [drawdown-circuit-breaker] info: DrawdownCircuitBreaker initialized {"maxDailyLoss":"5%","cautionThreshold":"3%","cautionMultiplier":"75%","maxConsecutiveLosses":5,"enabled":true}

      at Console.log (node_modules/winston/lib/winston/transports/console.js:87:23)

    console.log
      2026-02-09T10:16:45.963Z [drawdown-circuit-breaker] info: DrawdownCircuitBreaker initialized {"maxDailyLoss":"5%","cautionThreshold":"3%","cautionMultiplier":"75%","maxConsecutiveLosses":5,"enabled":true}

      at Console.log (node_modules/winston/lib/winston/transports/console.js:87:23)

    console.log
      2026-02-09T10:16:47.756Z [drawdown-circuit-breaker] info: DrawdownCircuitBreaker initialized {"maxDailyLoss":"5%","cautionThreshold":"3%","cautionMultiplier":"75%","maxConsecutiveLosses":5,"enabled":true}

      at Console.log (node_modules/winston/lib/winston/transports/console.js:87:23)

    console.log
      2026-02-09T10:16:47.895Z [drawdown-circuit-breaker] info: DrawdownCircuitBreaker initialized {"maxDailyLoss":"5%","cautionThreshold":"3%","cautionMultiplier":"75%","maxConsecutiveLosses":5,"enabled":true}

      at Console.log (node_modules/winston/lib/winston/transports/console.js:87:23)

    console.log
      2026-02-09T10:16:47.897Z [drawdown-circuit-breaker] info: State transition {"from":"NORMAL","to":"CAUTION","dailyPnL":"-3500000000000000000","consecutiveLosses":1,"currentDrawdown":"3.50%"}

      at Console.log (node_modules/winston/lib/winston/transports/console.js:87:23)

    console.log
      2026-02-09T10:16:47.898Z [drawdown-circuit-breaker] warn: Force reset triggered - bypassing all safety checks

      at Console.log (node_modules/winston/lib/winston/transports/console.js:87:23)

    console.log
      2026-02-09T10:16:47.900Z [drawdown-circuit-breaker] info: DrawdownCircuitBreaker initialized {"maxDailyLoss":"5%","cautionThreshold":"3%","cautionMultiplier":"75%","maxConsecutiveLosses":5,"enabled":true}

      at Console.log (node_modules/winston/lib/winston/transports/console.js:87:23)

    console.log
      2026-02-09T10:16:47.901Z [drawdown-circuit-breaker] info: DrawdownCircuitBreaker initialized {"maxDailyLoss":"5%","cautionThreshold":"3%","cautionMultiplier":"75%","maxConsecutiveLosses":5,"enabled":true}

      at Console.log (node_modules/winston/lib/winston/transports/console.js:87:23)

    console.log
      2026-02-09T10:16:47.903Z [drawdown-circuit-breaker] info: DrawdownCircuitBreaker initialized {"maxDailyLoss":"5%","cautionThreshold":"3%","cautionMultiplier":"75%","maxConsecutiveLosses":5,"enabled":true}

      at Console.log (node_modules/winston/lib/winston/transports/console.js:87:23)

    console.log
      2026-02-09T10:16:47.904Z [drawdown-circuit-breaker] info: State transition {"from":"NORMAL","to":"CAUTION","dailyPnL":"-3500000000000000000","consecutiveLosses":6,"currentDrawdown":"3.50%"}

      at Console.log (node_modules/winston/lib/winston/transports/console.js:87:23)

    console.log
      2026-02-09T10:16:47.906Z [drawdown-circuit-breaker] info: DrawdownCircuitBreaker initialized {"maxDailyLoss":"5%","cautionThreshold":"3%","cautionMultiplier":"75%","maxConsecutiveLosses":5,"enabled":true}

      at Console.log (node_modules/winston/lib/winston/transports/console.js:87:23)

PASS unit shared/core/__tests__/unit/risk/position-sizer.test.ts
PASS unit shared/core/__tests__/unit/mev-protection-providers.test.ts
PASS unit shared/core/__tests__/unit/mev-protection.test.ts
PASS unit shared/core/__tests__/unit/chain-simulator-multi-hop.test.ts (7.057 s)
PASS unit shared/core/__tests__/unit/fixes-regression.test.ts
PASS unit shared/core/__tests__/unit/detector/factory-integration.test.ts
PASS unit shared/core/__tests__/unit/detector/event-processor.test.ts
PASS unit shared/config/src/__tests__/unit/addresses.test.ts
PASS unit shared/core/__tests__/unit/distributed-lock.test.ts
  ● Console

    console.log
      2026-02-09T10:16:51.844Z [redis-client] error: Redis main client error {"error":{"code":"ECONNREFUSED"}}

      at Console.log (node_modules/winston/lib/winston/transports/console.js:87:23)

    console.log
      2026-02-09T10:16:51.931Z [redis-client] error: Redis main client error {"error":{"code":"ECONNREFUSED"}}

      at Console.log (node_modules/winston/lib/winston/transports/console.js:87:23)

    console.log
      2026-02-09T10:16:52.051Z [redis-client] error: Redis main client error {"error":{"code":"ECONNREFUSED"}}

      at Console.log (node_modules/winston/lib/winston/transports/console.js:87:23)

    console.log
      2026-02-09T10:16:52.218Z [redis-client] error: Redis main client error {"error":{"code":"ECONNREFUSED"}}

      at Console.log (node_modules/winston/lib/winston/transports/console.js:87:23)

    console.log
      2026-02-09T10:16:52.230Z [redis-client] error: Redis main client error {"error":{"code":"ECONNREFUSED"}}

      at Console.log (node_modules/winston/lib/winston/transports/console.js:87:23)

    console.log
      2026-02-09T10:16:52.290Z [redis-client] error: Redis main client error {"error":{"code":"ECONNREFUSED"}}

      at Console.log (node_modules/winston/lib/winston/transports/console.js:87:23)

    console.log
      2026-02-09T10:16:52.403Z [redis-client] error: Redis main client error {"error":{"code":"ECONNREFUSED"}}

      at Console.log (node_modules/winston/lib/winston/transports/console.js:87:23)

    console.log
      2026-02-09T10:16:52.563Z [redis-client] error: Redis main client error {"error":{"code":"ECONNREFUSED"}}

      at Console.log (node_modules/winston/lib/winston/transports/console.js:87:23)

PASS unit shared/core/__tests__/unit/detector/detector-integration.test.ts
  ● Console

    console.log
      2026-02-09T10:16:52.600Z [swap-event-filter] info: SwapEventFilter initialized {"config":{"minUsdValue":10,"whaleThreshold":50000,"dedupWindowMs":5000,"aggregationWindowMs":5000,"maxDedupCacheSize":10000,"cleanupIntervalMs":30000}}

      at Console.log (node_modules/winston/lib/winston/transports/console.js:87:23)

    console.log
      2026-02-09T10:16:52.635Z [swap-event-filter] info: SwapEventFilter initialized {"config":{"minUsdValue":10,"whaleThreshold":50000,"dedupWindowMs":5000,"aggregationWindowMs":5000,"maxDedupCacheSize":10000,"cleanupIntervalMs":30000}}

      at Console.log (node_modules/winston/lib/winston/transports/console.js:87:23)

PASS unit shared/core/__tests__/unit/mev-risk-analyzer.test.ts
FAIL unit shared/core/__tests__/unit/batch-provider.test.ts (40.459 s)
  ● BatchProvider › auto-flush behavior › should flush on batch size limit

    thrown: "Exceeded timeout of 10000 ms for a test.
    Add a timeout value to this test to increase the timeout, if this is a long-running test. See https://jestjs.io/docs/api#testname-fn-timeout."

    [0m [90m 162 |[39m
     [90m 163 |[39m   describe([32m'auto-flush behavior'[39m[33m,[39m () [33m=>[39m {
    [31m[1m>[22m[39m[90m 164 |[39m     it([32m'should flush on batch size limit'[39m[33m,[39m [36masync[39m () [33m=>[39m {
     [90m     |[39m       [31m[1m^[22m[39m
     [90m 165 |[39m       [90m// Setup mock responses[39m
     [90m 166 |[39m       [36mconst[39m responses [33m=[39m [
     [90m 167 |[39m         { jsonrpc[33m:[39m [32m'2.0'[39m[33m,[39m id[33m:[39m [35m1[39m[33m,[39m result[33m:[39m [32m'r1'[39m }[33m,[39m[0m

      at shared/core/__tests__/unit/batch-provider.test.ts:164:7
      at shared/core/__tests__/unit/batch-provider.test.ts:163:11
      at Object.<anonymous> (shared/core/__tests__/unit/batch-provider.test.ts:46:9)

  ● BatchProvider › auto-flush behavior › should flush on timeout

    thrown: "Exceeded timeout of 10000 ms for a test.
    Add a timeout value to this test to increase the timeout, if this is a long-running test. See https://jestjs.io/docs/api#testname-fn-timeout."

    [0m [90m 192 |[39m     })[33m;[39m
     [90m 193 |[39m
    [31m[1m>[22m[39m[90m 194 |[39m     it([32m'should flush on timeout'[39m[33m,[39m [36masync[39m () [33m=>[39m {
     [90m     |[39m       [31m[1m^[22m[39m
     [90m 195 |[39m       mockFetch[33m.[39mmockResolvedValueOnce(createMockFetchResponse([
     [90m 196 |[39m         { jsonrpc[33m:[39m [32m'2.0'[39m[33m,[39m id[33m:[39m [35m1[39m[33m,[39m result[33m:[39m [32m'r1'[39m }[33m,[39m
     [90m 197 |[39m         { jsonrpc[33m:[39m [32m'2.0'[39m[33m,[39m id[33m:[39m [35m2[39m[33m,[39m result[33m:[39m [32m'r2'[39m }[33m,[39m[0m

      at shared/core/__tests__/unit/batch-provider.test.ts:194:7
      at shared/core/__tests__/unit/batch-provider.test.ts:163:11
      at Object.<anonymous> (shared/core/__tests__/unit/batch-provider.test.ts:46:9)

PASS unit shared/core/__tests__/unit/tier3-optimizations.test.ts (9.603 s)
  ● Console

    console.log
      2026-02-09T10:16:43.605Z [multi-leg-path-finder] info: MultiLegPathFinder initialized {"maxPathLength":7,"minPathLength":5,"maxCandidatesPerHop":15,"timeoutMs":5000}

      at Console.log (node_modules/winston/lib/winston/transports/console.js:87:23)

    console.log
      2026-02-09T10:16:43.644Z [multi-leg-path-finder] info: Multi-leg path finding complete {"chain":"ethereum","totalPools":17,"targetPathLength":5,"foundOpportunities":20,"processingTime":11}

      at Console.log (node_modules/winston/lib/winston/transports/console.js:87:23)

    console.log
      2026-02-09T10:16:43.652Z [multi-leg-path-finder] info: MultiLegPathFinder initialized {"maxPathLength":7,"minPathLength":5,"maxCandidatesPerHop":15,"timeoutMs":5000}

      at Console.log (node_modules/winston/lib/winston/transports/console.js:87:23)

    console.log
      2026-02-09T10:16:43.661Z [multi-leg-path-finder] info: Multi-leg path finding complete {"chain":"ethereum","totalPools":17,"targetPathLength":6,"foundOpportunities":20,"processingTime":8}

      at Console.log (node_modules/winston/lib/winston/transports/console.js:87:23)

    console.log
      2026-02-09T10:16:43.683Z [multi-leg-path-finder] info: MultiLegPathFinder initialized {"maxPathLength":7,"minPathLength":5,"maxCandidatesPerHop":15,"timeoutMs":5000}

      at Console.log (node_modules/winston/lib/winston/transports/console.js:87:23)

    console.log
      2026-02-09T10:16:43.689Z [multi-leg-path-finder] info: Multi-leg path finding complete {"chain":"ethereum","totalPools":17,"targetPathLength":5,"foundOpportunities":20,"processingTime":5}

      at Console.log (node_modules/winston/lib/winston/transports/console.js:87:23)

    console.log
      2026-02-09T10:16:43.692Z [multi-leg-path-finder] info: MultiLegPathFinder initialized {"maxPathLength":7,"minPathLength":5,"maxCandidatesPerHop":15,"timeoutMs":5000}

      at Console.log (node_modules/winston/lib/winston/transports/console.js:87:23)

    console.log
      2026-02-09T10:16:43.698Z [multi-leg-path-finder] info: Multi-leg path finding complete {"chain":"ethereum","totalPools":17,"targetPathLength":5,"foundOpportunities":20,"processingTime":5}

      at Console.log (node_modules/winston/lib/winston/transports/console.js:87:23)

    console.log
      2026-02-09T10:16:43.701Z [multi-leg-path-finder] info: MultiLegPathFinder initialized {"maxPathLength":7,"minPathLength":5,"maxCandidatesPerHop":15,"timeoutMs":5000}

      at Console.log (node_modules/winston/lib/winston/transports/console.js:87:23)

    console.log
      2026-02-09T10:16:43.706Z [multi-leg-path-finder] info: Multi-leg path finding complete {"chain":"ethereum","totalPools":17,"targetPathLength":5,"foundOpportunities":20,"processingTime":4}

      at Console.log (node_modules/winston/lib/winston/transports/console.js:87:23)

    console.log
      2026-02-09T10:16:43.713Z [multi-leg-path-finder] info: MultiLegPathFinder initialized {"maxPathLength":7,"minPathLength":5,"maxCandidatesPerHop":15,"timeoutMs":5000}

      at Console.log (node_modules/winston/lib/winston/transports/console.js:87:23)

    console.log
      2026-02-09T10:16:43.719Z [multi-leg-path-finder] info: Multi-leg path finding complete {"chain":"ethereum","totalPools":17,"targetPathLength":5,"foundOpportunities":20,"processingTime":4}

      at Console.log (node_modules/winston/lib/winston/transports/console.js:87:23)

    console.log
      2026-02-09T10:16:43.727Z [multi-leg-path-finder] info: Multi-leg path finding complete {"chain":"ethereum","totalPools":17,"targetPathLength":6,"foundOpportunities":20,"processingTime":7}

      at Console.log (node_modules/winston/lib/winston/transports/console.js:87:23)

    console.log
      2026-02-09T10:16:43.729Z [multi-leg-path-finder] info: MultiLegPathFinder initialized {"maxPathLength":7,"minPathLength":5,"maxCandidatesPerHop":15,"timeoutMs":5000}

      at Console.log (node_modules/winston/lib/winston/transports/console.js:87:23)

    console.log
      2026-02-09T10:16:43.734Z [multi-leg-path-finder] info: Multi-leg path finding complete {"chain":"ethereum","totalPools":17,"targetPathLength":5,"foundOpportunities":20,"processingTime":4}

      at Console.log (node_modules/winston/lib/winston/transports/console.js:87:23)

    console.log
      2026-02-09T10:16:43.750Z [multi-leg-path-finder] info: MultiLegPathFinder initialized {"maxPathLength":7,"minPathLength":5,"maxCandidatesPerHop":15,"timeoutMs":5000}

      at Console.log (node_modules/winston/lib/winston/transports/console.js:87:23)

    console.log
      2026-02-09T10:16:43.762Z [multi-leg-path-finder] info: Multi-leg path finding complete {"chain":"ethereum","totalPools":17,"targetPathLength":5,"foundOpportunities":20,"processingTime":11}

      at Console.log (node_modules/winston/lib/winston/transports/console.js:87:23)

    console.log
      2026-02-09T10:16:43.772Z [multi-leg-path-finder] info: MultiLegPathFinder initialized {"maxPathLength":7,"minPathLength":5,"maxCandidatesPerHop":15,"timeoutMs":5000}

      at Console.log (node_modules/winston/lib/winston/transports/console.js:87:23)

    console.log
      2026-02-09T10:16:43.773Z [multi-leg-path-finder] info: MultiLegPathFinder initialized {"maxPathLength":7,"minPathLength":5,"maxCandidatesPerHop":5,"timeoutMs":2000}

      at Console.log (node_modules/winston/lib/winston/transports/console.js:87:23)

    console.log
      2026-02-09T10:16:43.781Z [multi-leg-path-finder] info: Multi-leg path finding complete {"chain":"ethereum","totalPools":17,"targetPathLength":6,"foundOpportunities":20,"processingTime":7}

      at Console.log (node_modules/winston/lib/winston/transports/console.js:87:23)

    console.log
      2026-02-09T10:16:43.783Z [multi-leg-path-finder] info: MultiLegPathFinder initialized {"maxPathLength":7,"minPathLength":5,"maxCandidatesPerHop":15,"timeoutMs":5000}

      at Console.log (node_modules/winston/lib/winston/transports/console.js:87:23)

    console.log
      2026-02-09T10:16:43.784Z [multi-leg-path-finder] info: MultiLegPathFinder initialized {"maxPathLength":7,"minPathLength":5,"maxCandidatesPerHop":15,"timeoutMs":5000}

      at Console.log (node_modules/winston/lib/winston/transports/console.js:87:23)

    console.log
      2026-02-09T10:16:43.786Z [multi-leg-path-finder] info: MultiLegPathFinder initialized {"maxPathLength":7,"minPathLength":5,"maxCandidatesPerHop":15,"timeoutMs":5000}

      at Console.log (node_modules/winston/lib/winston/transports/console.js:87:23)

    console.log
      2026-02-09T10:16:43.790Z [multi-leg-path-finder] info: Multi-leg path finding complete {"chain":"ethereum","totalPools":17,"targetPathLength":5,"foundOpportunities":20,"processingTime":4}

      at Console.log (node_modules/winston/lib/winston/transports/console.js:87:23)

    console.log
      2026-02-09T10:16:43.795Z [multi-leg-path-finder] info: MultiLegPathFinder initialized {"maxPathLength":7,"minPathLength":5,"maxCandidatesPerHop":15,"timeoutMs":5000}

      at Console.log (node_modules/winston/lib/winston/transports/console.js:87:23)

    console.log
      2026-02-09T10:16:43.799Z [multi-leg-path-finder] info: Multi-leg path finding complete {"chain":"ethereum","totalPools":17,"targetPathLength":5,"foundOpportunities":20,"processingTime":3}

      at Console.log (node_modules/winston/lib/winston/transports/console.js:87:23)

    console.log
      2026-02-09T10:16:43.802Z [multi-leg-path-finder] info: MultiLegPathFinder initialized {"maxPathLength":7,"minPathLength":5,"maxCandidatesPerHop":15,"timeoutMs":5000}

      at Console.log (node_modules/winston/lib/winston/transports/console.js:87:23)

    console.log
      2026-02-09T10:16:43.803Z [multi-leg-path-finder] info: MultiLegPathFinder initialized {"maxPathLength":7,"minPathLength":5,"maxCandidatesPerHop":15,"timeoutMs":5000}

      at Console.log (node_modules/winston/lib/winston/transports/console.js:87:23)

    console.log
      2026-02-09T10:16:43.808Z [multi-leg-path-finder] info: Multi-leg path finding complete {"chain":"ethereum","totalPools":17,"targetPathLength":5,"foundOpportunities":20,"processingTime":4}

      at Console.log (node_modules/winston/lib/winston/transports/console.js:87:23)

    console.log
      2026-02-09T10:16:43.811Z [multi-leg-path-finder] info: MultiLegPathFinder initialized {"maxPathLength":7,"minPathLength":5,"maxCandidatesPerHop":15,"timeoutMs":5000}

      at Console.log (node_modules/winston/lib/winston/transports/console.js:87:23)

    console.log
      2026-02-09T10:16:50.665Z [shared-key-registry] info: SharedKeyRegistry created {"maxKeys":12303291,"slotSize":64,"bufferSize":787410628}

      at Console.log (node_modules/winston/lib/winston/transports/console.js:87:23)

    console.log
      2026-02-09T10:16:50.713Z [price-matrix] info: PriceMatrix initialized {"maxPairs":11184810,"totalSlots":12303291,"useSharedMemory":true,"keyRegistryEnabled":true}

      at Console.log (node_modules/winston/lib/winston/transports/console.js:87:23)

    console.log
      2026-02-09T10:16:50.732Z [hierarchical-cache] info: Hierarchical cache initialized {"l1Enabled":true,"l2Enabled":true,"l3Enabled":true,"l1Size":128,"predictiveWarmingEnabled":false,"usePriceMatrix":true,"l1Implementation":"PriceMatrix"}

      at Console.log (node_modules/winston/lib/winston/transports/console.js:87:23)

    console.log
      2026-02-09T10:16:50.752Z [cross-dex-triangular-arbitrage] info: Found 0 triangular arbitrage opportunities {"chain":"ethereum","totalPools":17,"processingTime":10,"profitRange":"N/A"}

      at Console.log (node_modules/winston/lib/winston/transports/console.js:87:23)

    console.log
      2026-02-09T10:16:50.759Z [cross-dex-triangular-arbitrage] info: Found 0 quadrilateral arbitrage opportunities {"chain":"ethereum","totalPools":17,"processingTime":4,"profitRange":"N/A"}

      at Console.log (node_modules/winston/lib/winston/transports/console.js:87:23)

    console.log
      2026-02-09T10:16:50.774Z [multi-leg-path-finder] info: Multi-leg path finding complete {"chain":"ethereum","totalPools":17,"targetPathLength":5,"foundOpportunities":20,"processingTime":10}

      at Console.log (node_modules/winston/lib/winston/transports/console.js:87:23)

    console.log
      2026-02-09T10:16:50.851Z [redis-client] error: Redis main client error {"error":{"code":"ECONNREFUSED"}}

      at Console.log (node_modules/winston/lib/winston/transports/console.js:87:23)

    console.log
      2026-02-09T10:16:50.971Z [redis-client] error: Redis main client error {"error":{"code":"ECONNREFUSED"}}

      at Console.log (node_modules/winston/lib/winston/transports/console.js:87:23)

    console.log
      2026-02-09T10:16:51.108Z [redis-client] error: Redis main client error {"error":{"code":"ECONNREFUSED"}}

      at Console.log (node_modules/winston/lib/winston/transports/console.js:87:23)

    console.log
      2026-02-09T10:16:51.589Z [redis-client] error: Redis main client error {"error":{"code":"ECONNREFUSED"}}

      at Console.log (node_modules/winston/lib/winston/transports/console.js:87:23)

    console.log
      2026-02-09T10:16:52.155Z [multi-leg-path-finder] info: MultiLegPathFinder initialized {"maxPathLength":7,"minPathLength":5,"maxCandidatesPerHop":15,"timeoutMs":5000}

      at Console.log (node_modules/winston/lib/winston/transports/console.js:87:23)

    console.log
      2026-02-09T10:16:52.165Z [multi-leg-path-finder] info: MultiLegPathFinder initialized {"maxPathLength":7,"minPathLength":5,"maxCandidatesPerHop":15,"timeoutMs":5000}

      at Console.log (node_modules/winston/lib/winston/transports/console.js:87:23)

    console.log
      2026-02-09T10:16:52.192Z [multi-leg-path-finder] info: Multi-leg path finding complete {"chain":"ethereum","totalPools":17,"targetPathLength":5,"foundOpportunities":20,"processingTime":26}

      at Console.log (node_modules/winston/lib/winston/transports/console.js:87:23)

    console.log
      2026-02-09T10:16:52.194Z [multi-leg-path-finder] info: MultiLegPathFinder initialized {"maxPathLength":7,"minPathLength":5,"maxCandidatesPerHop":15,"timeoutMs":5000}

      at Console.log (node_modules/winston/lib/winston/transports/console.js:87:23)

    console.log
      2026-02-09T10:16:52.235Z [multi-leg-path-finder] info: Multi-leg path finding complete {"chain":"ethereum","totalPools":17,"targetPathLength":5,"foundOpportunities":8,"processingTime":31}

      at Console.log (node_modules/winston/lib/winston/transports/console.js:87:23)

    console.log
      2026-02-09T10:16:52.246Z [multi-leg-path-finder] info: MultiLegPathFinder initialized {"maxPathLength":7,"minPathLength":5,"maxCandidatesPerHop":15,"timeoutMs":5000}

      at Console.log (node_modules/winston/lib/winston/transports/console.js:87:23)

    console.log
      2026-02-09T10:16:52.249Z [multi-leg-path-finder] info: Multi-leg path finding complete {"chain":"ethereum","totalPools":17,"targetPathLength":5,"foundOpportunities":0,"processingTime":0}

      at Console.log (node_modules/winston/lib/winston/transports/console.js:87:23)

    console.log
      2026-02-09T10:16:52.251Z [multi-leg-path-finder] info: MultiLegPathFinder initialized {"maxPathLength":7,"minPathLength":5,"maxCandidatesPerHop":15,"timeoutMs":5000}

      at Console.log (node_modules/winston/lib/winston/transports/console.js:87:23)

    console.log
      2026-02-09T10:16:52.254Z [multi-leg-path-finder] info: MultiLegPathFinder initialized {"maxPathLength":7,"minPathLength":5,"maxCandidatesPerHop":15,"timeoutMs":5000}

      at Console.log (node_modules/winston/lib/winston/transports/console.js:87:23)

    console.log
      2026-02-09T10:16:52.256Z [multi-leg-path-finder] info: MultiLegPathFinder config updated {"minProfitThreshold":0.005}

      at Console.log (node_modules/winston/lib/winston/transports/console.js:87:23)

    console.log
      2026-02-09T10:16:52.260Z [multi-leg-path-finder] info: MultiLegPathFinder config updated {"minProfitThreshold":0.001}

      at Console.log (node_modules/winston/lib/winston/transports/console.js:87:23)

    console.log
      2026-02-09T10:16:52.262Z [multi-leg-path-finder] info: MultiLegPathFinder initialized {"maxPathLength":7,"minPathLength":5,"maxCandidatesPerHop":15,"timeoutMs":5000}

      at Console.log (node_modules/winston/lib/winston/transports/console.js:87:23)

    console.log
      2026-02-09T10:16:52.278Z [multi-leg-path-finder] info: Multi-leg path finding complete {"chain":"ethereum","totalPools":17,"targetPathLength":5,"foundOpportunities":20,"processingTime":13}

      at Console.log (node_modules/winston/lib/winston/transports/console.js:87:23)

    console.log
      2026-02-09T10:16:52.285Z [multi-leg-path-finder] info: MultiLegPathFinder initialized {"maxPathLength":7,"minPathLength":5,"maxCandidatesPerHop":15,"timeoutMs":5000}

      at Console.log (node_modules/winston/lib/winston/transports/console.js:87:23)

    console.log
      2026-02-09T10:16:52.309Z [multi-leg-path-finder] info: MultiLegPathFinder initialized {"maxPathLength":7,"minPathLength":5,"maxCandidatesPerHop":15,"timeoutMs":5000}

      at Console.log (node_modules/winston/lib/winston/transports/console.js:87:23)

    console.log
      2026-02-09T10:16:52.325Z [multi-leg-path-finder] info: Multi-leg path finding complete {"chain":"bsc","totalPools":17,"targetPathLength":5,"foundOpportunities":20,"processingTime":13}

      at Console.log (node_modules/winston/lib/winston/transports/console.js:87:23)
          at async Promise.all (index 1)

    console.log
      2026-02-09T10:16:52.326Z [multi-leg-path-finder] info: Multi-leg path finding complete {"chain":"arbitrum","totalPools":17,"targetPathLength":5,"foundOpportunities":18,"processingTime":15}

      at Console.log (node_modules/winston/lib/winston/transports/console.js:87:23)
          at async Promise.all (index 2)

    console.log
      2026-02-09T10:16:52.328Z [multi-leg-path-finder] info: Multi-leg path finding complete {"chain":"ethereum","totalPools":17,"targetPathLength":5,"foundOpportunities":20,"processingTime":16}

      at Console.log (node_modules/winston/lib/winston/transports/console.js:87:23)
          at async Promise.all (index 0)

    console.log
      2026-02-09T10:16:52.335Z [multi-leg-path-finder] info: MultiLegPathFinder initialized {"maxPathLength":7,"minPathLength":5,"maxCandidatesPerHop":15,"timeoutMs":5000}

      at Console.log (node_modules/winston/lib/winston/transports/console.js:87:23)

    console.log
      2026-02-09T10:16:52.336Z [multi-leg-path-finder] info: MultiLegPathFinder initialized {"maxPathLength":7,"minPathLength":5,"maxCandidatesPerHop":100,"timeoutMs":1}

      at Console.log (node_modules/winston/lib/winston/transports/console.js:87:23)

    console.log
      2026-02-09T10:16:52.338Z [multi-leg-path-finder] warn: Path finding timeout reached

      at Console.log (node_modules/winston/lib/winston/transports/console.js:87:23)

    console.log
      2026-02-09T10:16:52.338Z [multi-leg-path-finder] info: Multi-leg path finding complete {"chain":"ethereum","totalPools":17,"targetPathLength":5,"foundOpportunities":6,"processingTime":2}

      at Console.log (node_modules/winston/lib/winston/transports/console.js:87:23)

PASS unit services/execution-engine/__tests__/unit/ab-testing-framework.test.ts
PASS unit shared/constants/__tests__/unit/config-consistency.test.ts
PASS unit shared/core/__tests__/unit/regression.test.ts
PASS unit shared/core/__tests__/unit/risk/ev-calculator.test.ts
node:internal/process/promises:332
    triggerUncaughtException(err, true /* fromPromise */);
    ^

Error: No triangular opportunity detected
    at Timeout._onTimeout (C:\Users\kj2bn8f\arbitrage_new\shared\core\__tests__\unit\chain-simulator-multi-hop.test.ts:144:22)
    at listOnTimeout (node:internal/timers:605:17)
    at processTimers (node:internal/timers:541:7)

Node.js v25.5.0
PASS unit shared/core/__tests__/unit/metrics-manager.test.ts
PASS unit shared/core/__tests__/unit/factory-subscription.test.ts
PASS unit services/coordinator/__tests__/unit/leadership/leadership-election-service.test.ts
PASS unit shared/config/__tests__/unit/websocket-resilience.test.ts
PASS unit shared/core/__tests__/unit/price-calculator.test.ts
FAIL unit shared/config/__tests__/unit/config-modules.test.ts
  ● Service Config Module › FLASH_LOAN_PROVIDERS › should have provider for new chains

    expect(received).toBeDefined()

    Received: undefined

    [0m [90m 239 |[39m       expect([33mFLASH_LOAN_PROVIDERS[39m[[32m'fantom'[39m])[33m.[39mtoBeDefined()[33m;[39m
     [90m 240 |[39m       expect([33mFLASH_LOAN_PROVIDERS[39m[[32m'zksync'[39m])[33m.[39mtoBeDefined()[33m;[39m
    [31m[1m>[22m[39m[90m 241 |[39m       expect([33mFLASH_LOAN_PROVIDERS[39m[[32m'linea'[39m])[33m.[39mtoBeDefined()[33m;[39m
     [90m     |[39m                                             [31m[1m^[22m[39m
     [90m 242 |[39m     })[33m;[39m
     [90m 243 |[39m
     [90m 244 |[39m     it([32m'should have explicit Solana entry with Jupiter protocol (different model)'[39m[33m,[39m () [33m=>[39m {[0m

      at Object.<anonymous> (shared/config/__tests__/unit/config-modules.test.ts:241:45)

PASS unit shared/core/__tests__/unit/components/price-calculator.test.ts
PASS unit services/cross-chain-detector/src/__tests__/unit/detector.test.ts
PASS unit shared/core/__tests__/unit/components/arbitrage-detector.test.ts
PASS unit shared/config/src/__tests__/unit/mev-config.test.ts
PASS unit shared/core/__tests__/unit/jito-provider.test.ts
PASS unit services/execution-engine/__tests__/unit/services/simulation/simulation-metrics-collector.test.ts
PASS unit services/execution-engine/__tests__/unit/initialization/initialization.test.ts
PASS unit services/unified-detector/__tests__/unit/chain-instance.test.ts
PASS unit services/execution-engine/__tests__/unit/strategies/strategy-factory.test.ts
PASS unit shared/core/__tests__/unit/data-structures/lru-cache.test.ts
PASS unit shared/core/src/flash-loan-aggregation/domain/__tests__/unit/models.test.ts
PASS unit shared/core/__tests__/unit/adr-003-compliance.test.ts
PASS unit services/execution-engine/__tests__/unit/strategies/flash-loan-providers/unsupported.provider.test.ts
PASS unit services/unified-detector/src/__tests__/unit/chain-simulation-handler.test.ts
PASS unit shared/core/src/flash-loan-aggregation/infrastructure/__tests__/unit/inmemory-aggregator.metrics.test.ts
PASS unit shared/core/__tests__/unit/components/pair-repository.test.ts
PASS unit shared/config/__tests__/unit/dex-factories.test.ts
PASS unit services/partition-asia-fast/src/__tests__/unit/partition-service.test.ts
PASS unit shared/core/__tests__/unit/reserve-cache.test.ts
PASS unit services/cross-chain-detector/src/__tests__/unit/pending-opportunity.test.ts
PASS unit services/partition-high-value/src/__tests__/unit/partition-service.test.ts
PASS unit shared/security/__tests__/unit/rate-limiter.test.ts
(node:193196) [DEP0169] DeprecationWarning: `url.parse()` behavior is not standardized and prone to errors that have security implications. Use the WHATWG URL API instead. CVEs are not issued for `url.parse()` vulnerabilities.
PASS unit shared/security/__tests__/unit/api-key-auth.test.ts
PASS unit shared/core/__tests__/unit/bridge-router.test.ts
PASS unit shared/ml/__tests__/unit/model-persistence.test.ts
PASS unit shared/core/__tests__/unit/components/token-utils.test.ts
PASS unit services/partition-l2-turbo/src/__tests__/unit/partition-service.test.ts
PASS unit shared/core/__tests__/unit/risk/execution-probability-tracker.test.ts
PASS unit shared/security/__tests__/unit/validation.test.ts
PASS unit shared/ml/__tests__/unit/tf-backend.test.ts
PASS unit services/execution-engine/__tests__/unit/strategies/base.strategy.test.ts
PASS unit shared/core/__tests__/unit/correlation-analyzer.test.ts
  ● Console

    console.log
      2026-02-09T10:17:11.428Z [correlation-analyzer] info: CorrelationAnalyzer initialized {"coOccurrenceWindowMs":1000,"correlationUpdateIntervalMs":3600000,"maxTrackedPairs":5000,"minCoOccurrences":3}

      at Console.log (node_modules/winston/lib/winston/transports/console.js:87:23)

    console.log
      2026-02-09T10:17:11.453Z [correlation-analyzer] info: CorrelationAnalyzer initialized {"coOccurrenceWindowMs":1000,"correlationUpdateIntervalMs":3600000,"maxTrackedPairs":5000,"minCoOccurrences":3}

      at Console.log (node_modules/winston/lib/winston/transports/console.js:87:23)

    console.log
      2026-02-09T10:17:11.455Z [correlation-analyzer] info: CorrelationAnalyzer initialized {"coOccurrenceWindowMs":500,"correlationUpdateIntervalMs":30000,"maxTrackedPairs":100,"minCoOccurrences":5}

      at Console.log (node_modules/winston/lib/winston/transports/console.js:87:23)

    console.log
      2026-02-09T10:17:11.457Z [correlation-analyzer] info: CorrelationAnalyzer initialized {"coOccurrenceWindowMs":1000,"correlationUpdateIntervalMs":3600000,"maxTrackedPairs":5000,"minCoOccurrences":3}

      at Console.log (node_modules/winston/lib/winston/transports/console.js:87:23)

    console.log
      2026-02-09T10:17:11.458Z [correlation-analyzer] info: CorrelationAnalyzer initialized {"coOccurrenceWindowMs":1000,"correlationUpdateIntervalMs":3600000,"maxTrackedPairs":5000,"minCoOccurrences":3}

      at Console.log (node_modules/winston/lib/winston/transports/console.js:87:23)

    console.log
      2026-02-09T10:17:11.460Z [correlation-analyzer] info: CorrelationAnalyzer initialized {"coOccurrenceWindowMs":1000,"correlationUpdateIntervalMs":3600000,"maxTrackedPairs":5000,"minCoOccurrences":3}

      at Console.log (node_modules/winston/lib/winston/transports/console.js:87:23)

    console.log
      2026-02-09T10:17:11.461Z [correlation-analyzer] info: CorrelationAnalyzer initialized {"coOccurrenceWindowMs":1000,"correlationUpdateIntervalMs":3600000,"maxTrackedPairs":5000,"minCoOccurrences":3}

      at Console.log (node_modules/winston/lib/winston/transports/console.js:87:23)

    console.log
      2026-02-09T10:17:11.467Z [correlation-analyzer] info: CorrelationAnalyzer initialized {"coOccurrenceWindowMs":1000,"correlationUpdateIntervalMs":3600000,"maxTrackedPairs":5000,"minCoOccurrences":3}

      at Console.log (node_modules/winston/lib/winston/transports/console.js:87:23)

    console.log
      2026-02-09T10:17:11.471Z [correlation-analyzer] info: CorrelationAnalyzer initialized {"coOccurrenceWindowMs":1000,"correlationUpdateIntervalMs":3600000,"maxTrackedPairs":5000,"minCoOccurrences":3}

      at Console.log (node_modules/winston/lib/winston/transports/console.js:87:23)

    console.log
      2026-02-09T10:17:11.478Z [correlation-analyzer] info: CorrelationAnalyzer initialized {"coOccurrenceWindowMs":1000,"correlationUpdateIntervalMs":3600000,"maxTrackedPairs":5000,"minCoOccurrences":3}

      at Console.log (node_modules/winston/lib/winston/transports/console.js:87:23)

    console.log
      2026-02-09T10:17:11.480Z [correlation-analyzer] info: CorrelationAnalyzer initialized {"coOccurrenceWindowMs":1000,"correlationUpdateIntervalMs":3600000,"maxTrackedPairs":5000,"minCoOccurrences":3}

      at Console.log (node_modules/winston/lib/winston/transports/console.js:87:23)

    console.log
      2026-02-09T10:17:11.482Z [correlation-analyzer] info: CorrelationAnalyzer initialized {"coOccurrenceWindowMs":1000,"correlationUpdateIntervalMs":3600000,"maxTrackedPairs":5000,"minCoOccurrences":3}

      at Console.log (node_modules/winston/lib/winston/transports/console.js:87:23)

    console.log
      2026-02-09T10:17:11.484Z [correlation-analyzer] info: CorrelationAnalyzer initialized {"coOccurrenceWindowMs":1000,"correlationUpdateIntervalMs":3600000,"maxTrackedPairs":5000,"minCoOccurrences":3}

      at Console.log (node_modules/winston/lib/winston/transports/console.js:87:23)

    console.log
      2026-02-09T10:17:11.485Z [correlation-analyzer] info: CorrelationAnalyzer initialized {"coOccurrenceWindowMs":1000,"correlationUpdateIntervalMs":3600000,"maxTrackedPairs":5000,"minCoOccurrences":1}

      at Console.log (node_modules/winston/lib/winston/transports/console.js:87:23)

    console.log
      2026-02-09T10:17:11.487Z [correlation-analyzer] info: CorrelationAnalyzer initialized {"coOccurrenceWindowMs":1000,"correlationUpdateIntervalMs":3600000,"maxTrackedPairs":5000,"minCoOccurrences":3}

      at Console.log (node_modules/winston/lib/winston/transports/console.js:87:23)

    console.log
      2026-02-09T10:17:11.489Z [correlation-analyzer] info: CorrelationAnalyzer initialized {"coOccurrenceWindowMs":100,"correlationUpdateIntervalMs":3600000,"maxTrackedPairs":5000,"minCoOccurrences":1}

      at Console.log (node_modules/winston/lib/winston/transports/console.js:87:23)

    console.log
      2026-02-09T10:17:11.490Z [correlation-analyzer] info: CorrelationAnalyzer initialized {"coOccurrenceWindowMs":1000,"correlationUpdateIntervalMs":3600000,"maxTrackedPairs":5000,"minCoOccurrences":3}

      at Console.log (node_modules/winston/lib/winston/transports/console.js:87:23)

    console.log
      2026-02-09T10:17:11.491Z [correlation-analyzer] info: CorrelationAnalyzer initialized {"coOccurrenceWindowMs":1000,"correlationUpdateIntervalMs":3600000,"maxTrackedPairs":5000,"minCoOccurrences":1}

      at Console.log (node_modules/winston/lib/winston/transports/console.js:87:23)

    console.log
      2026-02-09T10:17:11.493Z [correlation-analyzer] info: CorrelationAnalyzer initialized {"coOccurrenceWindowMs":1000,"correlationUpdateIntervalMs":3600000,"maxTrackedPairs":5000,"minCoOccurrences":3}

      at Console.log (node_modules/winston/lib/winston/transports/console.js:87:23)

    console.log
      2026-02-09T10:17:11.494Z [correlation-analyzer] info: CorrelationAnalyzer initialized {"coOccurrenceWindowMs":1000,"correlationUpdateIntervalMs":3600000,"maxTrackedPairs":5000,"minCoOccurrences":1}

      at Console.log (node_modules/winston/lib/winston/transports/console.js:87:23)

    console.log
      2026-02-09T10:17:11.495Z [correlation-analyzer] info: CorrelationAnalyzer initialized {"coOccurrenceWindowMs":1000,"correlationUpdateIntervalMs":3600000,"maxTrackedPairs":5000,"minCoOccurrences":3}

      at Console.log (node_modules/winston/lib/winston/transports/console.js:87:23)

    console.log
      2026-02-09T10:17:11.496Z [correlation-analyzer] info: CorrelationAnalyzer initialized {"coOccurrenceWindowMs":1000,"correlationUpdateIntervalMs":3600000,"maxTrackedPairs":5000,"minCoOccurrences":1}

      at Console.log (node_modules/winston/lib/winston/transports/console.js:87:23)

    console.log
      2026-02-09T10:17:11.516Z [correlation-analyzer] info: CorrelationAnalyzer initialized {"coOccurrenceWindowMs":1000,"correlationUpdateIntervalMs":3600000,"maxTrackedPairs":5000,"minCoOccurrences":3}

      at Console.log (node_modules/winston/lib/winston/transports/console.js:87:23)

    console.log
      2026-02-09T10:17:11.517Z [correlation-analyzer] info: CorrelationAnalyzer initialized {"coOccurrenceWindowMs":1000,"correlationUpdateIntervalMs":3600000,"maxTrackedPairs":5000,"minCoOccurrences":5}

      at Console.log (node_modules/winston/lib/winston/transports/console.js:87:23)

    console.log
      2026-02-09T10:17:11.518Z [correlation-analyzer] info: CorrelationAnalyzer initialized {"coOccurrenceWindowMs":1000,"correlationUpdateIntervalMs":3600000,"maxTrackedPairs":5000,"minCoOccurrences":3}

      at Console.log (node_modules/winston/lib/winston/transports/console.js:87:23)

    console.log
      2026-02-09T10:17:11.519Z [correlation-analyzer] info: CorrelationAnalyzer initialized {"coOccurrenceWindowMs":1000,"correlationUpdateIntervalMs":3600000,"maxTrackedPairs":5000,"minCoOccurrences":1}

      at Console.log (node_modules/winston/lib/winston/transports/console.js:87:23)

    console.log
      2026-02-09T10:17:11.521Z [correlation-analyzer] info: CorrelationAnalyzer initialized {"coOccurrenceWindowMs":1000,"correlationUpdateIntervalMs":3600000,"maxTrackedPairs":5000,"minCoOccurrences":3}

      at Console.log (node_modules/winston/lib/winston/transports/console.js:87:23)

    console.log
      2026-02-09T10:17:11.522Z [correlation-analyzer] info: CorrelationAnalyzer initialized {"coOccurrenceWindowMs":1000,"correlationUpdateIntervalMs":3600000,"maxTrackedPairs":5000,"minCoOccurrences":1}

      at Console.log (node_modules/winston/lib/winston/transports/console.js:87:23)

    console.log
      2026-02-09T10:17:11.523Z [correlation-analyzer] info: CorrelationAnalyzer initialized {"coOccurrenceWindowMs":1000,"correlationUpdateIntervalMs":3600000,"maxTrackedPairs":5000,"minCoOccurrences":3}

      at Console.log (node_modules/winston/lib/winston/transports/console.js:87:23)

    console.log
      2026-02-09T10:17:11.524Z [correlation-analyzer] info: CorrelationAnalyzer initialized {"coOccurrenceWindowMs":1000,"correlationUpdateIntervalMs":3600000,"maxTrackedPairs":5000,"minCoOccurrences":1}

      at Console.log (node_modules/winston/lib/winston/transports/console.js:87:23)

    console.log
      2026-02-09T10:17:11.526Z [correlation-analyzer] info: CorrelationAnalyzer initialized {"coOccurrenceWindowMs":1000,"correlationUpdateIntervalMs":3600000,"maxTrackedPairs":5000,"minCoOccurrences":3}

      at Console.log (node_modules/winston/lib/winston/transports/console.js:87:23)

    console.log
      2026-02-09T10:17:11.527Z [correlation-analyzer] info: CorrelationAnalyzer initialized {"coOccurrenceWindowMs":1000,"correlationUpdateIntervalMs":3600000,"maxTrackedPairs":5000,"minCoOccurrences":3}

      at Console.log (node_modules/winston/lib/winston/transports/console.js:87:23)

    console.log
      2026-02-09T10:17:11.528Z [correlation-analyzer] info: CorrelationAnalyzer initialized {"coOccurrenceWindowMs":100,"correlationUpdateIntervalMs":3600000,"maxTrackedPairs":5000,"minCoOccurrences":3}

      at Console.log (node_modules/winston/lib/winston/transports/console.js:87:23)

    console.log
      2026-02-09T10:17:11.530Z [correlation-analyzer] info: CorrelationAnalyzer initialized {"coOccurrenceWindowMs":1000,"correlationUpdateIntervalMs":3600000,"maxTrackedPairs":5000,"minCoOccurrences":3}

      at Console.log (node_modules/winston/lib/winston/transports/console.js:87:23)

    console.log
      2026-02-09T10:17:11.531Z [correlation-analyzer] info: CorrelationAnalyzer initialized {"coOccurrenceWindowMs":1000,"correlationUpdateIntervalMs":3600000,"maxTrackedPairs":5000,"minCoOccurrences":1}

      at Console.log (node_modules/winston/lib/winston/transports/console.js:87:23)

    console.log
      2026-02-09T10:17:11.532Z [correlation-analyzer] info: CorrelationAnalyzer initialized {"coOccurrenceWindowMs":1000,"correlationUpdateIntervalMs":3600000,"maxTrackedPairs":5000,"minCoOccurrences":3}

      at Console.log (node_modules/winston/lib/winston/transports/console.js:87:23)

    console.log
      2026-02-09T10:17:11.534Z [correlation-analyzer] info: CorrelationAnalyzer initialized {"coOccurrenceWindowMs":1000,"correlationUpdateIntervalMs":3600000,"maxTrackedPairs":5000,"minCoOccurrences":3}

      at Console.log (node_modules/winston/lib/winston/transports/console.js:87:23)

    console.log
      2026-02-09T10:17:11.535Z [correlation-analyzer] info: CorrelationAnalyzer initialized {"coOccurrenceWindowMs":1000,"correlationUpdateIntervalMs":3600000,"maxTrackedPairs":10,"minCoOccurrences":3}

      at Console.log (node_modules/winston/lib/winston/transports/console.js:87:23)

    console.log
      2026-02-09T10:17:11.537Z [correlation-analyzer] info: CorrelationAnalyzer initialized {"coOccurrenceWindowMs":1000,"correlationUpdateIntervalMs":3600000,"maxTrackedPairs":5000,"minCoOccurrences":3}

      at Console.log (node_modules/winston/lib/winston/transports/console.js:87:23)

    console.log
      2026-02-09T10:17:11.538Z [correlation-analyzer] info: CorrelationAnalyzer initialized {"coOccurrenceWindowMs":1000,"correlationUpdateIntervalMs":3600000,"maxTrackedPairs":5000,"minCoOccurrences":3}

      at Console.log (node_modules/winston/lib/winston/transports/console.js:87:23)

    console.log
      2026-02-09T10:17:11.539Z [correlation-analyzer] info: CorrelationAnalyzer initialized {"coOccurrenceWindowMs":1000,"correlationUpdateIntervalMs":3600000,"maxTrackedPairs":5000,"minCoOccurrences":3}

      at Console.log (node_modules/winston/lib/winston/transports/console.js:87:23)

    console.log
      2026-02-09T10:17:11.541Z [correlation-analyzer] info: CorrelationAnalyzer initialized {"coOccurrenceWindowMs":1000,"correlationUpdateIntervalMs":3600000,"maxTrackedPairs":5000,"minCoOccurrences":3}

      at Console.log (node_modules/winston/lib/winston/transports/console.js:87:23)

    console.log
      2026-02-09T10:17:11.542Z [correlation-analyzer] info: CorrelationAnalyzer initialized {"coOccurrenceWindowMs":1000,"correlationUpdateIntervalMs":3600000,"maxTrackedPairs":5000,"minCoOccurrences":1}

      at Console.log (node_modules/winston/lib/winston/transports/console.js:87:23)

    console.log
      2026-02-09T10:17:11.543Z [correlation-analyzer] info: CorrelationAnalyzer initialized {"coOccurrenceWindowMs":1000,"correlationUpdateIntervalMs":3600000,"maxTrackedPairs":5000,"minCoOccurrences":3}

      at Console.log (node_modules/winston/lib/winston/transports/console.js:87:23)

    console.log
      2026-02-09T10:17:11.545Z [correlation-analyzer] info: CorrelationAnalyzer initialized {"coOccurrenceWindowMs":1000,"correlationUpdateIntervalMs":3600000,"maxTrackedPairs":5000,"minCoOccurrences":3}

      at Console.log (node_modules/winston/lib/winston/transports/console.js:87:23)

    console.log
      2026-02-09T10:17:11.546Z [correlation-analyzer] info: CorrelationAnalyzer initialized {"coOccurrenceWindowMs":1000,"correlationUpdateIntervalMs":3600000,"maxTrackedPairs":5000,"minCoOccurrences":1}

      at Console.log (node_modules/winston/lib/winston/transports/console.js:87:23)

    console.log
      2026-02-09T10:17:11.547Z [correlation-analyzer] info: CorrelationAnalyzer initialized {"coOccurrenceWindowMs":1000,"correlationUpdateIntervalMs":3600000,"maxTrackedPairs":5000,"minCoOccurrences":1}

      at Console.log (node_modules/winston/lib/winston/transports/console.js:87:23)

    console.log
      2026-02-09T10:17:11.550Z [correlation-analyzer] info: CorrelationAnalyzer initialized {"coOccurrenceWindowMs":1000,"correlationUpdateIntervalMs":3600000,"maxTrackedPairs":5000,"minCoOccurrences":3}

      at Console.log (node_modules/winston/lib/winston/transports/console.js:87:23)

    console.log
      2026-02-09T10:17:11.552Z [correlation-analyzer] info: CorrelationAnalyzer initialized {"coOccurrenceWindowMs":1000,"correlationUpdateIntervalMs":3600000,"maxTrackedPairs":5000,"minCoOccurrences":3}

      at Console.log (node_modules/winston/lib/winston/transports/console.js:87:23)

    console.log
      2026-02-09T10:17:11.553Z [correlation-analyzer] info: CorrelationAnalyzer initialized {"coOccurrenceWindowMs":1000,"correlationUpdateIntervalMs":3600000,"maxTrackedPairs":5000,"minCoOccurrences":3}

      at Console.log (node_modules/winston/lib/winston/transports/console.js:87:23)

    console.log
      2026-02-09T10:17:11.554Z [correlation-analyzer] info: CorrelationAnalyzer initialized {"coOccurrenceWindowMs":1000,"correlationUpdateIntervalMs":3600000,"maxTrackedPairs":5000,"minCoOccurrences":3}

      at Console.log (node_modules/winston/lib/winston/transports/console.js:87:23)

    console.log
      2026-02-09T10:17:11.556Z [correlation-analyzer] info: CorrelationAnalyzer initialized {"coOccurrenceWindowMs":1000,"correlationUpdateIntervalMs":3600000,"maxTrackedPairs":5000,"minCoOccurrences":3}

      at Console.log (node_modules/winston/lib/winston/transports/console.js:87:23)

    console.log
      2026-02-09T10:17:11.557Z [correlation-analyzer] info: CorrelationAnalyzer initialized {"coOccurrenceWindowMs":1000,"correlationUpdateIntervalMs":3600000,"maxTrackedPairs":5000,"minCoOccurrences":3}

      at Console.log (node_modules/winston/lib/winston/transports/console.js:87:23)

    console.log
      2026-02-09T10:17:11.558Z [correlation-analyzer] info: CorrelationAnalyzer initialized {"coOccurrenceWindowMs":1000,"correlationUpdateIntervalMs":3600000,"maxTrackedPairs":5,"minCoOccurrences":3}

      at Console.log (node_modules/winston/lib/winston/transports/console.js:87:23)

    console.log
      2026-02-09T10:17:11.560Z [correlation-analyzer] info: CorrelationAnalyzer initialized {"coOccurrenceWindowMs":1000,"correlationUpdateIntervalMs":3600000,"maxTrackedPairs":5000,"minCoOccurrences":3}

      at Console.log (node_modules/winston/lib/winston/transports/console.js:87:23)

    console.log
      2026-02-09T10:17:11.561Z [correlation-analyzer] info: CorrelationAnalyzer initialized {"coOccurrenceWindowMs":100,"correlationUpdateIntervalMs":3600000,"maxTrackedPairs":5000,"minCoOccurrences":1}

      at Console.log (node_modules/winston/lib/winston/transports/console.js:87:23)

    console.log
      2026-02-09T10:17:11.562Z [correlation-analyzer] info: CorrelationAnalyzer initialized {"coOccurrenceWindowMs":1000,"correlationUpdateIntervalMs":3600000,"maxTrackedPairs":5000,"minCoOccurrences":3}

      at Console.log (node_modules/winston/lib/winston/transports/console.js:87:23)

    console.log
      2026-02-09T10:17:11.563Z [correlation-analyzer] info: CorrelationAnalyzer initialized {"coOccurrenceWindowMs":100,"correlationUpdateIntervalMs":3600000,"maxTrackedPairs":1000,"minCoOccurrences":1}

      at Console.log (node_modules/winston/lib/winston/transports/console.js:87:23)

    console.log
      2026-02-09T10:17:11.566Z [correlation-analyzer] info: CorrelationAnalyzer initialized {"coOccurrenceWindowMs":1000,"correlationUpdateIntervalMs":3600000,"maxTrackedPairs":5000,"minCoOccurrences":3}

      at Console.log (node_modules/winston/lib/winston/transports/console.js:87:23)

    console.log
      2026-02-09T10:17:11.566Z [correlation-analyzer] info: CorrelationAnalyzer initialized {"coOccurrenceWindowMs":100,"correlationUpdateIntervalMs":3600000,"maxTrackedPairs":5000,"minCoOccurrences":1}

      at Console.log (node_modules/winston/lib/winston/transports/console.js:87:23)

    console.log
      2026-02-09T10:17:11.568Z [correlation-analyzer] info: CorrelationAnalyzer initialized {"coOccurrenceWindowMs":1000,"correlationUpdateIntervalMs":3600000,"maxTrackedPairs":5000,"minCoOccurrences":3}

      at Console.log (node_modules/winston/lib/winston/transports/console.js:87:23)

    console.log
      2026-02-09T10:17:11.569Z [correlation-analyzer] info: CorrelationAnalyzer initialized {"coOccurrenceWindowMs":1000,"correlationUpdateIntervalMs":3600000,"maxTrackedPairs":10,"minCoOccurrences":1}

      at Console.log (node_modules/winston/lib/winston/transports/console.js:87:23)

    console.log
      2026-02-09T10:17:11.570Z [correlation-analyzer] info: CorrelationAnalyzer initialized {"coOccurrenceWindowMs":1000,"correlationUpdateIntervalMs":3600000,"maxTrackedPairs":5000,"minCoOccurrences":3}

      at Console.log (node_modules/winston/lib/winston/transports/console.js:87:23)

    console.log
      2026-02-09T10:17:11.571Z [correlation-analyzer] info: CorrelationAnalyzer initialized {"coOccurrenceWindowMs":1000,"correlationUpdateIntervalMs":3600000,"maxTrackedPairs":5,"minCoOccurrences":1}

      at Console.log (node_modules/winston/lib/winston/transports/console.js:87:23)

    console.log
      2026-02-09T10:17:11.572Z [correlation-analyzer] info: CorrelationAnalyzer initialized {"coOccurrenceWindowMs":1000,"correlationUpdateIntervalMs":3600000,"maxTrackedPairs":5000,"minCoOccurrences":3}

      at Console.log (node_modules/winston/lib/winston/transports/console.js:87:23)

    console.log
      2026-02-09T10:17:11.573Z [correlation-analyzer] info: CorrelationAnalyzer initialized {"coOccurrenceWindowMs":1000,"correlationUpdateIntervalMs":3600000,"maxTrackedPairs":5000,"minCoOccurrences":1}

      at Console.log (node_modules/winston/lib/winston/transports/console.js:87:23)

    console.log
      2026-02-09T10:17:11.575Z [correlation-analyzer] info: CorrelationAnalyzer initialized {"coOccurrenceWindowMs":1000,"correlationUpdateIntervalMs":3600000,"maxTrackedPairs":5000,"minCoOccurrences":3}

      at Console.log (node_modules/winston/lib/winston/transports/console.js:87:23)

    console.log
      2026-02-09T10:17:11.576Z [correlation-analyzer] info: CorrelationAnalyzer initialized {"coOccurrenceWindowMs":1000,"correlationUpdateIntervalMs":3600000,"maxTrackedPairs":5000,"minCoOccurrences":1}

      at Console.log (node_modules/winston/lib/winston/transports/console.js:87:23)

    console.log
      2026-02-09T10:17:11.578Z [correlation-analyzer] info: CorrelationAnalyzer initialized {"coOccurrenceWindowMs":1000,"correlationUpdateIntervalMs":3600000,"maxTrackedPairs":5000,"minCoOccurrences":3}

      at Console.log (node_modules/winston/lib/winston/transports/console.js:87:23)

    console.log
      2026-02-09T10:17:11.579Z [correlation-analyzer] info: CorrelationAnalyzer initialized {"coOccurrenceWindowMs":1000,"correlationUpdateIntervalMs":3600000,"maxTrackedPairs":5000,"minCoOccurrences":1}

      at Console.log (node_modules/winston/lib/winston/transports/console.js:87:23)

    console.log
      2026-02-09T10:17:11.580Z [correlation-analyzer] info: CorrelationAnalyzer initialized {"coOccurrenceWindowMs":1000,"correlationUpdateIntervalMs":3600000,"maxTrackedPairs":5000,"minCoOccurrences":3}

      at Console.log (node_modules/winston/lib/winston/transports/console.js:87:23)

    console.log
      2026-02-09T10:17:11.581Z [correlation-analyzer] info: CorrelationAnalyzer initialized {"coOccurrenceWindowMs":1000,"correlationUpdateIntervalMs":3600000,"maxTrackedPairs":5000,"minCoOccurrences":1}

      at Console.log (node_modules/winston/lib/winston/transports/console.js:87:23)

    console.log
      2026-02-09T10:17:11.582Z [correlation-analyzer] warn: beginBatch called while already in batch mode

      at Console.log (node_modules/winston/lib/winston/transports/console.js:87:23)

    console.log
      2026-02-09T10:17:11.583Z [correlation-analyzer] info: CorrelationAnalyzer initialized {"coOccurrenceWindowMs":1000,"correlationUpdateIntervalMs":3600000,"maxTrackedPairs":5000,"minCoOccurrences":3}

      at Console.log (node_modules/winston/lib/winston/transports/console.js:87:23)

    console.log
      2026-02-09T10:17:11.584Z [correlation-analyzer] info: CorrelationAnalyzer initialized {"coOccurrenceWindowMs":1000,"correlationUpdateIntervalMs":3600000,"maxTrackedPairs":5000,"minCoOccurrences":1}

      at Console.log (node_modules/winston/lib/winston/transports/console.js:87:23)

    console.log
      2026-02-09T10:17:11.585Z [correlation-analyzer] warn: endBatch called while not in batch mode

      at Console.log (node_modules/winston/lib/winston/transports/console.js:87:23)

    console.log
      2026-02-09T10:17:11.586Z [correlation-analyzer] info: CorrelationAnalyzer initialized {"coOccurrenceWindowMs":1000,"correlationUpdateIntervalMs":3600000,"maxTrackedPairs":5000,"minCoOccurrences":3}

      at Console.log (node_modules/winston/lib/winston/transports/console.js:87:23)

    console.log
      2026-02-09T10:17:11.587Z [correlation-analyzer] info: CorrelationAnalyzer initialized {"coOccurrenceWindowMs":1000,"correlationUpdateIntervalMs":3600000,"maxTrackedPairs":5000,"minCoOccurrences":1}

      at Console.log (node_modules/winston/lib/winston/transports/console.js:87:23)

PASS unit shared/core/__tests__/unit/cross-region-health.test.ts
PASS unit shared/core/__tests__/unit/fee-utils.test.ts
(node:193520) [DEP0040] DeprecationWarning: The `punycode` module is deprecated. Please use a userland alternative instead.
(Use `node --trace-deprecation ...` to show where the warning was created)
PASS unit services/cross-chain-detector/src/__tests__/unit/pre-validation-orchestrator.test.ts (15.859 s)
PASS unit shared/core/__tests__/unit/graceful-degradation.test.ts
PASS unit shared/config/__tests__/unit/config-manager.test.ts
  ● Console

    console.warn
      ⚠️ Configuration warnings:

    [0m [90m 247 |[39m     [90m// Log warnings (even if valid)[39m
     [90m 248 |[39m     [36mif[39m (result[33m.[39mwarnings[33m.[39mlength [33m>[39m [35m0[39m) {
    [31m[1m>[22m[39m[90m 249 |[39m       console[33m.[39mwarn([32m'\u26A0\uFE0F Configuration warnings:'[39m)[33m;[39m
     [90m     |[39m               [31m[1m^[22m[39m
     [90m 250 |[39m       result[33m.[39mwarnings[33m.[39mforEach(w [33m=>[39m console[33m.[39mwarn([32m`  - ${w}`[39m))[33m;[39m
     [90m 251 |[39m     }
     [90m 252 |[39m[0m

      at ConfigManager.validateOrThrow (shared/config/src/config-manager.ts:249:15)
      at shared/config/__tests__/unit/config-manager.test.ts:234:37
      at Object.<anonymous> (node_modules/expect/build/toThrowMatchers.js:74:11)
      at Object.throwingMatcher [as toThrow] (node_modules/expect/build/index.js:320:21)
      at Object.<anonymous> (shared/config/__tests__/unit/config-manager.test.ts:235:14)

    console.warn
        - LOG_LEVEL: LOG_LEVEL is not set, defaulting to info

    [0m [90m 248 |[39m     [36mif[39m (result[33m.[39mwarnings[33m.[39mlength [33m>[39m [35m0[39m) {
     [90m 249 |[39m       console[33m.[39mwarn([32m'\u26A0\uFE0F Configuration warnings:'[39m)[33m;[39m
    [31m[1m>[22m[39m[90m 250 |[39m       result[33m.[39mwarnings[33m.[39mforEach(w [33m=>[39m console[33m.[39mwarn([32m`  - ${w}`[39m))[33m;[39m
     [90m     |[39m                                            [31m[1m^[22m[39m
     [90m 251 |[39m     }
     [90m 252 |[39m
     [90m 253 |[39m     [90m// Throw if invalid[39m[0m

      at shared/config/src/config-manager.ts:250:44
          at Array.forEach (<anonymous>)
      at ConfigManager.validateOrThrow (shared/config/src/config-manager.ts:250:23)
      at shared/config/__tests__/unit/config-manager.test.ts:234:37
      at Object.<anonymous> (node_modules/expect/build/toThrowMatchers.js:74:11)
      at Object.throwingMatcher [as toThrow] (node_modules/expect/build/index.js:320:21)
      at Object.<anonymous> (shared/config/__tests__/unit/config-manager.test.ts:235:14)

    console.warn
      ⚠️ Configuration warnings:

    [0m [90m 247 |[39m     [90m// Log warnings (even if valid)[39m
     [90m 248 |[39m     [36mif[39m (result[33m.[39mwarnings[33m.[39mlength [33m>[39m [35m0[39m) {
    [31m[1m>[22m[39m[90m 249 |[39m       console[33m.[39mwarn([32m'\u26A0\uFE0F Configuration warnings:'[39m)[33m;[39m
     [90m     |[39m               [31m[1m^[22m[39m
     [90m 250 |[39m       result[33m.[39mwarnings[33m.[39mforEach(w [33m=>[39m console[33m.[39mwarn([32m`  - ${w}`[39m))[33m;[39m
     [90m 251 |[39m     }
     [90m 252 |[39m[0m

      at ConfigManager.validateOrThrow (shared/config/src/config-manager.ts:249:15)
      at shared/config/__tests__/unit/config-manager.test.ts:244:37
      at Object.<anonymous> (node_modules/expect/build/toThrowMatchers.js:74:11)
      at Object.throwingMatcher [as toThrow] (node_modules/expect/build/index.js:320:21)
      at Object.<anonymous> (shared/config/__tests__/unit/config-manager.test.ts:245:10)

    console.warn
        - LOG_LEVEL: LOG_LEVEL is not set, defaulting to info

    [0m [90m 248 |[39m     [36mif[39m (result[33m.[39mwarnings[33m.[39mlength [33m>[39m [35m0[39m) {
     [90m 249 |[39m       console[33m.[39mwarn([32m'\u26A0\uFE0F Configuration warnings:'[39m)[33m;[39m
    [31m[1m>[22m[39m[90m 250 |[39m       result[33m.[39mwarnings[33m.[39mforEach(w [33m=>[39m console[33m.[39mwarn([32m`  - ${w}`[39m))[33m;[39m
     [90m     |[39m                                            [31m[1m^[22m[39m
     [90m 251 |[39m     }
     [90m 252 |[39m
     [90m 253 |[39m     [90m// Throw if invalid[39m[0m

      at shared/config/src/config-manager.ts:250:44
          at Array.forEach (<anonymous>)
      at ConfigManager.validateOrThrow (shared/config/src/config-manager.ts:250:23)
      at shared/config/__tests__/unit/config-manager.test.ts:244:37
      at Object.<anonymous> (node_modules/expect/build/toThrowMatchers.js:74:11)
      at Object.throwingMatcher [as toThrow] (node_modules/expect/build/index.js:320:21)
      at Object.<anonymous> (shared/config/__tests__/unit/config-manager.test.ts:245:10)

    console.error
      ❌ Configuration errors:

    [0m [90m 253 |[39m     [90m// Throw if invalid[39m
     [90m 254 |[39m     [36mif[39m ([33m![39mresult[33m.[39mvalid) {
    [31m[1m>[22m[39m[90m 255 |[39m       console[33m.[39merror([32m'\u274C Configuration errors:'[39m)[33m;[39m
     [90m     |[39m               [31m[1m^[22m[39m
     [90m 256 |[39m       result[33m.[39merrors[33m.[39mforEach(e [33m=>[39m console[33m.[39merror([32m`  - ${e}`[39m))[33m;[39m
     [90m 257 |[39m       [36mthrow[39m [36mnew[39m [33mError[39m([32m'Configuration validation failed'[39m)[33m;[39m
     [90m 258 |[39m     }[0m

      at ConfigManager.validateOrThrow (shared/config/src/config-manager.ts:255:15)
      at shared/config/__tests__/unit/config-manager.test.ts:244:37
      at Object.<anonymous> (node_modules/expect/build/toThrowMatchers.js:74:11)
      at Object.throwingMatcher [as toThrow] (node_modules/expect/build/index.js:320:21)
      at Object.<anonymous> (shared/config/__tests__/unit/config-manager.test.ts:245:10)

    console.error
        - REDIS_URL: REDIS_URL must start with redis:// or rediss://

    [0m [90m 254 |[39m     [36mif[39m ([33m![39mresult[33m.[39mvalid) {
     [90m 255 |[39m       console[33m.[39merror([32m'\u274C Configuration errors:'[39m)[33m;[39m
    [31m[1m>[22m[39m[90m 256 |[39m       result[33m.[39merrors[33m.[39mforEach(e [33m=>[39m console[33m.[39merror([32m`  - ${e}`[39m))[33m;[39m
     [90m     |[39m                                          [31m[1m^[22m[39m
     [90m 257 |[39m       [36mthrow[39m [36mnew[39m [33mError[39m([32m'Configuration validation failed'[39m)[33m;[39m
     [90m 258 |[39m     }
     [90m 259 |[39m   }[0m

      at shared/config/src/config-manager.ts:256:42
          at Array.forEach (<anonymous>)
      at ConfigManager.validateOrThrow (shared/config/src/config-manager.ts:256:21)
      at shared/config/__tests__/unit/config-manager.test.ts:244:37
      at Object.<anonymous> (node_modules/expect/build/toThrowMatchers.js:74:11)
      at Object.throwingMatcher [as toThrow] (node_modules/expect/build/index.js:320:21)
      at Object.<anonymous> (shared/config/__tests__/unit/config-manager.test.ts:245:10)

PASS unit shared/core/__tests__/unit/service-registry.test.ts
  ● Console

    console.log
      2026-02-09T10:17:13.976Z [service-registry] error: Service initialization failed: failing-service {"error":"Factory failed"}

      at Console.log (node_modules/winston/lib/winston/transports/console.js:87:23)

    console.log
      2026-02-09T10:17:14.011Z [service-registry] error: Service initialization failed: error-cached-service {"error":"Cached error"}

      at Console.log (node_modules/winston/lib/winston/transports/console.js:87:23)

    console.log
      2026-02-09T10:17:14.016Z [service-registry] warn: Service cleanup failed: cleanup-error-service {"error":"Cleanup failed"}

      at Console.log (node_modules/winston/lib/winston/transports/console.js:87:23)

    console.log
      2026-02-09T10:17:14.018Z [service-registry] error: Service initialization failed: retry-after-reset {"error":"Initial failure"}

      at Console.log (node_modules/winston/lib/winston/transports/console.js:87:23)

    console.log
      2026-02-09T10:17:14.021Z [service-registry] warn: Service cleanup failed: bad-service {"error":"Cleanup failed"}

      at Console.log (node_modules/winston/lib/winston/transports/console.js:87:23)
          at async Promise.allSettled (index 0)

PASS unit shared/core/__tests__/unit/tier3-advanced.test.ts
  ● Console

    console.log
      2026-02-09T10:17:14.381Z [whale-activity-tracker] info: WhaleActivityTracker initialized {"whaleThresholdUsd":50000,"activityWindowMs":86400000,"maxTrackedWallets":100}

      at Console.log (node_modules/winston/lib/winston/transports/console.js:87:23)

    console.log
      2026-02-09T10:17:14.405Z [whale-activity-tracker] info: WhaleActivityTracker initialized {"whaleThresholdUsd":50000,"activityWindowMs":86400000,"maxTrackedWallets":100}

      at Console.log (node_modules/winston/lib/winston/transports/console.js:87:23)

    console.log
      2026-02-09T10:17:14.426Z [whale-activity-tracker] info: WhaleActivityTracker initialized {"whaleThresholdUsd":50000,"activityWindowMs":86400000,"maxTrackedWallets":100}

      at Console.log (node_modules/winston/lib/winston/transports/console.js:87:23)

    console.log
      2026-02-09T10:17:14.428Z [whale-activity-tracker] info: WhaleActivityTracker initialized {"whaleThresholdUsd":50000,"activityWindowMs":86400000,"maxTrackedWallets":100}

      at Console.log (node_modules/winston/lib/winston/transports/console.js:87:23)

    console.log
      2026-02-09T10:17:14.430Z [whale-activity-tracker] info: Whale signal generated {"type":"follow","token":"WETH","direction":"buy","confidence":0.7,"usdValue":70000}

      at Console.log (node_modules/winston/lib/winston/transports/console.js:87:23)

    console.log
      2026-02-09T10:17:14.431Z [whale-activity-tracker] info: Whale signal generated {"type":"follow","token":"WETH","direction":"buy","confidence":0.7,"usdValue":80000}

      at Console.log (node_modules/winston/lib/winston/transports/console.js:87:23)

    console.log
      2026-02-09T10:17:14.432Z [whale-activity-tracker] info: Whale signal generated {"type":"follow","token":"WETH","direction":"buy","confidence":0.7,"usdValue":90000}

      at Console.log (node_modules/winston/lib/winston/transports/console.js:87:23)

    console.log
      2026-02-09T10:17:14.434Z [whale-activity-tracker] info: WhaleActivityTracker initialized {"whaleThresholdUsd":50000,"activityWindowMs":86400000,"maxTrackedWallets":100}

      at Console.log (node_modules/winston/lib/winston/transports/console.js:87:23)

    console.log
      2026-02-09T10:17:14.436Z [whale-activity-tracker] info: Whale signal generated {"type":"follow","token":"WETH","direction":"buy","confidence":0.7,"usdValue":100000}

      at Console.log (node_modules/winston/lib/winston/transports/console.js:87:23)

    console.log
      2026-02-09T10:17:14.437Z [whale-activity-tracker] info: Whale signal generated {"type":"follow","token":"WETH","direction":"buy","confidence":0.7,"usdValue":100000}

      at Console.log (node_modules/winston/lib/winston/transports/console.js:87:23)

    console.log
      2026-02-09T10:17:14.437Z [whale-activity-tracker] info: Whale signal generated {"type":"follow","token":"WETH","direction":"buy","confidence":0.7,"usdValue":100000}

      at Console.log (node_modules/winston/lib/winston/transports/console.js:87:23)

    console.log
      2026-02-09T10:17:14.439Z [whale-activity-tracker] info: WhaleActivityTracker initialized {"whaleThresholdUsd":50000,"activityWindowMs":86400000,"maxTrackedWallets":100}

      at Console.log (node_modules/winston/lib/winston/transports/console.js:87:23)

    console.log
      2026-02-09T10:17:14.440Z [whale-activity-tracker] info: Whale signal generated {"type":"follow","token":"USDT","direction":"sell","confidence":0.65,"usdValue":100000}

      at Console.log (node_modules/winston/lib/winston/transports/console.js:87:23)

    console.log
      2026-02-09T10:17:14.441Z [whale-activity-tracker] info: Whale signal generated {"type":"follow","token":"USDT","direction":"sell","confidence":0.65,"usdValue":100000}

      at Console.log (node_modules/winston/lib/winston/transports/console.js:87:23)

    console.log
      2026-02-09T10:17:14.446Z [whale-activity-tracker] info: Whale signal generated {"type":"follow","token":"USDT","direction":"sell","confidence":0.65,"usdValue":100000}

      at Console.log (node_modules/winston/lib/winston/transports/console.js:87:23)

    console.log
      2026-02-09T10:17:14.449Z [whale-activity-tracker] info: WhaleActivityTracker initialized {"whaleThresholdUsd":50000,"activityWindowMs":86400000,"maxTrackedWallets":100}

      at Console.log (node_modules/winston/lib/winston/transports/console.js:87:23)

    console.log
      2026-02-09T10:17:14.450Z [whale-activity-tracker] info: Whale signal generated {"type":"follow","token":"WETH","direction":"buy","confidence":0.5,"usdValue":100000}

      at Console.log (node_modules/winston/lib/winston/transports/console.js:87:23)

    console.log
      2026-02-09T10:17:14.451Z [whale-activity-tracker] info: Whale signal generated {"type":"follow","token":"USDT","direction":"sell","confidence":0.5,"usdValue":100000}

      at Console.log (node_modules/winston/lib/winston/transports/console.js:87:23)

    console.log
      2026-02-09T10:17:14.452Z [whale-activity-tracker] info: Whale signal generated {"type":"follow","token":"WETH","direction":"buy","confidence":0.5,"usdValue":100000}

      at Console.log (node_modules/winston/lib/winston/transports/console.js:87:23)

    console.log
      2026-02-09T10:17:14.452Z [whale-activity-tracker] info: Whale signal generated {"type":"follow","token":"USDT","direction":"sell","confidence":0.5,"usdValue":100000}

      at Console.log (node_modules/winston/lib/winston/transports/console.js:87:23)

    console.log
      2026-02-09T10:17:14.454Z [whale-activity-tracker] info: WhaleActivityTracker initialized {"whaleThresholdUsd":50000,"activityWindowMs":86400000,"maxTrackedWallets":100}

      at Console.log (node_modules/winston/lib/winston/transports/console.js:87:23)

    console.log
      2026-02-09T10:17:14.455Z [whale-activity-tracker] info: WhaleActivityTracker initialized {"whaleThresholdUsd":50000,"activityWindowMs":86400000,"maxTrackedWallets":100}

      at Console.log (node_modules/winston/lib/winston/transports/console.js:87:23)

    console.log
      2026-02-09T10:17:14.456Z [whale-activity-tracker] info: Whale signal generated {"type":"front_run","token":"WETH","direction":"buy","confidence":0.55,"usdValue":100000}

      at Console.log (node_modules/winston/lib/winston/transports/console.js:87:23)

    console.log
      2026-02-09T10:17:14.457Z [whale-activity-tracker] info: Whale signal generated {"type":"front_run","token":"USDT","direction":"sell","confidence":0.55,"usdValue":100000}

      at Console.log (node_modules/winston/lib/winston/transports/console.js:87:23)

    console.log
      2026-02-09T10:17:14.458Z [whale-activity-tracker] info: Whale signal generated {"type":"front_run","token":"WETH","direction":"buy","confidence":0.55,"usdValue":100000}

      at Console.log (node_modules/winston/lib/winston/transports/console.js:87:23)

    console.log
      2026-02-09T10:17:14.459Z [whale-activity-tracker] info: Whale signal generated {"type":"front_run","token":"USDT","direction":"sell","confidence":0.55,"usdValue":100000}

      at Console.log (node_modules/winston/lib/winston/transports/console.js:87:23)

    console.log
      2026-02-09T10:17:14.460Z [whale-activity-tracker] info: WhaleActivityTracker initialized {"whaleThresholdUsd":50000,"activityWindowMs":86400000,"maxTrackedWallets":100}

      at Console.log (node_modules/winston/lib/winston/transports/console.js:87:23)

    console.log
      2026-02-09T10:17:14.461Z [whale-activity-tracker] info: Whale signal generated {"type":"follow","token":"WETH","direction":"buy","confidence":0.7,"usdValue":100000}

      at Console.log (node_modules/winston/lib/winston/transports/console.js:87:23)

    console.log
      2026-02-09T10:17:14.462Z [whale-activity-tracker] info: WhaleActivityTracker initialized {"whaleThresholdUsd":50000,"activityWindowMs":86400000,"maxTrackedWallets":100}

      at Console.log (node_modules/winston/lib/winston/transports/console.js:87:23)

    console.log
      2026-02-09T10:17:14.463Z [whale-activity-tracker] info: Whale signal generated {"type":"follow","token":"WETH","direction":"buy","confidence":0.7,"usdValue":100000}

      at Console.log (node_modules/winston/lib/winston/transports/console.js:87:23)

    console.log
      2026-02-09T10:17:14.464Z [whale-activity-tracker] info: Whale signal generated {"type":"follow","token":"WETH","direction":"buy","confidence":0.7,"usdValue":100000}

      at Console.log (node_modules/winston/lib/winston/transports/console.js:87:23)

    console.log
      2026-02-09T10:17:14.466Z [whale-activity-tracker] info: WhaleActivityTracker initialized {"whaleThresholdUsd":50000,"activityWindowMs":86400000,"maxTrackedWallets":100}

      at Console.log (node_modules/winston/lib/winston/transports/console.js:87:23)

    console.log
      2026-02-09T10:17:14.470Z [whale-activity-tracker] info: Whale signal generated {"type":"follow","token":"WETH","direction":"buy","confidence":0.7,"usdValue":100000}

      at Console.log (node_modules/winston/lib/winston/transports/console.js:87:23)

    console.log
      2026-02-09T10:17:14.471Z [whale-activity-tracker] info: Whale signal generated {"type":"follow","token":"WETH","direction":"buy","confidence":0.7,"usdValue":100000}

      at Console.log (node_modules/winston/lib/winston/transports/console.js:87:23)

    console.log
      2026-02-09T10:17:14.472Z [whale-activity-tracker] info: Whale signal generated {"type":"follow","token":"WETH","direction":"buy","confidence":0.7,"usdValue":100000}

      at Console.log (node_modules/winston/lib/winston/transports/console.js:87:23)

    console.log
      2026-02-09T10:17:14.474Z [whale-activity-tracker] info: WhaleActivityTracker initialized {"whaleThresholdUsd":50000,"activityWindowMs":86400000,"maxTrackedWallets":100}

      at Console.log (node_modules/winston/lib/winston/transports/console.js:87:23)

    console.log
      2026-02-09T10:17:14.476Z [whale-activity-tracker] info: Whale signal generated {"type":"follow","token":"WETH","direction":"buy","confidence":0.7,"usdValue":100000}

      at Console.log (node_modules/winston/lib/winston/transports/console.js:87:23)

    console.log
      2026-02-09T10:17:14.476Z [whale-activity-tracker] info: Whale signal generated {"type":"follow","token":"WETH","direction":"buy","confidence":0.85,"usdValue":600000}

      at Console.log (node_modules/winston/lib/winston/transports/console.js:87:23)

    console.log
      2026-02-09T10:17:14.478Z [whale-activity-tracker] info: WhaleActivityTracker initialized {"whaleThresholdUsd":50000,"activityWindowMs":86400000,"maxTrackedWallets":100}

      at Console.log (node_modules/winston/lib/winston/transports/console.js:87:23)

    console.log
      2026-02-09T10:17:14.479Z [whale-activity-tracker] info: Whale signal generated {"type":"follow","token":"WETH","direction":"buy","confidence":0.7,"usdValue":100000}

      at Console.log (node_modules/winston/lib/winston/transports/console.js:87:23)

    console.log
      2026-02-09T10:17:14.480Z [whale-activity-tracker] info: Whale signal generated {"type":"follow","token":"WETH","direction":"buy","confidence":0.7,"usdValue":100000}

      at Console.log (node_modules/winston/lib/winston/transports/console.js:87:23)

    console.log
      2026-02-09T10:17:14.481Z [whale-activity-tracker] info: WhaleActivityTracker initialized {"whaleThresholdUsd":50000,"activityWindowMs":86400000,"maxTrackedWallets":100}

      at Console.log (node_modules/winston/lib/winston/transports/console.js:87:23)

    console.log
      2026-02-09T10:17:14.482Z [whale-activity-tracker] info: Whale signal generated {"type":"follow","token":"WETH","direction":"buy","confidence":0.7,"usdValue":100000}

      at Console.log (node_modules/winston/lib/winston/transports/console.js:87:23)

    console.log
      2026-02-09T10:17:14.483Z [whale-activity-tracker] error: Signal handler error {"error":{}}

      at Console.log (node_modules/winston/lib/winston/transports/console.js:87:23)

    console.log
      2026-02-09T10:17:14.484Z [whale-activity-tracker] info: Whale signal generated {"type":"follow","token":"WETH","direction":"buy","confidence":0.7,"usdValue":100000}

      at Console.log (node_modules/winston/lib/winston/transports/console.js:87:23)

    console.log
      2026-02-09T10:17:14.485Z [whale-activity-tracker] error: Signal handler error {"error":{}}

      at Console.log (node_modules/winston/lib/winston/transports/console.js:87:23)

    console.log
      2026-02-09T10:17:14.486Z [whale-activity-tracker] info: WhaleActivityTracker initialized {"whaleThresholdUsd":50000,"activityWindowMs":86400000,"maxTrackedWallets":100}

      at Console.log (node_modules/winston/lib/winston/transports/console.js:87:23)

    console.log
      2026-02-09T10:17:14.488Z [whale-activity-tracker] info: WhaleActivityTracker initialized {"whaleThresholdUsd":50000,"activityWindowMs":86400000,"maxTrackedWallets":100}

      at Console.log (node_modules/winston/lib/winston/transports/console.js:87:23)

    console.log
      2026-02-09T10:17:14.490Z [whale-activity-tracker] info: WhaleActivityTracker initialized {"whaleThresholdUsd":50000,"activityWindowMs":86400000,"maxTrackedWallets":100}

      at Console.log (node_modules/winston/lib/winston/transports/console.js:87:23)

    console.log
      2026-02-09T10:17:14.492Z [whale-activity-tracker] info: WhaleActivityTracker initialized {"whaleThresholdUsd":50000,"activityWindowMs":86400000,"maxTrackedWallets":100}

      at Console.log (node_modules/winston/lib/winston/transports/console.js:87:23)

    console.log
      2026-02-09T10:17:14.493Z [whale-activity-tracker] info: Whale signal generated {"type":"follow","token":"WETH","direction":"buy","confidence":0.7,"usdValue":100000}

      at Console.log (node_modules/winston/lib/winston/transports/console.js:87:23)

    console.log
      2026-02-09T10:17:14.494Z [whale-activity-tracker] info: Whale signal generated {"type":"follow","token":"WETH","direction":"buy","confidence":0.7,"usdValue":100000}

      at Console.log (node_modules/winston/lib/winston/transports/console.js:87:23)

    console.log
      2026-02-09T10:17:14.495Z [whale-activity-tracker] info: Whale signal generated {"type":"follow","token":"WETH","direction":"buy","confidence":0.7,"usdValue":100000}

      at Console.log (node_modules/winston/lib/winston/transports/console.js:87:23)

    console.log
      2026-02-09T10:17:14.495Z [whale-activity-tracker] info: Whale signal generated {"type":"follow","token":"WETH","direction":"buy","confidence":0.7,"usdValue":100000}

      at Console.log (node_modules/winston/lib/winston/transports/console.js:87:23)

    console.log
      2026-02-09T10:17:14.496Z [whale-activity-tracker] info: Whale signal generated {"type":"follow","token":"USDT","direction":"sell","confidence":0.65,"usdValue":100000}

      at Console.log (node_modules/winston/lib/winston/transports/console.js:87:23)

    console.log
      2026-02-09T10:17:14.497Z [whale-activity-tracker] info: Whale signal generated {"type":"follow","token":"USDT","direction":"sell","confidence":0.65,"usdValue":100000}

      at Console.log (node_modules/winston/lib/winston/transports/console.js:87:23)

    console.log
      2026-02-09T10:17:14.498Z [whale-activity-tracker] info: WhaleActivityTracker initialized {"whaleThresholdUsd":50000,"activityWindowMs":86400000,"maxTrackedWallets":100}

      at Console.log (node_modules/winston/lib/winston/transports/console.js:87:23)

    console.log
      2026-02-09T10:17:14.499Z [whale-activity-tracker] info: WhaleActivityTracker initialized {"whaleThresholdUsd":50000,"activityWindowMs":86400000,"maxTrackedWallets":10}

      at Console.log (node_modules/winston/lib/winston/transports/console.js:87:23)

    console.log
      2026-02-09T10:17:14.502Z [whale-activity-tracker] info: WhaleActivityTracker initialized {"whaleThresholdUsd":50000,"activityWindowMs":86400000,"maxTrackedWallets":100}

      at Console.log (node_modules/winston/lib/winston/transports/console.js:87:23)

    console.log
      2026-02-09T10:17:14.503Z [whale-activity-tracker] info: WhaleActivityTracker initialized {"whaleThresholdUsd":50000,"activityWindowMs":86400000,"maxTrackedWallets":5000}

      at Console.log (node_modules/winston/lib/winston/transports/console.js:87:23)

    console.log
      2026-02-09T10:17:14.505Z [whale-activity-tracker] info: WhaleActivityTracker initialized {"whaleThresholdUsd":50000,"activityWindowMs":86400000,"maxTrackedWallets":100}

      at Console.log (node_modules/winston/lib/winston/transports/console.js:87:23)

    console.log
      2026-02-09T10:17:14.506Z [whale-activity-tracker] info: WhaleActivityTracker initialized {"whaleThresholdUsd":50000,"activityWindowMs":86400000,"maxTrackedWallets":5000}

      at Console.log (node_modules/winston/lib/winston/transports/console.js:87:23)

    console.log
      2026-02-09T10:17:14.506Z [whale-activity-tracker] info: WhaleActivityTracker initialized {"whaleThresholdUsd":50000,"activityWindowMs":86400000,"maxTrackedWallets":5000}

      at Console.log (node_modules/winston/lib/winston/transports/console.js:87:23)

    console.log
      2026-02-09T10:17:14.508Z [liquidity-depth-analyzer] info: LiquidityDepthAnalyzer initialized {"depthLevels":10,"maxTrackedPools":100,"cacheTtlMs":30000}

      at Console.log (node_modules/winston/lib/winston/transports/console.js:87:23)

    console.log
      2026-02-09T10:17:14.515Z [liquidity-depth-analyzer] info: LiquidityDepthAnalyzer initialized {"depthLevels":10,"maxTrackedPools":100,"cacheTtlMs":30000}

      at Console.log (node_modules/winston/lib/winston/transports/console.js:87:23)

    console.log
      2026-02-09T10:17:14.517Z [liquidity-depth-analyzer] info: LiquidityDepthAnalyzer initialized {"depthLevels":10,"maxTrackedPools":100,"cacheTtlMs":30000}

      at Console.log (node_modules/winston/lib/winston/transports/console.js:87:23)

    console.log
      2026-02-09T10:17:14.520Z [liquidity-depth-analyzer] info: LiquidityDepthAnalyzer initialized {"depthLevels":10,"maxTrackedPools":100,"cacheTtlMs":30000}

      at Console.log (node_modules/winston/lib/winston/transports/console.js:87:23)

    console.log
      2026-02-09T10:17:14.525Z [liquidity-depth-analyzer] info: LiquidityDepthAnalyzer initialized {"depthLevels":10,"maxTrackedPools":100,"cacheTtlMs":30000}

      at Console.log (node_modules/winston/lib/winston/transports/console.js:87:23)

    console.log
      2026-02-09T10:17:14.527Z [liquidity-depth-analyzer] info: LiquidityDepthAnalyzer initialized {"depthLevels":10,"maxTrackedPools":100,"cacheTtlMs":30000}

      at Console.log (node_modules/winston/lib/winston/transports/console.js:87:23)

    console.log
      2026-02-09T10:17:14.529Z [liquidity-depth-analyzer] info: LiquidityDepthAnalyzer initialized {"depthLevels":10,"maxTrackedPools":100,"cacheTtlMs":30000}

      at Console.log (node_modules/winston/lib/winston/transports/console.js:87:23)

    console.log
      2026-02-09T10:17:14.531Z [liquidity-depth-analyzer] info: LiquidityDepthAnalyzer initialized {"depthLevels":10,"maxTrackedPools":100,"cacheTtlMs":30000}

      at Console.log (node_modules/winston/lib/winston/transports/console.js:87:23)

    console.log
      2026-02-09T10:17:14.533Z [liquidity-depth-analyzer] info: LiquidityDepthAnalyzer initialized {"depthLevels":10,"maxTrackedPools":100,"cacheTtlMs":30000}

      at Console.log (node_modules/winston/lib/winston/transports/console.js:87:23)

    console.log
      2026-02-09T10:17:14.534Z [liquidity-depth-analyzer] info: LiquidityDepthAnalyzer initialized {"depthLevels":10,"maxTrackedPools":100,"cacheTtlMs":30000}

      at Console.log (node_modules/winston/lib/winston/transports/console.js:87:23)

    console.log
      2026-02-09T10:17:14.535Z [liquidity-depth-analyzer] info: LiquidityDepthAnalyzer initialized {"depthLevels":10,"maxTrackedPools":100,"cacheTtlMs":30000}

      at Console.log (node_modules/winston/lib/winston/transports/console.js:87:23)

    console.log
      2026-02-09T10:17:14.537Z [liquidity-depth-analyzer] info: LiquidityDepthAnalyzer initialized {"depthLevels":10,"maxTrackedPools":100,"cacheTtlMs":30000}

      at Console.log (node_modules/winston/lib/winston/transports/console.js:87:23)

    console.log
      2026-02-09T10:17:14.539Z [liquidity-depth-analyzer] info: LiquidityDepthAnalyzer initialized {"depthLevels":10,"maxTrackedPools":100,"cacheTtlMs":30000}

      at Console.log (node_modules/winston/lib/winston/transports/console.js:87:23)

    console.log
      2026-02-09T10:17:14.540Z [liquidity-depth-analyzer] info: LiquidityDepthAnalyzer initialized {"depthLevels":10,"maxTrackedPools":100,"cacheTtlMs":30000}

      at Console.log (node_modules/winston/lib/winston/transports/console.js:87:23)

    console.log
      2026-02-09T10:17:14.543Z [liquidity-depth-analyzer] info: LiquidityDepthAnalyzer initialized {"depthLevels":10,"maxTrackedPools":100,"cacheTtlMs":30000}

      at Console.log (node_modules/winston/lib/winston/transports/console.js:87:23)

    console.log
      2026-02-09T10:17:14.545Z [liquidity-depth-analyzer] info: LiquidityDepthAnalyzer initialized {"depthLevels":10,"maxTrackedPools":100,"cacheTtlMs":30000}

      at Console.log (node_modules/winston/lib/winston/transports/console.js:87:23)

    console.log
      2026-02-09T10:17:14.545Z [liquidity-depth-analyzer] info: LiquidityDepthAnalyzer initialized {"depthLevels":10,"maxTrackedPools":10,"cacheTtlMs":30000}

      at Console.log (node_modules/winston/lib/winston/transports/console.js:87:23)

    console.log
      2026-02-09T10:17:14.550Z [liquidity-depth-analyzer] info: LiquidityDepthAnalyzer initialized {"depthLevels":10,"maxTrackedPools":100,"cacheTtlMs":30000}

      at Console.log (node_modules/winston/lib/winston/transports/console.js:87:23)

    console.log
      2026-02-09T10:17:14.552Z [liquidity-depth-analyzer] info: LiquidityDepthAnalyzer initialized {"depthLevels":10,"maxTrackedPools":100,"cacheTtlMs":30000}

      at Console.log (node_modules/winston/lib/winston/transports/console.js:87:23)

    console.log
      2026-02-09T10:17:14.554Z [liquidity-depth-analyzer] info: LiquidityDepthAnalyzer initialized {"depthLevels":10,"maxTrackedPools":100,"cacheTtlMs":30000}

      at Console.log (node_modules/winston/lib/winston/transports/console.js:87:23)

    console.log
      2026-02-09T10:17:14.575Z [liquidity-depth-analyzer] info: LiquidityDepthAnalyzer initialized {"depthLevels":10,"maxTrackedPools":1000,"cacheTtlMs":30000}

      at Console.log (node_modules/winston/lib/winston/transports/console.js:87:23)

    console.log
      2026-02-09T10:17:14.576Z [liquidity-depth-analyzer] info: LiquidityDepthAnalyzer initialized {"depthLevels":10,"maxTrackedPools":100,"cacheTtlMs":30000}

      at Console.log (node_modules/winston/lib/winston/transports/console.js:87:23)

    console.log
      2026-02-09T10:17:14.577Z [liquidity-depth-analyzer] info: LiquidityDepthAnalyzer initialized {"depthLevels":10,"maxTrackedPools":1000,"cacheTtlMs":30000}

      at Console.log (node_modules/winston/lib/winston/transports/console.js:87:23)

    console.log
      2026-02-09T10:17:14.578Z [liquidity-depth-analyzer] info: LiquidityDepthAnalyzer initialized {"depthLevels":10,"maxTrackedPools":1000,"cacheTtlMs":30000}

      at Console.log (node_modules/winston/lib/winston/transports/console.js:87:23)

    console.log
      2026-02-09T10:17:14.579Z [liquidity-depth-analyzer] info: LiquidityDepthAnalyzer initialized {"depthLevels":10,"maxTrackedPools":100,"cacheTtlMs":30000}

      at Console.log (node_modules/winston/lib/winston/transports/console.js:87:23)

    console.log
      2026-02-09T10:17:14.581Z [liquidity-depth-analyzer] info: LiquidityDepthAnalyzer initialized {"depthLevels":10,"maxTrackedPools":100,"cacheTtlMs":30000}

      at Console.log (node_modules/winston/lib/winston/transports/console.js:87:23)

    console.log
      2026-02-09T10:17:14.582Z [liquidity-depth-analyzer] info: LiquidityDepthAnalyzer initialized {"depthLevels":10,"maxTrackedPools":100,"cacheTtlMs":30000}

      at Console.log (node_modules/winston/lib/winston/transports/console.js:87:23)

    console.log
      2026-02-09T10:17:14.584Z [liquidity-depth-analyzer] info: LiquidityDepthAnalyzer initialized {"depthLevels":10,"maxTrackedPools":100,"cacheTtlMs":30000}

      at Console.log (node_modules/winston/lib/winston/transports/console.js:87:23)

    console.log
      2026-02-09T10:17:14.585Z [liquidity-depth-analyzer] warn: Pool update skipped: missing poolAddress

      at Console.log (node_modules/winston/lib/winston/transports/console.js:87:23)

    console.log
      2026-02-09T10:17:14.586Z [liquidity-depth-analyzer] info: LiquidityDepthAnalyzer initialized {"depthLevels":10,"maxTrackedPools":100,"cacheTtlMs":30000}

      at Console.log (node_modules/winston/lib/winston/transports/console.js:87:23)

    console.log
      2026-02-09T10:17:14.587Z [liquidity-depth-analyzer] warn: Pool update skipped: negative reserves {"poolAddress":"0xPOOL609e4710"}

      at Console.log (node_modules/winston/lib/winston/transports/console.js:87:23)

    console.log
      2026-02-09T10:17:14.589Z [liquidity-depth-analyzer] info: LiquidityDepthAnalyzer initialized {"depthLevels":10,"maxTrackedPools":100,"cacheTtlMs":30000}

      at Console.log (node_modules/winston/lib/winston/transports/console.js:87:23)

    console.log
      2026-02-09T10:17:14.589Z [liquidity-depth-analyzer] warn: Pool update skipped: invalid price {"poolAddress":"0xPOOL5ad1f54c","price":0}

      at Console.log (node_modules/winston/lib/winston/transports/console.js:87:23)

    console.log
      2026-02-09T10:17:14.591Z [liquidity-depth-analyzer] info: LiquidityDepthAnalyzer initialized {"depthLevels":10,"maxTrackedPools":100,"cacheTtlMs":30000}

      at Console.log (node_modules/winston/lib/winston/transports/console.js:87:23)

    console.log
      2026-02-09T10:17:14.592Z [liquidity-depth-analyzer] warn: Pool update skipped: invalid price {"poolAddress":"0xPOOL479520fb","price":-100}

      at Console.log (node_modules/winston/lib/winston/transports/console.js:87:23)

    console.log
      2026-02-09T10:17:14.593Z [liquidity-depth-analyzer] info: LiquidityDepthAnalyzer initialized {"depthLevels":10,"maxTrackedPools":100,"cacheTtlMs":30000}

      at Console.log (node_modules/winston/lib/winston/transports/console.js:87:23)

    console.log
      2026-02-09T10:17:14.594Z [liquidity-depth-analyzer] warn: Pool update skipped: invalid price {"poolAddress":"0xPOOLcb87d1ad","price":null}

      at Console.log (node_modules/winston/lib/winston/transports/console.js:87:23)

    console.log
      2026-02-09T10:17:14.595Z [liquidity-depth-analyzer] info: LiquidityDepthAnalyzer initialized {"depthLevels":10,"maxTrackedPools":100,"cacheTtlMs":30000}

      at Console.log (node_modules/winston/lib/winston/transports/console.js:87:23)

    console.log
      2026-02-09T10:17:14.596Z [liquidity-depth-analyzer] warn: Pool update skipped: invalid price {"poolAddress":"0xPOOL0ec8d305","price":null}

      at Console.log (node_modules/winston/lib/winston/transports/console.js:87:23)

    console.log
      2026-02-09T10:17:14.597Z [liquidity-depth-analyzer] info: LiquidityDepthAnalyzer initialized {"depthLevels":10,"maxTrackedPools":100,"cacheTtlMs":30000}

      at Console.log (node_modules/winston/lib/winston/transports/console.js:87:23)

    console.log
      2026-02-09T10:17:14.598Z [liquidity-depth-analyzer] warn: Pool update skipped: invalid liquidityUsd {"poolAddress":"0xPOOL15eb57a1"}

      at Console.log (node_modules/winston/lib/winston/transports/console.js:87:23)

    console.log
      2026-02-09T10:17:14.599Z [liquidity-depth-analyzer] info: LiquidityDepthAnalyzer initialized {"depthLevels":10,"maxTrackedPools":100,"cacheTtlMs":30000}

      at Console.log (node_modules/winston/lib/winston/transports/console.js:87:23)

    console.log
      2026-02-09T10:17:14.600Z [liquidity-depth-analyzer] warn: Pool update skipped: invalid liquidityUsd {"poolAddress":"0xPOOL13e9bc11"}

      at Console.log (node_modules/winston/lib/winston/transports/console.js:87:23)

    console.log
      2026-02-09T10:17:14.601Z [liquidity-depth-analyzer] info: LiquidityDepthAnalyzer initialized {"depthLevels":10,"maxTrackedPools":100,"cacheTtlMs":30000}

      at Console.log (node_modules/winston/lib/winston/transports/console.js:87:23)

PASS unit shared/config/__tests__/unit/cross-chain.test.ts
PASS unit shared/core/__tests__/unit/logging.test.ts
PASS unit shared/core/__tests__/unit/pair-activity-tracker.test.ts
  ● Console

    console.log
      2026-02-09T10:17:15.901Z [pair-activity-tracker] info: PairActivityTracker initialized {"windowMs":1000,"hotThreshold":2,"maxPairs":100}

      at Console.log (node_modules/winston/lib/winston/transports/console.js:87:23)

    console.log
      2026-02-09T10:17:15.921Z [pair-activity-tracker] info: PairActivityTracker initialized {"windowMs":1000,"hotThreshold":2,"maxPairs":100}

      at Console.log (node_modules/winston/lib/winston/transports/console.js:87:23)

    console.log
      2026-02-09T10:17:15.923Z [pair-activity-tracker] info: PairActivityTracker initialized {"windowMs":1000,"hotThreshold":2,"maxPairs":100}

      at Console.log (node_modules/winston/lib/winston/transports/console.js:87:23)

    console.log
      2026-02-09T10:17:15.925Z [pair-activity-tracker] info: PairActivityTracker initialized {"windowMs":1000,"hotThreshold":2,"maxPairs":100}

      at Console.log (node_modules/winston/lib/winston/transports/console.js:87:23)

    console.log
      2026-02-09T10:17:15.927Z [pair-activity-tracker] info: PairActivityTracker initialized {"windowMs":1000,"hotThreshold":2,"maxPairs":100}

      at Console.log (node_modules/winston/lib/winston/transports/console.js:87:23)

    console.log
      2026-02-09T10:17:15.928Z [pair-activity-tracker] info: PairActivityTracker initialized {"windowMs":1000,"hotThreshold":2,"maxPairs":100}

      at Console.log (node_modules/winston/lib/winston/transports/console.js:87:23)

    console.log
      2026-02-09T10:17:15.930Z [pair-activity-tracker] info: PairActivityTracker initialized {"windowMs":1000,"hotThreshold":2,"maxPairs":100}

      at Console.log (node_modules/winston/lib/winston/transports/console.js:87:23)

    console.log
      2026-02-09T10:17:15.932Z [pair-activity-tracker] info: PairActivityTracker initialized {"windowMs":1000,"hotThreshold":2,"maxPairs":100}

      at Console.log (node_modules/winston/lib/winston/transports/console.js:87:23)

    console.log
      2026-02-09T10:17:15.933Z [pair-activity-tracker] info: PairActivityTracker initialized {"windowMs":1000,"hotThreshold":2,"maxPairs":100}

      at Console.log (node_modules/winston/lib/winston/transports/console.js:87:23)

    console.log
      2026-02-09T10:17:15.935Z [pair-activity-tracker] info: PairActivityTracker initialized {"windowMs":1000,"hotThreshold":2,"maxPairs":100}

      at Console.log (node_modules/winston/lib/winston/transports/console.js:87:23)

    console.log
      2026-02-09T10:17:15.937Z [pair-activity-tracker] info: PairActivityTracker initialized {"windowMs":1000,"hotThreshold":2,"maxPairs":100}

      at Console.log (node_modules/winston/lib/winston/transports/console.js:87:23)

    console.log
      2026-02-09T10:17:15.938Z [pair-activity-tracker] info: PairActivityTracker initialized {"windowMs":1000,"hotThreshold":2,"maxPairs":100}

      at Console.log (node_modules/winston/lib/winston/transports/console.js:87:23)

    console.log
      2026-02-09T10:17:15.940Z [pair-activity-tracker] info: PairActivityTracker initialized {"windowMs":1000,"hotThreshold":2,"maxPairs":100}

      at Console.log (node_modules/winston/lib/winston/transports/console.js:87:23)

    console.log
      2026-02-09T10:17:15.942Z [pair-activity-tracker] info: PairActivityTracker initialized {"windowMs":1000,"hotThreshold":2,"maxPairs":100}

      at Console.log (node_modules/winston/lib/winston/transports/console.js:87:23)

    console.log
      2026-02-09T10:17:15.942Z [pair-activity-tracker] info: PairActivityTracker initialized {"windowMs":1000,"hotThreshold":2,"maxPairs":10}

      at Console.log (node_modules/winston/lib/winston/transports/console.js:87:23)

    console.log
      2026-02-09T10:17:15.944Z [pair-activity-tracker] info: PairActivityTracker initialized {"windowMs":1000,"hotThreshold":2,"maxPairs":100}

      at Console.log (node_modules/winston/lib/winston/transports/console.js:87:23)

    console.log
      2026-02-09T10:17:15.945Z [pair-activity-tracker] info: PairActivityTracker initialized {"windowMs":10000,"hotThreshold":2,"maxPairs":5000}

      at Console.log (node_modules/winston/lib/winston/transports/console.js:87:23)

    console.log
      2026-02-09T10:17:15.946Z [pair-activity-tracker] info: PairActivityTracker initialized {"windowMs":1000,"hotThreshold":2,"maxPairs":100}

      at Console.log (node_modules/winston/lib/winston/transports/console.js:87:23)

    console.log
      2026-02-09T10:17:15.947Z [pair-activity-tracker] info: PairActivityTracker initialized {"windowMs":5000,"hotThreshold":2,"maxPairs":5000}

      at Console.log (node_modules/winston/lib/winston/transports/console.js:87:23)

PASS unit shared/ml/__tests__/unit/feature-math.test.ts
PASS unit shared/core/__tests__/unit/operation-guard.test.ts
PASS unit shared/core/__tests__/unit/performance-monitor.test.ts
PASS unit shared/config/src/__tests__/unit/risk-config.test.ts
PASS unit shared/ml/__tests__/unit/direction-types.test.ts
PASS unit shared/core/src/__tests__/unit/interval-manager.test.ts
PASS unit services/unified-detector/src/__tests__/unit/subscription-migration.test.ts
PASS unit services/coordinator/__tests__/unit/alerts/cooldown-manager.test.ts
PASS unit shared/ml/__tests__/unit/orderflow-features.test.ts (8.45 s)
PASS unit shared/config/__tests__/unit/chains/chain-url-builder.test.ts
PASS unit shared/config/src/__tests__/unit/thresholds.test.ts
PASS unit shared/core/__tests__/unit/adr-002-compliance.test.ts
PASS unit services/execution-engine/__tests__/unit/services/simulation/types.test.ts
PASS unit services/execution-engine/__tests__/unit/services/simulation/tenderly-provider.test.ts
PASS unit services/execution-engine/__tests__/unit/services/simulation/pending-state-simulator.test.ts
  ● Console

    console.log
      Anvil not found. Integration tests will be skipped.

      at Object.<anonymous> (services/execution-engine/__tests__/unit/services/simulation/pending-state-simulator.test.ts:37:11)

PASS unit services/execution-engine/__tests__/unit/services/simulation/local-provider.test.ts
PASS unit services/cross-chain-detector/src/__tests__/unit/ml-prediction-manager.test.ts (26.867 s)
PASS unit services/execution-engine/__tests__/unit/api/circuit-breaker-api.test.ts (17.669 s)
PASS unit services/execution-engine/__tests__/unit/services/simulation/hot-fork-synchronizer.test.ts (6.393 s)
PASS unit shared/core/__tests__/unit/bigint-utils.test.ts (12.059 s)
PASS unit services/execution-engine/__tests__/unit/services/simulation/simulation.service.test.ts (18.692 s)
PASS unit services/execution-engine/__tests__/unit/services/simulation/anvil-manager.test.ts (11.07 s)
  ● Console

    console.log
      Anvil not found. Integration tests will be skipped.

      at Object.<anonymous> (services/execution-engine/__tests__/unit/services/simulation/anvil-manager.test.ts:33:11)

PASS unit services/execution-engine/__tests__/unit/services/simulation/alchemy-provider.test.ts (8.332 s)
PASS unit services/execution-engine/__tests__/unit/services/simulation/base-simulation-provider.test.ts (16.988 s)
PASS unit services/unified-detector/src/__tests__/unit/whale-alert-publisher.test.ts (10.91 s)
PASS unit services/unified-detector/src/__tests__/unit/types-utils.test.ts (9.365 s)
PASS unit services/unified-detector/src/__tests__/unit/snapshot-manager.test.ts (9.558 s)
PASS unit services/unified-detector/src/__tests__/unit/unified-detector.test.ts (14.182 s)
PASS unit services/unified-detector/src/__tests__/unit/opportunity-publisher.test.ts (9.23 s)
PASS unit services/unified-detector/src/__tests__/unit/metrics-collector.test.ts (6.748 s)
PASS unit services/unified-detector/src/__tests__/unit/simple-arbitrage-detector.test.ts (7.21 s)
PASS unit services/unified-detector/src/__tests__/unit/health-reporter.test.ts (7.645 s)
PASS unit services/unified-detector/src/__tests__/unit/chain-instance-manager.test.ts (6.788 s)
PASS unit services/execution-engine/__tests__/unit/services/queue.service.test.ts (6.925 s)
PASS unit services/execution-engine/__tests__/unit/services/circuit-breaker.test.ts (7.054 s)
PASS unit services/execution-engine/__tests__/unit/services/provider.service.test.ts (6.085 s)
FAIL unit services/execution-engine/__tests__/unit/strategies/flash-loan-edge-cases.test.ts
  ● Test suite failed to run

    [96mservices/execution-engine/__tests__/unit/strategies/flash-loan-edge-cases.test.ts[0m:[93m88[0m:[93m9[0m - [91merror[0m[90m TS2322: [0mType 'bigint' is not assignable to type 'string'.

    [7m88[0m         gasEstimate: 600000n,
    [7m  [0m [91m        ~~~~~~~~~~~[0m

      [96mshared/types/dist/index.d.ts[0m:[93m143[0m:[93m5[0m
        [7m143[0m     gasEstimate?: string;
        [7m   [0m [96m    ~~~~~~~~~~~[0m
        The expected type comes from property 'gasEstimate' which is declared here on type 'NHopArbitrageOpportunity'
    [96mservices/execution-engine/__tests__/unit/strategies/flash-loan-edge-cases.test.ts[0m:[93m156[0m:[93m9[0m - [91merror[0m[90m TS2322: [0mType 'bigint' is not assignable to type 'string'.

    [7m156[0m         gasEstimate: 600000n,
    [7m   [0m [91m        ~~~~~~~~~~~[0m

      [96mshared/types/dist/index.d.ts[0m:[93m143[0m:[93m5[0m
        [7m143[0m     gasEstimate?: string;
        [7m   [0m [96m    ~~~~~~~~~~~[0m
        The expected type comes from property 'gasEstimate' which is declared here on type 'NHopArbitrageOpportunity'
    [96mservices/execution-engine/__tests__/unit/strategies/flash-loan-edge-cases.test.ts[0m:[93m183[0m:[93m9[0m - [91merror[0m[90m TS2322: [0mType 'bigint' is not assignable to type 'string'.

    [7m183[0m         gasEstimate: 600000n,
    [7m   [0m [91m        ~~~~~~~~~~~[0m

      [96mshared/types/dist/index.d.ts[0m:[93m143[0m:[93m5[0m
        [7m143[0m     gasEstimate?: string;
        [7m   [0m [96m    ~~~~~~~~~~~[0m
        The expected type comes from property 'gasEstimate' which is declared here on type 'NHopArbitrageOpportunity'
    [96mservices/execution-engine/__tests__/unit/strategies/flash-loan-edge-cases.test.ts[0m:[93m224[0m:[93m31[0m - [91merror[0m[90m TS2352: [0mConversion of type '{ id: string; buyChain: string; buyDex: string; sellDex: string; tokenIn: string; tokenIntermediate: string; tokenOut: string; amountIn: string; buyPrice: number; profit: number; gasEstimate: bigint; timestamp: number; }' to type 'ArbitrageOpportunity' may be a mistake because neither type sufficiently overlaps with the other. If this was intentional, convert the expression to 'unknown' first.
      Property 'confidence' is missing in type '{ id: string; buyChain: string; buyDex: string; sellDex: string; tokenIn: string; tokenIntermediate: string; tokenOut: string; amountIn: string; buyPrice: number; profit: number; gasEstimate: bigint; timestamp: number; }' but required in type 'ArbitrageOpportunity'.

    [7m224[0m       const mockOpportunity = {
    [7m   [0m [91m                              ~[0m
    [7m225[0m         id: 'test-network-error',
    [7m   [0m [91m~~~~~~~~~~~~~~~~~~~~~~~~~~~~~~~~~[0m
    [7m...[0m 
    [7m236[0m         timestamp: Date.now(),
    [7m   [0m [91m~~~~~~~~~~~~~~~~~~~~~~~~~~~~~~[0m
    [7m237[0m       } as ArbitrageOpportunity;
    [7m   [0m [91m~~~~~~~~~~~~~~~~~~~~~~~~~~~~~~~[0m

      [96mshared/types/dist/index.d.ts[0m:[93m144[0m:[93m5[0m
        [7m144[0m     confidence: number;
        [7m   [0m [96m    ~~~~~~~~~~[0m
        'confidence' is declared here.
    [96mservices/execution-engine/__tests__/unit/strategies/flash-loan-edge-cases.test.ts[0m:[93m351[0m:[93m37[0m - [91merror[0m[90m TS2352: [0mConversion of type '{ id: string; buyChain: string; buyDex: string; sellDex: string; tokenIn: string; tokenOut: string; amountIn: string; buyPrice: number; profit: number; gasEstimate: bigint; timestamp: number; }' to type 'ArbitrageOpportunity' may be a mistake because neither type sufficiently overlaps with the other. If this was intentional, convert the expression to 'unknown' first.
      Property 'confidence' is missing in type '{ id: string; buyChain: string; buyDex: string; sellDex: string; tokenIn: string; tokenOut: string; amountIn: string; buyPrice: number; profit: number; gasEstimate: bigint; timestamp: number; }' but required in type 'ArbitrageOpportunity'.

    [7m351[0m       const opportunityWithBadDex = {
    [7m   [0m [91m                                    ~[0m
    [7m352[0m         id: 'test-bad-dex',
    [7m   [0m [91m~~~~~~~~~~~~~~~~~~~~~~~~~~~[0m
    [7m...[0m 
    [7m362[0m         timestamp: Date.now(),
    [7m   [0m [91m~~~~~~~~~~~~~~~~~~~~~~~~~~~~~~[0m
    [7m363[0m       } as ArbitrageOpportunity;
    [7m   [0m [91m~~~~~~~~~~~~~~~~~~~~~~~~~~~~~~~[0m

      [96mshared/types/dist/index.d.ts[0m:[93m144[0m:[93m5[0m
        [7m144[0m     confidence: number;
        [7m   [0m [96m    ~~~~~~~~~~[0m
        'confidence' is declared here.
    [96mservices/execution-engine/__tests__/unit/strategies/flash-loan-edge-cases.test.ts[0m:[93m374[0m:[93m41[0m - [91merror[0m[90m TS2352: [0mConversion of type '{ id: string; buyChain: string; buyDex: string; sellDex: string; tokenIn: string; tokenOut: string; amountIn: string; buyPrice: number; profit: number; gasEstimate: bigint; timestamp: number; }' to type 'ArbitrageOpportunity' may be a mistake because neither type sufficiently overlaps with the other. If this was intentional, convert the expression to 'unknown' first.
      Property 'confidence' is missing in type '{ id: string; buyChain: string; buyDex: string; sellDex: string; tokenIn: string; tokenOut: string; amountIn: string; buyPrice: number; profit: number; gasEstimate: bigint; timestamp: number; }' but required in type 'ArbitrageOpportunity'.

    [7m374[0m       const opportunityWithBadSellDex = {
    [7m   [0m [91m                                        ~[0m
    [7m375[0m         id: 'test-bad-sell-dex',
    [7m   [0m [91m~~~~~~~~~~~~~~~~~~~~~~~~~~~~~~~~[0m
    [7m...[0m 
    [7m385[0m         timestamp: Date.now(),
    [7m   [0m [91m~~~~~~~~~~~~~~~~~~~~~~~~~~~~~~[0m
    [7m386[0m       } as ArbitrageOpportunity;
    [7m   [0m [91m~~~~~~~~~~~~~~~~~~~~~~~~~~~~~~~[0m

      [96mshared/types/dist/index.d.ts[0m:[93m144[0m:[93m5[0m
        [7m144[0m     confidence: number;
        [7m   [0m [96m    ~~~~~~~~~~[0m
        'confidence' is declared here.

FAIL unit services/execution-engine/__tests__/unit/strategies/flash-loan-batched-quotes.test.ts
  ● Test suite failed to run

    [96mservices/execution-engine/__tests__/unit/strategies/flash-loan-batched-quotes.test.ts[0m:[93m62[0m:[93m23[0m - [91merror[0m[90m TS2352: [0mConversion of type '{ id: string; buyChain: string; buyDex: string; sellDex: string; tokenIn: string; tokenIntermediate: string; tokenOut: string; amountIn: string; buyPrice: number; sellPrice: number; profit: number; gasEstimate: bigint; timestamp: number; }' to type 'ArbitrageOpportunity' may be a mistake because neither type sufficiently overlaps with the other. If this was intentional, convert the expression to 'unknown' first.
      Property 'confidence' is missing in type '{ id: string; buyChain: string; buyDex: string; sellDex: string; tokenIn: string; tokenIntermediate: string; tokenOut: string; amountIn: string; buyPrice: number; sellPrice: number; profit: number; gasEstimate: bigint; timestamp: number; }' but required in type 'ArbitrageOpportunity'.

    [7m 62[0m     mockOpportunity = {
    [7m   [0m [91m                      ~[0m
    [7m 63[0m       id: 'test-opportunity-1',
    [7m   [0m [91m~~~~~~~~~~~~~~~~~~~~~~~~~~~~~~~[0m
    [7m...[0m 
    [7m 75[0m       timestamp: Date.now(),
    [7m   [0m [91m~~~~~~~~~~~~~~~~~~~~~~~~~~~~[0m
    [7m 76[0m     } as ArbitrageOpportunity;
    [7m   [0m [91m~~~~~~~~~~~~~~~~~~~~~~~~~~~~~[0m

      [96mshared/types/dist/index.d.ts[0m:[93m144[0m:[93m5[0m
        [7m144[0m     confidence: number;
        [7m   [0m [96m    ~~~~~~~~~~[0m
        'confidence' is declared here.
    [96mservices/execution-engine/__tests__/unit/strategies/flash-loan-batched-quotes.test.ts[0m:[93m355[0m:[93m35[0m - [91merror[0m[90m TS2339: [0mProperty 'tokenIntermediate' does not exist on type 'ArbitrageOpportunity'.

    [7m355[0m         tokenOut: mockOpportunity.tokenIntermediate,
    [7m   [0m [91m                                  ~~~~~~~~~~~~~~~~~[0m
    [96mservices/execution-engine/__tests__/unit/strategies/flash-loan-batched-quotes.test.ts[0m:[93m360[0m:[93m34[0m - [91merror[0m[90m TS2339: [0mProperty 'tokenIntermediate' does not exist on type 'ArbitrageOpportunity'.

    [7m360[0m         tokenIn: mockOpportunity.tokenIntermediate,
    [7m   [0m [91m                                 ~~~~~~~~~~~~~~~~~[0m

PASS unit services/execution-engine/__tests__/unit/strategies/simulation.strategy.test.ts (6.95 s)
PASS unit services/execution-engine/__tests__/unit/strategies/intra-chain.strategy.test.ts (5.447 s)
PASS unit services/execution-engine/__tests__/unit/risk/risk-management-orchestrator.test.ts (5.2 s)
PASS unit services/execution-engine/__tests__/unit/strategies/cross-chain.strategy.test.ts (7.321 s)
(node:181028) [DEP0169] DeprecationWarning: `url.parse()` behavior is not standardized and prone to errors that have security implications. Use the WHATWG URL API instead. CVEs are not issued for `url.parse()` vulnerabilities.
PASS unit services/execution-engine/__tests__/unit/consumers/validation.test.ts
PASS unit services/execution-engine/src/__tests__/unit/cross-chain-execution.test.ts (7.81 s)
  ● Console

    console.log
      2026-02-09T10:18:10.895Z [stargate-router] info: Bridge completed {"bridgeId":"complete-test-bridge","destTxHash":"0xdest","amountReceived":"999000000"}

      at Console.log (node_modules/winston/lib/winston/transports/console.js:87:23)

    console.log
      2026-02-09T10:18:11.020Z [stargate-router] warn: Bridge failed {"bridgeId":"fail-test-bridge","error":"Destination reverted"}

      at Console.log (node_modules/winston/lib/winston/transports/console.js:87:23)

    console.log
      2026-02-09T10:18:12.112Z [stargate-router] info: Bridge completed {"bridgeId":"e2e-test-bridge","destTxHash":"0xdesttx","amountReceived":"998000000"}

      at Console.log (node_modules/winston/lib/winston/transports/console.js:87:23)

    console.log
      2026-02-09T10:18:12.114Z [stargate-router] warn: Bridge failed {"bridgeId":"e2e-fail-bridge","error":"Destination chain reverted"}

      at Console.log (node_modules/winston/lib/winston/transports/console.js:87:23)

    console.log
      2026-02-09T10:18:12.157Z [stargate-router] info: Bridge completed {"bridgeId":"concurrent-bridge-0","destTxHash":"0xdest0","amountReceived":"1000"}

      at Console.log (node_modules/winston/lib/winston/transports/console.js:87:23)
          at async Promise.all (index 0)

    console.log
      2026-02-09T10:18:12.167Z [stargate-router] info: Bridge completed {"bridgeId":"concurrent-bridge-1","destTxHash":"0xdest1","amountReceived":"1001"}

      at Console.log (node_modules/winston/lib/winston/transports/console.js:87:23)
          at async Promise.all (index 1)

    console.log
      2026-02-09T10:18:12.167Z [stargate-router] info: Bridge completed {"bridgeId":"concurrent-bridge-2","destTxHash":"0xdest2","amountReceived":"1002"}

      at Console.log (node_modules/winston/lib/winston/transports/console.js:87:23)
          at async Promise.all (index 2)

    console.log
      2026-02-09T10:18:12.174Z [stargate-router] info: Bridge completed {"bridgeId":"concurrent-bridge-3","destTxHash":"0xdest3","amountReceived":"1003"}

      at Console.log (node_modules/winston/lib/winston/transports/console.js:87:23)
          at async Promise.all (index 3)

    console.log
      2026-02-09T10:18:12.175Z [stargate-router] info: Bridge completed {"bridgeId":"concurrent-bridge-4","destTxHash":"0xdest4","amountReceived":"1004"}

      at Console.log (node_modules/winston/lib/winston/transports/console.js:87:23)
          at async Promise.all (index 4)

    console.log
      2026-02-09T10:18:12.176Z [stargate-router] info: Bridge completed {"bridgeId":"concurrent-bridge-5","destTxHash":"0xdest5","amountReceived":"1005"}

      at Console.log (node_modules/winston/lib/winston/transports/console.js:87:23)
          at async Promise.all (index 5)

    console.log
      2026-02-09T10:18:12.177Z [stargate-router] info: Bridge completed {"bridgeId":"concurrent-bridge-6","destTxHash":"0xdest6","amountReceived":"1006"}

      at Console.log (node_modules/winston/lib/winston/transports/console.js:87:23)
          at async Promise.all (index 6)

    console.log
      2026-02-09T10:18:12.178Z [stargate-router] info: Bridge completed {"bridgeId":"concurrent-bridge-7","destTxHash":"0xdest7","amountReceived":"1007"}

      at Console.log (node_modules/winston/lib/winston/transports/console.js:87:23)
          at async Promise.all (index 7)

    console.log
      2026-02-09T10:18:12.184Z [stargate-router] info: Bridge completed {"bridgeId":"concurrent-bridge-8","destTxHash":"0xdest8","amountReceived":"1008"}

      at Console.log (node_modules/winston/lib/winston/transports/console.js:87:23)
          at async Promise.all (index 8)

    console.log
      2026-02-09T10:18:12.229Z [stargate-router] info: Bridge completed {"bridgeId":"concurrent-bridge-9","destTxHash":"0xdest9","amountReceived":"1009"}

      at Console.log (node_modules/winston/lib/winston/transports/console.js:87:23)
          at async Promise.all (index 9)

PASS unit services/execution-engine/src/__tests__/unit/execution-flow.test.ts (11.13 s)
PASS unit services/cross-chain-detector/src/__tests__/unit/stream-consumer.test.ts
PASS unit services/execution-engine/__tests__/unit/consumers/opportunity.consumer.test.ts (6.302 s)
PASS unit services/cross-chain-detector/src/__tests__/unit/price-data-manager.test.ts (5.54 s)
PASS unit services/cross-chain-detector/src/__tests__/unit/opportunity-publisher.test.ts (5.675 s)
PASS unit services/cross-chain-detector/src/__tests__/unit/bridge-predictor.test.ts (5.948 s)
  ● Console

    console.log
      2026-02-09T10:18:20.712Z [bridge-predictor] info: Bridge predictor cleanup completed {"remainingBridges":0}

      at Console.log (node_modules/winston/lib/winston/transports/console.js:87:23)

    console.log
      2026-02-09T10:18:20.808Z [bridge-predictor] info: Bridge predictor cleanup completed {"remainingBridges":1}

      at Console.log (node_modules/winston/lib/winston/transports/console.js:87:23)

    console.log
      2026-02-09T10:18:21.631Z [bridge-predictor] info: Bridge predictor cleanup completed {"remainingBridges":1}

      at Console.log (node_modules/winston/lib/winston/transports/console.js:87:23)

PASS unit services/cross-chain-detector/src/__tests__/unit/bridge-cost-estimator.test.ts (5.406 s)
PASS unit shared/core/__tests__/unit/redis-streams/redis-streams-basic.test.ts (5.233 s)
PASS unit shared/core/__tests__/unit/redis-streams/redis-streams-consumer-groups.test.ts (6.499 s)
  ● Console

    console.log
      2026-02-09T10:18:23.284Z [redis-streams] error: Error flushing batch {"error":{},"streamName":"stream:test","batchSize":2}

      at Console.log (node_modules/winston/lib/winston/transports/console.js:87:23)

    console.log
      2026-02-09T10:18:23.357Z [redis-streams] error: Flush failed after batch size reached {"error":{}}

      at Console.log (node_modules/winston/lib/winston/transports/console.js:87:23)

    console.log
      2026-02-09T10:18:23.374Z [redis-streams] error: Error flushing batch {"error":{},"streamName":"stream:test","batchSize":3}

      at Console.log (node_modules/winston/lib/winston/transports/console.js:87:23)

    console.log
      2026-02-09T10:18:23.387Z [redis-streams] error: Flush failed after batch size reached {"error":{}}

      at Console.log (node_modules/winston/lib/winston/transports/console.js:87:23)

PASS unit shared/core/__tests__/unit/redis-streams/redis-streams-stream-consumer.test.ts (6.018 s)
  ● Console

    console.log
      2026-02-09T10:18:23.796Z [redis-streams] error: XREADGROUP error {"error":{},"config":{"streamName":"stream:test","groupName":"test-group","consumerName":"consumer-1"}}

      at Console.log (node_modules/winston/lib/winston/transports/console.js:87:23)

    console.log
      2026-02-09T10:18:23.876Z [redis-streams] error: XREADGROUP error {"error":{},"config":{"streamName":"stream:test","groupName":"test-group","consumerName":"consumer-1"}}

      at Console.log (node_modules/winston/lib/winston/transports/console.js:87:23)

PASS unit shared/core/__tests__/unit/dex-adapters/gmx-adapter.test.ts
PASS unit shared/core/__tests__/unit/dex-adapters/platypus-adapter.test.ts
PASS unit shared/core/__tests__/unit/dex-adapters/adapter-registry.test.ts
PASS unit shared/core/__tests__/unit/dex-adapters/dex-adapters-extended.test.ts (5.003 s)
PASS unit shared/core/__tests__/unit/dex-adapters/balancer-v2-adapter.test.ts (6.594 s)
FAIL unit shared/core/__tests__/unit/worker-pricematrix-init.test.ts
  ● Console

    console.log
      2026-02-09T10:18:32.759Z [shared-key-registry] info: SharedKeyRegistry created {"maxKeys":1100,"slotSize":64,"bufferSize":70404}

      at Console.log (node_modules/winston/lib/winston/transports/console.js:87:23)

    console.log
      2026-02-09T10:18:32.807Z [price-matrix] info: PriceMatrix initialized {"maxPairs":1000,"totalSlots":1100,"useSharedMemory":true,"keyRegistryEnabled":true}

      at Console.log (node_modules/winston/lib/winston/transports/console.js:87:23)

    console.log
      2026-02-09T10:18:32.833Z [shared-key-registry] info: SharedKeyRegistry created {"maxKeys":1100,"slotSize":64,"bufferSize":70404}

      at Console.log (node_modules/winston/lib/winston/transports/console.js:87:23)

    console.log
      2026-02-09T10:18:32.842Z [price-matrix] info: PriceMatrix initialized {"maxPairs":1000,"totalSlots":1100,"useSharedMemory":true,"keyRegistryEnabled":true}

      at Console.log (node_modules/winston/lib/winston/transports/console.js:87:23)

    console.log
      2026-02-09T10:18:32.854Z [shared-key-registry] info: SharedKeyRegistry created {"maxKeys":1100,"slotSize":64,"bufferSize":70404}

      at Console.log (node_modules/winston/lib/winston/transports/console.js:87:23)

    console.log
      2026-02-09T10:18:32.861Z [price-matrix] info: PriceMatrix initialized {"maxPairs":1000,"totalSlots":1100,"useSharedMemory":true,"keyRegistryEnabled":true}

      at Console.log (node_modules/winston/lib/winston/transports/console.js:87:23)

    console.log
      2026-02-09T10:18:32.879Z [shared-key-registry] info: SharedKeyRegistry created {"maxKeys":1100,"slotSize":64,"bufferSize":70404}

      at Console.log (node_modules/winston/lib/winston/transports/console.js:87:23)

    console.log
      2026-02-09T10:18:32.880Z [price-matrix] info: PriceMatrix initialized {"maxPairs":1000,"totalSlots":1100,"useSharedMemory":true,"keyRegistryEnabled":true}

      at Console.log (node_modules/winston/lib/winston/transports/console.js:87:23)

    console.log
      2026-02-09T10:18:32.960Z [shared-key-registry] info: SharedKeyRegistry created {"maxKeys":11000,"slotSize":64,"bufferSize":704004}

      at Console.log (node_modules/winston/lib/winston/transports/console.js:87:23)

    console.log
      2026-02-09T10:18:32.961Z [price-matrix] info: PriceMatrix initialized {"maxPairs":10000,"totalSlots":11000,"useSharedMemory":true,"keyRegistryEnabled":true}

      at Console.log (node_modules/winston/lib/winston/transports/console.js:87:23)

    console.log
      Worker SharedArrayBuffer read latency: 5.932μs average

      at Object.<anonymous> (shared/core/__tests__/unit/worker-pricematrix-init.test.ts:168:15)

    console.log
      2026-02-09T10:18:33.138Z [shared-key-registry] info: SharedKeyRegistry created {"maxKeys":1100,"slotSize":64,"bufferSize":70404}

      at Console.log (node_modules/winston/lib/winston/transports/console.js:87:23)

    console.log
      2026-02-09T10:18:33.142Z [price-matrix] info: PriceMatrix initialized {"maxPairs":1000,"totalSlots":1100,"useSharedMemory":true,"keyRegistryEnabled":true}

      at Console.log (node_modules/winston/lib/winston/transports/console.js:87:23)

    console.log
      2026-02-09T10:18:33.145Z [shared-key-registry] info: SharedKeyRegistry created {"maxKeys":1100,"slotSize":64,"bufferSize":70404}

      at Console.log (node_modules/winston/lib/winston/transports/console.js:87:23)

    console.log
      2026-02-09T10:18:33.145Z [price-matrix] info: PriceMatrix initialized {"maxPairs":1000,"totalSlots":1100,"useSharedMemory":true,"keyRegistryEnabled":true}

      at Console.log (node_modules/winston/lib/winston/transports/console.js:87:23)

  ● PHASE3-TASK42: PriceMatrix.fromSharedBuffer() › Zero-copy performance › should access shared memory without copying

    expect(received).toBeLessThan(expected)

    Expected: < 5
    Received:   5.93236

    [0m [90m 169 |[39m
     [90m 170 |[39m       [90m// Should achieve sub-microsecond latency with key registry[39m
    [31m[1m>[22m[39m[90m 171 |[39m       expect(avgLatencyUs)[33m.[39mtoBeLessThan([35m5[39m)[33m;[39m [90m// Relaxed from <1μs due to linear scan overhead[39m
     [90m     |[39m                            [31m[1m^[22m[39m
     [90m 172 |[39m     })[33m;[39m
     [90m 173 |[39m   })[33m;[39m
     [90m 174 |[39m[0m

      at Object.<anonymous> (shared/core/__tests__/unit/worker-pricematrix-init.test.ts:171:28)

PASS unit shared/security/__tests__/unit/auth.test.ts (5.12 s)
PASS unit services/execution-engine/__tests__/unit/engine.test.ts (7.44 s)
PASS unit shared/core/__tests__/unit/worker-pool.test.ts
PASS unit shared/core/__tests__/unit/websocket-manager.test.ts
  ● Console

    console.log
      2026-02-09T10:18:37.103Z [worker-pool] info: Creating worker pool with platform-aware configuration {"platform":"standard","poolSize":4,"maxQueueSize":1000,"taskTimeout":30000}

      at Console.log (node_modules/winston/lib/winston/transports/console.js:87:23)

    console.log
      2026-02-09T10:18:37.251Z [websocket-manager] info: Worker thread JSON parsing enabled {"chainId":"unknown","thresholdBytes":2048,"autoEnabled":false}

      at Console.log (node_modules/winston/lib/winston/transports/console.js:87:23)

    console.log
      2026-02-09T10:18:37.252Z [websocket-manager] info: Disconnecting WebSocket

      at Console.log (node_modules/winston/lib/winston/transports/console.js:87:23)

    console.log
      2026-02-09T10:18:37.264Z [websocket-manager] info: Disconnecting WebSocket

      at Console.log (node_modules/winston/lib/winston/transports/console.js:87:23)

    console.log
      2026-02-09T10:18:37.266Z [websocket-manager] info: Worker thread JSON parsing enabled {"chainId":"unknown","thresholdBytes":2048,"autoEnabled":true}

      at Console.log (node_modules/winston/lib/winston/transports/console.js:87:23)

    console.log
      2026-02-09T10:18:37.274Z [websocket-manager] info: Disconnecting WebSocket

      at Console.log (node_modules/winston/lib/winston/transports/console.js:87:23)

    console.log
      2026-02-09T10:18:37.289Z [websocket-manager] info: Worker thread JSON parsing enabled {"chainId":"unknown","thresholdBytes":2048,"autoEnabled":true}

      at Console.log (node_modules/winston/lib/winston/transports/console.js:87:23)

    console.log
      2026-02-09T10:18:37.290Z [websocket-manager] info: Disconnecting WebSocket

      at Console.log (node_modules/winston/lib/winston/transports/console.js:87:23)

    console.log
      2026-02-09T10:18:37.293Z [websocket-manager] info: Worker thread JSON parsing enabled {"chainId":"unknown","thresholdBytes":2048,"autoEnabled":true}

      at Console.log (node_modules/winston/lib/winston/transports/console.js:87:23)

    console.log
      2026-02-09T10:18:37.294Z [websocket-manager] info: Disconnecting WebSocket

      at Console.log (node_modules/winston/lib/winston/transports/console.js:87:23)

PASS unit shared/core/__tests__/unit/generators/simulated-price.generator.test.ts (17.07 s)
PASS unit shared/core/__tests__/unit/swap-event-filter.test.ts (8.66 s)
  ● Console

    console.log
      2026-02-09T10:18:42.978Z [swap-event-filter] info: SwapEventFilter initialized {"config":{"minUsdValue":10,"whaleThreshold":50000,"dedupWindowMs":5000,"aggregationWindowMs":5000,"maxDedupCacheSize":10000,"cleanupIntervalMs":30000}}

      at Console.log (node_modules/winston/lib/winston/transports/console.js:87:23)

    console.log
      2026-02-09T10:18:43.050Z [swap-event-filter] info: SwapEventFilter destroyed

      at Console.log (node_modules/winston/lib/winston/transports/console.js:87:23)

    console.log
      2026-02-09T10:18:43.055Z [swap-event-filter] info: SwapEventFilter initialized {"config":{"minUsdValue":10,"whaleThreshold":50000,"dedupWindowMs":5000,"aggregationWindowMs":5000,"maxDedupCacheSize":10000,"cleanupIntervalMs":30000}}

      at Console.log (node_modules/winston/lib/winston/transports/console.js:87:23)

    console.log
      2026-02-09T10:18:43.056Z [swap-event-filter] info: SwapEventFilter initialized {"config":{"minUsdValue":100,"whaleThreshold":100000,"dedupWindowMs":10000,"aggregationWindowMs":10000,"maxDedupCacheSize":10000,"cleanupIntervalMs":30000}}

      at Console.log (node_modules/winston/lib/winston/transports/console.js:87:23)

    console.log
      2026-02-09T10:18:43.060Z [swap-event-filter] info: SwapEventFilter destroyed

      at Console.log (node_modules/winston/lib/winston/transports/console.js:87:23)

    console.log
      2026-02-09T10:18:43.061Z [swap-event-filter] info: SwapEventFilter destroyed

      at Console.log (node_modules/winston/lib/winston/transports/console.js:87:23)

    console.log
      2026-02-09T10:18:43.069Z [swap-event-filter] info: SwapEventFilter initialized {"config":{"minUsdValue":10,"whaleThreshold":50000,"dedupWindowMs":5000,"aggregationWindowMs":5000,"maxDedupCacheSize":10000,"cleanupIntervalMs":30000}}

      at Console.log (node_modules/winston/lib/winston/transports/console.js:87:23)

    console.log
      2026-02-09T10:18:43.075Z [swap-event-filter] info: SwapEventFilter config updated {"config":{"minUsdValue":500,"whaleThreshold":50000,"dedupWindowMs":5000,"aggregationWindowMs":5000,"maxDedupCacheSize":10000,"cleanupIntervalMs":30000}}

      at Console.log (node_modules/winston/lib/winston/transports/console.js:87:23)

    console.log
      2026-02-09T10:18:43.076Z [swap-event-filter] info: SwapEventFilter destroyed

      at Console.log (node_modules/winston/lib/winston/transports/console.js:87:23)

    console.log
      2026-02-09T10:18:43.082Z [swap-event-filter] info: SwapEventFilter initialized {"config":{"minUsdValue":10,"whaleThreshold":50000,"dedupWindowMs":5000,"aggregationWindowMs":5000,"maxDedupCacheSize":10000,"cleanupIntervalMs":30000}}

      at Console.log (node_modules/winston/lib/winston/transports/console.js:87:23)

    console.log
      2026-02-09T10:18:43.100Z [swap-event-filter] info: SwapEventFilter destroyed

      at Console.log (node_modules/winston/lib/winston/transports/console.js:87:23)

    console.log
      2026-02-09T10:18:43.105Z [swap-event-filter] info: SwapEventFilter initialized {"config":{"minUsdValue":10,"whaleThreshold":50000,"dedupWindowMs":5000,"aggregationWindowMs":5000,"maxDedupCacheSize":10000,"cleanupIntervalMs":30000}}

      at Console.log (node_modules/winston/lib/winston/transports/console.js:87:23)

    console.log
      2026-02-09T10:18:43.106Z [swap-event-filter] info: SwapEventFilter destroyed

      at Console.log (node_modules/winston/lib/winston/transports/console.js:87:23)

    console.log
      2026-02-09T10:18:43.112Z [swap-event-filter] info: SwapEventFilter initialized {"config":{"minUsdValue":10,"whaleThreshold":50000,"dedupWindowMs":5000,"aggregationWindowMs":5000,"maxDedupCacheSize":10000,"cleanupIntervalMs":30000}}

      at Console.log (node_modules/winston/lib/winston/transports/console.js:87:23)

    console.log
      2026-02-09T10:18:43.114Z [swap-event-filter] info: SwapEventFilter destroyed

      at Console.log (node_modules/winston/lib/winston/transports/console.js:87:23)

    console.log
      2026-02-09T10:18:43.118Z [swap-event-filter] info: SwapEventFilter initialized {"config":{"minUsdValue":10,"whaleThreshold":50000,"dedupWindowMs":5000,"aggregationWindowMs":5000,"maxDedupCacheSize":10000,"cleanupIntervalMs":30000}}

      at Console.log (node_modules/winston/lib/winston/transports/console.js:87:23)

    console.log
      2026-02-09T10:18:43.120Z [swap-event-filter] info: SwapEventFilter destroyed

      at Console.log (node_modules/winston/lib/winston/transports/console.js:87:23)

    console.log
      2026-02-09T10:18:43.129Z [swap-event-filter] info: SwapEventFilter initialized {"config":{"minUsdValue":10,"whaleThreshold":50000,"dedupWindowMs":5000,"aggregationWindowMs":5000,"maxDedupCacheSize":10000,"cleanupIntervalMs":30000}}

      at Console.log (node_modules/winston/lib/winston/transports/console.js:87:23)

    console.log
      2026-02-09T10:18:43.138Z [swap-event-filter] info: SwapEventFilter destroyed

      at Console.log (node_modules/winston/lib/winston/transports/console.js:87:23)

    console.log
      2026-02-09T10:18:43.140Z [swap-event-filter] info: SwapEventFilter initialized {"config":{"minUsdValue":10,"whaleThreshold":50000,"dedupWindowMs":5000,"aggregationWindowMs":5000,"maxDedupCacheSize":10000,"cleanupIntervalMs":30000}}

      at Console.log (node_modules/winston/lib/winston/transports/console.js:87:23)

    console.log
      2026-02-09T10:18:43.145Z [swap-event-filter] info: SwapEventFilter destroyed

      at Console.log (node_modules/winston/lib/winston/transports/console.js:87:23)

    console.log
      2026-02-09T10:18:43.146Z [swap-event-filter] info: SwapEventFilter initialized {"config":{"minUsdValue":10,"whaleThreshold":50000,"dedupWindowMs":5000,"aggregationWindowMs":5000,"maxDedupCacheSize":10000,"cleanupIntervalMs":30000}}

      at Console.log (node_modules/winston/lib/winston/transports/console.js:87:23)

    console.log
      2026-02-09T10:18:43.154Z [swap-event-filter] info: SwapEventFilter initialized {"config":{"minUsdValue":10,"whaleThreshold":50000,"dedupWindowMs":100,"aggregationWindowMs":5000,"maxDedupCacheSize":10000,"cleanupIntervalMs":30000}}

      at Console.log (node_modules/winston/lib/winston/transports/console.js:87:23)

    console.log
      2026-02-09T10:18:43.339Z [swap-event-filter] info: SwapEventFilter destroyed

      at Console.log (node_modules/winston/lib/winston/transports/console.js:87:23)

    console.log
      2026-02-09T10:18:43.340Z [swap-event-filter] info: SwapEventFilter destroyed

      at Console.log (node_modules/winston/lib/winston/transports/console.js:87:23)

    console.log
      2026-02-09T10:18:43.341Z [swap-event-filter] info: SwapEventFilter initialized {"config":{"minUsdValue":10,"whaleThreshold":50000,"dedupWindowMs":5000,"aggregationWindowMs":5000,"maxDedupCacheSize":10000,"cleanupIntervalMs":30000}}

      at Console.log (node_modules/winston/lib/winston/transports/console.js:87:23)

    console.log
      2026-02-09T10:18:43.347Z [swap-event-filter] info: Whale alert detected {"usdValue":60000,"chain":"ethereum","dex":"uniswap_v3","pair":"0x1234567890123456789012345678901234567890"}

      at Console.log (node_modules/winston/lib/winston/transports/console.js:87:23)

    console.log
      2026-02-09T10:18:43.358Z [swap-event-filter] info: SwapEventFilter destroyed

      at Console.log (node_modules/winston/lib/winston/transports/console.js:87:23)

    console.log
      2026-02-09T10:18:43.359Z [swap-event-filter] info: SwapEventFilter initialized {"config":{"minUsdValue":10,"whaleThreshold":50000,"dedupWindowMs":5000,"aggregationWindowMs":5000,"maxDedupCacheSize":10000,"cleanupIntervalMs":30000}}

      at Console.log (node_modules/winston/lib/winston/transports/console.js:87:23)

    console.log
      2026-02-09T10:18:43.368Z [swap-event-filter] info: SwapEventFilter destroyed

      at Console.log (node_modules/winston/lib/winston/transports/console.js:87:23)

    console.log
      2026-02-09T10:18:43.377Z [swap-event-filter] info: SwapEventFilter initialized {"config":{"minUsdValue":10,"whaleThreshold":50000,"dedupWindowMs":5000,"aggregationWindowMs":5000,"maxDedupCacheSize":10000,"cleanupIntervalMs":30000}}

      at Console.log (node_modules/winston/lib/winston/transports/console.js:87:23)

    console.log
      2026-02-09T10:18:43.384Z [swap-event-filter] info: Whale alert detected {"usdValue":75000,"chain":"ethereum","dex":"uniswap_v3","pair":"0x1234567890123456789012345678901234567890"}

      at Console.log (node_modules/winston/lib/winston/transports/console.js:87:23)

    console.log
      2026-02-09T10:18:43.391Z [swap-event-filter] info: SwapEventFilter destroyed

      at Console.log (node_modules/winston/lib/winston/transports/console.js:87:23)

    console.log
      2026-02-09T10:18:43.392Z [swap-event-filter] info: SwapEventFilter initialized {"config":{"minUsdValue":10,"whaleThreshold":50000,"dedupWindowMs":5000,"aggregationWindowMs":5000,"maxDedupCacheSize":10000,"cleanupIntervalMs":30000}}

      at Console.log (node_modules/winston/lib/winston/transports/console.js:87:23)

    console.log
      2026-02-09T10:18:43.393Z [swap-event-filter] info: Whale alert detected {"usdValue":60000,"chain":"ethereum","dex":"uniswap_v3","pair":"0x1234567890123456789012345678901234567890"}

      at Console.log (node_modules/winston/lib/winston/transports/console.js:87:23)

    console.log
      2026-02-09T10:18:43.400Z [swap-event-filter] info: Whale alert detected {"usdValue":100000,"chain":"ethereum","dex":"uniswap_v3","pair":"0x1234567890123456789012345678901234567890"}

      at Console.log (node_modules/winston/lib/winston/transports/console.js:87:23)

    console.log
      2026-02-09T10:18:43.401Z [swap-event-filter] info: SwapEventFilter destroyed

      at Console.log (node_modules/winston/lib/winston/transports/console.js:87:23)

    console.log
      2026-02-09T10:18:43.402Z [swap-event-filter] info: SwapEventFilter initialized {"config":{"minUsdValue":10,"whaleThreshold":50000,"dedupWindowMs":5000,"aggregationWindowMs":5000,"maxDedupCacheSize":10000,"cleanupIntervalMs":30000}}

      at Console.log (node_modules/winston/lib/winston/transports/console.js:87:23)

    console.log
      2026-02-09T10:18:43.413Z [swap-event-filter] info: SwapEventFilter initialized {"config":{"minUsdValue":10,"whaleThreshold":50000,"dedupWindowMs":5000,"aggregationWindowMs":100,"maxDedupCacheSize":10000,"cleanupIntervalMs":30000}}

      at Console.log (node_modules/winston/lib/winston/transports/console.js:87:23)

    console.log
      2026-02-09T10:18:43.595Z [swap-event-filter] info: SwapEventFilter destroyed

      at Console.log (node_modules/winston/lib/winston/transports/console.js:87:23)

    console.log
      2026-02-09T10:18:43.601Z [swap-event-filter] info: SwapEventFilter destroyed

      at Console.log (node_modules/winston/lib/winston/transports/console.js:87:23)

    console.log
      2026-02-09T10:18:43.611Z [swap-event-filter] info: SwapEventFilter initialized {"config":{"minUsdValue":10,"whaleThreshold":50000,"dedupWindowMs":5000,"aggregationWindowMs":5000,"maxDedupCacheSize":10000,"cleanupIntervalMs":30000}}

      at Console.log (node_modules/winston/lib/winston/transports/console.js:87:23)

    console.log
      2026-02-09T10:18:43.614Z [swap-event-filter] info: SwapEventFilter initialized {"config":{"minUsdValue":10,"whaleThreshold":50000,"dedupWindowMs":5000,"aggregationWindowMs":100,"maxDedupCacheSize":10000,"cleanupIntervalMs":30000}}

      at Console.log (node_modules/winston/lib/winston/transports/console.js:87:23)

    console.log
      2026-02-09T10:18:43.782Z [swap-event-filter] info: SwapEventFilter destroyed

      at Console.log (node_modules/winston/lib/winston/transports/console.js:87:23)

    console.log
      2026-02-09T10:18:43.783Z [swap-event-filter] info: SwapEventFilter destroyed

      at Console.log (node_modules/winston/lib/winston/transports/console.js:87:23)

    console.log
      2026-02-09T10:18:43.789Z [swap-event-filter] info: SwapEventFilter initialized {"config":{"minUsdValue":10,"whaleThreshold":50000,"dedupWindowMs":5000,"aggregationWindowMs":5000,"maxDedupCacheSize":10000,"cleanupIntervalMs":30000}}

      at Console.log (node_modules/winston/lib/winston/transports/console.js:87:23)

    console.log
      2026-02-09T10:18:43.790Z [swap-event-filter] info: SwapEventFilter initialized {"config":{"minUsdValue":10,"whaleThreshold":50000,"dedupWindowMs":5000,"aggregationWindowMs":100,"maxDedupCacheSize":10000,"cleanupIntervalMs":30000}}

      at Console.log (node_modules/winston/lib/winston/transports/console.js:87:23)

    console.log
      2026-02-09T10:18:43.965Z [swap-event-filter] info: SwapEventFilter destroyed

      at Console.log (node_modules/winston/lib/winston/transports/console.js:87:23)

    console.log
      2026-02-09T10:18:43.966Z [swap-event-filter] info: SwapEventFilter destroyed

      at Console.log (node_modules/winston/lib/winston/transports/console.js:87:23)

    console.log
      2026-02-09T10:18:43.982Z [swap-event-filter] info: SwapEventFilter initialized {"config":{"minUsdValue":10,"whaleThreshold":50000,"dedupWindowMs":5000,"aggregationWindowMs":5000,"maxDedupCacheSize":10000,"cleanupIntervalMs":30000}}

      at Console.log (node_modules/winston/lib/winston/transports/console.js:87:23)

    console.log
      2026-02-09T10:18:44.022Z [swap-event-filter] info: SwapEventFilter destroyed

      at Console.log (node_modules/winston/lib/winston/transports/console.js:87:23)

    console.log
      2026-02-09T10:18:44.032Z [swap-event-filter] info: SwapEventFilter initialized {"config":{"minUsdValue":10,"whaleThreshold":50000,"dedupWindowMs":5000,"aggregationWindowMs":5000,"maxDedupCacheSize":10000,"cleanupIntervalMs":30000}}

      at Console.log (node_modules/winston/lib/winston/transports/console.js:87:23)

    console.log
      2026-02-09T10:18:44.036Z [swap-event-filter] info: Whale alert detected {"usdValue":60000,"chain":"ethereum","dex":"uniswap_v3","pair":"0x1234567890123456789012345678901234567890"}

      at Console.log (node_modules/winston/lib/winston/transports/console.js:87:23)

    console.log
      2026-02-09T10:18:44.044Z [swap-event-filter] info: SwapEventFilter destroyed

      at Console.log (node_modules/winston/lib/winston/transports/console.js:87:23)

    console.log
      2026-02-09T10:18:44.046Z [swap-event-filter] info: SwapEventFilter initialized {"config":{"minUsdValue":10,"whaleThreshold":50000,"dedupWindowMs":5000,"aggregationWindowMs":5000,"maxDedupCacheSize":10000,"cleanupIntervalMs":30000}}

      at Console.log (node_modules/winston/lib/winston/transports/console.js:87:23)

    console.log
      2026-02-09T10:18:44.047Z [swap-event-filter] info: Whale alert detected {"usdValue":60000,"chain":"ethereum","dex":"uniswap_v3","pair":"0x1234567890123456789012345678901234567890"}

      at Console.log (node_modules/winston/lib/winston/transports/console.js:87:23)

    console.log
      2026-02-09T10:18:44.055Z [swap-event-filter] info: SwapEventFilter destroyed

      at Console.log (node_modules/winston/lib/winston/transports/console.js:87:23)

    console.log
      2026-02-09T10:18:44.063Z [swap-event-filter] info: SwapEventFilter initialized {"config":{"minUsdValue":10,"whaleThreshold":50000,"dedupWindowMs":5000,"aggregationWindowMs":5000,"maxDedupCacheSize":10000,"cleanupIntervalMs":30000}}

      at Console.log (node_modules/winston/lib/winston/transports/console.js:87:23)

    console.log
      2026-02-09T10:18:44.065Z [swap-event-filter] info: SwapEventFilter destroyed

      at Console.log (node_modules/winston/lib/winston/transports/console.js:87:23)

    console.log
      2026-02-09T10:18:44.074Z [swap-event-filter] info: SwapEventFilter initialized {"config":{"minUsdValue":10,"whaleThreshold":50000,"dedupWindowMs":5000,"aggregationWindowMs":5000,"maxDedupCacheSize":10000,"cleanupIntervalMs":30000}}

      at Console.log (node_modules/winston/lib/winston/transports/console.js:87:23)

    console.log
      2026-02-09T10:18:44.075Z [swap-event-filter] info: Whale alert detected {"usdValue":60000,"chain":"ethereum","dex":"uniswap_v3","pair":"0x1234567890123456789012345678901234567890"}

      at Console.log (node_modules/winston/lib/winston/transports/console.js:87:23)

    console.log
      2026-02-09T10:18:44.087Z [swap-event-filter] info: SwapEventFilter destroyed

      at Console.log (node_modules/winston/lib/winston/transports/console.js:87:23)

    console.log
      2026-02-09T10:18:44.101Z [swap-event-filter] info: SwapEventFilter initialized {"config":{"minUsdValue":10,"whaleThreshold":50000,"dedupWindowMs":5000,"aggregationWindowMs":5000,"maxDedupCacheSize":10000,"cleanupIntervalMs":30000}}

      at Console.log (node_modules/winston/lib/winston/transports/console.js:87:23)

    console.log
      2026-02-09T10:18:44.103Z [swap-event-filter] info: SwapEventFilter destroyed

      at Console.log (node_modules/winston/lib/winston/transports/console.js:87:23)

    console.log
      2026-02-09T10:18:44.112Z [swap-event-filter] info: SwapEventFilter initialized {"config":{"minUsdValue":10,"whaleThreshold":50000,"dedupWindowMs":5000,"aggregationWindowMs":5000,"maxDedupCacheSize":10000,"cleanupIntervalMs":30000}}

      at Console.log (node_modules/winston/lib/winston/transports/console.js:87:23)

    console.log
      2026-02-09T10:18:44.113Z [swap-event-filter] info: SwapEventFilter initialized {"config":{"minUsdValue":10,"whaleThreshold":50000,"dedupWindowMs":5000,"aggregationWindowMs":5000,"maxDedupCacheSize":10000,"cleanupIntervalMs":30000}}

      at Console.log (node_modules/winston/lib/winston/transports/console.js:87:23)

    console.log
      2026-02-09T10:18:44.121Z [swap-event-filter] info: SwapEventFilter destroyed

      at Console.log (node_modules/winston/lib/winston/transports/console.js:87:23)

    console.log
      2026-02-09T10:18:44.122Z [swap-event-filter] info: SwapEventFilter destroyed

      at Console.log (node_modules/winston/lib/winston/transports/console.js:87:23)

    console.log
      2026-02-09T10:18:44.135Z [swap-event-filter] info: SwapEventFilter initialized {"config":{"minUsdValue":10,"whaleThreshold":50000,"dedupWindowMs":5000,"aggregationWindowMs":5000,"maxDedupCacheSize":10000,"cleanupIntervalMs":30000}}

      at Console.log (node_modules/winston/lib/winston/transports/console.js:87:23)

    console.log
      2026-02-09T10:18:44.136Z [swap-event-filter] info: SwapEventFilter initialized {"config":{"minUsdValue":10,"whaleThreshold":50000,"dedupWindowMs":5000,"aggregationWindowMs":5000,"maxDedupCacheSize":10000,"cleanupIntervalMs":30000}}

      at Console.log (node_modules/winston/lib/winston/transports/console.js:87:23)

    console.log
      2026-02-09T10:18:44.148Z [swap-event-filter] info: SwapEventFilter destroyed

      at Console.log (node_modules/winston/lib/winston/transports/console.js:87:23)

    console.log
      2026-02-09T10:18:44.148Z [swap-event-filter] info: SwapEventFilter initialized {"config":{"minUsdValue":10,"whaleThreshold":50000,"dedupWindowMs":5000,"aggregationWindowMs":5000,"maxDedupCacheSize":10000,"cleanupIntervalMs":30000}}

      at Console.log (node_modules/winston/lib/winston/transports/console.js:87:23)

    console.log
      2026-02-09T10:18:44.158Z [swap-event-filter] info: SwapEventFilter destroyed

      at Console.log (node_modules/winston/lib/winston/transports/console.js:87:23)

    console.log
      2026-02-09T10:18:44.159Z [swap-event-filter] info: SwapEventFilter destroyed

      at Console.log (node_modules/winston/lib/winston/transports/console.js:87:23)

    console.log
      2026-02-09T10:18:44.160Z [swap-event-filter] info: SwapEventFilter initialized {"config":{"minUsdValue":10,"whaleThreshold":50000,"dedupWindowMs":5000,"aggregationWindowMs":5000,"maxDedupCacheSize":10000,"cleanupIntervalMs":30000}}

      at Console.log (node_modules/winston/lib/winston/transports/console.js:87:23)

    console.log
      2026-02-09T10:18:44.161Z [swap-event-filter] info: SwapEventFilter initialized {"config":{"minUsdValue":10,"whaleThreshold":50000,"dedupWindowMs":50,"aggregationWindowMs":5000,"maxDedupCacheSize":100,"cleanupIntervalMs":30000}}

      at Console.log (node_modules/winston/lib/winston/transports/console.js:87:23)

    console.log
      2026-02-09T10:18:44.321Z [swap-event-filter] info: SwapEventFilter destroyed

      at Console.log (node_modules/winston/lib/winston/transports/console.js:87:23)

    console.log
      2026-02-09T10:18:44.330Z [swap-event-filter] info: SwapEventFilter destroyed

      at Console.log (node_modules/winston/lib/winston/transports/console.js:87:23)

    console.log
      2026-02-09T10:18:44.333Z [swap-event-filter] info: SwapEventFilter initialized {"config":{"minUsdValue":10,"whaleThreshold":50000,"dedupWindowMs":5000,"aggregationWindowMs":5000,"maxDedupCacheSize":10000,"cleanupIntervalMs":30000}}

      at Console.log (node_modules/winston/lib/winston/transports/console.js:87:23)

    console.log
      2026-02-09T10:18:44.335Z [swap-event-filter] info: SwapEventFilter initialized {"config":{"minUsdValue":10,"whaleThreshold":50000,"dedupWindowMs":5000,"aggregationWindowMs":50,"maxDedupCacheSize":10000,"cleanupIntervalMs":30000}}

      at Console.log (node_modules/winston/lib/winston/transports/console.js:87:23)

    console.log
      2026-02-09T10:18:44.453Z [swap-event-filter] info: SwapEventFilter destroyed

      at Console.log (node_modules/winston/lib/winston/transports/console.js:87:23)

    console.log
      2026-02-09T10:18:44.454Z [swap-event-filter] info: SwapEventFilter destroyed

      at Console.log (node_modules/winston/lib/winston/transports/console.js:87:23)

    console.log
      2026-02-09T10:18:44.455Z [swap-event-filter] info: SwapEventFilter initialized {"config":{"minUsdValue":10,"whaleThreshold":50000,"dedupWindowMs":5000,"aggregationWindowMs":5000,"maxDedupCacheSize":10000,"cleanupIntervalMs":30000}}

      at Console.log (node_modules/winston/lib/winston/transports/console.js:87:23)

    console.log
      2026-02-09T10:18:44.460Z [swap-event-filter] info: SwapEventFilter destroyed

      at Console.log (node_modules/winston/lib/winston/transports/console.js:87:23)

    console.log
      2026-02-09T10:18:44.461Z [swap-event-filter] info: SwapEventFilter initialized {"config":{"minUsdValue":10,"whaleThreshold":50000,"dedupWindowMs":5000,"aggregationWindowMs":5000,"maxDedupCacheSize":10000,"cleanupIntervalMs":30000}}

      at Console.log (node_modules/winston/lib/winston/transports/console.js:87:23)

    console.log
      2026-02-09T10:18:44.465Z [swap-event-filter] info: Whale alert detected {"usdValue":1000000000,"chain":"ethereum","dex":"uniswap_v3","pair":"0x1234567890123456789012345678901234567890"}

      at Console.log (node_modules/winston/lib/winston/transports/console.js:87:23)

    console.log
      2026-02-09T10:18:44.466Z [swap-event-filter] info: SwapEventFilter destroyed

      at Console.log (node_modules/winston/lib/winston/transports/console.js:87:23)

    console.log
      2026-02-09T10:18:44.482Z [swap-event-filter] info: SwapEventFilter initialized {"config":{"minUsdValue":10,"whaleThreshold":50000,"dedupWindowMs":5000,"aggregationWindowMs":5000,"maxDedupCacheSize":10000,"cleanupIntervalMs":30000}}

      at Console.log (node_modules/winston/lib/winston/transports/console.js:87:23)

    console.log
      2026-02-09T10:18:44.488Z [swap-event-filter] info: SwapEventFilter destroyed

      at Console.log (node_modules/winston/lib/winston/transports/console.js:87:23)

    console.log
      2026-02-09T10:18:44.490Z [swap-event-filter] info: SwapEventFilter initialized {"config":{"minUsdValue":10,"whaleThreshold":50000,"dedupWindowMs":5000,"aggregationWindowMs":5000,"maxDedupCacheSize":10000,"cleanupIntervalMs":30000}}

      at Console.log (node_modules/winston/lib/winston/transports/console.js:87:23)

    console.log
      2026-02-09T10:18:44.494Z [swap-event-filter] info: SwapEventFilter destroyed

      at Console.log (node_modules/winston/lib/winston/transports/console.js:87:23)

    console.log
      2026-02-09T10:18:44.499Z [swap-event-filter] info: SwapEventFilter initialized {"config":{"minUsdValue":10,"whaleThreshold":50000,"dedupWindowMs":5000,"aggregationWindowMs":5000,"maxDedupCacheSize":10000,"cleanupIntervalMs":30000}}

      at Console.log (node_modules/winston/lib/winston/transports/console.js:87:23)

    console.log
      2026-02-09T10:18:44.505Z [swap-event-filter] info: SwapEventFilter destroyed

      at Console.log (node_modules/winston/lib/winston/transports/console.js:87:23)

    console.log
      2026-02-09T10:18:44.510Z [swap-event-filter] info: SwapEventFilter initialized {"config":{"minUsdValue":10,"whaleThreshold":50000,"dedupWindowMs":5000,"aggregationWindowMs":5000,"maxDedupCacheSize":10000,"cleanupIntervalMs":30000}}

      at Console.log (node_modules/winston/lib/winston/transports/console.js:87:23)

    console.log
      2026-02-09T10:18:44.511Z [swap-event-filter] info: SwapEventFilter initialized {"config":{"minUsdValue":10,"whaleThreshold":50000,"dedupWindowMs":5000,"aggregationWindowMs":5000,"maxDedupCacheSize":10000,"cleanupIntervalMs":30000}}

      at Console.log (node_modules/winston/lib/winston/transports/console.js:87:23)

    console.log
      2026-02-09T10:18:44.512Z [swap-event-filter] info: SwapEventFilter destroyed

      at Console.log (node_modules/winston/lib/winston/transports/console.js:87:23)

    console.log
      2026-02-09T10:18:44.513Z [swap-event-filter] warn: processEvent called on destroyed filter

      at Console.log (node_modules/winston/lib/winston/transports/console.js:87:23)

    console.log
      2026-02-09T10:18:44.519Z [swap-event-filter] info: SwapEventFilter destroyed

      at Console.log (node_modules/winston/lib/winston/transports/console.js:87:23)

    console.log
      2026-02-09T10:18:44.524Z [swap-event-filter] info: SwapEventFilter initialized {"config":{"minUsdValue":10,"whaleThreshold":50000,"dedupWindowMs":5000,"aggregationWindowMs":5000,"maxDedupCacheSize":10000,"cleanupIntervalMs":30000}}

      at Console.log (node_modules/winston/lib/winston/transports/console.js:87:23)

    console.log
      2026-02-09T10:18:44.525Z [swap-event-filter] info: SwapEventFilter initialized {"config":{"minUsdValue":10,"whaleThreshold":50000,"dedupWindowMs":5000,"aggregationWindowMs":5000,"maxDedupCacheSize":10000,"cleanupIntervalMs":30000}}

      at Console.log (node_modules/winston/lib/winston/transports/console.js:87:23)

    console.log
      2026-02-09T10:18:44.526Z [swap-event-filter] info: Whale alert detected {"usdValue":60000,"chain":"ethereum","dex":"uniswap_v3","pair":"0x1234567890123456789012345678901234567890"}

      at Console.log (node_modules/winston/lib/winston/transports/console.js:87:23)

    console.log
      2026-02-09T10:18:44.530Z [swap-event-filter] info: Whale alert detected {"usdValue":70000,"chain":"ethereum","dex":"uniswap_v3","pair":"0x1234567890123456789012345678901234567890"}

      at Console.log (node_modules/winston/lib/winston/transports/console.js:87:23)

    console.log
      2026-02-09T10:18:44.532Z [swap-event-filter] info: SwapEventFilter destroyed

      at Console.log (node_modules/winston/lib/winston/transports/console.js:87:23)

    console.log
      2026-02-09T10:18:44.547Z [swap-event-filter] info: SwapEventFilter destroyed

      at Console.log (node_modules/winston/lib/winston/transports/console.js:87:23)

    console.log
      2026-02-09T10:18:44.553Z [swap-event-filter] info: SwapEventFilter initialized {"config":{"minUsdValue":10,"whaleThreshold":50000,"dedupWindowMs":5000,"aggregationWindowMs":5000,"maxDedupCacheSize":10000,"cleanupIntervalMs":30000}}

      at Console.log (node_modules/winston/lib/winston/transports/console.js:87:23)

    console.log
      2026-02-09T10:18:44.554Z [swap-event-filter] info: SwapEventFilter initialized {"config":{"minUsdValue":10,"whaleThreshold":50000,"dedupWindowMs":5000,"aggregationWindowMs":50,"maxDedupCacheSize":10000,"cleanupIntervalMs":30000}}

      at Console.log (node_modules/winston/lib/winston/transports/console.js:87:23)

    console.log
      2026-02-09T10:18:44.724Z [swap-event-filter] info: SwapEventFilter destroyed

      at Console.log (node_modules/winston/lib/winston/transports/console.js:87:23)

    console.log
      2026-02-09T10:18:44.729Z [swap-event-filter] info: SwapEventFilter destroyed

      at Console.log (node_modules/winston/lib/winston/transports/console.js:87:23)

    console.log
      2026-02-09T10:18:44.731Z [swap-event-filter] info: SwapEventFilter initialized {"config":{"minUsdValue":10,"whaleThreshold":50000,"dedupWindowMs":5000,"aggregationWindowMs":5000,"maxDedupCacheSize":10000,"cleanupIntervalMs":30000}}

      at Console.log (node_modules/winston/lib/winston/transports/console.js:87:23)

    console.log
      2026-02-09T10:18:44.735Z [swap-event-filter] info: Whale alert detected {"usdValue":60000,"chain":"ethereum","dex":"uniswap_v3","pair":"0x1234567890123456789012345678901234567890"}

      at Console.log (node_modules/winston/lib/winston/transports/console.js:87:23)

    console.log
      2026-02-09T10:18:44.736Z [swap-event-filter] info: SwapEventFilter destroyed

      at Console.log (node_modules/winston/lib/winston/transports/console.js:87:23)

    console.log
      2026-02-09T10:18:44.740Z [swap-event-filter] info: SwapEventFilter initialized {"config":{"minUsdValue":10,"whaleThreshold":50000,"dedupWindowMs":5000,"aggregationWindowMs":5000,"maxDedupCacheSize":10000,"cleanupIntervalMs":30000}}

      at Console.log (node_modules/winston/lib/winston/transports/console.js:87:23)

    console.log
      2026-02-09T10:18:44.743Z [swap-event-filter] info: SwapEventFilter destroyed

      at Console.log (node_modules/winston/lib/winston/transports/console.js:87:23)

    console.log
      2026-02-09T10:18:44.744Z [swap-event-filter] info: SwapEventFilter initialized {"config":{"minUsdValue":10,"whaleThreshold":50000,"dedupWindowMs":5000,"aggregationWindowMs":50,"maxDedupCacheSize":10000,"cleanupIntervalMs":30000}}

      at Console.log (node_modules/winston/lib/winston/transports/console.js:87:23)

    console.log
      2026-02-09T10:18:44.857Z [swap-event-filter] info: SwapEventFilter destroyed

      at Console.log (node_modules/winston/lib/winston/transports/console.js:87:23)

    console.log
      2026-02-09T10:18:44.861Z [swap-event-filter] info: SwapEventFilter initialized {"config":{"minUsdValue":10,"whaleThreshold":50000,"dedupWindowMs":5000,"aggregationWindowMs":5000,"maxDedupCacheSize":10000,"cleanupIntervalMs":30000}}

      at Console.log (node_modules/winston/lib/winston/transports/console.js:87:23)

    console.log
      2026-02-09T10:18:44.866Z [swap-event-filter] info: Whale alert detected {"usdValue":100000,"chain":"ethereum","dex":"uniswap_v3","pair":"0x1234567890123456789012345678901234567890"}

      at Console.log (node_modules/winston/lib/winston/transports/console.js:87:23)

    console.log
      2026-02-09T10:18:44.868Z [swap-event-filter] info: SwapEventFilter destroyed

      at Console.log (node_modules/winston/lib/winston/transports/console.js:87:23)

PASS unit shared/core/__tests__/unit/stream-health-monitor.test.ts (5.92 s)
FAIL unit shared/core/__tests__/unit/shared-key-registry-concurrency.test.ts
  ● Console

    console.log
      2026-02-09T10:18:48.867Z [shared-key-registry] info: SharedKeyRegistry created {"maxKeys":100,"slotSize":64,"bufferSize":6404}

      at Console.log (node_modules/winston/lib/winston/transports/console.js:87:23)

    console.log
      2026-02-09T10:18:48.920Z [shared-key-registry] info: SharedKeyRegistry created {"maxKeys":100,"slotSize":64,"bufferSize":6404}

      at Console.log (node_modules/winston/lib/winston/transports/console.js:87:23)

    console.log
      2026-02-09T10:18:48.926Z [shared-key-registry] info: SharedKeyRegistry created {"maxKeys":5,"slotSize":64,"bufferSize":324}

      at Console.log (node_modules/winston/lib/winston/transports/console.js:87:23)

    console.log
      2026-02-09T10:18:48.931Z [shared-key-registry] warn: SharedKeyRegistry is full {"maxKeys":5,"currentCount":5}

      at Console.log (node_modules/winston/lib/winston/transports/console.js:87:23)

    console.log
      2026-02-09T10:18:48.939Z [shared-key-registry] info: SharedKeyRegistry created {"maxKeys":1000,"slotSize":64,"bufferSize":64004}

      at Console.log (node_modules/winston/lib/winston/transports/console.js:87:23)

    console.log
      Registration latency: 477.541μs average

      at Object.<anonymous> (shared/core/__tests__/unit/shared-key-registry-concurrency.test.ts:97:15)

    console.log
      2026-02-09T10:18:49.316Z [shared-key-registry] info: SharedKeyRegistry created {"maxKeys":100,"slotSize":64,"bufferSize":6404}

      at Console.log (node_modules/winston/lib/winston/transports/console.js:87:23)

    console.log
      2026-02-09T10:18:49.328Z [shared-key-registry] info: SharedKeyRegistry created {"maxKeys":50,"slotSize":64,"bufferSize":3204}

      at Console.log (node_modules/winston/lib/winston/transports/console.js:87:23)

    console.log
      2026-02-09T10:18:49.354Z [shared-key-registry] info: SharedKeyRegistry created {"maxKeys":10,"slotSize":64,"bufferSize":644}

      at Console.log (node_modules/winston/lib/winston/transports/console.js:87:23)

    console.log
      2026-02-09T10:18:49.355Z [shared-key-registry] warn: Key too large for registry {"key":"xxxxxxxxxxxxxxxxxxxxxxxxxxxxxxxxxxxxxxxxxxxxxxxxxxxxxxxxxxxxx","keyBytes":61,"maxBytes":60}

      at Console.log (node_modules/winston/lib/winston/transports/console.js:87:23)

    console.log
      2026-02-09T10:18:49.357Z [shared-key-registry] info: SharedKeyRegistry created {"maxKeys":10,"slotSize":64,"bufferSize":644}

      at Console.log (node_modules/winston/lib/winston/transports/console.js:87:23)

    console.log
      2026-02-09T10:18:49.360Z [shared-key-registry] warn: Key too large for registry {"key":"😀😀😀😀😀😀😀😀😀😀😀😀😀😀😀😀😀😀😀😀","keyBytes":80,"maxBytes":60}

      at Console.log (node_modules/winston/lib/winston/transports/console.js:87:23)

    console.log
      2026-02-09T10:18:49.361Z [shared-key-registry] info: SharedKeyRegistry created {"maxKeys":100,"slotSize":64,"bufferSize":6404}

      at Console.log (node_modules/winston/lib/winston/transports/console.js:87:23)

    console.log
      2026-02-09T10:18:49.417Z [shared-key-registry] info: SharedKeyRegistry created {"maxKeys":10,"slotSize":64,"bufferSize":644}

      at Console.log (node_modules/winston/lib/winston/transports/console.js:87:23)

  ● SharedKeyRegistry: Concurrent Registration (P0 Fix) › Race condition prevention › should handle rapid sequential registrations

    expect(received).toBeLessThan(expected)

    Expected: < 100
    Received:   477.541

    [0m [90m  99 |[39m       [90m// Should be fast (< 100μs per registration with CAS loop overhead)[39m
     [90m 100 |[39m       [90m// Note: CAS loop adds thread-safety overhead vs simple increment[39m
    [31m[1m>[22m[39m[90m 101 |[39m       expect(avgLatencyUs)[33m.[39mtoBeLessThan([35m100[39m)[33m;[39m
     [90m     |[39m                            [31m[1m^[22m[39m
     [90m 102 |[39m
     [90m 103 |[39m       [90m// Verify all registered correctly[39m
     [90m 104 |[39m       [36mconst[39m stats [33m=[39m registry[33m.[39mgetStats()[33m;[39m[0m

      at Object.<anonymous> (shared/core/__tests__/unit/shared-key-registry-concurrency.test.ts:101:28)

PASS unit shared/core/__tests__/unit/service-state.test.ts (5.393 s)
PASS unit shared/core/__tests__/unit/tier2-optimizations.test.ts (17.993 s)
  ● Console

    console.log
      2026-02-09T10:18:42.319Z [hierarchical-cache] info: Hierarchical cache initialized {"l1Enabled":false,"l2Enabled":false,"l3Enabled":true,"l1Size":64,"predictiveWarmingEnabled":false,"usePriceMatrix":true,"l1Implementation":"PriceMatrix"}

      at Console.log (node_modules/winston/lib/winston/transports/console.js:87:23)

    console.log
      2026-02-09T10:18:42.517Z [hierarchical-cache] info: Hierarchical cache initialized {"l1Enabled":false,"l2Enabled":false,"l3Enabled":true,"l1Size":64,"predictiveWarmingEnabled":false,"usePriceMatrix":true,"l1Implementation":"PriceMatrix"}

      at Console.log (node_modules/winston/lib/winston/transports/console.js:87:23)

    console.log
      2026-02-09T10:18:42.532Z [hierarchical-cache] info: Hierarchical cache initialized {"l1Enabled":false,"l2Enabled":false,"l3Enabled":true,"l1Size":64,"predictiveWarmingEnabled":false,"usePriceMatrix":true,"l1Implementation":"PriceMatrix"}

      at Console.log (node_modules/winston/lib/winston/transports/console.js:87:23)

    console.log
      2026-02-09T10:18:42.541Z [hierarchical-cache] info: Hierarchical cache initialized {"l1Enabled":false,"l2Enabled":false,"l3Enabled":true,"l1Size":64,"predictiveWarmingEnabled":false,"usePriceMatrix":true,"l1Implementation":"PriceMatrix"}

      at Console.log (node_modules/winston/lib/winston/transports/console.js:87:23)

    console.log
      2026-02-09T10:18:42.550Z [hierarchical-cache] info: Hierarchical cache initialized {"l1Enabled":false,"l2Enabled":false,"l3Enabled":true,"l1Size":64,"predictiveWarmingEnabled":false,"usePriceMatrix":true,"l1Implementation":"PriceMatrix"}

      at Console.log (node_modules/winston/lib/winston/transports/console.js:87:23)

    console.log
      2026-02-09T10:18:42.559Z [hierarchical-cache] info: Hierarchical cache initialized {"l1Enabled":false,"l2Enabled":false,"l3Enabled":true,"l1Size":64,"predictiveWarmingEnabled":false,"usePriceMatrix":true,"l1Implementation":"PriceMatrix"}

      at Console.log (node_modules/winston/lib/winston/transports/console.js:87:23)

    console.log
      2026-02-09T10:18:42.586Z [hierarchical-cache] info: Hierarchical cache initialized {"l1Enabled":false,"l2Enabled":false,"l3Enabled":true,"l1Size":64,"predictiveWarmingEnabled":false,"usePriceMatrix":true,"l1Implementation":"PriceMatrix"}

      at Console.log (node_modules/winston/lib/winston/transports/console.js:87:23)

    console.log
      2026-02-09T10:18:42.623Z [hierarchical-cache] info: Hierarchical cache initialized {"l1Enabled":false,"l2Enabled":false,"l3Enabled":true,"l1Size":64,"predictiveWarmingEnabled":false,"usePriceMatrix":true,"l1Implementation":"PriceMatrix"}

      at Console.log (node_modules/winston/lib/winston/transports/console.js:87:23)

    console.log
      L3 eviction performance: 28.99ms for 1000 evictions (0.029ms/op)

      at Object.<anonymous> (shared/core/__tests__/unit/tier2-optimizations.test.ts:409:15)

    console.log
      2026-02-09T10:18:42.718Z [hierarchical-cache] info: Hierarchical cache initialized {"l1Enabled":false,"l2Enabled":false,"l3Enabled":true,"l1Size":64,"predictiveWarmingEnabled":false,"usePriceMatrix":true,"l1Implementation":"PriceMatrix"}

      at Console.log (node_modules/winston/lib/winston/transports/console.js:87:23)

    console.log
      2026-02-09T10:18:42.720Z [hierarchical-cache] info: Hierarchical cache initialized {"l1Enabled":false,"l2Enabled":false,"l3Enabled":true,"l1Size":64,"predictiveWarmingEnabled":false,"usePriceMatrix":true,"l1Implementation":"PriceMatrix"}

      at Console.log (node_modules/winston/lib/winston/transports/console.js:87:23)

    console.log
      2026-02-09T10:18:42.729Z [hierarchical-cache] info: Hierarchical cache initialized {"l1Enabled":false,"l2Enabled":false,"l3Enabled":true,"l1Size":64,"predictiveWarmingEnabled":false,"usePriceMatrix":true,"l1Implementation":"PriceMatrix"}

      at Console.log (node_modules/winston/lib/winston/transports/console.js:87:23)

    console.log
      2026-02-09T10:18:52.060Z [shared-key-registry] info: SharedKeyRegistry created {"maxKeys":12303291,"slotSize":64,"bufferSize":787410628}

      at Console.log (node_modules/winston/lib/winston/transports/console.js:87:23)

    console.log
      2026-02-09T10:18:52.095Z [price-matrix] info: PriceMatrix initialized {"maxPairs":11184810,"totalSlots":12303291,"useSharedMemory":true,"keyRegistryEnabled":true}

      at Console.log (node_modules/winston/lib/winston/transports/console.js:87:23)

    console.log
      2026-02-09T10:18:52.112Z [hierarchical-cache] info: Hierarchical cache initialized {"l1Enabled":true,"l2Enabled":true,"l3Enabled":true,"l1Size":128,"predictiveWarmingEnabled":false,"usePriceMatrix":true,"l1Implementation":"PriceMatrix"}

      at Console.log (node_modules/winston/lib/winston/transports/console.js:87:23)

    console.log
      2026-02-09T10:18:52.115Z [cross-dex-triangular-arbitrage] info: Found 0 quadrilateral arbitrage opportunities {"chain":"ethereum","totalPools":11,"processingTime":1,"profitRange":"N/A"}

      at Console.log (node_modules/winston/lib/winston/transports/console.js:87:23)

    console.log
      2026-02-09T10:18:52.198Z [redis-client] error: Redis main client error {"error":{"code":"ECONNREFUSED"}}

      at Console.log (node_modules/winston/lib/winston/transports/console.js:87:23)

    console.log
      2026-02-09T10:18:52.325Z [redis-client] error: Redis main client error {"error":{"code":"ECONNREFUSED"}}

      at Console.log (node_modules/winston/lib/winston/transports/console.js:87:23)

    console.log
      2026-02-09T10:18:52.443Z [redis-client] error: Redis main client error {"error":{"code":"ECONNREFUSED"}}

      at Console.log (node_modules/winston/lib/winston/transports/console.js:87:23)

    console.log
      2026-02-09T10:18:52.627Z [redis-client] error: Redis main client error {"error":{"code":"ECONNREFUSED"}}

      at Console.log (node_modules/winston/lib/winston/transports/console.js:87:23)

    console.log
      2026-02-09T10:18:52.642Z [cross-dex-triangular-arbitrage] info: Found 0 quadrilateral arbitrage opportunities {"chain":"ethereum","totalPools":11,"processingTime":0,"profitRange":"N/A"}

      at Console.log (node_modules/winston/lib/winston/transports/console.js:87:23)

    console.log
      2026-02-09T10:18:52.644Z [cross-dex-triangular-arbitrage] info: Found 0 quadrilateral arbitrage opportunities {"chain":"ethereum","totalPools":11,"processingTime":0,"profitRange":"N/A"}

      at Console.log (node_modules/winston/lib/winston/transports/console.js:87:23)

    console.log
      2026-02-09T10:18:52.653Z [cross-dex-triangular-arbitrage] info: Found 0 quadrilateral arbitrage opportunities {"chain":"ethereum","totalPools":11,"processingTime":0,"profitRange":"N/A"}

      at Console.log (node_modules/winston/lib/winston/transports/console.js:87:23)

    console.log
      2026-02-09T10:18:52.665Z [cross-dex-triangular-arbitrage] info: Found 0 quadrilateral arbitrage opportunities {"chain":"ethereum","totalPools":11,"processingTime":0,"profitRange":"N/A"}

      at Console.log (node_modules/winston/lib/winston/transports/console.js:87:23)

    console.log
      2026-02-09T10:18:52.690Z [cross-dex-triangular-arbitrage] info: Found 0 quadrilateral arbitrage opportunities {"chain":"ethereum","totalPools":11,"processingTime":0,"profitRange":"N/A"}

      at Console.log (node_modules/winston/lib/winston/transports/console.js:87:23)

    console.log
      2026-02-09T10:18:52.727Z [cross-dex-triangular-arbitrage] info: Found 0 quadrilateral arbitrage opportunities {"chain":"ethereum","totalPools":11,"processingTime":0,"profitRange":"N/A"}

      at Console.log (node_modules/winston/lib/winston/transports/console.js:87:23)

    console.log
      Quadrilateral detection time: 0.90ms

      at Object.<anonymous> (shared/core/__tests__/unit/tier2-optimizations.test.ts:686:15)

    console.log
      2026-02-09T10:18:52.756Z [cross-dex-triangular-arbitrage] info: Found 0 quadrilateral arbitrage opportunities {"chain":"ethereum","totalPools":110,"processingTime":0,"profitRange":"N/A"}

      at Console.log (node_modules/winston/lib/winston/transports/console.js:87:23)

    console.log
      Large pool detection (110 pools): 32.86ms

      at Object.<anonymous> (shared/core/__tests__/unit/tier2-optimizations.test.ts:719:15)

    console.log
      2026-02-09T10:18:52.791Z [cross-dex-triangular-arbitrage] info: Found 0 triangular arbitrage opportunities {"chain":"ethereum","totalPools":11,"processingTime":1,"profitRange":"N/A"}

      at Console.log (node_modules/winston/lib/winston/transports/console.js:87:23)

    console.log
      2026-02-09T10:18:52.797Z [cross-dex-triangular-arbitrage] info: Found 0 quadrilateral arbitrage opportunities {"chain":"ethereum","totalPools":11,"processingTime":0,"profitRange":"N/A"}

      at Console.log (node_modules/winston/lib/winston/transports/console.js:87:23)

    console.log
      2026-02-09T10:18:52.812Z [cross-dex-triangular-arbitrage] info: Found 0 triangular arbitrage opportunities {"chain":"ethereum","totalPools":11,"processingTime":0,"profitRange":"N/A"}

      at Console.log (node_modules/winston/lib/winston/transports/console.js:87:23)

    console.log
      2026-02-09T10:18:52.813Z [cross-dex-triangular-arbitrage] info: Found 0 quadrilateral arbitrage opportunities {"chain":"ethereum","totalPools":11,"processingTime":0,"profitRange":"N/A"}

      at Console.log (node_modules/winston/lib/winston/transports/console.js:87:23)

    console.log
      2026-02-09T10:18:53.126Z [cross-dex-triangular-arbitrage] info: Found 0 quadrilateral arbitrage opportunities {"chain":"ethereum","totalPools":11,"processingTime":1,"profitRange":"N/A"}

      at Console.log (node_modules/winston/lib/winston/transports/console.js:87:23)

    console.log
      2026-02-09T10:18:53.184Z [price-momentum] info: PriceMomentumTracker initialized {"windowSize":100,"emaPeriods":[5,15,60]}

      at Console.log (node_modules/winston/lib/winston/transports/console.js:87:23)

    console.log
      2026-02-09T10:18:53.200Z [price-momentum] info: PriceMomentumTracker initialized {"windowSize":100,"emaPeriods":[5,15,60]}

      at Console.log (node_modules/winston/lib/winston/transports/console.js:87:23)

    console.log
      2026-02-09T10:18:53.203Z [price-momentum] info: PriceMomentumTracker initialized {"windowSize":100,"emaPeriods":[5,15,60]}

      at Console.log (node_modules/winston/lib/winston/transports/console.js:87:23)

    console.log
      2026-02-09T10:18:53.204Z [price-momentum] info: PriceMomentumTracker initialized {"windowSize":100,"emaPeriods":[5,15,60]}

      at Console.log (node_modules/winston/lib/winston/transports/console.js:87:23)

    console.log
      2026-02-09T10:18:53.207Z [price-momentum] info: PriceMomentumTracker initialized {"windowSize":100,"emaPeriods":[5,15,60]}

      at Console.log (node_modules/winston/lib/winston/transports/console.js:87:23)

    console.log
      2026-02-09T10:18:53.209Z [price-momentum] info: PriceMomentumTracker initialized {"windowSize":100,"emaPeriods":[5,15,60]}

      at Console.log (node_modules/winston/lib/winston/transports/console.js:87:23)

    console.log
      2026-02-09T10:18:53.211Z [price-momentum] info: PriceMomentumTracker initialized {"windowSize":100,"emaPeriods":[5,15,60]}

      at Console.log (node_modules/winston/lib/winston/transports/console.js:87:23)

    console.log
      2026-02-09T10:18:53.213Z [price-momentum] info: PriceMomentumTracker initialized {"windowSize":100,"emaPeriods":[5,15,60]}

      at Console.log (node_modules/winston/lib/winston/transports/console.js:87:23)

    console.log
      2026-02-09T10:18:53.215Z [price-momentum] info: PriceMomentumTracker initialized {"windowSize":100,"emaPeriods":[5,15,60]}

      at Console.log (node_modules/winston/lib/winston/transports/console.js:87:23)

    console.log
      2026-02-09T10:18:53.218Z [price-momentum] info: PriceMomentumTracker initialized {"windowSize":100,"emaPeriods":[5,15,60]}

      at Console.log (node_modules/winston/lib/winston/transports/console.js:87:23)

    console.log
      2026-02-09T10:18:53.222Z [price-momentum] info: PriceMomentumTracker initialized {"windowSize":100,"emaPeriods":[5,15,60]}

      at Console.log (node_modules/winston/lib/winston/transports/console.js:87:23)

    console.log
      2026-02-09T10:18:53.223Z [price-momentum] info: PriceMomentumTracker initialized {"windowSize":100,"emaPeriods":[5,15,60]}

      at Console.log (node_modules/winston/lib/winston/transports/console.js:87:23)

    console.log
      2026-02-09T10:18:53.231Z [price-momentum] info: PriceMomentumTracker initialized {"windowSize":100,"emaPeriods":[5,15,60]}

      at Console.log (node_modules/winston/lib/winston/transports/console.js:87:23)

    console.log
      2026-02-09T10:18:53.234Z [price-momentum] info: PriceMomentumTracker initialized {"windowSize":100,"emaPeriods":[5,15,60]}

      at Console.log (node_modules/winston/lib/winston/transports/console.js:87:23)

    console.log
      2026-02-09T10:18:53.236Z [price-momentum] info: PriceMomentumTracker initialized {"windowSize":100,"emaPeriods":[5,15,60]}

      at Console.log (node_modules/winston/lib/winston/transports/console.js:87:23)

    console.log
      2026-02-09T10:18:53.245Z [price-momentum] info: PriceMomentumTracker initialized {"windowSize":100,"emaPeriods":[5,15,60]}

      at Console.log (node_modules/winston/lib/winston/transports/console.js:87:23)

    console.log
      2026-02-09T10:18:53.250Z [price-momentum] info: PriceMomentumTracker initialized {"windowSize":100,"emaPeriods":[5,15,60]}

      at Console.log (node_modules/winston/lib/winston/transports/console.js:87:23)

    console.log
      2026-02-09T10:18:53.251Z [price-momentum] info: PriceMomentumTracker initialized {"windowSize":100,"emaPeriods":[5,15,60]}

      at Console.log (node_modules/winston/lib/winston/transports/console.js:87:23)

    console.log
      2026-02-09T10:18:53.258Z [price-momentum] info: PriceMomentumTracker initialized {"windowSize":100,"emaPeriods":[5,15,60]}

      at Console.log (node_modules/winston/lib/winston/transports/console.js:87:23)

    console.log
      2026-02-09T10:18:53.262Z [price-momentum] info: PriceMomentumTracker initialized {"windowSize":100,"emaPeriods":[5,15,60]}

      at Console.log (node_modules/winston/lib/winston/transports/console.js:87:23)

    console.log
      2026-02-09T10:18:53.263Z [price-momentum] info: PriceMomentumTracker initialized {"windowSize":100,"emaPeriods":[5,15,60]}

      at Console.log (node_modules/winston/lib/winston/transports/console.js:87:23)

    console.log
      2026-02-09T10:18:53.268Z [price-momentum] info: PriceMomentumTracker initialized {"windowSize":100,"emaPeriods":[5,15,60]}

      at Console.log (node_modules/winston/lib/winston/transports/console.js:87:23)

    console.log
      2026-02-09T10:18:53.275Z [price-momentum] info: PriceMomentumTracker initialized {"windowSize":100,"emaPeriods":[5,15,60]}

      at Console.log (node_modules/winston/lib/winston/transports/console.js:87:23)

    console.log
      2026-02-09T10:18:53.283Z [price-momentum] info: PriceMomentumTracker initialized {"windowSize":100,"emaPeriods":[5,15,60]}

      at Console.log (node_modules/winston/lib/winston/transports/console.js:87:23)

    console.log
      10k price updates processed in 62.83ms

      at Object.<anonymous> (shared/core/__tests__/unit/tier2-optimizations.test.ts:1122:15)

    console.log
      2026-02-09T10:18:53.348Z [price-momentum] info: PriceMomentumTracker initialized {"windowSize":100,"emaPeriods":[5,15,60]}

      at Console.log (node_modules/winston/lib/winston/transports/console.js:87:23)

    console.log
      1k signal calculations in 170.35ms (0.170ms/op)

      at Object.<anonymous> (shared/core/__tests__/unit/tier2-optimizations.test.ts:1142:15)

    console.log
      2026-02-09T10:18:53.549Z [price-momentum] info: PriceMomentumTracker initialized {"windowSize":100,"emaPeriods":[5,15,60]}

      at Console.log (node_modules/winston/lib/winston/transports/console.js:87:23)

    console.log
      2026-02-09T10:18:53.645Z [ml-opportunity-scorer] info: MLOpportunityScorer initialized {"mlWeight":0.3,"baseWeight":0.7,"minMLConfidence":0.5}

      at Console.log (node_modules/winston/lib/winston/transports/console.js:87:23)

    console.log
      2026-02-09T10:18:53.654Z [ml-opportunity-scorer] info: MLOpportunityScorer initialized {"mlWeight":0.3,"baseWeight":0.7,"minMLConfidence":0.5}

      at Console.log (node_modules/winston/lib/winston/transports/console.js:87:23)

    console.log
      2026-02-09T10:18:53.655Z [ml-opportunity-scorer] info: MLOpportunityScorer initialized {"mlWeight":0.3,"baseWeight":0.7,"minMLConfidence":0.5}

      at Console.log (node_modules/winston/lib/winston/transports/console.js:87:23)

    console.log
      2026-02-09T10:18:53.662Z [ml-opportunity-scorer] info: MLOpportunityScorer initialized {"mlWeight":0.3,"baseWeight":0.7,"minMLConfidence":0.5}

      at Console.log (node_modules/winston/lib/winston/transports/console.js:87:23)

    console.log
      2026-02-09T10:18:53.664Z [ml-opportunity-scorer] info: MLOpportunityScorer initialized {"mlWeight":0.3,"baseWeight":0.7,"minMLConfidence":0.5}

      at Console.log (node_modules/winston/lib/winston/transports/console.js:87:23)

    console.log
      2026-02-09T10:18:53.686Z [ml-opportunity-scorer] info: MLOpportunityScorer initialized {"mlWeight":0.3,"baseWeight":0.7,"minMLConfidence":0.5}

      at Console.log (node_modules/winston/lib/winston/transports/console.js:87:23)

    console.log
      2026-02-09T10:18:53.687Z [ml-opportunity-scorer] info: MLOpportunityScorer initialized {"mlWeight":0.3,"baseWeight":0.7,"minMLConfidence":0.5}

      at Console.log (node_modules/winston/lib/winston/transports/console.js:87:23)

    console.log
      2026-02-09T10:18:53.689Z [ml-opportunity-scorer] info: MLOpportunityScorer initialized {"mlWeight":0.3,"baseWeight":0.7,"minMLConfidence":0.5}

      at Console.log (node_modules/winston/lib/winston/transports/console.js:87:23)

    console.log
      2026-02-09T10:18:53.690Z [ml-opportunity-scorer] info: MLOpportunityScorer initialized {"mlWeight":0.3,"baseWeight":0.7,"minMLConfidence":0.5}

      at Console.log (node_modules/winston/lib/winston/transports/console.js:87:23)

    console.log
      2026-02-09T10:18:53.690Z [ml-opportunity-scorer] info: MLOpportunityScorer initialized {"mlWeight":0.3,"baseWeight":0.7,"minMLConfidence":0.5}

      at Console.log (node_modules/winston/lib/winston/transports/console.js:87:23)

    console.log
      2026-02-09T10:18:53.691Z [ml-opportunity-scorer] info: MLOpportunityScorer initialized {"mlWeight":0.5,"baseWeight":0.5,"minMLConfidence":0.5}

      at Console.log (node_modules/winston/lib/winston/transports/console.js:87:23)

    console.log
      2026-02-09T10:18:53.692Z [ml-opportunity-scorer] info: MLOpportunityScorer initialized {"mlWeight":0.3,"baseWeight":0.7,"minMLConfidence":0.5}

      at Console.log (node_modules/winston/lib/winston/transports/console.js:87:23)

    console.log
      2026-02-09T10:18:53.693Z [ml-opportunity-scorer] info: MLOpportunityScorer initialized {"mlWeight":0.3,"baseWeight":0.7,"minMLConfidence":0.5}

      at Console.log (node_modules/winston/lib/winston/transports/console.js:87:23)

    console.log
      2026-02-09T10:18:53.703Z [ml-opportunity-scorer] info: MLOpportunityScorer initialized {"mlWeight":0.3,"baseWeight":0.7,"minMLConfidence":0.5}

      at Console.log (node_modules/winston/lib/winston/transports/console.js:87:23)

    console.log
      2026-02-09T10:18:53.719Z [ml-opportunity-scorer] info: MLOpportunityScorer initialized {"mlWeight":0.3,"baseWeight":0.7,"minMLConfidence":0.5}

      at Console.log (node_modules/winston/lib/winston/transports/console.js:87:23)

    console.log
      2026-02-09T10:18:53.725Z [ml-opportunity-scorer] info: MLOpportunityScorer initialized {"mlWeight":0.3,"baseWeight":0.7,"minMLConfidence":0.5}

      at Console.log (node_modules/winston/lib/winston/transports/console.js:87:23)

    console.log
      2026-02-09T10:18:53.726Z [ml-opportunity-scorer] info: MLOpportunityScorer initialized {"mlWeight":0.3,"baseWeight":0.7,"minMLConfidence":0.5}

      at Console.log (node_modules/winston/lib/winston/transports/console.js:87:23)

    console.log
      2026-02-09T10:18:53.727Z [ml-opportunity-scorer] info: MLOpportunityScorer initialized {"mlWeight":0.3,"baseWeight":0.7,"minMLConfidence":0.5}

      at Console.log (node_modules/winston/lib/winston/transports/console.js:87:23)

    console.log
      2026-02-09T10:18:53.728Z [ml-opportunity-scorer] warn: ML and base weights do not sum to 1, normalizing {"mlWeight":0.4,"baseWeight":0.8}

      at Console.log (node_modules/winston/lib/winston/transports/console.js:87:23)

    console.log
      2026-02-09T10:18:53.728Z [ml-opportunity-scorer] info: MLOpportunityScorer initialized {"mlWeight":0.3333333333333333,"baseWeight":0.6666666666666666,"minMLConfidence":0.5}

      at Console.log (node_modules/winston/lib/winston/transports/console.js:87:23)

    console.log
      2026-02-09T10:18:53.730Z [ml-opportunity-scorer] info: MLOpportunityScorer initialized {"mlWeight":0.3,"baseWeight":0.7,"minMLConfidence":0.5}

      at Console.log (node_modules/winston/lib/winston/transports/console.js:87:23)

    console.log
      2026-02-09T10:18:53.731Z [ml-opportunity-scorer] info: MLOpportunityScorer initialized {"mlWeight":0.5,"baseWeight":0.5,"minMLConfidence":0.5}

      at Console.log (node_modules/winston/lib/winston/transports/console.js:87:23)

    console.log
      2026-02-09T10:18:53.731Z [ml-opportunity-scorer] info: MLOpportunityScorer initialized {"mlWeight":0.3,"baseWeight":0.7,"minMLConfidence":0.5}

      at Console.log (node_modules/winston/lib/winston/transports/console.js:87:23)

    console.log
      2026-02-09T10:18:53.732Z [ml-opportunity-scorer] info: MLOpportunityScorer initialized {"mlWeight":0.3,"baseWeight":0.7,"minMLConfidence":0.5}

      at Console.log (node_modules/winston/lib/winston/transports/console.js:87:23)

    console.log
      2026-02-09T10:18:53.733Z [ml-opportunity-scorer] info: MLOpportunityScorer initialized {"mlWeight":0.3,"baseWeight":0.7,"minMLConfidence":0.5}

      at Console.log (node_modules/winston/lib/winston/transports/console.js:87:23)

    console.log
      2026-02-09T10:18:53.733Z [ml-opportunity-scorer] info: MLOpportunityScorer initialized {"mlWeight":0.3,"baseWeight":0.7,"minMLConfidence":0.5}

      at Console.log (node_modules/winston/lib/winston/transports/console.js:87:23)

    console.log
      2026-02-09T10:18:53.734Z [ml-opportunity-scorer] info: MLOpportunityScorer initialized {"mlWeight":0.3,"baseWeight":0.7,"minMLConfidence":0.5}

      at Console.log (node_modules/winston/lib/winston/transports/console.js:87:23)

    console.log
      2026-02-09T10:18:53.735Z [ml-opportunity-scorer] info: MLOpportunityScorer initialized {"mlWeight":0.3,"baseWeight":0.7,"minMLConfidence":0.5}

      at Console.log (node_modules/winston/lib/winston/transports/console.js:87:23)

    console.log
      2026-02-09T10:18:53.736Z [ml-opportunity-scorer] info: MLOpportunityScorer initialized {"mlWeight":0.3,"baseWeight":0.7,"minMLConfidence":0.5}

      at Console.log (node_modules/winston/lib/winston/transports/console.js:87:23)

    console.log
      2026-02-09T10:18:53.737Z [ml-opportunity-scorer] info: MLOpportunityScorer initialized {"mlWeight":0.3,"baseWeight":0.7,"minMLConfidence":0.5}

      at Console.log (node_modules/winston/lib/winston/transports/console.js:87:23)

    console.log
      2026-02-09T10:18:53.738Z [ml-opportunity-scorer] info: MLOpportunityScorer initialized {"mlWeight":0.3,"baseWeight":0.7,"minMLConfidence":0.5}

      at Console.log (node_modules/winston/lib/winston/transports/console.js:87:23)

    console.log
      2026-02-09T10:18:53.738Z [ml-opportunity-scorer] info: MLOpportunityScorer initialized {"mlWeight":0.3,"baseWeight":0.7,"minMLConfidence":0.5}

      at Console.log (node_modules/winston/lib/winston/transports/console.js:87:23)

    console.log
      2026-02-09T10:18:53.739Z [ml-opportunity-scorer] info: MLOpportunityScorer initialized {"mlWeight":0.3,"baseWeight":0.7,"minMLConfidence":0.5}

      at Console.log (node_modules/winston/lib/winston/transports/console.js:87:23)

    console.log
      2026-02-09T10:18:53.741Z [ml-opportunity-scorer] info: MLOpportunityScorer initialized {"mlWeight":0.3,"baseWeight":0.7,"minMLConfidence":0.5}

      at Console.log (node_modules/winston/lib/winston/transports/console.js:87:23)

    console.log
      2026-02-09T10:18:53.741Z [ml-opportunity-scorer] info: MLOpportunityScorer initialized {"mlWeight":0.3,"baseWeight":0.7,"minMLConfidence":0.5}

      at Console.log (node_modules/winston/lib/winston/transports/console.js:87:23)

    console.log
      2026-02-09T10:18:53.742Z [ml-opportunity-scorer] info: MLOpportunityScorer initialized {"mlWeight":0.3,"baseWeight":0.7,"minMLConfidence":0.5}

      at Console.log (node_modules/winston/lib/winston/transports/console.js:87:23)

    console.log
      2026-02-09T10:18:53.743Z [ml-opportunity-scorer] info: MLOpportunityScorer initialized {"mlWeight":0.3,"baseWeight":0.7,"minMLConfidence":0.5}

      at Console.log (node_modules/winston/lib/winston/transports/console.js:87:23)

    console.log
      2026-02-09T10:18:53.743Z [ml-opportunity-scorer] info: MLOpportunityScorer initialized {"mlWeight":0.3,"baseWeight":0.7,"minMLConfidence":0.5}

      at Console.log (node_modules/winston/lib/winston/transports/console.js:87:23)

    console.log
      2026-02-09T10:18:53.744Z [ml-opportunity-scorer] info: MLOpportunityScorer initialized {"mlWeight":0.3,"baseWeight":0.7,"minMLConfidence":0.5}

      at Console.log (node_modules/winston/lib/winston/transports/console.js:87:23)

    console.log
      2026-02-09T10:18:53.746Z [ml-opportunity-scorer] info: MLOpportunityScorer initialized {"mlWeight":0.3,"baseWeight":0.7,"minMLConfidence":0.5}

      at Console.log (node_modules/winston/lib/winston/transports/console.js:87:23)

    console.log
      2026-02-09T10:18:53.746Z [ml-opportunity-scorer] info: MLOpportunityScorer initialized {"mlWeight":0.3,"baseWeight":0.7,"minMLConfidence":0.5}

      at Console.log (node_modules/winston/lib/winston/transports/console.js:87:23)

    console.log
      2026-02-09T10:18:53.747Z [ml-opportunity-scorer] info: MLOpportunityScorer initialized {"mlWeight":0.3,"baseWeight":0.7,"minMLConfidence":0.5}

      at Console.log (node_modules/winston/lib/winston/transports/console.js:87:23)

    console.log
      2026-02-09T10:18:53.749Z [ml-opportunity-scorer] info: MLOpportunityScorer initialized {"mlWeight":0.3,"baseWeight":0.7,"minMLConfidence":0.5}

      at Console.log (node_modules/winston/lib/winston/transports/console.js:87:23)

    console.log
      2026-02-09T10:18:53.750Z [ml-opportunity-scorer] info: MLOpportunityScorer initialized {"mlWeight":0.3,"baseWeight":0.7,"minMLConfidence":0.5}

      at Console.log (node_modules/winston/lib/winston/transports/console.js:87:23)

    console.log
      2026-02-09T10:18:53.750Z [ml-opportunity-scorer] info: MLOpportunityScorer initialized {"mlWeight":0.3,"baseWeight":0.7,"minMLConfidence":0.5}

      at Console.log (node_modules/winston/lib/winston/transports/console.js:87:23)

    console.log
      2026-02-09T10:18:53.751Z [ml-opportunity-scorer] info: MLOpportunityScorer initialized {"mlWeight":0.3,"baseWeight":0.7,"minMLConfidence":0.5}

      at Console.log (node_modules/winston/lib/winston/transports/console.js:87:23)

    console.log
      2026-02-09T10:18:53.752Z [ml-opportunity-scorer] info: MLOpportunityScorer initialized {"mlWeight":0.3,"baseWeight":0.7,"minMLConfidence":0.5}

      at Console.log (node_modules/winston/lib/winston/transports/console.js:87:23)

PASS unit shared/core/__tests__/unit/provider-health-scorer.test.ts
FAIL unit shared/core/__tests__/unit/professional-quality.test.ts
  ● Test suite failed to run

    [96mshared/core/__tests__/unit/professional-quality.test.ts[0m:[93m33[0m:[93m3[0m - [91merror[0m[90m TS2322: [0mType '{ storage: Map<string, string>; clear: () => void; getStorageSize: () => number; setex: Mock<(key: string, _seconds: number, value: string) => Promise<string>>; get: Mock<...>; keys: Mock<...>; }' is not assignable to type 'QualityMonitorRedis & { storage: Map<string, string>; clear: () => void; getStorageSize: () => number; }'.
      Property 'scan' is missing in type '{ storage: Map<string, string>; clear: () => void; getStorageSize: () => number; setex: Mock<(key: string, _seconds: number, value: string) => Promise<string>>; get: Mock<...>; keys: Mock<...>; }' but required in type 'QualityMonitorRedis'.

    [7m33[0m   return {
    [7m  [0m [91m  ~~~~~~[0m

      [96mshared/core/src/analytics/professional-quality-monitor.ts[0m:[93m33[0m:[93m3[0m
        [7m33[0m   scan(cursor: string, pattern: string, count: number): Promise<[string, string[]]>;
        [7m  [0m [96m  ~~~~~~~~~~~~~~~~~~~~~~~~~~~~~~~~~~~~~~~~~~~~~~~~~~~~~~~~~~~~~~~~~~~~~~~~~~~~~~~~~~[0m
        'scan' is declared here.

FAIL unit shared/core/__tests__/unit/professional-quality-monitor.test.ts
  ● Test suite failed to run

    [96mshared/core/__tests__/unit/professional-quality-monitor.test.ts[0m:[93m36[0m:[93m3[0m - [91merror[0m[90m TS2322: [0mType '{ storage: Map<string, string>; clear: () => void; setex: Mock<(key: string, _seconds: number, value: string) => Promise<string>>; get: Mock<(key: string) => Promise<string | null>>; keys: Mock<...>; }' is not assignable to type 'QualityMonitorRedis & { storage: Map<string, string>; clear: () => void; }'.
      Property 'scan' is missing in type '{ storage: Map<string, string>; clear: () => void; setex: Mock<(key: string, _seconds: number, value: string) => Promise<string>>; get: Mock<(key: string) => Promise<string | null>>; keys: Mock<...>; }' but required in type 'QualityMonitorRedis'.

    [7m36[0m   return {
    [7m  [0m [91m  ~~~~~~[0m

      [96mshared/core/src/analytics/professional-quality-monitor.ts[0m:[93m33[0m:[93m3[0m
        [7m33[0m   scan(cursor: string, pattern: string, count: number): Promise<[string, string[]]>;
        [7m  [0m [96m  ~~~~~~~~~~~~~~~~~~~~~~~~~~~~~~~~~~~~~~~~~~~~~~~~~~~~~~~~~~~~~~~~~~~~~~~~~~~~~~~~~~[0m
        'scan' is declared here.

PASS unit shared/core/__tests__/unit/redis.test.ts (5.877 s)
  ● Console

    console.log
      2026-02-09T10:18:55.293Z [redis-client] error: Redis main client error {"error":{"code":"ECONNREFUSED"}}

      at Console.log (node_modules/winston/lib/winston/transports/console.js:87:23)

    console.log
      2026-02-09T10:18:55.368Z [redis-client] error: Redis main client error {"error":{"code":"ECONNREFUSED"}}

      at Console.log (node_modules/winston/lib/winston/transports/console.js:87:23)

    console.log
      2026-02-09T10:18:55.488Z [redis-client] error: Redis main client error {"error":{"code":"ECONNREFUSED"}}

      at Console.log (node_modules/winston/lib/winston/transports/console.js:87:23)

    console.log
      2026-02-09T10:18:55.671Z [redis-client] error: Redis main client error {"error":{"code":"ECONNREFUSED"}}

      at Console.log (node_modules/winston/lib/winston/transports/console.js:87:23)

    console.log
      2026-02-09T10:18:55.726Z [redis-client] error: Redis main client error {"error":{"code":"ECONNREFUSED"}}

      at Console.log (node_modules/winston/lib/winston/transports/console.js:87:23)

    console.log
      2026-02-09T10:18:55.809Z [redis-client] error: Redis main client error {"error":{"code":"ECONNREFUSED"}}

      at Console.log (node_modules/winston/lib/winston/transports/console.js:87:23)

    console.log
      2026-02-09T10:18:55.941Z [redis-client] error: Redis main client error {"error":{"code":"ECONNREFUSED"}}

      at Console.log (node_modules/winston/lib/winston/transports/console.js:87:23)

    console.log
      2026-02-09T10:18:56.121Z [redis-client] error: Redis main client error {"error":{"code":"ECONNREFUSED"}}

      at Console.log (node_modules/winston/lib/winston/transports/console.js:87:23)

    console.log
      2026-02-09T10:18:56.140Z [redis-client] error: Error publishing message {"error":{},"channel":"test"}

      at Console.log (node_modules/winston/lib/winston/transports/console.js:87:23)

    console.log
      2026-02-09T10:18:56.294Z [redis-client] error: Error getting cache {"error":{}}

      at Console.log (node_modules/winston/lib/winston/transports/console.js:87:23)

    console.log
      2026-02-09T10:18:56.364Z [redis-client] error: Error getting cache {"error":{}}

      at Console.log (node_modules/winston/lib/winston/transports/console.js:87:23)

    console.log
      2026-02-09T10:18:56.381Z [redis-client] error: Error subscribing to channel {"error":{},"channel":"test-channel"}

      at Console.log (node_modules/winston/lib/winston/transports/console.js:87:23)

    console.log
      2026-02-09T10:18:56.430Z [redis-client] error: Error executing Lua script {"error":{}}

      at Console.log (node_modules/winston/lib/winston/transports/console.js:87:23)

    console.log
      2026-02-09T10:18:56.431Z [redis-client] error: Error renewing lock {"error":{},"key":"lock:test","instanceId":"instance-1"}

      at Console.log (node_modules/winston/lib/winston/transports/console.js:87:23)

    console.log
      2026-02-09T10:18:56.485Z [redis-client] error: Error executing Lua script {"error":{}}

      at Console.log (node_modules/winston/lib/winston/transports/console.js:87:23)

    console.log
      2026-02-09T10:18:56.486Z [redis-client] error: Error releasing lock {"error":{},"key":"lock:test","instanceId":"instance-1"}

      at Console.log (node_modules/winston/lib/winston/transports/console.js:87:23)

FAIL unit shared/core/__tests__/unit/swap-event-filter-extended.test.ts (20.881 s)
  ● Console

    console.log
      2026-02-09T10:18:55.469Z [swap-event-filter] info: SwapEventFilter initialized {"config":{"minUsdValue":10,"whaleThreshold":50000,"dedupWindowMs":5000,"aggregationWindowMs":5000,"maxDedupCacheSize":10000,"cleanupIntervalMs":30000}}

      at Console.log (node_modules/winston/lib/winston/transports/console.js:87:23)

    console.log
      2026-02-09T10:18:55.503Z [swap-event-filter] info: SwapEventFilter destroyed

      at Console.log (node_modules/winston/lib/winston/transports/console.js:87:23)

    console.log
      2026-02-09T10:18:55.507Z [swap-event-filter] info: SwapEventFilter initialized {"config":{"minUsdValue":10,"whaleThreshold":50000,"dedupWindowMs":5000,"aggregationWindowMs":5000,"maxDedupCacheSize":10000,"cleanupIntervalMs":30000}}

      at Console.log (node_modules/winston/lib/winston/transports/console.js:87:23)

    console.log
      2026-02-09T10:18:55.540Z [swap-event-filter] info: SwapEventFilter destroyed

      at Console.log (node_modules/winston/lib/winston/transports/console.js:87:23)

    console.log
      2026-02-09T10:18:55.542Z [swap-event-filter] info: SwapEventFilter initialized {"config":{"minUsdValue":10,"whaleThreshold":50000,"dedupWindowMs":5000,"aggregationWindowMs":5000,"maxDedupCacheSize":10000,"cleanupIntervalMs":30000}}

      at Console.log (node_modules/winston/lib/winston/transports/console.js:87:23)

    console.log
      2026-02-09T10:18:55.544Z [swap-event-filter] info: SwapEventFilter destroyed

      at Console.log (node_modules/winston/lib/winston/transports/console.js:87:23)

    console.log
      2026-02-09T10:18:55.546Z [swap-event-filter] info: SwapEventFilter initialized {"config":{"minUsdValue":10,"whaleThreshold":50000,"dedupWindowMs":5000,"aggregationWindowMs":5000,"maxDedupCacheSize":10000,"cleanupIntervalMs":30000}}

      at Console.log (node_modules/winston/lib/winston/transports/console.js:87:23)

    console.log
      2026-02-09T10:18:55.547Z [swap-event-filter] info: SwapEventFilter destroyed

      at Console.log (node_modules/winston/lib/winston/transports/console.js:87:23)

    console.log
      2026-02-09T10:18:55.551Z [swap-event-filter] info: SwapEventFilter initialized {"config":{"minUsdValue":10,"whaleThreshold":50000,"dedupWindowMs":5000,"aggregationWindowMs":5000,"maxDedupCacheSize":10000,"cleanupIntervalMs":30000}}

      at Console.log (node_modules/winston/lib/winston/transports/console.js:87:23)

    console.log
      2026-02-09T10:18:55.554Z [swap-event-filter] info: SwapEventFilter destroyed

      at Console.log (node_modules/winston/lib/winston/transports/console.js:87:23)

    console.log
      2026-02-09T10:18:55.559Z [swap-event-filter] info: SwapEventFilter initialized {"config":{"minUsdValue":10,"whaleThreshold":50000,"dedupWindowMs":5000,"aggregationWindowMs":5000,"maxDedupCacheSize":10000,"cleanupIntervalMs":30000}}

      at Console.log (node_modules/winston/lib/winston/transports/console.js:87:23)

    console.log
      2026-02-09T10:18:55.560Z [swap-event-filter] info: SwapEventFilter initialized {"config":{"minUsdValue":100,"whaleThreshold":50000,"dedupWindowMs":5000,"aggregationWindowMs":5000,"maxDedupCacheSize":10000,"cleanupIntervalMs":30000}}

      at Console.log (node_modules/winston/lib/winston/transports/console.js:87:23)

    console.log
      2026-02-09T10:18:55.563Z [swap-event-filter] info: SwapEventFilter destroyed

      at Console.log (node_modules/winston/lib/winston/transports/console.js:87:23)

    console.log
      2026-02-09T10:18:55.564Z [swap-event-filter] info: SwapEventFilter destroyed

      at Console.log (node_modules/winston/lib/winston/transports/console.js:87:23)

    console.log
      2026-02-09T10:18:55.569Z [swap-event-filter] info: SwapEventFilter initialized {"config":{"minUsdValue":10,"whaleThreshold":50000,"dedupWindowMs":5000,"aggregationWindowMs":5000,"maxDedupCacheSize":10000,"cleanupIntervalMs":30000}}

      at Console.log (node_modules/winston/lib/winston/transports/console.js:87:23)

    console.log
      2026-02-09T10:18:55.575Z [swap-event-filter] info: SwapEventFilter destroyed

      at Console.log (node_modules/winston/lib/winston/transports/console.js:87:23)

    console.log
      2026-02-09T10:18:55.579Z [swap-event-filter] info: SwapEventFilter initialized {"config":{"minUsdValue":10,"whaleThreshold":50000,"dedupWindowMs":5000,"aggregationWindowMs":5000,"maxDedupCacheSize":10000,"cleanupIntervalMs":30000}}

      at Console.log (node_modules/winston/lib/winston/transports/console.js:87:23)

    console.log
      2026-02-09T10:18:55.582Z [swap-event-filter] info: SwapEventFilter destroyed

      at Console.log (node_modules/winston/lib/winston/transports/console.js:87:23)

    console.log
      2026-02-09T10:18:55.583Z [swap-event-filter] info: SwapEventFilter initialized {"config":{"minUsdValue":10,"whaleThreshold":50000,"dedupWindowMs":5000,"aggregationWindowMs":5000,"maxDedupCacheSize":10000,"cleanupIntervalMs":30000}}

      at Console.log (node_modules/winston/lib/winston/transports/console.js:87:23)

    console.log
      2026-02-09T10:18:55.588Z [swap-event-filter] info: SwapEventFilter destroyed

      at Console.log (node_modules/winston/lib/winston/transports/console.js:87:23)

    console.log
      2026-02-09T10:18:55.595Z [swap-event-filter] info: SwapEventFilter initialized {"config":{"minUsdValue":10,"whaleThreshold":50000,"dedupWindowMs":5000,"aggregationWindowMs":5000,"maxDedupCacheSize":10000,"cleanupIntervalMs":30000}}

      at Console.log (node_modules/winston/lib/winston/transports/console.js:87:23)

    console.log
      2026-02-09T10:18:55.598Z [swap-event-filter] info: SwapEventFilter initialized {"config":{"minUsdValue":10,"whaleThreshold":50000,"dedupWindowMs":100,"aggregationWindowMs":5000,"maxDedupCacheSize":10000,"cleanupIntervalMs":30000}}

      at Console.log (node_modules/winston/lib/winston/transports/console.js:87:23)

    console.log
      2026-02-09T10:18:55.769Z [swap-event-filter] info: SwapEventFilter destroyed

      at Console.log (node_modules/winston/lib/winston/transports/console.js:87:23)

    console.log
      2026-02-09T10:18:55.770Z [swap-event-filter] info: SwapEventFilter destroyed

      at Console.log (node_modules/winston/lib/winston/transports/console.js:87:23)

    console.log
      2026-02-09T10:18:55.773Z [swap-event-filter] info: SwapEventFilter initialized {"config":{"minUsdValue":10,"whaleThreshold":50000,"dedupWindowMs":5000,"aggregationWindowMs":5000,"maxDedupCacheSize":10000,"cleanupIntervalMs":30000}}

      at Console.log (node_modules/winston/lib/winston/transports/console.js:87:23)

    console.log
      2026-02-09T10:18:55.775Z [swap-event-filter] info: Whale alert detected {"usdValue":60000,"chain":"ethereum","dex":"uniswap_v3","pair":"0x76fa14c7ccea18"}

      at Console.log (node_modules/winston/lib/winston/transports/console.js:87:23)

    console.log
      2026-02-09T10:18:55.777Z [swap-event-filter] info: SwapEventFilter destroyed

      at Console.log (node_modules/winston/lib/winston/transports/console.js:87:23)

    console.log
      2026-02-09T10:18:55.781Z [swap-event-filter] info: SwapEventFilter initialized {"config":{"minUsdValue":10,"whaleThreshold":50000,"dedupWindowMs":5000,"aggregationWindowMs":5000,"maxDedupCacheSize":10000,"cleanupIntervalMs":30000}}

      at Console.log (node_modules/winston/lib/winston/transports/console.js:87:23)

    console.log
      2026-02-09T10:18:55.783Z [swap-event-filter] info: SwapEventFilter destroyed

      at Console.log (node_modules/winston/lib/winston/transports/console.js:87:23)

    console.log
      2026-02-09T10:18:55.785Z [swap-event-filter] info: SwapEventFilter initialized {"config":{"minUsdValue":10,"whaleThreshold":50000,"dedupWindowMs":5000,"aggregationWindowMs":5000,"maxDedupCacheSize":10000,"cleanupIntervalMs":30000}}

      at Console.log (node_modules/winston/lib/winston/transports/console.js:87:23)

    console.log
      2026-02-09T10:18:55.786Z [swap-event-filter] info: Whale alert detected {"usdValue":75000,"chain":"ethereum","dex":"uniswap_v3","pair":"0x5046b0479da38"}

      at Console.log (node_modules/winston/lib/winston/transports/console.js:87:23)

    console.log
      2026-02-09T10:18:55.790Z [swap-event-filter] info: SwapEventFilter destroyed

      at Console.log (node_modules/winston/lib/winston/transports/console.js:87:23)

    console.log
      2026-02-09T10:18:55.795Z [swap-event-filter] info: SwapEventFilter initialized {"config":{"minUsdValue":10,"whaleThreshold":50000,"dedupWindowMs":5000,"aggregationWindowMs":5000,"maxDedupCacheSize":10000,"cleanupIntervalMs":30000}}

      at Console.log (node_modules/winston/lib/winston/transports/console.js:87:23)

    console.log
      2026-02-09T10:18:55.796Z [swap-event-filter] info: Whale alert detected {"usdValue":60000,"chain":"ethereum","dex":"uniswap_v3","pair":"0xce92254feaaf3"}

      at Console.log (node_modules/winston/lib/winston/transports/console.js:87:23)

    console.log
      2026-02-09T10:18:55.800Z [swap-event-filter] info: Whale alert detected {"usdValue":70000,"chain":"ethereum","dex":"uniswap_v3","pair":"0x751d633883949"}

      at Console.log (node_modules/winston/lib/winston/transports/console.js:87:23)

    console.log
      2026-02-09T10:18:55.806Z [swap-event-filter] info: SwapEventFilter destroyed

      at Console.log (node_modules/winston/lib/winston/transports/console.js:87:23)

    console.log
      2026-02-09T10:18:55.808Z [swap-event-filter] info: SwapEventFilter initialized {"config":{"minUsdValue":10,"whaleThreshold":50000,"dedupWindowMs":5000,"aggregationWindowMs":5000,"maxDedupCacheSize":10000,"cleanupIntervalMs":30000}}

      at Console.log (node_modules/winston/lib/winston/transports/console.js:87:23)

    console.log
      2026-02-09T10:18:55.817Z [swap-event-filter] info: Whale alert detected {"usdValue":60000,"chain":"ethereum","dex":"uniswap_v3","pair":"0x96c879f778a108"}

      at Console.log (node_modules/winston/lib/winston/transports/console.js:87:23)

    console.log
      2026-02-09T10:18:55.818Z [swap-event-filter] info: Whale alert detected {"usdValue":100000,"chain":"ethereum","dex":"uniswap_v3","pair":"0x3122a9122989b8"}

      at Console.log (node_modules/winston/lib/winston/transports/console.js:87:23)

    console.log
      2026-02-09T10:18:55.827Z [swap-event-filter] info: SwapEventFilter destroyed

      at Console.log (node_modules/winston/lib/winston/transports/console.js:87:23)

    console.log
      2026-02-09T10:18:55.831Z [swap-event-filter] info: SwapEventFilter initialized {"config":{"minUsdValue":10,"whaleThreshold":50000,"dedupWindowMs":5000,"aggregationWindowMs":100,"maxDedupCacheSize":10000,"cleanupIntervalMs":30000}}

      at Console.log (node_modules/winston/lib/winston/transports/console.js:87:23)

    console.log
      2026-02-09T10:18:55.994Z [swap-event-filter] info: SwapEventFilter destroyed

      at Console.log (node_modules/winston/lib/winston/transports/console.js:87:23)

    console.log
      2026-02-09T10:18:55.995Z [swap-event-filter] info: SwapEventFilter initialized {"config":{"minUsdValue":10,"whaleThreshold":50000,"dedupWindowMs":5000,"aggregationWindowMs":100,"maxDedupCacheSize":10000,"cleanupIntervalMs":30000}}

      at Console.log (node_modules/winston/lib/winston/transports/console.js:87:23)

    console.log
      2026-02-09T10:18:56.161Z [swap-event-filter] info: SwapEventFilter destroyed

      at Console.log (node_modules/winston/lib/winston/transports/console.js:87:23)

    console.log
      2026-02-09T10:18:56.165Z [swap-event-filter] info: SwapEventFilter initialized {"config":{"minUsdValue":10,"whaleThreshold":50000,"dedupWindowMs":5000,"aggregationWindowMs":100,"maxDedupCacheSize":10000,"cleanupIntervalMs":30000}}

      at Console.log (node_modules/winston/lib/winston/transports/console.js:87:23)

    console.log
      2026-02-09T10:18:56.323Z [swap-event-filter] info: SwapEventFilter destroyed

      at Console.log (node_modules/winston/lib/winston/transports/console.js:87:23)

    console.log
      2026-02-09T10:18:56.329Z [swap-event-filter] info: SwapEventFilter initialized {"config":{"minUsdValue":10,"whaleThreshold":50000,"dedupWindowMs":5000,"aggregationWindowMs":50,"maxDedupCacheSize":10000,"cleanupIntervalMs":30000}}

      at Console.log (node_modules/winston/lib/winston/transports/console.js:87:23)

    console.log
      2026-02-09T10:18:56.518Z [swap-event-filter] info: SwapEventFilter destroyed

      at Console.log (node_modules/winston/lib/winston/transports/console.js:87:23)

    console.log
      2026-02-09T10:18:56.540Z [swap-event-filter] info: SwapEventFilter initialized {"config":{"minUsdValue":10,"whaleThreshold":50000,"dedupWindowMs":5000,"aggregationWindowMs":5000,"maxDedupCacheSize":10000,"cleanupIntervalMs":30000}}

      at Console.log (node_modules/winston/lib/winston/transports/console.js:87:23)

    console.log
      2026-02-09T10:18:56.541Z [swap-event-filter] info: Whale alert detected {"usdValue":60000,"chain":"ethereum","dex":"uniswap_v3","pair":"0x05cbaa2700bce8"}

      at Console.log (node_modules/winston/lib/winston/transports/console.js:87:23)

    console.log
      2026-02-09T10:18:56.554Z [swap-event-filter] info: SwapEventFilter destroyed

      at Console.log (node_modules/winston/lib/winston/transports/console.js:87:23)

    console.log
      2026-02-09T10:18:56.556Z [swap-event-filter] info: SwapEventFilter initialized {"config":{"minUsdValue":10,"whaleThreshold":50000,"dedupWindowMs":5000,"aggregationWindowMs":5000,"maxDedupCacheSize":10000,"cleanupIntervalMs":30000}}

      at Console.log (node_modules/winston/lib/winston/transports/console.js:87:23)

    console.log
      2026-02-09T10:18:56.561Z [swap-event-filter] info: SwapEventFilter destroyed

      at Console.log (node_modules/winston/lib/winston/transports/console.js:87:23)

    console.log
      2026-02-09T10:18:56.562Z [swap-event-filter] info: SwapEventFilter initialized {"config":{"minUsdValue":10,"whaleThreshold":50000,"dedupWindowMs":5000,"aggregationWindowMs":5000,"maxDedupCacheSize":10000,"cleanupIntervalMs":30000}}

      at Console.log (node_modules/winston/lib/winston/transports/console.js:87:23)

    console.log
      2026-02-09T10:18:56.564Z [swap-event-filter] info: SwapEventFilter destroyed

      at Console.log (node_modules/winston/lib/winston/transports/console.js:87:23)

    console.log
      2026-02-09T10:18:56.569Z [swap-event-filter] info: SwapEventFilter initialized {"config":{"minUsdValue":10,"whaleThreshold":50000,"dedupWindowMs":5000,"aggregationWindowMs":5000,"maxDedupCacheSize":10000,"cleanupIntervalMs":30000}}

      at Console.log (node_modules/winston/lib/winston/transports/console.js:87:23)

    console.log
      2026-02-09T10:18:56.575Z [swap-event-filter] info: Whale alert detected {"usdValue":60000,"chain":"ethereum","dex":"uniswap_v3","pair":"0x43c12525f1aa4"}

      at Console.log (node_modules/winston/lib/winston/transports/console.js:87:23)

    console.log
      2026-02-09T10:18:56.576Z [swap-event-filter] info: SwapEventFilter destroyed

      at Console.log (node_modules/winston/lib/winston/transports/console.js:87:23)

    console.log
      2026-02-09T10:18:56.582Z [swap-event-filter] info: SwapEventFilter initialized {"config":{"minUsdValue":10,"whaleThreshold":50000,"dedupWindowMs":5000,"aggregationWindowMs":5000,"maxDedupCacheSize":10000,"cleanupIntervalMs":30000}}

      at Console.log (node_modules/winston/lib/winston/transports/console.js:87:23)

    console.log
      2026-02-09T10:18:56.588Z [swap-event-filter] info: SwapEventFilter destroyed

      at Console.log (node_modules/winston/lib/winston/transports/console.js:87:23)

    console.log
      2026-02-09T10:18:56.590Z [swap-event-filter] info: SwapEventFilter initialized {"config":{"minUsdValue":10,"whaleThreshold":50000,"dedupWindowMs":5000,"aggregationWindowMs":5000,"maxDedupCacheSize":10000,"cleanupIntervalMs":30000}}

      at Console.log (node_modules/winston/lib/winston/transports/console.js:87:23)

    console.log
      2026-02-09T10:18:56.595Z [swap-event-filter] info: Whale alert detected {"usdValue":60000,"chain":"ethereum","dex":"uniswap_v3","pair":"0x773d8e08cdf2d8"}

      at Console.log (node_modules/winston/lib/winston/transports/console.js:87:23)

    console.log
      2026-02-09T10:18:56.602Z [swap-event-filter] info: SwapEventFilter destroyed

      at Console.log (node_modules/winston/lib/winston/transports/console.js:87:23)

    console.log
      2026-02-09T10:18:56.612Z [swap-event-filter] info: SwapEventFilter initialized {"config":{"minUsdValue":10,"whaleThreshold":50000,"dedupWindowMs":5000,"aggregationWindowMs":5000,"maxDedupCacheSize":10000,"cleanupIntervalMs":30000}}

      at Console.log (node_modules/winston/lib/winston/transports/console.js:87:23)

    console.log
      2026-02-09T10:18:56.614Z [swap-event-filter] info: SwapEventFilter destroyed

      at Console.log (node_modules/winston/lib/winston/transports/console.js:87:23)

    console.log
      2026-02-09T10:18:56.621Z [swap-event-filter] info: SwapEventFilter initialized {"config":{"minUsdValue":10,"whaleThreshold":50000,"dedupWindowMs":5000,"aggregationWindowMs":5000,"maxDedupCacheSize":10000,"cleanupIntervalMs":30000}}

      at Console.log (node_modules/winston/lib/winston/transports/console.js:87:23)

    console.log
      2026-02-09T10:18:56.905Z [swap-event-filter] info: SwapEventFilter destroyed

      at Console.log (node_modules/winston/lib/winston/transports/console.js:87:23)

    console.log
      2026-02-09T10:18:56.907Z [swap-event-filter] info: SwapEventFilter initialized {"config":{"minUsdValue":10,"whaleThreshold":50000,"dedupWindowMs":5000,"aggregationWindowMs":5000,"maxDedupCacheSize":10000,"cleanupIntervalMs":30000}}

      at Console.log (node_modules/winston/lib/winston/transports/console.js:87:23)

    console.log
      2026-02-09T10:18:56.941Z [swap-event-filter] info: Whale alert detected {"usdValue":60000,"chain":"ethereum","dex":"uniswap_v3","pair":"0x69a7e57ec46608"}

      at Console.log (node_modules/winston/lib/winston/transports/console.js:87:23)

    console.log
      2026-02-09T10:18:56.943Z [swap-event-filter] info: SwapEventFilter destroyed

      at Console.log (node_modules/winston/lib/winston/transports/console.js:87:23)

    console.log
      2026-02-09T10:18:56.946Z [swap-event-filter] info: SwapEventFilter initialized {"config":{"minUsdValue":10,"whaleThreshold":50000,"dedupWindowMs":50,"aggregationWindowMs":5000,"maxDedupCacheSize":100,"cleanupIntervalMs":30000}}

      at Console.log (node_modules/winston/lib/winston/transports/console.js:87:23)

    console.log
      2026-02-09T10:18:57.095Z [swap-event-filter] info: SwapEventFilter destroyed

      at Console.log (node_modules/winston/lib/winston/transports/console.js:87:23)

    console.log
      2026-02-09T10:18:57.108Z [swap-event-filter] info: SwapEventFilter initialized {"config":{"minUsdValue":10,"whaleThreshold":50000,"dedupWindowMs":5000,"aggregationWindowMs":50,"maxDedupCacheSize":10000,"cleanupIntervalMs":30000}}

      at Console.log (node_modules/winston/lib/winston/transports/console.js:87:23)

    console.log
      2026-02-09T10:18:57.216Z [swap-event-filter] info: SwapEventFilter destroyed

      at Console.log (node_modules/winston/lib/winston/transports/console.js:87:23)

    console.log
      2026-02-09T10:18:57.224Z [swap-event-filter] info: SwapEventFilter initialized {"config":{"minUsdValue":10,"whaleThreshold":50000,"dedupWindowMs":5000,"aggregationWindowMs":5000,"maxDedupCacheSize":10000,"cleanupIntervalMs":30000}}

      at Console.log (node_modules/winston/lib/winston/transports/console.js:87:23)

    console.log
      2026-02-09T10:18:57.225Z [swap-event-filter] info: SwapEventFilter destroyed

      at Console.log (node_modules/winston/lib/winston/transports/console.js:87:23)

    console.log
      2026-02-09T10:18:57.231Z [swap-event-filter] info: SwapEventFilter initialized {"config":{"minUsdValue":10,"whaleThreshold":50000,"dedupWindowMs":5000,"aggregationWindowMs":5000,"maxDedupCacheSize":10000,"cleanupIntervalMs":30000}}

      at Console.log (node_modules/winston/lib/winston/transports/console.js:87:23)

    console.log
      2026-02-09T10:18:57.232Z [swap-event-filter] info: SwapEventFilter destroyed

      at Console.log (node_modules/winston/lib/winston/transports/console.js:87:23)

    console.log
      2026-02-09T10:18:57.233Z [swap-event-filter] info: SwapEventFilter initialized {"config":{"minUsdValue":10,"whaleThreshold":50000,"dedupWindowMs":5000,"aggregationWindowMs":5000,"maxDedupCacheSize":10000,"cleanupIntervalMs":30000}}

      at Console.log (node_modules/winston/lib/winston/transports/console.js:87:23)

    console.log
      2026-02-09T10:18:57.238Z [swap-event-filter] info: SwapEventFilter destroyed

      at Console.log (node_modules/winston/lib/winston/transports/console.js:87:23)

    console.log
      2026-02-09T10:18:57.244Z [swap-event-filter] info: SwapEventFilter initialized {"config":{"minUsdValue":10,"whaleThreshold":50000,"dedupWindowMs":5000,"aggregationWindowMs":5000,"maxDedupCacheSize":10000,"cleanupIntervalMs":30000}}

      at Console.log (node_modules/winston/lib/winston/transports/console.js:87:23)

    console.log
      2026-02-09T10:18:57.245Z [swap-event-filter] info: SwapEventFilter destroyed

      at Console.log (node_modules/winston/lib/winston/transports/console.js:87:23)

    console.log
      2026-02-09T10:18:57.246Z [swap-event-filter] info: SwapEventFilter initialized {"config":{"minUsdValue":10,"whaleThreshold":50000,"dedupWindowMs":5000,"aggregationWindowMs":5000,"maxDedupCacheSize":10000,"cleanupIntervalMs":30000}}

      at Console.log (node_modules/winston/lib/winston/transports/console.js:87:23)

    console.log
      2026-02-09T10:18:57.259Z [swap-event-filter] info: Whale alert detected {"usdValue":1000000000,"chain":"ethereum","dex":"uniswap_v3","pair":"0xe1b4d3e09f36d8"}

      at Console.log (node_modules/winston/lib/winston/transports/console.js:87:23)

    console.log
      2026-02-09T10:18:57.266Z [swap-event-filter] info: SwapEventFilter destroyed

      at Console.log (node_modules/winston/lib/winston/transports/console.js:87:23)

    console.log
      2026-02-09T10:18:57.268Z [swap-event-filter] info: SwapEventFilter initialized {"config":{"minUsdValue":10,"whaleThreshold":50000,"dedupWindowMs":5000,"aggregationWindowMs":5000,"maxDedupCacheSize":10000,"cleanupIntervalMs":30000}}

      at Console.log (node_modules/winston/lib/winston/transports/console.js:87:23)

    console.log
      2026-02-09T10:18:57.272Z [swap-event-filter] info: SwapEventFilter initialized {"config":{"minUsdValue":10,"whaleThreshold":50000,"dedupWindowMs":5000,"aggregationWindowMs":5000,"maxDedupCacheSize":10000,"cleanupIntervalMs":30000}}

      at Console.log (node_modules/winston/lib/winston/transports/console.js:87:23)

    console.log
      2026-02-09T10:18:57.273Z [swap-event-filter] info: SwapEventFilter destroyed

      at Console.log (node_modules/winston/lib/winston/transports/console.js:87:23)

    console.log
      2026-02-09T10:18:57.281Z [swap-event-filter] warn: processEvent called on destroyed filter

      at Console.log (node_modules/winston/lib/winston/transports/console.js:87:23)

    console.log
      2026-02-09T10:18:57.282Z [swap-event-filter] info: SwapEventFilter destroyed

      at Console.log (node_modules/winston/lib/winston/transports/console.js:87:23)

    console.log
      2026-02-09T10:18:57.290Z [swap-event-filter] info: SwapEventFilter initialized {"config":{"minUsdValue":10,"whaleThreshold":50000,"dedupWindowMs":5000,"aggregationWindowMs":5000,"maxDedupCacheSize":10000,"cleanupIntervalMs":30000}}

      at Console.log (node_modules/winston/lib/winston/transports/console.js:87:23)

    console.log
      2026-02-09T10:18:57.310Z [swap-event-filter] info: SwapEventFilter destroyed

      at Console.log (node_modules/winston/lib/winston/transports/console.js:87:23)

    console.log
      2026-02-09T10:18:57.312Z [swap-event-filter] info: SwapEventFilter initialized {"config":{"minUsdValue":10,"whaleThreshold":50000,"dedupWindowMs":5000,"aggregationWindowMs":5000,"maxDedupCacheSize":10000,"cleanupIntervalMs":30000}}

      at Console.log (node_modules/winston/lib/winston/transports/console.js:87:23)

    console.log
      2026-02-09T10:18:57.388Z [swap-event-filter] info: SwapEventFilter destroyed

      at Console.log (node_modules/winston/lib/winston/transports/console.js:87:23)

    console.log
      2026-02-09T10:18:57.389Z [swap-event-filter] info: SwapEventFilter initialized {"config":{"minUsdValue":10,"whaleThreshold":50000,"dedupWindowMs":5000,"aggregationWindowMs":5000,"maxDedupCacheSize":10000,"cleanupIntervalMs":30000}}

      at Console.log (node_modules/winston/lib/winston/transports/console.js:87:23)

    console.log
      2026-02-09T10:18:57.442Z [swap-event-filter] info: SwapEventFilter destroyed

      at Console.log (node_modules/winston/lib/winston/transports/console.js:87:23)

    console.log
      2026-02-09T10:18:57.515Z [swap-event-filter] info: SwapEventFilter initialized {"config":{"minUsdValue":10,"whaleThreshold":50000,"dedupWindowMs":5000,"aggregationWindowMs":5000,"maxDedupCacheSize":10000,"cleanupIntervalMs":30000}}

      at Console.log (node_modules/winston/lib/winston/transports/console.js:87:23)

    console.log
      2026-02-09T10:18:57.547Z [swap-event-filter] info: Whale alert detected {"usdValue":741575.3774283375,"chain":"ethereum","dex":"uniswap_v3","pair":"0x4a69a84c315aa"}

      at Console.log (node_modules/winston/lib/winston/transports/console.js:87:23)

    console.log
      2026-02-09T10:18:57.552Z [swap-event-filter] info: Whale alert detected {"usdValue":811624.4011072221,"chain":"ethereum","dex":"uniswap_v3","pair":"0x2556a6b955385"}

      at Console.log (node_modules/winston/lib/winston/transports/console.js:87:23)

    console.log
      2026-02-09T10:18:57.553Z [swap-event-filter] info: Whale alert detected {"usdValue":448214.2861044962,"chain":"ethereum","dex":"uniswap_v3","pair":"0x8f79cbcb26443"}

      at Console.log (node_modules/winston/lib/winston/transports/console.js:87:23)

    console.log
      2026-02-09T10:18:57.557Z [swap-event-filter] info: Whale alert detected {"usdValue":56928.01375965093,"chain":"ethereum","dex":"uniswap_v3","pair":"0x320c376eab23b8"}

      at Console.log (node_modules/winston/lib/winston/transports/console.js:87:23)

    console.log
      2026-02-09T10:18:57.558Z [swap-event-filter] info: Whale alert detected {"usdValue":733911.2068794142,"chain":"ethereum","dex":"uniswap_v3","pair":"0x116963e647045"}

      at Console.log (node_modules/winston/lib/winston/transports/console.js:87:23)

    console.log
      2026-02-09T10:18:57.559Z [swap-event-filter] info: Whale alert detected {"usdValue":156786.61208418,"chain":"ethereum","dex":"uniswap_v3","pair":"0x56e1c3d98df17"}

      at Console.log (node_modules/winston/lib/winston/transports/console.js:87:23)

    console.log
      2026-02-09T10:18:57.564Z [swap-event-filter] info: Whale alert detected {"usdValue":211204.54321968262,"chain":"ethereum","dex":"uniswap_v3","pair":"0x584618ac178738"}

      at Console.log (node_modules/winston/lib/winston/transports/console.js:87:23)

    console.log
      2026-02-09T10:18:57.565Z [swap-event-filter] info: Whale alert detected {"usdValue":549090.394491921,"chain":"ethereum","dex":"uniswap_v3","pair":"0x48b92734e45668"}

      at Console.log (node_modules/winston/lib/winston/transports/console.js:87:23)

    console.log
      2026-02-09T10:18:57.569Z [swap-event-filter] info: Whale alert detected {"usdValue":845434.8795339011,"chain":"ethereum","dex":"uniswap_v3","pair":"0x7596480e247d9"}

      at Console.log (node_modules/winston/lib/winston/transports/console.js:87:23)

    console.log
      2026-02-09T10:18:57.570Z [swap-event-filter] info: Whale alert detected {"usdValue":280573.79125565756,"chain":"ethereum","dex":"uniswap_v3","pair":"0x0406e171ee03c8"}

      at Console.log (node_modules/winston/lib/winston/transports/console.js:87:23)

    console.log
      2026-02-09T10:18:57.572Z [swap-event-filter] info: SwapEventFilter destroyed

      at Console.log (node_modules/winston/lib/winston/transports/console.js:87:23)

    console.log
      2026-02-09T10:18:57.577Z [swap-event-filter] info: SwapEventFilter initialized {"config":{"minUsdValue":10,"whaleThreshold":50000,"dedupWindowMs":5000,"aggregationWindowMs":5000,"maxDedupCacheSize":10000,"cleanupIntervalMs":30000}}

      at Console.log (node_modules/winston/lib/winston/transports/console.js:87:23)

    console.log
      2026-02-09T10:18:57.585Z [swap-event-filter] info: Whale alert detected {"usdValue":782624.6414273262,"chain":"ethereum","dex":"uniswap_v3","pair":"0x157e61389e3f7"}

      at Console.log (node_modules/winston/lib/winston/transports/console.js:87:23)

    console.log
      2026-02-09T10:18:57.586Z [swap-event-filter] info: Whale alert detected {"usdValue":374256.3797809928,"chain":"ethereum","dex":"uniswap_v3","pair":"0x9ba1db7112e898"}

      at Console.log (node_modules/winston/lib/winston/transports/console.js:87:23)

    console.log
      2026-02-09T10:18:57.596Z [swap-event-filter] info: Whale alert detected {"usdValue":936154.0194941188,"chain":"ethereum","dex":"uniswap_v3","pair":"0xb4469d5d98dcc"}

      at Console.log (node_modules/winston/lib/winston/transports/console.js:87:23)

    console.log
      2026-02-09T10:18:57.597Z [swap-event-filter] info: Whale alert detected {"usdValue":336574.1501541528,"chain":"ethereum","dex":"uniswap_v3","pair":"0x3c4bb22ea2351"}

      at Console.log (node_modules/winston/lib/winston/transports/console.js:87:23)

    console.log
      2026-02-09T10:18:57.602Z [swap-event-filter] info: Whale alert detected {"usdValue":175858.7729991441,"chain":"ethereum","dex":"uniswap_v3","pair":"0xbe156b7d7bdb88"}

      at Console.log (node_modules/winston/lib/winston/transports/console.js:87:23)

    console.log
      2026-02-09T10:18:57.603Z [swap-event-filter] info: Whale alert detected {"usdValue":650514.3168580106,"chain":"ethereum","dex":"uniswap_v3","pair":"0x861b11fbe7c79"}

      at Console.log (node_modules/winston/lib/winston/transports/console.js:87:23)

    console.log
      2026-02-09T10:18:57.608Z [swap-event-filter] info: Whale alert detected {"usdValue":140435.2758243694,"chain":"ethereum","dex":"uniswap_v3","pair":"0x4fb8597c04bb4"}

      at Console.log (node_modules/winston/lib/winston/transports/console.js:87:23)

    console.log
      2026-02-09T10:18:57.609Z [swap-event-filter] info: Whale alert detected {"usdValue":283306.71375696955,"chain":"ethereum","dex":"uniswap_v3","pair":"0x94b3e66b81f1b"}

      at Console.log (node_modules/winston/lib/winston/transports/console.js:87:23)

    console.log
      2026-02-09T10:18:57.620Z [swap-event-filter] info: Whale alert detected {"usdValue":744173.0935308739,"chain":"ethereum","dex":"uniswap_v3","pair":"0x2cea5b72e47fe"}

      at Console.log (node_modules/winston/lib/winston/transports/console.js:87:23)

    console.log
      2026-02-09T10:18:57.621Z [swap-event-filter] info: Whale alert detected {"usdValue":493393.53077514813,"chain":"ethereum","dex":"uniswap_v3","pair":"0x763c0ccc25314"}

      at Console.log (node_modules/winston/lib/winston/transports/console.js:87:23)

    console.log
      2026-02-09T10:18:57.626Z [swap-event-filter] info: Whale alert detected {"usdValue":742529.3362424592,"chain":"ethereum","dex":"uniswap_v3","pair":"0x6650e2b8e85738"}

      at Console.log (node_modules/winston/lib/winston/transports/console.js:87:23)

    console.log
      2026-02-09T10:18:57.627Z [swap-event-filter] info: Whale alert detected {"usdValue":567578.4744739744,"chain":"ethereum","dex":"uniswap_v3","pair":"0x14749dc9f219d"}

      at Console.log (node_modules/winston/lib/winston/transports/console.js:87:23)

    console.log
      2026-02-09T10:18:57.636Z [swap-event-filter] info: Whale alert detected {"usdValue":412625.6556585806,"chain":"ethereum","dex":"uniswap_v3","pair":"0x171758c0d20d88"}

      at Console.log (node_modules/winston/lib/winston/transports/console.js:87:23)

    console.log
      2026-02-09T10:18:57.647Z [swap-event-filter] info: Whale alert detected {"usdValue":197139.21818232888,"chain":"ethereum","dex":"uniswap_v3","pair":"0x3af95968d37558"}

      at Console.log (node_modules/winston/lib/winston/transports/console.js:87:23)

    console.log
      2026-02-09T10:18:57.649Z [swap-event-filter] info: Whale alert detected {"usdValue":205493.226848959,"chain":"ethereum","dex":"uniswap_v3","pair":"0x8c5b327adedf88"}

      at Console.log (node_modules/winston/lib/winston/transports/console.js:87:23)

    console.log
      2026-02-09T10:18:57.655Z [swap-event-filter] info: Whale alert detected {"usdValue":127355.2676441487,"chain":"ethereum","dex":"uniswap_v3","pair":"0x394c07211059b8"}

      at Console.log (node_modules/winston/lib/winston/transports/console.js:87:23)

    console.log
      2026-02-09T10:18:57.656Z [swap-event-filter] info: Whale alert detected {"usdValue":876663.4598359244,"chain":"ethereum","dex":"uniswap_v3","pair":"0x2165569d06e7d8"}

      at Console.log (node_modules/winston/lib/winston/transports/console.js:87:23)

    console.log
      2026-02-09T10:18:57.657Z [swap-event-filter] info: Whale alert detected {"usdValue":505410.25260063267,"chain":"ethereum","dex":"uniswap_v3","pair":"0xc963befce3034"}

      at Console.log (node_modules/winston/lib/winston/transports/console.js:87:23)

    console.log
      2026-02-09T10:18:57.665Z [swap-event-filter] info: Whale alert detected {"usdValue":539878.7039902608,"chain":"ethereum","dex":"uniswap_v3","pair":"0xa1bc45887d0c18"}

      at Console.log (node_modules/winston/lib/winston/transports/console.js:87:23)

    console.log
      2026-02-09T10:18:57.666Z [swap-event-filter] info: Whale alert detected {"usdValue":289576.13556336897,"chain":"ethereum","dex":"uniswap_v3","pair":"0xc8d2c38f31444"}

      at Console.log (node_modules/winston/lib/winston/transports/console.js:87:23)

    console.log
      2026-02-09T10:18:57.674Z [swap-event-filter] info: Whale alert detected {"usdValue":296375.42275084334,"chain":"ethereum","dex":"uniswap_v3","pair":"0x292b5cb9a94478"}

      at Console.log (node_modules/winston/lib/winston/transports/console.js:87:23)

    console.log
      2026-02-09T10:18:57.675Z [swap-event-filter] info: Whale alert detected {"usdValue":916235.578182634,"chain":"ethereum","dex":"uniswap_v3","pair":"0x550ef5003c654"}

      at Console.log (node_modules/winston/lib/winston/transports/console.js:87:23)

    console.log
      2026-02-09T10:18:57.682Z [swap-event-filter] info: Whale alert detected {"usdValue":930108.1746327549,"chain":"ethereum","dex":"uniswap_v3","pair":"0x2a95ea84587ef8"}

      at Console.log (node_modules/winston/lib/winston/transports/console.js:87:23)

    console.log
      2026-02-09T10:18:57.683Z [swap-event-filter] info: Whale alert detected {"usdValue":223746.6092118155,"chain":"ethereum","dex":"uniswap_v3","pair":"0x93b854c68241c8"}

      at Console.log (node_modules/winston/lib/winston/transports/console.js:87:23)

    console.log
      2026-02-09T10:18:57.691Z [swap-event-filter] info: Whale alert detected {"usdValue":860490.1966430127,"chain":"ethereum","dex":"uniswap_v3","pair":"0x9e9afb4047d5d"}

      at Console.log (node_modules/winston/lib/winston/transports/console.js:87:23)

    console.log
      2026-02-09T10:18:57.692Z [swap-event-filter] info: Whale alert detected {"usdValue":943286.4255627054,"chain":"ethereum","dex":"uniswap_v3","pair":"0x4dd2855a47ef08"}

      at Console.log (node_modules/winston/lib/winston/transports/console.js:87:23)

    console.log
      2026-02-09T10:18:57.759Z [swap-event-filter] info: Whale alert detected {"usdValue":764490.9924614959,"chain":"ethereum","dex":"uniswap_v3","pair":"0xbc82c57d5b34f8"}

      at Console.log (node_modules/winston/lib/winston/transports/console.js:87:23)

    console.log
      2026-02-09T10:18:57.761Z [swap-event-filter] info: Whale alert detected {"usdValue":363613.0479213819,"chain":"ethereum","dex":"uniswap_v3","pair":"0x751b2c712b26b"}

      at Console.log (node_modules/winston/lib/winston/transports/console.js:87:23)

    console.log
      2026-02-09T10:18:57.779Z [swap-event-filter] info: Whale alert detected {"usdValue":190064.42146125558,"chain":"ethereum","dex":"uniswap_v3","pair":"0x30c23f6ed45c88"}

      at Console.log (node_modules/winston/lib/winston/transports/console.js:87:23)

    console.log
      2026-02-09T10:18:57.780Z [swap-event-filter] info: Whale alert detected {"usdValue":571985.1895391943,"chain":"ethereum","dex":"uniswap_v3","pair":"0xe7a9264c45ca7"}

      at Console.log (node_modules/winston/lib/winston/transports/console.js:87:23)

    console.log
      2026-02-09T10:18:57.780Z [swap-event-filter] info: Whale alert detected {"usdValue":405936.46433870983,"chain":"ethereum","dex":"uniswap_v3","pair":"0x913d306745faa"}

      at Console.log (node_modules/winston/lib/winston/transports/console.js:87:23)

    console.log
      2026-02-09T10:18:57.781Z [swap-event-filter] info: Whale alert detected {"usdValue":88009.6952657068,"chain":"ethereum","dex":"uniswap_v3","pair":"0x930ed322b355f"}

      at Console.log (node_modules/winston/lib/winston/transports/console.js:87:23)

    console.log
      2026-02-09T10:18:57.782Z [swap-event-filter] info: Whale alert detected {"usdValue":975431.2867350352,"chain":"ethereum","dex":"uniswap_v3","pair":"0x018dac565745"}

      at Console.log (node_modules/winston/lib/winston/transports/console.js:87:23)

    console.log
      2026-02-09T10:18:57.783Z [swap-event-filter] info: Whale alert detected {"usdValue":906053.6712532718,"chain":"ethereum","dex":"uniswap_v3","pair":"0x7c5223637a8ad"}

      at Console.log (node_modules/winston/lib/winston/transports/console.js:87:23)

    console.log
      2026-02-09T10:18:57.784Z [swap-event-filter] info: Whale alert detected {"usdValue":453460.30103315774,"chain":"ethereum","dex":"uniswap_v3","pair":"0x752894571771c"}

      at Console.log (node_modules/winston/lib/winston/transports/console.js:87:23)

    console.log
      2026-02-09T10:18:57.784Z [swap-event-filter] info: Whale alert detected {"usdValue":737387.614702616,"chain":"ethereum","dex":"uniswap_v3","pair":"0xf61b10124a8f68"}

      at Console.log (node_modules/winston/lib/winston/transports/console.js:87:23)

    console.log
      2026-02-09T10:18:57.785Z [swap-event-filter] info: Whale alert detected {"usdValue":915290.8446828353,"chain":"ethereum","dex":"uniswap_v3","pair":"0x2e60ca96bd44a8"}

      at Console.log (node_modules/winston/lib/winston/transports/console.js:87:23)

    console.log
      2026-02-09T10:18:57.786Z [swap-event-filter] info: Whale alert detected {"usdValue":479942.928504342,"chain":"ethereum","dex":"uniswap_v3","pair":"0xb19646d14137b"}

      at Console.log (node_modules/winston/lib/winston/transports/console.js:87:23)

    console.log
      2026-02-09T10:18:57.787Z [swap-event-filter] info: Whale alert detected {"usdValue":999279.1500191273,"chain":"ethereum","dex":"uniswap_v3","pair":"0x0fb06bb8fc348"}

      at Console.log (node_modules/winston/lib/winston/transports/console.js:87:23)

    console.log
      2026-02-09T10:18:57.787Z [swap-event-filter] info: Whale alert detected {"usdValue":863591.8676170988,"chain":"ethereum","dex":"uniswap_v3","pair":"0xde91b413de55b"}

      at Console.log (node_modules/winston/lib/winston/transports/console.js:87:23)

    console.log
      2026-02-09T10:18:57.788Z [swap-event-filter] info: Whale alert detected {"usdValue":893685.8674149225,"chain":"ethereum","dex":"uniswap_v3","pair":"0x900d91b7cbad3"}

      at Console.log (node_modules/winston/lib/winston/transports/console.js:87:23)

    console.log
      2026-02-09T10:18:57.790Z [swap-event-filter] info: Whale alert detected {"usdValue":284593.76703921554,"chain":"ethereum","dex":"uniswap_v3","pair":"0xbe8187613e2e78"}

      at Console.log (node_modules/winston/lib/winston/transports/console.js:87:23)

    console.log
      2026-02-09T10:18:57.792Z [swap-event-filter] info: Whale alert detected {"usdValue":167665.2031448711,"chain":"ethereum","dex":"uniswap_v3","pair":"0x61b9c63542fd88"}

      at Console.log (node_modules/winston/lib/winston/transports/console.js:87:23)

    console.log
      2026-02-09T10:18:57.792Z [swap-event-filter] info: Whale alert detected {"usdValue":124040.75619745938,"chain":"ethereum","dex":"uniswap_v3","pair":"0x4aff86f16dfd68"}

      at Console.log (node_modules/winston/lib/winston/transports/console.js:87:23)

    console.log
      2026-02-09T10:18:57.794Z [swap-event-filter] info: Whale alert detected {"usdValue":627187.6554729387,"chain":"ethereum","dex":"uniswap_v3","pair":"0x7a3ae93bfb1268"}

      at Console.log (node_modules/winston/lib/winston/transports/console.js:87:23)

    console.log
      2026-02-09T10:18:57.795Z [swap-event-filter] info: Whale alert detected {"usdValue":901879.8192105792,"chain":"ethereum","dex":"uniswap_v3","pair":"0x22be2340ea4d7"}

      at Console.log (node_modules/winston/lib/winston/transports/console.js:87:23)

    console.log
      2026-02-09T10:18:57.796Z [swap-event-filter] info: Whale alert detected {"usdValue":356547.0571318515,"chain":"ethereum","dex":"uniswap_v3","pair":"0x39d4a35ab85ff8"}

      at Console.log (node_modules/winston/lib/winston/transports/console.js:87:23)

    console.log
      2026-02-09T10:18:57.806Z [swap-event-filter] info: Whale alert detected {"usdValue":917095.8935354993,"chain":"ethereum","dex":"uniswap_v3","pair":"0x084090bd9f35a8"}

      at Console.log (node_modules/winston/lib/winston/transports/console.js:87:23)

    console.log
      2026-02-09T10:18:57.829Z [swap-event-filter] info: Whale alert detected {"usdValue":279920.5324503244,"chain":"ethereum","dex":"uniswap_v3","pair":"0x2083af99e787c8"}

      at Console.log (node_modules/winston/lib/winston/transports/console.js:87:23)

    console.log
      2026-02-09T10:18:57.842Z [swap-event-filter] info: Whale alert detected {"usdValue":324595.98440597835,"chain":"ethereum","dex":"uniswap_v3","pair":"0xc77b40952fdc1"}

      at Console.log (node_modules/winston/lib/winston/transports/console.js:87:23)

    console.log
      2026-02-09T10:18:57.845Z [swap-event-filter] info: Whale alert detected {"usdValue":979866.8193631885,"chain":"ethereum","dex":"uniswap_v3","pair":"0x8256ea6a99bcf"}

      at Console.log (node_modules/winston/lib/winston/transports/console.js:87:23)

    console.log
      2026-02-09T10:18:57.857Z [swap-event-filter] info: Whale alert detected {"usdValue":599408.7032953294,"chain":"ethereum","dex":"uniswap_v3","pair":"0xedffcbbe0a296"}

      at Console.log (node_modules/winston/lib/winston/transports/console.js:87:23)

    console.log
      2026-02-09T10:18:57.867Z [swap-event-filter] info: Whale alert detected {"usdValue":364853.82833209576,"chain":"ethereum","dex":"uniswap_v3","pair":"0x5c0336d5758ea8"}

      at Console.log (node_modules/winston/lib/winston/transports/console.js:87:23)

    console.log
      2026-02-09T10:18:57.868Z [swap-event-filter] info: Whale alert detected {"usdValue":740339.7288448561,"chain":"ethereum","dex":"uniswap_v3","pair":"0x58a366ce02c848"}

      at Console.log (node_modules/winston/lib/winston/transports/console.js:87:23)

    console.log
      2026-02-09T10:18:57.870Z [swap-event-filter] info: Whale alert detected {"usdValue":835851.0386475207,"chain":"ethereum","dex":"uniswap_v3","pair":"0x377a4d69663c8"}

      at Console.log (node_modules/winston/lib/winston/transports/console.js:87:23)

    console.log
      2026-02-09T10:18:57.871Z [swap-event-filter] info: Whale alert detected {"usdValue":448940.1652052564,"chain":"ethereum","dex":"uniswap_v3","pair":"0x0eb09c4e85233"}

      at Console.log (node_modules/winston/lib/winston/transports/console.js:87:23)

    console.log
      2026-02-09T10:18:57.883Z [swap-event-filter] info: Whale alert detected {"usdValue":710228.9222824245,"chain":"ethereum","dex":"uniswap_v3","pair":"0xa0218d200fbc9"}

      at Console.log (node_modules/winston/lib/winston/transports/console.js:87:23)

    console.log
      2026-02-09T10:18:57.885Z [swap-event-filter] info: Whale alert detected {"usdValue":96061.87835858468,"chain":"ethereum","dex":"uniswap_v3","pair":"0x83dd6df7c60f58"}

      at Console.log (node_modules/winston/lib/winston/transports/console.js:87:23)

    console.log
      2026-02-09T10:18:57.897Z [swap-event-filter] info: Whale alert detected {"usdValue":542071.9680940566,"chain":"ethereum","dex":"uniswap_v3","pair":"0x0e37008d973af"}

      at Console.log (node_modules/winston/lib/winston/transports/console.js:87:23)

    console.log
      2026-02-09T10:18:57.898Z [swap-event-filter] info: Whale alert detected {"usdValue":300872.43572350056,"chain":"ethereum","dex":"uniswap_v3","pair":"0x6d8503abe1ec38"}

      at Console.log (node_modules/winston/lib/winston/transports/console.js:87:23)

    console.log
      2026-02-09T10:18:57.910Z [swap-event-filter] info: Whale alert detected {"usdValue":781662.9676973694,"chain":"ethereum","dex":"uniswap_v3","pair":"0x3df1327eed877"}

      at Console.log (node_modules/winston/lib/winston/transports/console.js:87:23)

    console.log
      2026-02-09T10:18:57.932Z [swap-event-filter] info: Whale alert detected {"usdValue":297564.1128084973,"chain":"ethereum","dex":"uniswap_v3","pair":"0x2a8a5ca7a9881"}

      at Console.log (node_modules/winston/lib/winston/transports/console.js:87:23)

    console.log
      2026-02-09T10:18:57.934Z [swap-event-filter] info: Whale alert detected {"usdValue":269652.36673517496,"chain":"ethereum","dex":"uniswap_v3","pair":"0x66a89a4d9b35e"}

      at Console.log (node_modules/winston/lib/winston/transports/console.js:87:23)

    console.log
      2026-02-09T10:18:57.945Z [swap-event-filter] info: Whale alert detected {"usdValue":925509.7923200238,"chain":"ethereum","dex":"uniswap_v3","pair":"0x23105488f3b6d8"}

      at Console.log (node_modules/winston/lib/winston/transports/console.js:87:23)

    console.log
      2026-02-09T10:18:57.947Z [swap-event-filter] info: Whale alert detected {"usdValue":269067.5611558526,"chain":"ethereum","dex":"uniswap_v3","pair":"0x22b22df44b0b1"}

      at Console.log (node_modules/winston/lib/winston/transports/console.js:87:23)

    console.log
      2026-02-09T10:18:57.947Z [swap-event-filter] info: Whale alert detected {"usdValue":427126.26131874643,"chain":"ethereum","dex":"uniswap_v3","pair":"0x00514a2dc89398"}

      at Console.log (node_modules/winston/lib/winston/transports/console.js:87:23)

    console.log
      2026-02-09T10:18:57.952Z [swap-event-filter] info: Whale alert detected {"usdValue":337330.68856377096,"chain":"ethereum","dex":"uniswap_v3","pair":"0x476eddf1af1cf8"}

      at Console.log (node_modules/winston/lib/winston/transports/console.js:87:23)

    console.log
      2026-02-09T10:18:57.953Z [swap-event-filter] info: Whale alert detected {"usdValue":495530.1322147714,"chain":"ethereum","dex":"uniswap_v3","pair":"0x64ca345f3830e"}

      at Console.log (node_modules/winston/lib/winston/transports/console.js:87:23)

    console.log
      2026-02-09T10:18:57.963Z [swap-event-filter] info: Whale alert detected {"usdValue":658908.8236004921,"chain":"ethereum","dex":"uniswap_v3","pair":"0x07995c1df705c"}

      at Console.log (node_modules/winston/lib/winston/transports/console.js:87:23)

    console.log
      2026-02-09T10:18:57.965Z [swap-event-filter] info: Whale alert detected {"usdValue":294207.496004054,"chain":"ethereum","dex":"uniswap_v3","pair":"0xd6aee131b990f8"}

      at Console.log (node_modules/winston/lib/winston/transports/console.js:87:23)

    console.log
      2026-02-09T10:18:57.976Z [swap-event-filter] info: Whale alert detected {"usdValue":904849.967716338,"chain":"ethereum","dex":"uniswap_v3","pair":"0x52f937eeb3644"}

      at Console.log (node_modules/winston/lib/winston/transports/console.js:87:23)

    console.log
      2026-02-09T10:18:57.977Z [swap-event-filter] info: Whale alert detected {"usdValue":805627.0399121766,"chain":"ethereum","dex":"uniswap_v3","pair":"0xaf4c5feaae104"}

      at Console.log (node_modules/winston/lib/winston/transports/console.js:87:23)

    console.log
      2026-02-09T10:18:57.986Z [swap-event-filter] info: Whale alert detected {"usdValue":343750.97049597657,"chain":"ethereum","dex":"uniswap_v3","pair":"0xa1461629821ed8"}

      at Console.log (node_modules/winston/lib/winston/transports/console.js:87:23)

    console.log
      2026-02-09T10:18:57.987Z [swap-event-filter] info: Whale alert detected {"usdValue":576206.3549649629,"chain":"ethereum","dex":"uniswap_v3","pair":"0x0ecbb817016758"}

      at Console.log (node_modules/winston/lib/winston/transports/console.js:87:23)

    console.log
      2026-02-09T10:18:58.001Z [swap-event-filter] info: Whale alert detected {"usdValue":184633.9387804675,"chain":"ethereum","dex":"uniswap_v3","pair":"0xf2b5176c812a1"}

      at Console.log (node_modules/winston/lib/winston/transports/console.js:87:23)

    console.log
      2026-02-09T10:18:58.018Z [swap-event-filter] info: Whale alert detected {"usdValue":136736.45605321208,"chain":"ethereum","dex":"uniswap_v3","pair":"0x1025a634c5be6"}

      at Console.log (node_modules/winston/lib/winston/transports/console.js:87:23)

    console.log
      2026-02-09T10:18:58.020Z [swap-event-filter] info: Whale alert detected {"usdValue":444924.922780598,"chain":"ethereum","dex":"uniswap_v3","pair":"0x2b35730e4e031"}

      at Console.log (node_modules/winston/lib/winston/transports/console.js:87:23)

    console.log
      2026-02-09T10:18:58.024Z [swap-event-filter] info: Whale alert detected {"usdValue":87284.87519565092,"chain":"ethereum","dex":"uniswap_v3","pair":"0x67b22c0674127"}

      at Console.log (node_modules/winston/lib/winston/transports/console.js:87:23)

    console.log
      2026-02-09T10:18:58.026Z [swap-event-filter] info: Whale alert detected {"usdValue":566886.849844407,"chain":"ethereum","dex":"uniswap_v3","pair":"0x45e4960baaf0f8"}

      at Console.log (node_modules/winston/lib/winston/transports/console.js:87:23)

    console.log
      2026-02-09T10:18:58.032Z [swap-event-filter] info: Whale alert detected {"usdValue":727551.6217134476,"chain":"ethereum","dex":"uniswap_v3","pair":"0xac3cf5730c0228"}

      at Console.log (node_modules/winston/lib/winston/transports/console.js:87:23)

    console.log
      2026-02-09T10:18:58.034Z [swap-event-filter] info: Whale alert detected {"usdValue":429114.10410424555,"chain":"ethereum","dex":"uniswap_v3","pair":"0x90373c5107e398"}

      at Console.log (node_modules/winston/lib/winston/transports/console.js:87:23)

    console.log
      2026-02-09T10:18:58.080Z [swap-event-filter] info: Whale alert detected {"usdValue":155559.06062081677,"chain":"ethereum","dex":"uniswap_v3","pair":"0x871fc083cd0f"}

      at Console.log (node_modules/winston/lib/winston/transports/console.js:87:23)

    console.log
      2026-02-09T10:18:58.086Z [swap-event-filter] info: Whale alert detected {"usdValue":311572.8277683189,"chain":"ethereum","dex":"uniswap_v3","pair":"0x7973613352188"}

      at Console.log (node_modules/winston/lib/winston/transports/console.js:87:23)

    console.log
      2026-02-09T10:18:58.087Z [swap-event-filter] info: Whale alert detected {"usdValue":76234.56249701456,"chain":"ethereum","dex":"uniswap_v3","pair":"0xdcc43cd81cb02"}

      at Console.log (node_modules/winston/lib/winston/transports/console.js:87:23)

    console.log
      2026-02-09T10:18:58.095Z [swap-event-filter] info: Whale alert detected {"usdValue":648695.5470616618,"chain":"ethereum","dex":"uniswap_v3","pair":"0xff8e3a1f4520b"}

      at Console.log (node_modules/winston/lib/winston/transports/console.js:87:23)

    console.log
      2026-02-09T10:18:58.096Z [swap-event-filter] info: Whale alert detected {"usdValue":74955.6452591374,"chain":"ethereum","dex":"uniswap_v3","pair":"0x2929283f00ef58"}

      at Console.log (node_modules/winston/lib/winston/transports/console.js:87:23)

    console.log
      2026-02-09T10:18:58.107Z [swap-event-filter] info: Whale alert detected {"usdValue":351300.32219531154,"chain":"ethereum","dex":"uniswap_v3","pair":"0x11d5c36408bbc8"}

      at Console.log (node_modules/winston/lib/winston/transports/console.js:87:23)

    console.log
      2026-02-09T10:18:58.109Z [swap-event-filter] info: Whale alert detected {"usdValue":495422.8519783193,"chain":"ethereum","dex":"uniswap_v3","pair":"0xa985c752a94d8"}

      at Console.log (node_modules/winston/lib/winston/transports/console.js:87:23)

    console.log
      2026-02-09T10:18:58.110Z [swap-event-filter] info: Whale alert detected {"usdValue":633597.9682235506,"chain":"ethereum","dex":"uniswap_v3","pair":"0x289f22b414886"}

      at Console.log (node_modules/winston/lib/winston/transports/console.js:87:23)

    console.log
      2026-02-09T10:18:58.119Z [swap-event-filter] info: Whale alert detected {"usdValue":246421.76592791165,"chain":"ethereum","dex":"uniswap_v3","pair":"0xcb22056d2fa858"}

      at Console.log (node_modules/winston/lib/winston/transports/console.js:87:23)

    console.log
      2026-02-09T10:18:58.130Z [swap-event-filter] info: Whale alert detected {"usdValue":204273.48482822842,"chain":"ethereum","dex":"uniswap_v3","pair":"0x75726b0dcad5e"}

      at Console.log (node_modules/winston/lib/winston/transports/console.js:87:23)

    console.log
      2026-02-09T10:18:58.131Z [swap-event-filter] info: Whale alert detected {"usdValue":513986.49801531836,"chain":"ethereum","dex":"uniswap_v3","pair":"0x3f993122f0c62"}

      at Console.log (node_modules/winston/lib/winston/transports/console.js:87:23)

    console.log
      2026-02-09T10:18:58.140Z [swap-event-filter] info: Whale alert detected {"usdValue":825234.5604608379,"chain":"ethereum","dex":"uniswap_v3","pair":"0x49565dc41b778"}

      at Console.log (node_modules/winston/lib/winston/transports/console.js:87:23)

    console.log
      2026-02-09T10:18:58.144Z [swap-event-filter] info: Whale alert detected {"usdValue":161810.4550815218,"chain":"ethereum","dex":"uniswap_v3","pair":"0x204200c2b1a6f8"}

      at Console.log (node_modules/winston/lib/winston/transports/console.js:87:23)

    console.log
      2026-02-09T10:18:58.151Z [swap-event-filter] info: Whale alert detected {"usdValue":783953.3911631086,"chain":"ethereum","dex":"uniswap_v3","pair":"0xc54399ec3376a"}

      at Console.log (node_modules/winston/lib/winston/transports/console.js:87:23)

    console.log
      2026-02-09T10:18:58.152Z [swap-event-filter] info: Whale alert detected {"usdValue":514300.2151829088,"chain":"ethereum","dex":"uniswap_v3","pair":"0x4b1bee71563aa8"}

      at Console.log (node_modules/winston/lib/winston/transports/console.js:87:23)

    console.log
      2026-02-09T10:18:58.157Z [swap-event-filter] info: Whale alert detected {"usdValue":226008.95922143024,"chain":"ethereum","dex":"uniswap_v3","pair":"0xe1f6a291c764e"}

      at Console.log (node_modules/winston/lib/winston/transports/console.js:87:23)

    console.log
      2026-02-09T10:18:58.160Z [swap-event-filter] info: Whale alert detected {"usdValue":692247.4321968466,"chain":"ethereum","dex":"uniswap_v3","pair":"0xf444964386f3a"}

      at Console.log (node_modules/winston/lib/winston/transports/console.js:87:23)

    console.log
      2026-02-09T10:18:58.164Z [swap-event-filter] info: Whale alert detected {"usdValue":286391.82497872267,"chain":"ethereum","dex":"uniswap_v3","pair":"0xfe806e7e00bdb"}

      at Console.log (node_modules/winston/lib/winston/transports/console.js:87:23)

    console.log
      2026-02-09T10:18:58.165Z [swap-event-filter] info: Whale alert detected {"usdValue":856689.9457528971,"chain":"ethereum","dex":"uniswap_v3","pair":"0x6273ac6ef6748"}

      at Console.log (node_modules/winston/lib/winston/transports/console.js:87:23)

    console.log
      2026-02-09T10:18:58.184Z [swap-event-filter] info: SwapEventFilter destroyed

      at Console.log (node_modules/winston/lib/winston/transports/console.js:87:23)

  ● S1.2 Smart Swap Event Filter Extended Unit Tests › Performance Benchmarks › should maintain consistent performance under load

    expect(received).toBeLessThan(expected)

    Expected: < 10
    Received:   14.28100000001723

    [0m [90m 946 |[39m
     [90m 947 |[39m       expect(averageTime)[33m.[39mtoBeLessThan([35m1[39m)[33m;[39m
    [31m[1m>[22m[39m[90m 948 |[39m       expect(maxTime)[33m.[39mtoBeLessThan([35m10[39m)[33m;[39m [90m// No major spikes[39m
     [90m     |[39m                       [31m[1m^[22m[39m
     [90m 949 |[39m     })[33m;[39m
     [90m 950 |[39m   })[33m;[39m
     [90m 951 |[39m[0m

      at Object.<anonymous> (shared/core/__tests__/unit/swap-event-filter-extended.test.ts:948:23)

PASS unit shared/core/__tests__/unit/pricematrix-uninitialized-read.test.ts
  ● Console

    console.log
      2026-02-09T10:19:00.019Z [shared-key-registry] info: SharedKeyRegistry created {"maxKeys":110,"slotSize":64,"bufferSize":7044}

      at Console.log (node_modules/winston/lib/winston/transports/console.js:87:23)

    console.log
      2026-02-09T10:19:00.029Z [price-matrix] info: PriceMatrix initialized {"maxPairs":100,"totalSlots":110,"useSharedMemory":true,"keyRegistryEnabled":true}

      at Console.log (node_modules/winston/lib/winston/transports/console.js:87:23)

    console.log
      2026-02-09T10:19:00.042Z [shared-key-registry] info: SharedKeyRegistry created {"maxKeys":1100,"slotSize":64,"bufferSize":70404}

      at Console.log (node_modules/winston/lib/winston/transports/console.js:87:23)

    console.log
      2026-02-09T10:19:00.043Z [price-matrix] info: PriceMatrix initialized {"maxPairs":1000,"totalSlots":1100,"useSharedMemory":true,"keyRegistryEnabled":true}

      at Console.log (node_modules/winston/lib/winston/transports/console.js:87:23)

    console.log
      2026-02-09T10:19:00.117Z [shared-key-registry] info: SharedKeyRegistry created {"maxKeys":110,"slotSize":64,"bufferSize":7044}

      at Console.log (node_modules/winston/lib/winston/transports/console.js:87:23)

    console.log
      2026-02-09T10:19:00.123Z [price-matrix] info: PriceMatrix initialized {"maxPairs":100,"totalSlots":110,"useSharedMemory":true,"keyRegistryEnabled":true}

      at Console.log (node_modules/winston/lib/winston/transports/console.js:87:23)

    console.log
      2026-02-09T10:19:00.125Z [shared-key-registry] info: SharedKeyRegistry created {"maxKeys":55,"slotSize":64,"bufferSize":3524}

      at Console.log (node_modules/winston/lib/winston/transports/console.js:87:23)

    console.log
      2026-02-09T10:19:00.127Z [price-matrix] info: PriceMatrix initialized {"maxPairs":50,"totalSlots":55,"useSharedMemory":true,"keyRegistryEnabled":true}

      at Console.log (node_modules/winston/lib/winston/transports/console.js:87:23)

    console.log
      2026-02-09T10:19:00.129Z [shared-key-registry] info: SharedKeyRegistry created {"maxKeys":220,"slotSize":64,"bufferSize":14084}

      at Console.log (node_modules/winston/lib/winston/transports/console.js:87:23)

    console.log
      2026-02-09T10:19:00.132Z [price-matrix] info: PriceMatrix initialized {"maxPairs":200,"totalSlots":220,"useSharedMemory":true,"keyRegistryEnabled":true}

      at Console.log (node_modules/winston/lib/winston/transports/console.js:87:23)

    console.log
      2026-02-09T10:19:00.137Z [shared-key-registry] info: SharedKeyRegistry created {"maxKeys":11,"slotSize":64,"bufferSize":708}

      at Console.log (node_modules/winston/lib/winston/transports/console.js:87:23)

    console.log
      2026-02-09T10:19:00.138Z [price-matrix] info: PriceMatrix initialized {"maxPairs":10,"totalSlots":11,"useSharedMemory":true,"keyRegistryEnabled":true}

      at Console.log (node_modules/winston/lib/winston/transports/console.js:87:23)

    console.log
      2026-02-09T10:19:00.142Z [shared-key-registry] info: SharedKeyRegistry created {"maxKeys":11,"slotSize":64,"bufferSize":708}

      at Console.log (node_modules/winston/lib/winston/transports/console.js:87:23)

    console.log
      2026-02-09T10:19:00.143Z [price-matrix] info: PriceMatrix initialized {"maxPairs":10,"totalSlots":11,"useSharedMemory":true,"keyRegistryEnabled":true}

      at Console.log (node_modules/winston/lib/winston/transports/console.js:87:23)

    console.log
      2026-02-09T10:19:00.155Z [shared-key-registry] info: SharedKeyRegistry created {"maxKeys":5500,"slotSize":64,"bufferSize":352004}

      at Console.log (node_modules/winston/lib/winston/transports/console.js:87:23)

    console.log
      2026-02-09T10:19:00.163Z [price-matrix] info: PriceMatrix initialized {"maxPairs":5000,"totalSlots":5500,"useSharedMemory":true,"keyRegistryEnabled":true}

      at Console.log (node_modules/winston/lib/winston/transports/console.js:87:23)

    console.log
      setPrice() latency with P1 fix: 43.208μs average

      at Object.<anonymous> (shared/core/__tests__/unit/pricematrix-uninitialized-read.test.ts:251:15)

PASS unit shared/core/__tests__/unit/price-matrix.test.ts (5.097 s)
  ● Console

    console.log
      2026-02-09T10:18:59.418Z [shared-key-registry] info: SharedKeyRegistry created {"maxKeys":1100,"slotSize":64,"bufferSize":70404}

      at Console.log (node_modules/winston/lib/winston/transports/console.js:87:23)

    console.log
      2026-02-09T10:18:59.481Z [price-matrix] info: PriceMatrix initialized {"maxPairs":1000,"totalSlots":1100,"useSharedMemory":true,"keyRegistryEnabled":true}

      at Console.log (node_modules/winston/lib/winston/transports/console.js:87:23)

    console.log
      2026-02-09T10:18:59.500Z [price-matrix] info: PriceMatrix destroyed

      at Console.log (node_modules/winston/lib/winston/transports/console.js:87:23)

    console.log
      2026-02-09T10:18:59.525Z [shared-key-registry] info: SharedKeyRegistry created {"maxKeys":1100,"slotSize":64,"bufferSize":70404}

      at Console.log (node_modules/winston/lib/winston/transports/console.js:87:23)

    console.log
      2026-02-09T10:18:59.540Z [price-matrix] info: PriceMatrix initialized {"maxPairs":1000,"totalSlots":1100,"useSharedMemory":true,"keyRegistryEnabled":true}

      at Console.log (node_modules/winston/lib/winston/transports/console.js:87:23)

    console.log
      2026-02-09T10:18:59.561Z [price-matrix] info: PriceMatrix destroyed

      at Console.log (node_modules/winston/lib/winston/transports/console.js:87:23)

    console.log
      2026-02-09T10:18:59.577Z [shared-key-registry] info: SharedKeyRegistry created {"maxKeys":1100,"slotSize":64,"bufferSize":70404}

      at Console.log (node_modules/winston/lib/winston/transports/console.js:87:23)

    console.log
      2026-02-09T10:18:59.591Z [price-matrix] info: PriceMatrix initialized {"maxPairs":1000,"totalSlots":1100,"useSharedMemory":true,"keyRegistryEnabled":true}

      at Console.log (node_modules/winston/lib/winston/transports/console.js:87:23)

    console.log
      2026-02-09T10:18:59.593Z [price-matrix] info: PriceMatrix destroyed

      at Console.log (node_modules/winston/lib/winston/transports/console.js:87:23)

    console.log
      2026-02-09T10:18:59.624Z [shared-key-registry] info: SharedKeyRegistry created {"maxKeys":1100,"slotSize":64,"bufferSize":70404}

      at Console.log (node_modules/winston/lib/winston/transports/console.js:87:23)

    console.log
      2026-02-09T10:18:59.627Z [price-matrix] info: PriceMatrix initialized {"maxPairs":1000,"totalSlots":1100,"useSharedMemory":true,"keyRegistryEnabled":true}

      at Console.log (node_modules/winston/lib/winston/transports/console.js:87:23)

    console.log
      2026-02-09T10:18:59.690Z [shared-key-registry] info: SharedKeyRegistry created {"maxKeys":550,"slotSize":64,"bufferSize":35204}

      at Console.log (node_modules/winston/lib/winston/transports/console.js:87:23)

    console.log
      2026-02-09T10:18:59.757Z [price-matrix] info: PriceMatrix initialized {"maxPairs":500,"totalSlots":550,"useSharedMemory":true,"keyRegistryEnabled":true}

      at Console.log (node_modules/winston/lib/winston/transports/console.js:87:23)

    console.log
      2026-02-09T10:18:59.768Z [price-matrix] info: PriceMatrix destroyed

      at Console.log (node_modules/winston/lib/winston/transports/console.js:87:23)

    console.log
      2026-02-09T10:18:59.773Z [price-matrix] info: PriceMatrix destroyed

      at Console.log (node_modules/winston/lib/winston/transports/console.js:87:23)

    console.log
      2026-02-09T10:18:59.810Z [shared-key-registry] info: SharedKeyRegistry created {"maxKeys":1100,"slotSize":64,"bufferSize":70404}

      at Console.log (node_modules/winston/lib/winston/transports/console.js:87:23)

    console.log
      2026-02-09T10:18:59.818Z [price-matrix] info: PriceMatrix initialized {"maxPairs":1000,"totalSlots":1100,"useSharedMemory":true,"keyRegistryEnabled":true}

      at Console.log (node_modules/winston/lib/winston/transports/console.js:87:23)

    console.log
      2026-02-09T10:18:59.820Z [price-matrix] info: PriceMatrix destroyed

      at Console.log (node_modules/winston/lib/winston/transports/console.js:87:23)

    console.log
      2026-02-09T10:18:59.827Z [shared-key-registry] info: SharedKeyRegistry created {"maxKeys":1100,"slotSize":64,"bufferSize":70404}

      at Console.log (node_modules/winston/lib/winston/transports/console.js:87:23)

    console.log
      2026-02-09T10:18:59.832Z [price-matrix] info: PriceMatrix initialized {"maxPairs":1000,"totalSlots":1100,"useSharedMemory":true,"keyRegistryEnabled":true}

      at Console.log (node_modules/winston/lib/winston/transports/console.js:87:23)

    console.log
      2026-02-09T10:18:59.833Z [price-matrix] info: PriceMatrix destroyed

      at Console.log (node_modules/winston/lib/winston/transports/console.js:87:23)

    console.log
      2026-02-09T10:18:59.845Z [shared-key-registry] info: SharedKeyRegistry created {"maxKeys":1100,"slotSize":64,"bufferSize":70404}

      at Console.log (node_modules/winston/lib/winston/transports/console.js:87:23)

    console.log
      2026-02-09T10:18:59.847Z [price-matrix] info: PriceMatrix initialized {"maxPairs":1000,"totalSlots":1100,"useSharedMemory":true,"keyRegistryEnabled":true}

      at Console.log (node_modules/winston/lib/winston/transports/console.js:87:23)

    console.log
      2026-02-09T10:18:59.854Z [price-matrix] info: PriceMatrix destroyed

      at Console.log (node_modules/winston/lib/winston/transports/console.js:87:23)

    console.log
      2026-02-09T10:18:59.860Z [shared-key-registry] info: SharedKeyRegistry created {"maxKeys":1100,"slotSize":64,"bufferSize":70404}

      at Console.log (node_modules/winston/lib/winston/transports/console.js:87:23)

    console.log
      2026-02-09T10:18:59.867Z [price-matrix] info: PriceMatrix initialized {"maxPairs":1000,"totalSlots":1100,"useSharedMemory":true,"keyRegistryEnabled":true}

      at Console.log (node_modules/winston/lib/winston/transports/console.js:87:23)

    console.log
      2026-02-09T10:18:59.877Z [price-matrix] info: PriceMatrix destroyed

      at Console.log (node_modules/winston/lib/winston/transports/console.js:87:23)

    console.log
      2026-02-09T10:18:59.885Z [shared-key-registry] info: SharedKeyRegistry created {"maxKeys":1100,"slotSize":64,"bufferSize":70404}

      at Console.log (node_modules/winston/lib/winston/transports/console.js:87:23)

    console.log
      2026-02-09T10:18:59.886Z [price-matrix] info: PriceMatrix initialized {"maxPairs":1000,"totalSlots":1100,"useSharedMemory":true,"keyRegistryEnabled":true}

      at Console.log (node_modules/winston/lib/winston/transports/console.js:87:23)

    console.log
      2026-02-09T10:18:59.891Z [price-matrix] info: PriceMatrix destroyed

      at Console.log (node_modules/winston/lib/winston/transports/console.js:87:23)

    console.log
      2026-02-09T10:18:59.895Z [shared-key-registry] info: SharedKeyRegistry created {"maxKeys":1100,"slotSize":64,"bufferSize":70404}

      at Console.log (node_modules/winston/lib/winston/transports/console.js:87:23)

    console.log
      2026-02-09T10:18:59.896Z [price-matrix] info: PriceMatrix initialized {"maxPairs":1000,"totalSlots":1100,"useSharedMemory":true,"keyRegistryEnabled":true}

      at Console.log (node_modules/winston/lib/winston/transports/console.js:87:23)

    console.log
      2026-02-09T10:18:59.903Z [price-matrix] info: PriceMatrix destroyed

      at Console.log (node_modules/winston/lib/winston/transports/console.js:87:23)

    console.log
      2026-02-09T10:18:59.911Z [shared-key-registry] info: SharedKeyRegistry created {"maxKeys":1100,"slotSize":64,"bufferSize":70404}

      at Console.log (node_modules/winston/lib/winston/transports/console.js:87:23)

    console.log
      2026-02-09T10:18:59.912Z [price-matrix] info: PriceMatrix initialized {"maxPairs":1000,"totalSlots":1100,"useSharedMemory":true,"keyRegistryEnabled":true}

      at Console.log (node_modules/winston/lib/winston/transports/console.js:87:23)

    console.log
      2026-02-09T10:18:59.918Z [price-matrix] info: PriceMatrix destroyed

      at Console.log (node_modules/winston/lib/winston/transports/console.js:87:23)

    console.log
      2026-02-09T10:18:59.938Z [shared-key-registry] info: SharedKeyRegistry created {"maxKeys":1100,"slotSize":64,"bufferSize":70404}

      at Console.log (node_modules/winston/lib/winston/transports/console.js:87:23)

    console.log
      2026-02-09T10:18:59.939Z [price-matrix] info: PriceMatrix initialized {"maxPairs":1000,"totalSlots":1100,"useSharedMemory":true,"keyRegistryEnabled":true}

      at Console.log (node_modules/winston/lib/winston/transports/console.js:87:23)

    console.log
      2026-02-09T10:18:59.941Z [price-matrix] info: PriceMatrix destroyed

      at Console.log (node_modules/winston/lib/winston/transports/console.js:87:23)

    console.log
      2026-02-09T10:18:59.942Z [shared-key-registry] info: SharedKeyRegistry created {"maxKeys":1100,"slotSize":64,"bufferSize":70404}

      at Console.log (node_modules/winston/lib/winston/transports/console.js:87:23)

    console.log
      2026-02-09T10:18:59.943Z [price-matrix] info: PriceMatrix initialized {"maxPairs":1000,"totalSlots":1100,"useSharedMemory":true,"keyRegistryEnabled":true}

      at Console.log (node_modules/winston/lib/winston/transports/console.js:87:23)

    console.log
      2026-02-09T10:18:59.967Z [price-matrix] info: PriceMatrix destroyed

      at Console.log (node_modules/winston/lib/winston/transports/console.js:87:23)

    console.log
      2026-02-09T10:18:59.975Z [shared-key-registry] info: SharedKeyRegistry created {"maxKeys":1100,"slotSize":64,"bufferSize":70404}

      at Console.log (node_modules/winston/lib/winston/transports/console.js:87:23)

    console.log
      2026-02-09T10:18:59.979Z [price-matrix] info: PriceMatrix initialized {"maxPairs":1000,"totalSlots":1100,"useSharedMemory":true,"keyRegistryEnabled":true}

      at Console.log (node_modules/winston/lib/winston/transports/console.js:87:23)

    console.log
      2026-02-09T10:18:59.985Z [price-matrix] info: PriceMatrix destroyed

      at Console.log (node_modules/winston/lib/winston/transports/console.js:87:23)

    console.log
      2026-02-09T10:18:59.987Z [shared-key-registry] info: SharedKeyRegistry created {"maxKeys":1100,"slotSize":64,"bufferSize":70404}

      at Console.log (node_modules/winston/lib/winston/transports/console.js:87:23)

    console.log
      2026-02-09T10:18:59.990Z [price-matrix] info: PriceMatrix initialized {"maxPairs":1000,"totalSlots":1100,"useSharedMemory":true,"keyRegistryEnabled":true}

      at Console.log (node_modules/winston/lib/winston/transports/console.js:87:23)

    console.log
      2026-02-09T10:18:59.991Z [shared-key-registry] info: SharedKeyRegistry created {"maxKeys":1100,"slotSize":64,"bufferSize":70404}

      at Console.log (node_modules/winston/lib/winston/transports/console.js:87:23)

    console.log
      2026-02-09T10:18:59.996Z [price-matrix] info: PriceMatrix initialized {"maxPairs":1000,"totalSlots":1100,"useSharedMemory":true,"keyRegistryEnabled":true}

      at Console.log (node_modules/winston/lib/winston/transports/console.js:87:23)

    console.log
      2026-02-09T10:18:59.998Z [price-matrix] info: PriceMatrix destroyed

      at Console.log (node_modules/winston/lib/winston/transports/console.js:87:23)

    console.log
      2026-02-09T10:19:00.003Z [price-matrix] info: PriceMatrix destroyed

      at Console.log (node_modules/winston/lib/winston/transports/console.js:87:23)

    console.log
      2026-02-09T10:19:00.013Z [shared-key-registry] info: SharedKeyRegistry created {"maxKeys":1100,"slotSize":64,"bufferSize":70404}

      at Console.log (node_modules/winston/lib/winston/transports/console.js:87:23)

    console.log
      2026-02-09T10:19:00.018Z [price-matrix] info: PriceMatrix initialized {"maxPairs":1000,"totalSlots":1100,"useSharedMemory":true,"keyRegistryEnabled":true}

      at Console.log (node_modules/winston/lib/winston/transports/console.js:87:23)

    console.log
      2026-02-09T10:19:00.019Z [price-matrix] info: PriceMatrix destroyed

      at Console.log (node_modules/winston/lib/winston/transports/console.js:87:23)

    console.log
      2026-02-09T10:19:00.024Z [shared-key-registry] info: SharedKeyRegistry created {"maxKeys":1100,"slotSize":64,"bufferSize":70404}

      at Console.log (node_modules/winston/lib/winston/transports/console.js:87:23)

    console.log
      2026-02-09T10:19:00.025Z [price-matrix] info: PriceMatrix initialized {"maxPairs":1000,"totalSlots":1100,"useSharedMemory":true,"keyRegistryEnabled":true}

      at Console.log (node_modules/winston/lib/winston/transports/console.js:87:23)

    console.log
      2026-02-09T10:19:00.026Z [price-matrix] info: PriceMatrix destroyed

      at Console.log (node_modules/winston/lib/winston/transports/console.js:87:23)

    console.log
      2026-02-09T10:19:00.030Z [shared-key-registry] info: SharedKeyRegistry created {"maxKeys":1100,"slotSize":64,"bufferSize":70404}

      at Console.log (node_modules/winston/lib/winston/transports/console.js:87:23)

    console.log
      2026-02-09T10:19:00.034Z [price-matrix] info: PriceMatrix initialized {"maxPairs":1000,"totalSlots":1100,"useSharedMemory":true,"keyRegistryEnabled":true}

      at Console.log (node_modules/winston/lib/winston/transports/console.js:87:23)

    console.log
      2026-02-09T10:19:00.035Z [price-matrix] info: PriceMatrix destroyed

      at Console.log (node_modules/winston/lib/winston/transports/console.js:87:23)

    console.log
      2026-02-09T10:19:00.037Z [shared-key-registry] info: SharedKeyRegistry created {"maxKeys":1100,"slotSize":64,"bufferSize":70404}

      at Console.log (node_modules/winston/lib/winston/transports/console.js:87:23)

    console.log
      2026-02-09T10:19:00.040Z [price-matrix] info: PriceMatrix initialized {"maxPairs":1000,"totalSlots":1100,"useSharedMemory":true,"keyRegistryEnabled":true}

      at Console.log (node_modules/winston/lib/winston/transports/console.js:87:23)

    console.log
      2026-02-09T10:19:00.125Z [price-matrix] info: PriceMatrix destroyed

      at Console.log (node_modules/winston/lib/winston/transports/console.js:87:23)

    console.log
      2026-02-09T10:19:00.128Z [shared-key-registry] info: SharedKeyRegistry created {"maxKeys":1100,"slotSize":64,"bufferSize":70404}

      at Console.log (node_modules/winston/lib/winston/transports/console.js:87:23)

    console.log
      2026-02-09T10:19:00.130Z [price-matrix] info: PriceMatrix initialized {"maxPairs":1000,"totalSlots":1100,"useSharedMemory":true,"keyRegistryEnabled":true}

      at Console.log (node_modules/winston/lib/winston/transports/console.js:87:23)

    console.log
      2026-02-09T10:19:00.132Z [price-matrix] info: PriceMatrix destroyed

      at Console.log (node_modules/winston/lib/winston/transports/console.js:87:23)

    console.log
      2026-02-09T10:19:00.135Z [shared-key-registry] info: SharedKeyRegistry created {"maxKeys":1100,"slotSize":64,"bufferSize":70404}

      at Console.log (node_modules/winston/lib/winston/transports/console.js:87:23)

    console.log
      2026-02-09T10:19:00.136Z [price-matrix] info: PriceMatrix initialized {"maxPairs":1000,"totalSlots":1100,"useSharedMemory":true,"keyRegistryEnabled":true}

      at Console.log (node_modules/winston/lib/winston/transports/console.js:87:23)

    console.log
      2026-02-09T10:19:00.140Z [price-matrix] info: PriceMatrix destroyed

      at Console.log (node_modules/winston/lib/winston/transports/console.js:87:23)

    console.log
      2026-02-09T10:19:00.145Z [shared-key-registry] info: SharedKeyRegistry created {"maxKeys":1100,"slotSize":64,"bufferSize":70404}

      at Console.log (node_modules/winston/lib/winston/transports/console.js:87:23)

    console.log
      2026-02-09T10:19:00.146Z [price-matrix] info: PriceMatrix initialized {"maxPairs":1000,"totalSlots":1100,"useSharedMemory":true,"keyRegistryEnabled":true}

      at Console.log (node_modules/winston/lib/winston/transports/console.js:87:23)

    console.log
      2026-02-09T10:19:00.151Z [price-matrix] info: PriceMatrix destroyed

      at Console.log (node_modules/winston/lib/winston/transports/console.js:87:23)

    console.log
      2026-02-09T10:19:00.153Z [shared-key-registry] info: SharedKeyRegistry created {"maxKeys":1100,"slotSize":64,"bufferSize":70404}

      at Console.log (node_modules/winston/lib/winston/transports/console.js:87:23)

    console.log
      2026-02-09T10:19:00.162Z [price-matrix] info: PriceMatrix initialized {"maxPairs":1000,"totalSlots":1100,"useSharedMemory":true,"keyRegistryEnabled":true}

      at Console.log (node_modules/winston/lib/winston/transports/console.js:87:23)

    console.log
      2026-02-09T10:19:00.166Z [price-matrix] info: PriceMatrix destroyed

      at Console.log (node_modules/winston/lib/winston/transports/console.js:87:23)

    console.log
      2026-02-09T10:19:00.170Z [shared-key-registry] info: SharedKeyRegistry created {"maxKeys":1100,"slotSize":64,"bufferSize":70404}

      at Console.log (node_modules/winston/lib/winston/transports/console.js:87:23)

    console.log
      2026-02-09T10:19:00.175Z [price-matrix] info: PriceMatrix initialized {"maxPairs":1000,"totalSlots":1100,"useSharedMemory":true,"keyRegistryEnabled":true}

      at Console.log (node_modules/winston/lib/winston/transports/console.js:87:23)

    console.log
      2026-02-09T10:19:00.188Z [price-matrix] info: PriceMatrix destroyed

      at Console.log (node_modules/winston/lib/winston/transports/console.js:87:23)

    console.log
      2026-02-09T10:19:00.198Z [shared-key-registry] info: SharedKeyRegistry created {"maxKeys":1100,"slotSize":64,"bufferSize":70404}

      at Console.log (node_modules/winston/lib/winston/transports/console.js:87:23)

    console.log
      2026-02-09T10:19:00.204Z [price-matrix] info: PriceMatrix initialized {"maxPairs":1000,"totalSlots":1100,"useSharedMemory":true,"keyRegistryEnabled":true}

      at Console.log (node_modules/winston/lib/winston/transports/console.js:87:23)

    console.log
      2026-02-09T10:19:00.205Z [shared-key-registry] info: SharedKeyRegistry created {"maxKeys":110,"slotSize":64,"bufferSize":7044}

      at Console.log (node_modules/winston/lib/winston/transports/console.js:87:23)

    console.log
      2026-02-09T10:19:00.210Z [price-matrix] info: PriceMatrix initialized {"maxPairs":10,"totalSlots":110,"useSharedMemory":true,"keyRegistryEnabled":true}

      at Console.log (node_modules/winston/lib/winston/transports/console.js:87:23)

    console.log
      2026-02-09T10:19:00.215Z [price-matrix] warn: PriceMatrix maxPairs limit reached, ignoring new key {"key":"bsc:pancakeswap:0xpair0010"}

      at Console.log (node_modules/winston/lib/winston/transports/console.js:87:23)

    console.log
      2026-02-09T10:19:00.216Z [price-matrix] warn: PriceMatrix maxPairs limit reached, ignoring new key {"key":"bsc:pancakeswap:0xpair0011"}

      at Console.log (node_modules/winston/lib/winston/transports/console.js:87:23)

    console.log
      2026-02-09T10:19:00.218Z [price-matrix] warn: PriceMatrix maxPairs limit reached, ignoring new key {"key":"bsc:pancakeswap:0xpair0012"}

      at Console.log (node_modules/winston/lib/winston/transports/console.js:87:23)

    console.log
      2026-02-09T10:19:00.218Z [price-matrix] warn: PriceMatrix maxPairs limit reached, ignoring new key {"key":"bsc:pancakeswap:0xpair0013"}

      at Console.log (node_modules/winston/lib/winston/transports/console.js:87:23)

    console.log
      2026-02-09T10:19:00.224Z [price-matrix] warn: PriceMatrix maxPairs limit reached, ignoring new key {"key":"bsc:pancakeswap:0xpair0014"}

      at Console.log (node_modules/winston/lib/winston/transports/console.js:87:23)

    console.log
      2026-02-09T10:19:00.225Z [price-matrix] warn: PriceMatrix maxPairs limit reached, ignoring new key {"key":"bsc:pancakeswap:0xpair0015"}

      at Console.log (node_modules/winston/lib/winston/transports/console.js:87:23)

    console.log
      2026-02-09T10:19:00.226Z [price-matrix] warn: PriceMatrix maxPairs limit reached, ignoring new key {"key":"bsc:pancakeswap:0xpair0016"}

      at Console.log (node_modules/winston/lib/winston/transports/console.js:87:23)

    console.log
      2026-02-09T10:19:00.233Z [price-matrix] warn: PriceMatrix maxPairs limit reached, ignoring new key {"key":"bsc:pancakeswap:0xpair0017"}

      at Console.log (node_modules/winston/lib/winston/transports/console.js:87:23)

    console.log
      2026-02-09T10:19:00.233Z [price-matrix] warn: PriceMatrix maxPairs limit reached, ignoring new key {"key":"bsc:pancakeswap:0xpair0018"}

      at Console.log (node_modules/winston/lib/winston/transports/console.js:87:23)

    console.log
      2026-02-09T10:19:00.240Z [price-matrix] warn: PriceMatrix maxPairs limit reached, ignoring new key {"key":"bsc:pancakeswap:0xpair0019"}

      at Console.log (node_modules/winston/lib/winston/transports/console.js:87:23)

    console.log
      2026-02-09T10:19:00.245Z [price-matrix] info: PriceMatrix destroyed

      at Console.log (node_modules/winston/lib/winston/transports/console.js:87:23)

    console.log
      2026-02-09T10:19:00.246Z [price-matrix] info: PriceMatrix destroyed

      at Console.log (node_modules/winston/lib/winston/transports/console.js:87:23)

    console.log
      2026-02-09T10:19:00.253Z [shared-key-registry] info: SharedKeyRegistry created {"maxKeys":1100,"slotSize":64,"bufferSize":70404}

      at Console.log (node_modules/winston/lib/winston/transports/console.js:87:23)

    console.log
      2026-02-09T10:19:00.265Z [price-matrix] info: PriceMatrix initialized {"maxPairs":1000,"totalSlots":1100,"useSharedMemory":true,"keyRegistryEnabled":true}

      at Console.log (node_modules/winston/lib/winston/transports/console.js:87:23)

    console.log
      2026-02-09T10:19:00.275Z [price-matrix] info: PriceMatrix destroyed

      at Console.log (node_modules/winston/lib/winston/transports/console.js:87:23)

    console.log
      2026-02-09T10:19:00.282Z [shared-key-registry] info: SharedKeyRegistry created {"maxKeys":1100,"slotSize":64,"bufferSize":70404}

      at Console.log (node_modules/winston/lib/winston/transports/console.js:87:23)

    console.log
      2026-02-09T10:19:00.284Z [price-matrix] info: PriceMatrix initialized {"maxPairs":1000,"totalSlots":1100,"useSharedMemory":true,"keyRegistryEnabled":true}

      at Console.log (node_modules/winston/lib/winston/transports/console.js:87:23)

    console.log
      2026-02-09T10:19:00.291Z [price-matrix] info: PriceMatrix destroyed

      at Console.log (node_modules/winston/lib/winston/transports/console.js:87:23)

    console.log
      2026-02-09T10:19:00.306Z [shared-key-registry] info: SharedKeyRegistry created {"maxKeys":1100,"slotSize":64,"bufferSize":70404}

      at Console.log (node_modules/winston/lib/winston/transports/console.js:87:23)

    console.log
      2026-02-09T10:19:00.307Z [price-matrix] info: PriceMatrix initialized {"maxPairs":1000,"totalSlots":1100,"useSharedMemory":true,"keyRegistryEnabled":true}

      at Console.log (node_modules/winston/lib/winston/transports/console.js:87:23)

    console.log
      2026-02-09T10:19:00.308Z [price-matrix] info: PriceMatrix destroyed

      at Console.log (node_modules/winston/lib/winston/transports/console.js:87:23)

    console.log
      2026-02-09T10:19:00.315Z [shared-key-registry] info: SharedKeyRegistry created {"maxKeys":1100,"slotSize":64,"bufferSize":70404}

      at Console.log (node_modules/winston/lib/winston/transports/console.js:87:23)

    console.log
      2026-02-09T10:19:00.321Z [price-matrix] info: PriceMatrix initialized {"maxPairs":1000,"totalSlots":1100,"useSharedMemory":true,"keyRegistryEnabled":true}

      at Console.log (node_modules/winston/lib/winston/transports/console.js:87:23)

    console.log
      2026-02-09T10:19:00.322Z [price-matrix] info: PriceMatrix destroyed

      at Console.log (node_modules/winston/lib/winston/transports/console.js:87:23)

    console.log
      2026-02-09T10:19:00.329Z [shared-key-registry] info: SharedKeyRegistry created {"maxKeys":1100,"slotSize":64,"bufferSize":70404}

      at Console.log (node_modules/winston/lib/winston/transports/console.js:87:23)

    console.log
      2026-02-09T10:19:00.338Z [price-matrix] info: PriceMatrix initialized {"maxPairs":1000,"totalSlots":1100,"useSharedMemory":true,"keyRegistryEnabled":true}

      at Console.log (node_modules/winston/lib/winston/transports/console.js:87:23)

    console.log
      2026-02-09T10:19:00.344Z [shared-key-registry] info: SharedKeyRegistry created {"maxKeys":1100,"slotSize":64,"bufferSize":70404}

      at Console.log (node_modules/winston/lib/winston/transports/console.js:87:23)

    console.log
      2026-02-09T10:19:00.365Z [price-matrix] info: PriceMatrix initialized {"maxPairs":1000,"totalSlots":1100,"useSharedMemory":true,"keyRegistryEnabled":true}

      at Console.log (node_modules/winston/lib/winston/transports/console.js:87:23)

    console.log
      2026-02-09T10:19:00.369Z [price-matrix] info: PriceMatrix destroyed

      at Console.log (node_modules/winston/lib/winston/transports/console.js:87:23)

    console.log
      2026-02-09T10:19:00.385Z [price-matrix] info: PriceMatrix destroyed

      at Console.log (node_modules/winston/lib/winston/transports/console.js:87:23)

    console.log
      2026-02-09T10:19:00.387Z [shared-key-registry] info: SharedKeyRegistry created {"maxKeys":1100,"slotSize":64,"bufferSize":70404}

      at Console.log (node_modules/winston/lib/winston/transports/console.js:87:23)

    console.log
      2026-02-09T10:19:00.397Z [price-matrix] info: PriceMatrix initialized {"maxPairs":1000,"totalSlots":1100,"useSharedMemory":true,"keyRegistryEnabled":true}

      at Console.log (node_modules/winston/lib/winston/transports/console.js:87:23)

    console.log
      2026-02-09T10:19:00.399Z [shared-key-registry] info: SharedKeyRegistry created {"maxKeys":1100,"slotSize":64,"bufferSize":70404}

      at Console.log (node_modules/winston/lib/winston/transports/console.js:87:23)

    console.log
      2026-02-09T10:19:00.408Z [price-matrix] info: PriceMatrix initialized {"maxPairs":1000,"totalSlots":1100,"useSharedMemory":true,"keyRegistryEnabled":true}

      at Console.log (node_modules/winston/lib/winston/transports/console.js:87:23)

    console.log
      2026-02-09T10:19:00.409Z [price-matrix] info: PriceMatrix destroyed

      at Console.log (node_modules/winston/lib/winston/transports/console.js:87:23)

    console.log
      2026-02-09T10:19:00.410Z [shared-key-registry] info: SharedKeyRegistry created {"maxKeys":1100,"slotSize":64,"bufferSize":70404}

      at Console.log (node_modules/winston/lib/winston/transports/console.js:87:23)

    console.log
      2026-02-09T10:19:00.411Z [price-matrix] info: PriceMatrix initialized {"maxPairs":1000,"totalSlots":1100,"useSharedMemory":true,"keyRegistryEnabled":true}

      at Console.log (node_modules/winston/lib/winston/transports/console.js:87:23)

    console.log
      2026-02-09T10:19:00.412Z [price-matrix] info: PriceMatrix destroyed

      at Console.log (node_modules/winston/lib/winston/transports/console.js:87:23)

    console.log
      2026-02-09T10:19:00.413Z [price-matrix] info: PriceMatrix destroyed

      at Console.log (node_modules/winston/lib/winston/transports/console.js:87:23)

    console.log
      2026-02-09T10:19:00.448Z [price-matrix] warn: PriceIndexMapper: All slots used, cannot allocate new key {"key":"key10","usedSlots":10,"maxIndex":10}

      at Console.log (node_modules/winston/lib/winston/transports/console.js:87:23)

    console.log
      2026-02-09T10:19:00.449Z [price-matrix] warn: PriceIndexMapper: All slots used, cannot allocate new key {"key":"key11","usedSlots":10,"maxIndex":10}

      at Console.log (node_modules/winston/lib/winston/transports/console.js:87:23)

    console.log
      2026-02-09T10:19:00.450Z [price-matrix] warn: PriceIndexMapper: All slots used, cannot allocate new key {"key":"key12","usedSlots":10,"maxIndex":10}

      at Console.log (node_modules/winston/lib/winston/transports/console.js:87:23)

    console.log
      2026-02-09T10:19:00.451Z [price-matrix] warn: PriceIndexMapper: All slots used, cannot allocate new key {"key":"key13","usedSlots":10,"maxIndex":10}

      at Console.log (node_modules/winston/lib/winston/transports/console.js:87:23)

    console.log
      2026-02-09T10:19:00.452Z [price-matrix] warn: PriceIndexMapper: All slots used, cannot allocate new key {"key":"key14","usedSlots":10,"maxIndex":10}

      at Console.log (node_modules/winston/lib/winston/transports/console.js:87:23)

    console.log
      2026-02-09T10:19:00.453Z [price-matrix] warn: PriceIndexMapper: All slots used, cannot allocate new key {"key":"key15","usedSlots":10,"maxIndex":10}

      at Console.log (node_modules/winston/lib/winston/transports/console.js:87:23)

    console.log
      2026-02-09T10:19:00.454Z [price-matrix] warn: PriceIndexMapper: All slots used, cannot allocate new key {"key":"key16","usedSlots":10,"maxIndex":10}

      at Console.log (node_modules/winston/lib/winston/transports/console.js:87:23)

    console.log
      2026-02-09T10:19:00.454Z [price-matrix] warn: PriceIndexMapper: All slots used, cannot allocate new key {"key":"key17","usedSlots":10,"maxIndex":10}

      at Console.log (node_modules/winston/lib/winston/transports/console.js:87:23)

    console.log
      2026-02-09T10:19:00.455Z [price-matrix] warn: PriceIndexMapper: All slots used, cannot allocate new key {"key":"key18","usedSlots":10,"maxIndex":10}

      at Console.log (node_modules/winston/lib/winston/transports/console.js:87:23)

    console.log
      2026-02-09T10:19:00.456Z [price-matrix] warn: PriceIndexMapper: All slots used, cannot allocate new key {"key":"key19","usedSlots":10,"maxIndex":10}

      at Console.log (node_modules/winston/lib/winston/transports/console.js:87:23)

    console.log
      2026-02-09T10:19:00.475Z [shared-key-registry] info: SharedKeyRegistry created {"maxKeys":1100,"slotSize":64,"bufferSize":70404}

      at Console.log (node_modules/winston/lib/winston/transports/console.js:87:23)

    console.log
      2026-02-09T10:19:00.476Z [price-matrix] info: PriceMatrix initialized {"maxPairs":1000,"totalSlots":1100,"useSharedMemory":true,"keyRegistryEnabled":true}

      at Console.log (node_modules/winston/lib/winston/transports/console.js:87:23)

    console.log
      2026-02-09T10:19:00.482Z [price-matrix] info: PriceMatrix destroyed

      at Console.log (node_modules/winston/lib/winston/transports/console.js:87:23)

    console.log
      2026-02-09T10:19:00.499Z [shared-key-registry] info: SharedKeyRegistry created {"maxKeys":1100,"slotSize":64,"bufferSize":70404}

      at Console.log (node_modules/winston/lib/winston/transports/console.js:87:23)

    console.log
      2026-02-09T10:19:00.501Z [price-matrix] info: PriceMatrix initialized {"maxPairs":1000,"totalSlots":1100,"useSharedMemory":true,"keyRegistryEnabled":true}

      at Console.log (node_modules/winston/lib/winston/transports/console.js:87:23)

    console.log
      Average lookup time: 2.515μs

      at Object.<anonymous> (shared/core/__tests__/unit/price-matrix.test.ts:599:13)

    console.log
      2026-02-09T10:19:00.553Z [price-matrix] info: PriceMatrix destroyed

      at Console.log (node_modules/winston/lib/winston/transports/console.js:87:23)

    console.log
      2026-02-09T10:19:00.626Z [shared-key-registry] info: SharedKeyRegistry created {"maxKeys":1100,"slotSize":64,"bufferSize":70404}

      at Console.log (node_modules/winston/lib/winston/transports/console.js:87:23)

    console.log
      2026-02-09T10:19:00.628Z [price-matrix] info: PriceMatrix initialized {"maxPairs":1000,"totalSlots":1100,"useSharedMemory":true,"keyRegistryEnabled":true}

      at Console.log (node_modules/winston/lib/winston/transports/console.js:87:23)

    console.log
      1000 concurrent lookups: 8.29ms

      at Object.<anonymous> (shared/core/__tests__/unit/price-matrix.test.ts:627:13)

    console.log
      2026-02-09T10:19:00.645Z [price-matrix] info: PriceMatrix destroyed

      at Console.log (node_modules/winston/lib/winston/transports/console.js:87:23)

    console.log
      2026-02-09T10:19:00.649Z [shared-key-registry] info: SharedKeyRegistry created {"maxKeys":1100,"slotSize":64,"bufferSize":70404}

      at Console.log (node_modules/winston/lib/winston/transports/console.js:87:23)

    console.log
      2026-02-09T10:19:00.656Z [price-matrix] info: PriceMatrix initialized {"maxPairs":1000,"totalSlots":1100,"useSharedMemory":true,"keyRegistryEnabled":true}

      at Console.log (node_modules/winston/lib/winston/transports/console.js:87:23)

    console.log
      Average write time: 7.095μs

      at Object.<anonymous> (shared/core/__tests__/unit/price-matrix.test.ts:645:13)

    console.log
      2026-02-09T10:19:00.671Z [price-matrix] info: PriceMatrix destroyed

      at Console.log (node_modules/winston/lib/winston/transports/console.js:87:23)

    console.log
      2026-02-09T10:19:00.679Z [shared-key-registry] info: SharedKeyRegistry created {"maxKeys":1100,"slotSize":64,"bufferSize":70404}

      at Console.log (node_modules/winston/lib/winston/transports/console.js:87:23)

    console.log
      2026-02-09T10:19:00.686Z [price-matrix] info: PriceMatrix initialized {"maxPairs":1000,"totalSlots":1100,"useSharedMemory":true,"keyRegistryEnabled":true}

      at Console.log (node_modules/winston/lib/winston/transports/console.js:87:23)

    console.log
      Batch update: 1000 updates in 6.20ms

      at Object.<anonymous> (shared/core/__tests__/unit/price-matrix.test.ts:674:13)

    console.log
      Average per update: 6.201μs

      at Object.<anonymous> (shared/core/__tests__/unit/price-matrix.test.ts:675:13)

    console.log
      2026-02-09T10:19:00.696Z [price-matrix] info: PriceMatrix destroyed

      at Console.log (node_modules/winston/lib/winston/transports/console.js:87:23)

    console.log
      2026-02-09T10:19:00.701Z [shared-key-registry] info: SharedKeyRegistry created {"maxKeys":1100,"slotSize":64,"bufferSize":70404}

      at Console.log (node_modules/winston/lib/winston/transports/console.js:87:23)

    console.log
      2026-02-09T10:19:00.707Z [price-matrix] info: PriceMatrix initialized {"maxPairs":1000,"totalSlots":1100,"useSharedMemory":true,"keyRegistryEnabled":true}

      at Console.log (node_modules/winston/lib/winston/transports/console.js:87:23)

    console.log
      2026-02-09T10:19:00.720Z [price-matrix] info: PriceMatrix destroyed

      at Console.log (node_modules/winston/lib/winston/transports/console.js:87:23)

    console.log
      2026-02-09T10:19:00.723Z [shared-key-registry] info: SharedKeyRegistry created {"maxKeys":1100,"slotSize":64,"bufferSize":70404}

      at Console.log (node_modules/winston/lib/winston/transports/console.js:87:23)

    console.log
      2026-02-09T10:19:00.725Z [price-matrix] info: PriceMatrix initialized {"maxPairs":1000,"totalSlots":1100,"useSharedMemory":true,"keyRegistryEnabled":true}

      at Console.log (node_modules/winston/lib/winston/transports/console.js:87:23)

    console.log
      2026-02-09T10:19:00.737Z [shared-key-registry] warn: Key too large for registry {"key":"bsc:pancakeswap:0xaaaaaaaaaaaaaaaaaaaaaaaaaaaaaaaaaaaaaaaaaaaaaaaaaaaaaaaaaaaaaaaaaaaaaaaaaaaaaaaaaaaaaaaaaaaaaaaaaaaa","keyBytes":118,"maxBytes":60}

      at Console.log (node_modules/winston/lib/winston/transports/console.js:87:23)

    console.log
      2026-02-09T10:19:00.741Z [price-matrix] info: PriceMatrix destroyed

      at Console.log (node_modules/winston/lib/winston/transports/console.js:87:23)

    console.log
      2026-02-09T10:19:00.749Z [shared-key-registry] info: SharedKeyRegistry created {"maxKeys":1100,"slotSize":64,"bufferSize":70404}

      at Console.log (node_modules/winston/lib/winston/transports/console.js:87:23)

    console.log
      2026-02-09T10:19:00.750Z [price-matrix] info: PriceMatrix initialized {"maxPairs":1000,"totalSlots":1100,"useSharedMemory":true,"keyRegistryEnabled":true}

      at Console.log (node_modules/winston/lib/winston/transports/console.js:87:23)

    console.log
      2026-02-09T10:19:00.755Z [price-matrix] info: PriceMatrix destroyed

      at Console.log (node_modules/winston/lib/winston/transports/console.js:87:23)

    console.log
      2026-02-09T10:19:00.763Z [shared-key-registry] info: SharedKeyRegistry created {"maxKeys":1100,"slotSize":64,"bufferSize":70404}

      at Console.log (node_modules/winston/lib/winston/transports/console.js:87:23)

    console.log
      2026-02-09T10:19:00.769Z [price-matrix] info: PriceMatrix initialized {"maxPairs":1000,"totalSlots":1100,"useSharedMemory":true,"keyRegistryEnabled":true}

      at Console.log (node_modules/winston/lib/winston/transports/console.js:87:23)

    console.log
      2026-02-09T10:19:00.771Z [price-matrix] info: PriceMatrix destroyed

      at Console.log (node_modules/winston/lib/winston/transports/console.js:87:23)

    console.log
      2026-02-09T10:19:00.779Z [shared-key-registry] info: SharedKeyRegistry created {"maxKeys":1100,"slotSize":64,"bufferSize":70404}

      at Console.log (node_modules/winston/lib/winston/transports/console.js:87:23)

    console.log
      2026-02-09T10:19:00.780Z [price-matrix] info: PriceMatrix initialized {"maxPairs":1000,"totalSlots":1100,"useSharedMemory":true,"keyRegistryEnabled":true}

      at Console.log (node_modules/winston/lib/winston/transports/console.js:87:23)

    console.log
      2026-02-09T10:19:00.784Z [price-matrix] info: PriceMatrix destroyed

      at Console.log (node_modules/winston/lib/winston/transports/console.js:87:23)

    console.log
      2026-02-09T10:19:00.790Z [shared-key-registry] info: SharedKeyRegistry created {"maxKeys":1100,"slotSize":64,"bufferSize":70404}

      at Console.log (node_modules/winston/lib/winston/transports/console.js:87:23)

    console.log
      2026-02-09T10:19:00.792Z [price-matrix] info: PriceMatrix initialized {"maxPairs":1000,"totalSlots":1100,"useSharedMemory":true,"keyRegistryEnabled":true}

      at Console.log (node_modules/winston/lib/winston/transports/console.js:87:23)

    console.log
      2026-02-09T10:19:00.798Z [price-matrix] info: PriceMatrix destroyed

      at Console.log (node_modules/winston/lib/winston/transports/console.js:87:23)

    console.log
      2026-02-09T10:19:00.801Z [shared-key-registry] info: SharedKeyRegistry created {"maxKeys":1100,"slotSize":64,"bufferSize":70404}

      at Console.log (node_modules/winston/lib/winston/transports/console.js:87:23)

    console.log
      2026-02-09T10:19:00.808Z [price-matrix] info: PriceMatrix initialized {"maxPairs":1000,"totalSlots":1100,"useSharedMemory":true,"keyRegistryEnabled":true}

      at Console.log (node_modules/winston/lib/winston/transports/console.js:87:23)

    console.log
      2026-02-09T10:19:00.813Z [price-matrix] info: PriceMatrix destroyed

      at Console.log (node_modules/winston/lib/winston/transports/console.js:87:23)

    console.log
      2026-02-09T10:19:00.822Z [shared-key-registry] info: SharedKeyRegistry created {"maxKeys":1100,"slotSize":64,"bufferSize":70404}

      at Console.log (node_modules/winston/lib/winston/transports/console.js:87:23)

    console.log
      2026-02-09T10:19:00.824Z [price-matrix] info: PriceMatrix initialized {"maxPairs":1000,"totalSlots":1100,"useSharedMemory":true,"keyRegistryEnabled":true}

      at Console.log (node_modules/winston/lib/winston/transports/console.js:87:23)

    console.log
      2026-02-09T10:19:00.827Z [price-matrix] info: PriceMatrix destroyed

      at Console.log (node_modules/winston/lib/winston/transports/console.js:87:23)

    console.log
      2026-02-09T10:19:00.831Z [shared-key-registry] info: SharedKeyRegistry created {"maxKeys":1100,"slotSize":64,"bufferSize":70404}

      at Console.log (node_modules/winston/lib/winston/transports/console.js:87:23)

    console.log
      2026-02-09T10:19:00.834Z [price-matrix] info: PriceMatrix initialized {"maxPairs":1000,"totalSlots":1100,"useSharedMemory":true,"keyRegistryEnabled":true}

      at Console.log (node_modules/winston/lib/winston/transports/console.js:87:23)

    console.log
      2026-02-09T10:19:00.842Z [price-matrix] info: PriceMatrix destroyed

      at Console.log (node_modules/winston/lib/winston/transports/console.js:87:23)

    console.log
      2026-02-09T10:19:00.853Z [shared-key-registry] info: SharedKeyRegistry created {"maxKeys":1100,"slotSize":64,"bufferSize":70404}

      at Console.log (node_modules/winston/lib/winston/transports/console.js:87:23)

    console.log
      2026-02-09T10:19:00.858Z [price-matrix] info: PriceMatrix initialized {"maxPairs":1000,"totalSlots":1100,"useSharedMemory":true,"keyRegistryEnabled":true}

      at Console.log (node_modules/winston/lib/winston/transports/console.js:87:23)

    console.log
      2026-02-09T10:19:00.859Z [price-matrix] info: PriceMatrix destroyed

      at Console.log (node_modules/winston/lib/winston/transports/console.js:87:23)

    console.log
      2026-02-09T10:19:00.864Z [price-matrix] warn: setPrice called on destroyed PriceMatrix

      at Console.log (node_modules/winston/lib/winston/transports/console.js:87:23)

    console.log
      2026-02-09T10:19:00.871Z [shared-key-registry] info: SharedKeyRegistry created {"maxKeys":1100,"slotSize":64,"bufferSize":70404}

      at Console.log (node_modules/winston/lib/winston/transports/console.js:87:23)

    console.log
      2026-02-09T10:19:00.874Z [price-matrix] info: PriceMatrix initialized {"maxPairs":1000,"totalSlots":1100,"useSharedMemory":true,"keyRegistryEnabled":true}

      at Console.log (node_modules/winston/lib/winston/transports/console.js:87:23)

    console.log
      2026-02-09T10:19:00.877Z [price-matrix] info: PriceMatrix destroyed

      at Console.log (node_modules/winston/lib/winston/transports/console.js:87:23)

    console.log
      2026-02-09T10:19:00.883Z [shared-key-registry] info: SharedKeyRegistry created {"maxKeys":1100,"slotSize":64,"bufferSize":70404}

      at Console.log (node_modules/winston/lib/winston/transports/console.js:87:23)

    console.log
      2026-02-09T10:19:00.884Z [price-matrix] info: PriceMatrix initialized {"maxPairs":1000,"totalSlots":1100,"useSharedMemory":true,"keyRegistryEnabled":true}

      at Console.log (node_modules/winston/lib/winston/transports/console.js:87:23)

    console.log
      2026-02-09T10:19:00.889Z [price-matrix] info: PriceMatrix destroyed

      at Console.log (node_modules/winston/lib/winston/transports/console.js:87:23)

    console.log
      2026-02-09T10:19:00.891Z [shared-key-registry] info: SharedKeyRegistry created {"maxKeys":1100,"slotSize":64,"bufferSize":70404}

      at Console.log (node_modules/winston/lib/winston/transports/console.js:87:23)

    console.log
      2026-02-09T10:19:00.895Z [price-matrix] info: PriceMatrix initialized {"maxPairs":1000,"totalSlots":1100,"useSharedMemory":true,"keyRegistryEnabled":true}

      at Console.log (node_modules/winston/lib/winston/transports/console.js:87:23)

    console.log
      2026-02-09T10:19:00.991Z [price-matrix] info: PriceMatrix destroyed

      at Console.log (node_modules/winston/lib/winston/transports/console.js:87:23)

    console.log
      2026-02-09T10:19:00.996Z [shared-key-registry] info: SharedKeyRegistry created {"maxKeys":1100,"slotSize":64,"bufferSize":70404}

      at Console.log (node_modules/winston/lib/winston/transports/console.js:87:23)

    console.log
      2026-02-09T10:19:00.997Z [price-matrix] info: PriceMatrix initialized {"maxPairs":1000,"totalSlots":1100,"useSharedMemory":true,"keyRegistryEnabled":true}

      at Console.log (node_modules/winston/lib/winston/transports/console.js:87:23)

    console.log
      2026-02-09T10:19:01.002Z [price-matrix] info: PriceMatrix destroyed

      at Console.log (node_modules/winston/lib/winston/transports/console.js:87:23)

    console.log
      2026-02-09T10:19:01.010Z [shared-key-registry] info: SharedKeyRegistry created {"maxKeys":1100,"slotSize":64,"bufferSize":70404}

      at Console.log (node_modules/winston/lib/winston/transports/console.js:87:23)

    console.log
      2026-02-09T10:19:01.011Z [price-matrix] info: PriceMatrix initialized {"maxPairs":1000,"totalSlots":1100,"useSharedMemory":true,"keyRegistryEnabled":true}

      at Console.log (node_modules/winston/lib/winston/transports/console.js:87:23)

    console.log
      2026-02-09T10:19:01.026Z [shared-key-registry] info: SharedKeyRegistry created {"maxKeys":1000,"slotSize":64,"bufferSize":64004}

      at Console.log (node_modules/winston/lib/winston/transports/console.js:87:23)

    console.log
      2026-02-09T10:19:01.028Z [price-matrix] info: PriceMatrix initialized {"maxPairs":1000,"totalSlots":1000,"useSharedMemory":true,"keyRegistryEnabled":true}

      at Console.log (node_modules/winston/lib/winston/transports/console.js:87:23)

    console.log
      2026-02-09T10:19:01.051Z [price-matrix] info: PriceMatrix destroyed

      at Console.log (node_modules/winston/lib/winston/transports/console.js:87:23)

    console.log
      2026-02-09T10:19:01.053Z [price-matrix] info: PriceMatrix destroyed

      at Console.log (node_modules/winston/lib/winston/transports/console.js:87:23)

    console.log
      2026-02-09T10:19:01.066Z [shared-key-registry] info: SharedKeyRegistry created {"maxKeys":1100,"slotSize":64,"bufferSize":70404}

      at Console.log (node_modules/winston/lib/winston/transports/console.js:87:23)

    console.log
      2026-02-09T10:19:01.067Z [price-matrix] info: PriceMatrix initialized {"maxPairs":1000,"totalSlots":1100,"useSharedMemory":true,"keyRegistryEnabled":true}

      at Console.log (node_modules/winston/lib/winston/transports/console.js:87:23)

    console.log
      2026-02-09T10:19:01.076Z [price-matrix] info: PriceMatrix destroyed

      at Console.log (node_modules/winston/lib/winston/transports/console.js:87:23)

    console.log
      2026-02-09T10:19:01.085Z [shared-key-registry] info: SharedKeyRegistry created {"maxKeys":1100,"slotSize":64,"bufferSize":70404}

      at Console.log (node_modules/winston/lib/winston/transports/console.js:87:23)

    console.log
      2026-02-09T10:19:01.086Z [price-matrix] info: PriceMatrix initialized {"maxPairs":1000,"totalSlots":1100,"useSharedMemory":true,"keyRegistryEnabled":true}

      at Console.log (node_modules/winston/lib/winston/transports/console.js:87:23)

    console.log
      2026-02-09T10:19:01.093Z [price-matrix] info: PriceMatrix destroyed

      at Console.log (node_modules/winston/lib/winston/transports/console.js:87:23)

PASS unit shared/core/__tests__/unit/price-oracle.test.ts (6.781 s)
  ● Console

    console.log
      2026-02-09T10:19:02.421Z [redis-client] error: Redis main client error {"error":{"code":"ECONNREFUSED"}}

      at Console.log (node_modules/winston/lib/winston/transports/console.js:87:23)

    console.log
      2026-02-09T10:19:02.505Z [redis-client] error: Redis main client error {"error":{"code":"ECONNREFUSED"}}

      at Console.log (node_modules/winston/lib/winston/transports/console.js:87:23)

    console.log
      2026-02-09T10:19:02.647Z [redis-client] error: Redis main client error {"error":{"code":"ECONNREFUSED"}}

      at Console.log (node_modules/winston/lib/winston/transports/console.js:87:23)

    console.log
      2026-02-09T10:19:02.827Z [redis-client] error: Redis main client error {"error":{"code":"ECONNREFUSED"}}

      at Console.log (node_modules/winston/lib/winston/transports/console.js:87:23)

    console.log
      2026-02-09T10:19:02.877Z [redis-client] error: Redis main client error {"error":{"code":"ECONNREFUSED"}}

      at Console.log (node_modules/winston/lib/winston/transports/console.js:87:23)

    console.log
      2026-02-09T10:19:02.955Z [redis-client] error: Redis main client error {"error":{"code":"ECONNREFUSED"}}

      at Console.log (node_modules/winston/lib/winston/transports/console.js:87:23)

    console.log
      2026-02-09T10:19:03.102Z [redis-client] error: Redis main client error {"error":{"code":"ECONNREFUSED"}}

      at Console.log (node_modules/winston/lib/winston/transports/console.js:87:23)

    console.log
      2026-02-09T10:19:03.287Z [redis-client] error: Redis main client error {"error":{"code":"ECONNREFUSED"}}

      at Console.log (node_modules/winston/lib/winston/transports/console.js:87:23)

PASS unit shared/core/__tests__/unit/worker-sharedbuffer.test.ts (30.776 s)
  ● Console

    console.log
      2026-02-09T10:18:41.369Z [shared-key-registry] info: SharedKeyRegistry created {"maxKeys":6151645,"slotSize":64,"bufferSize":393705284}

      at Console.log (node_modules/winston/lib/winston/transports/console.js:87:23)

    console.log
      2026-02-09T10:18:41.427Z [price-matrix] info: PriceMatrix initialized {"maxPairs":5592405,"totalSlots":6151645,"useSharedMemory":true,"keyRegistryEnabled":true}

      at Console.log (node_modules/winston/lib/winston/transports/console.js:87:23)

    console.log
      2026-02-09T10:18:41.437Z [hierarchical-cache] info: Hierarchical cache initialized {"l1Enabled":true,"l2Enabled":false,"l3Enabled":false,"l1Size":64,"predictiveWarmingEnabled":false,"usePriceMatrix":true,"l1Implementation":"PriceMatrix"}

      at Console.log (node_modules/winston/lib/winston/transports/console.js:87:23)

    console.log
      2026-02-09T10:18:41.494Z [hierarchical-cache] info: Hierarchical cache initialized {"l1Enabled":true,"l2Enabled":false,"l3Enabled":false,"l1Size":64,"predictiveWarmingEnabled":false,"usePriceMatrix":false,"l1Implementation":"Map"}

      at Console.log (node_modules/winston/lib/winston/transports/console.js:87:23)

    console.log
      2026-02-09T10:18:45.790Z [shared-key-registry] info: SharedKeyRegistry created {"maxKeys":6151645,"slotSize":64,"bufferSize":393705284}

      at Console.log (node_modules/winston/lib/winston/transports/console.js:87:23)

    console.log
      2026-02-09T10:18:45.792Z [price-matrix] info: PriceMatrix initialized {"maxPairs":5592405,"totalSlots":6151645,"useSharedMemory":true,"keyRegistryEnabled":true}

      at Console.log (node_modules/winston/lib/winston/transports/console.js:87:23)

    console.log
      2026-02-09T10:18:45.793Z [hierarchical-cache] info: Hierarchical cache initialized {"l1Enabled":true,"l2Enabled":false,"l3Enabled":false,"l1Size":64,"predictiveWarmingEnabled":false,"usePriceMatrix":true,"l1Implementation":"PriceMatrix"}

      at Console.log (node_modules/winston/lib/winston/transports/console.js:87:23)

    console.log
      2026-02-09T10:18:45.801Z [hierarchical-cache] info: Hierarchical cache initialized {"l1Enabled":true,"l2Enabled":false,"l3Enabled":false,"l1Size":64,"predictiveWarmingEnabled":false,"usePriceMatrix":false,"l1Implementation":"Map"}

      at Console.log (node_modules/winston/lib/winston/transports/console.js:87:23)

    console.log
      2026-02-09T10:18:45.821Z [hierarchical-cache] info: Hierarchical cache initialized {"l1Enabled":false,"l2Enabled":true,"l3Enabled":true,"l1Size":64,"predictiveWarmingEnabled":false,"usePriceMatrix":true,"l1Implementation":"PriceMatrix"}

      at Console.log (node_modules/winston/lib/winston/transports/console.js:87:23)

    console.log
      2026-02-09T10:18:46.041Z [redis-client] error: Redis main client error {"error":{"code":"ECONNREFUSED"}}

      at Console.log (node_modules/winston/lib/winston/transports/console.js:87:23)

    console.log
      2026-02-09T10:18:46.125Z [redis-client] error: Redis main client error {"error":{"code":"ECONNREFUSED"}}

      at Console.log (node_modules/winston/lib/winston/transports/console.js:87:23)

    console.log
      2026-02-09T10:18:46.819Z [redis-client] error: Redis main client error {"error":{"code":"ECONNREFUSED"}}

      at Console.log (node_modules/winston/lib/winston/transports/console.js:87:23)

    console.log
      2026-02-09T10:18:47.014Z [redis-client] error: Redis main client error {"error":{"code":"ECONNREFUSED"}}

      at Console.log (node_modules/winston/lib/winston/transports/console.js:87:23)

    console.log
      2026-02-09T10:18:51.958Z [shared-key-registry] info: SharedKeyRegistry created {"maxKeys":6151645,"slotSize":64,"bufferSize":393705284}

      at Console.log (node_modules/winston/lib/winston/transports/console.js:87:23)

    console.log
      2026-02-09T10:18:51.974Z [price-matrix] info: PriceMatrix initialized {"maxPairs":5592405,"totalSlots":6151645,"useSharedMemory":true,"keyRegistryEnabled":true}

      at Console.log (node_modules/winston/lib/winston/transports/console.js:87:23)

    console.log
      2026-02-09T10:18:51.975Z [hierarchical-cache] info: Hierarchical cache initialized {"l1Enabled":true,"l2Enabled":false,"l3Enabled":false,"l1Size":64,"predictiveWarmingEnabled":false,"usePriceMatrix":true,"l1Implementation":"PriceMatrix"}

      at Console.log (node_modules/winston/lib/winston/transports/console.js:87:23)

    console.log
      2026-02-09T10:18:52.090Z [shared-key-registry] info: SharedKeyRegistry created {"maxKeys":96119,"slotSize":64,"bufferSize":6151620}

      at Console.log (node_modules/winston/lib/winston/transports/console.js:87:23)

    console.log
      2026-02-09T10:18:52.091Z [price-matrix] info: PriceMatrix initialized {"maxPairs":87381,"totalSlots":96119,"useSharedMemory":true,"keyRegistryEnabled":true}

      at Console.log (node_modules/winston/lib/winston/transports/console.js:87:23)

    console.log
      2026-02-09T10:18:52.102Z [hierarchical-cache] info: Hierarchical cache initialized {"l1Enabled":true,"l2Enabled":false,"l3Enabled":false,"l1Size":1,"predictiveWarmingEnabled":false,"usePriceMatrix":true,"l1Implementation":"PriceMatrix"}

      at Console.log (node_modules/winston/lib/winston/transports/console.js:87:23)

    console.log
      2026-02-09T10:18:58.059Z [shared-key-registry] info: SharedKeyRegistry created {"maxKeys":6151645,"slotSize":64,"bufferSize":393705284}

      at Console.log (node_modules/winston/lib/winston/transports/console.js:87:23)

    console.log
      2026-02-09T10:18:58.068Z [price-matrix] info: PriceMatrix initialized {"maxPairs":5592405,"totalSlots":6151645,"useSharedMemory":true,"keyRegistryEnabled":true}

      at Console.log (node_modules/winston/lib/winston/transports/console.js:87:23)

    console.log
      2026-02-09T10:18:58.073Z [hierarchical-cache] info: Hierarchical cache initialized {"l1Enabled":true,"l2Enabled":false,"l3Enabled":false,"l1Size":64,"predictiveWarmingEnabled":false,"usePriceMatrix":true,"l1Implementation":"PriceMatrix"}

      at Console.log (node_modules/winston/lib/winston/transports/console.js:87:23)

    console.log
      2026-02-09T10:19:03.437Z [shared-key-registry] info: SharedKeyRegistry created {"maxKeys":6151645,"slotSize":64,"bufferSize":393705284}

      at Console.log (node_modules/winston/lib/winston/transports/console.js:87:23)

    console.log
      2026-02-09T10:19:03.438Z [price-matrix] info: PriceMatrix initialized {"maxPairs":5592405,"totalSlots":6151645,"useSharedMemory":true,"keyRegistryEnabled":true}

      at Console.log (node_modules/winston/lib/winston/transports/console.js:87:23)

    console.log
      2026-02-09T10:19:03.439Z [hierarchical-cache] info: Hierarchical cache initialized {"l1Enabled":true,"l2Enabled":false,"l3Enabled":false,"l1Size":64,"predictiveWarmingEnabled":false,"usePriceMatrix":true,"l1Implementation":"PriceMatrix"}

      at Console.log (node_modules/winston/lib/winston/transports/console.js:87:23)

PASS unit shared/core/__tests__/unit/partition-router.test.ts
FAIL unit shared/core/__tests__/unit/predictive-warming.test.ts
  ● Test suite failed to run

    ReferenceError: Cannot access 'mockLogger' before initialization

    [0m [90m 52 |[39m [90m// Mock logger[39m
     [90m 53 |[39m jest[33m.[39mmock([32m'../../src/logger'[39m[33m,[39m () [33m=>[39m ({
    [31m[1m>[22m[39m[90m 54 |[39m   createLogger[33m:[39m () [33m=>[39m mockLogger
     [90m    |[39m                       [31m[1m^[22m[39m
     [90m 55 |[39m }))[33m;[39m
     [90m 56 |[39m
     [90m 57 |[39m [90m// Mock redis[39m[0m

      at createLogger (shared/core/__tests__/unit/predictive-warming.test.ts:54:23)
      at Object.<anonymous> (shared/core/src/async/async-singleton.ts:22:28)
      at Object.<anonymous> (shared/core/src/index.ts:161:1)
      at Object.<anonymous> (shared/test-utils/src/harnesses/cache-test.harness.ts:18:1)
      at Object.<anonymous> (shared/test-utils/src/index.ts:110:1)
      at Object.<anonymous> (shared/core/__tests__/unit/predictive-warming.test.ts:11:1)

FAIL unit shared/core/__tests__/unit/pair-discovery.test.ts
  ● Test suite failed to run

    [96mshared/core/__tests__/unit/pair-discovery.test.ts[0m:[93m193[0m:[93m9[0m - [91merror[0m[90m TS2345: [0mArgument of type '{ name: string; chain: string; factoryAddress: string; routerAddress: string; fee: number; enabled: boolean; }' is not assignable to parameter of type 'Dex'.
      Property 'feeBps' is missing in type '{ name: string; chain: string; factoryAddress: string; routerAddress: string; fee: number; enabled: boolean; }' but required in type 'Dex'.

    [7m193[0m         testDexV2,
    [7m   [0m [91m        ~~~~~~~~~[0m

      [96mshared/types/dist/index.d.ts[0m:[93m42[0m:[93m5[0m
        [7m42[0m     feeBps: FeeBasisPoints;
        [7m  [0m [96m    ~~~~~~[0m
        'feeBps' is declared here.
    [96mshared/core/__tests__/unit/pair-discovery.test.ts[0m:[93m208[0m:[93m9[0m - [91merror[0m[90m TS2345: [0mArgument of type '{ name: string; chain: string; factoryAddress: string; routerAddress: string; fee: number; enabled: boolean; }' is not assignable to parameter of type 'Dex'.
      Property 'feeBps' is missing in type '{ name: string; chain: string; factoryAddress: string; routerAddress: string; fee: number; enabled: boolean; }' but required in type 'Dex'.

    [7m208[0m         testDexV2,
    [7m   [0m [91m        ~~~~~~~~~[0m

      [96mshared/types/dist/index.d.ts[0m:[93m42[0m:[93m5[0m
        [7m42[0m     feeBps: FeeBasisPoints;
        [7m  [0m [96m    ~~~~~~[0m
        'feeBps' is declared here.
    [96mshared/core/__tests__/unit/pair-discovery.test.ts[0m:[93m215[0m:[93m9[0m - [91merror[0m[90m TS2345: [0mArgument of type '{ name: string; chain: string; factoryAddress: string; routerAddress: string; fee: number; enabled: boolean; }' is not assignable to parameter of type 'Dex'.
      Property 'feeBps' is missing in type '{ name: string; chain: string; factoryAddress: string; routerAddress: string; fee: number; enabled: boolean; }' but required in type 'Dex'.

    [7m215[0m         testDexV2,
    [7m   [0m [91m        ~~~~~~~~~[0m

      [96mshared/types/dist/index.d.ts[0m:[93m42[0m:[93m5[0m
        [7m42[0m     feeBps: FeeBasisPoints;
        [7m  [0m [96m    ~~~~~~[0m
        'feeBps' is declared here.
    [96mshared/core/__tests__/unit/pair-discovery.test.ts[0m:[93m233[0m:[93m9[0m - [91merror[0m[90m TS2345: [0mArgument of type '{ name: string; chain: string; factoryAddress: string; routerAddress: string; fee: number; enabled: boolean; }' is not assignable to parameter of type 'Dex'.
      Property 'feeBps' is missing in type '{ name: string; chain: string; factoryAddress: string; routerAddress: string; fee: number; enabled: boolean; }' but required in type 'Dex'.

    [7m233[0m         unknownDex,
    [7m   [0m [91m        ~~~~~~~~~~[0m

      [96mshared/types/dist/index.d.ts[0m:[93m42[0m:[93m5[0m
        [7m42[0m     feeBps: FeeBasisPoints;
        [7m  [0m [96m    ~~~~~~[0m
        'feeBps' is declared here.
    [96mshared/core/__tests__/unit/pair-discovery.test.ts[0m:[93m247[0m:[93m46[0m - [91merror[0m[90m TS2345: [0mArgument of type '{ name: string; chain: string; factoryAddress: string; routerAddress: string; fee: number; enabled: boolean; }' is not assignable to parameter of type 'Dex'.
      Property 'feeBps' is missing in type '{ name: string; chain: string; factoryAddress: string; routerAddress: string; fee: number; enabled: boolean; }' but required in type 'Dex'.

    [7m247[0m       service.computePairAddress('ethereum', testDexV2, testToken0, testToken1);
    [7m   [0m [91m                                             ~~~~~~~~~[0m

      [96mshared/types/dist/index.d.ts[0m:[93m42[0m:[93m5[0m
        [7m42[0m     feeBps: FeeBasisPoints;
        [7m  [0m [96m    ~~~~~~[0m
        'feeBps' is declared here.
    [96mshared/core/__tests__/unit/pair-discovery.test.ts[0m:[93m257[0m:[93m46[0m - [91merror[0m[90m TS2345: [0mArgument of type '{ name: string; chain: string; factoryAddress: string; routerAddress: string; fee: number; enabled: boolean; }' is not assignable to parameter of type 'Dex'.
      Property 'feeBps' is missing in type '{ name: string; chain: string; factoryAddress: string; routerAddress: string; fee: number; enabled: boolean; }' but required in type 'Dex'.

    [7m257[0m       service.computePairAddress('ethereum', testDexV2, testToken0, testToken1);
    [7m   [0m [91m                                             ~~~~~~~~~[0m

      [96mshared/types/dist/index.d.ts[0m:[93m42[0m:[93m5[0m
        [7m42[0m     feeBps: FeeBasisPoints;
        [7m  [0m [96m    ~~~~~~[0m
        'feeBps' is declared here.
    [96mshared/core/__tests__/unit/pair-discovery.test.ts[0m:[93m304[0m:[93m9[0m - [91merror[0m[90m TS2345: [0mArgument of type '{ name: string; chain: string; factoryAddress: string; routerAddress: string; fee: number; enabled: boolean; }' is not assignable to parameter of type 'Dex'.
      Property 'feeBps' is missing in type '{ name: string; chain: string; factoryAddress: string; routerAddress: string; fee: number; enabled: boolean; }' but required in type 'Dex'.

    [7m304[0m         testDexV2,
    [7m   [0m [91m        ~~~~~~~~~[0m

      [96mshared/types/dist/index.d.ts[0m:[93m42[0m:[93m5[0m
        [7m42[0m     feeBps: FeeBasisPoints;
        [7m  [0m [96m    ~~~~~~[0m
        'feeBps' is declared here.
    [96mshared/core/__tests__/unit/pair-discovery.test.ts[0m:[93m350[0m:[93m46[0m - [91merror[0m[90m TS2345: [0mArgument of type '{ name: string; chain: string; factoryAddress: string; routerAddress: string; fee: number; enabled: boolean; }' is not assignable to parameter of type 'Dex'.
      Property 'feeBps' is missing in type '{ name: string; chain: string; factoryAddress: string; routerAddress: string; fee: number; enabled: boolean; }' but required in type 'Dex'.

    [7m350[0m       service.computePairAddress('ethereum', testDexV2, testToken0, testToken1);
    [7m   [0m [91m                                             ~~~~~~~~~[0m

      [96mshared/types/dist/index.d.ts[0m:[93m42[0m:[93m5[0m
        [7m42[0m     feeBps: FeeBasisPoints;
        [7m  [0m [96m    ~~~~~~[0m
        'feeBps' is declared here.
    [96mshared/core/__tests__/unit/pair-discovery.test.ts[0m:[93m363[0m:[93m46[0m - [91merror[0m[90m TS2345: [0mArgument of type '{ name: string; chain: string; factoryAddress: string; routerAddress: string; fee: number; enabled: boolean; }' is not assignable to parameter of type 'Dex'.
      Property 'feeBps' is missing in type '{ name: string; chain: string; factoryAddress: string; routerAddress: string; fee: number; enabled: boolean; }' but required in type 'Dex'.

    [7m363[0m       service.computePairAddress('ethereum', testDexV2, testToken0, testToken1);
    [7m   [0m [91m                                             ~~~~~~~~~[0m

      [96mshared/types/dist/index.d.ts[0m:[93m42[0m:[93m5[0m
        [7m42[0m     feeBps: FeeBasisPoints;
        [7m  [0m [96m    ~~~~~~[0m
        'feeBps' is declared here.
    [96mshared/core/__tests__/unit/pair-discovery.test.ts[0m:[93m558[0m:[93m9[0m - [91merror[0m[90m TS2345: [0mArgument of type '{ name: string; chain: string; factoryAddress: string; routerAddress: string; fee: number; enabled: boolean; }' is not assignable to parameter of type 'Dex'.
      Property 'feeBps' is missing in type '{ name: string; chain: string; factoryAddress: string; routerAddress: string; fee: number; enabled: boolean; }' but required in type 'Dex'.

    [7m558[0m         avalancheDexTraderJoe,
    [7m   [0m [91m        ~~~~~~~~~~~~~~~~~~~~~[0m

      [96mshared/types/dist/index.d.ts[0m:[93m42[0m:[93m5[0m
        [7m42[0m     feeBps: FeeBasisPoints;
        [7m  [0m [96m    ~~~~~~[0m
        'feeBps' is declared here.
    [96mshared/core/__tests__/unit/pair-discovery.test.ts[0m:[93m573[0m:[93m9[0m - [91merror[0m[90m TS2345: [0mArgument of type '{ name: string; chain: string; factoryAddress: string; routerAddress: string; fee: number; enabled: boolean; }' is not assignable to parameter of type 'Dex'.
      Property 'feeBps' is missing in type '{ name: string; chain: string; factoryAddress: string; routerAddress: string; fee: number; enabled: boolean; }' but required in type 'Dex'.

    [7m573[0m         avalancheDexPangolin,
    [7m   [0m [91m        ~~~~~~~~~~~~~~~~~~~~[0m

      [96mshared/types/dist/index.d.ts[0m:[93m42[0m:[93m5[0m
        [7m42[0m     feeBps: FeeBasisPoints;
        [7m  [0m [96m    ~~~~~~[0m
        'feeBps' is declared here.
    [96mshared/core/__tests__/unit/pair-discovery.test.ts[0m:[93m587[0m:[93m9[0m - [91merror[0m[90m TS2345: [0mArgument of type '{ name: string; chain: string; factoryAddress: string; routerAddress: string; fee: number; enabled: boolean; }' is not assignable to parameter of type 'Dex'.
      Property 'feeBps' is missing in type '{ name: string; chain: string; factoryAddress: string; routerAddress: string; fee: number; enabled: boolean; }' but required in type 'Dex'.

    [7m587[0m         avalancheDexTraderJoe,
    [7m   [0m [91m        ~~~~~~~~~~~~~~~~~~~~~[0m

      [96mshared/types/dist/index.d.ts[0m:[93m42[0m:[93m5[0m
        [7m42[0m     feeBps: FeeBasisPoints;
        [7m  [0m [96m    ~~~~~~[0m
        'feeBps' is declared here.
    [96mshared/core/__tests__/unit/pair-discovery.test.ts[0m:[93m594[0m:[93m9[0m - [91merror[0m[90m TS2345: [0mArgument of type '{ name: string; chain: string; factoryAddress: string; routerAddress: string; fee: number; enabled: boolean; }' is not assignable to parameter of type 'Dex'.
      Property 'feeBps' is missing in type '{ name: string; chain: string; factoryAddress: string; routerAddress: string; fee: number; enabled: boolean; }' but required in type 'Dex'.

    [7m594[0m         avalancheDexTraderJoe,
    [7m   [0m [91m        ~~~~~~~~~~~~~~~~~~~~~[0m

      [96mshared/types/dist/index.d.ts[0m:[93m42[0m:[93m5[0m
        [7m42[0m     feeBps: FeeBasisPoints;
        [7m  [0m [96m    ~~~~~~[0m
        'feeBps' is declared here.
    [96mshared/core/__tests__/unit/pair-discovery.test.ts[0m:[93m605[0m:[93m9[0m - [91merror[0m[90m TS2345: [0mArgument of type '{ name: string; chain: string; factoryAddress: string; routerAddress: string; fee: number; enabled: boolean; }' is not assignable to parameter of type 'Dex'.
      Property 'feeBps' is missing in type '{ name: string; chain: string; factoryAddress: string; routerAddress: string; fee: number; enabled: boolean; }' but required in type 'Dex'.

    [7m605[0m         avalancheDexPangolin,
    [7m   [0m [91m        ~~~~~~~~~~~~~~~~~~~~[0m

      [96mshared/types/dist/index.d.ts[0m:[93m42[0m:[93m5[0m
        [7m42[0m     feeBps: FeeBasisPoints;
        [7m  [0m [96m    ~~~~~~[0m
        'feeBps' is declared here.
    [96mshared/core/__tests__/unit/pair-discovery.test.ts[0m:[93m612[0m:[93m9[0m - [91merror[0m[90m TS2345: [0mArgument of type '{ name: string; chain: string; factoryAddress: string; routerAddress: string; fee: number; enabled: boolean; }' is not assignable to parameter of type 'Dex'.
      Property 'feeBps' is missing in type '{ name: string; chain: string; factoryAddress: string; routerAddress: string; fee: number; enabled: boolean; }' but required in type 'Dex'.

    [7m612[0m         avalancheDexPangolin,
    [7m   [0m [91m        ~~~~~~~~~~~~~~~~~~~~[0m

      [96mshared/types/dist/index.d.ts[0m:[93m42[0m:[93m5[0m
        [7m42[0m     feeBps: FeeBasisPoints;
        [7m  [0m [96m    ~~~~~~[0m
        'feeBps' is declared here.
    [96mshared/core/__tests__/unit/pair-discovery.test.ts[0m:[93m624[0m:[93m9[0m - [91merror[0m[90m TS2345: [0mArgument of type '{ name: string; chain: string; factoryAddress: string; routerAddress: string; fee: number; enabled: boolean; }' is not assignable to parameter of type 'Dex'.
      Property 'feeBps' is missing in type '{ name: string; chain: string; factoryAddress: string; routerAddress: string; fee: number; enabled: boolean; }' but required in type 'Dex'.

    [7m624[0m         avalancheDexTraderJoe,
    [7m   [0m [91m        ~~~~~~~~~~~~~~~~~~~~~[0m

      [96mshared/types/dist/index.d.ts[0m:[93m42[0m:[93m5[0m
        [7m42[0m     feeBps: FeeBasisPoints;
        [7m  [0m [96m    ~~~~~~[0m
        'feeBps' is declared here.
    [96mshared/core/__tests__/unit/pair-discovery.test.ts[0m:[93m751[0m:[93m9[0m - [91merror[0m[90m TS2345: [0mArgument of type '{ name: string; chain: string; factoryAddress: string; routerAddress: string; fee: number; enabled: boolean; }' is not assignable to parameter of type 'Dex'.
      Property 'feeBps' is missing in type '{ name: string; chain: string; factoryAddress: string; routerAddress: string; fee: number; enabled: boolean; }' but required in type 'Dex'.

    [7m751[0m         testDexV2,
    [7m   [0m [91m        ~~~~~~~~~[0m

      [96mshared/types/dist/index.d.ts[0m:[93m42[0m:[93m5[0m
        [7m42[0m     feeBps: FeeBasisPoints;
        [7m  [0m [96m    ~~~~~~[0m
        'feeBps' is declared here.
    [96mshared/core/__tests__/unit/pair-discovery.test.ts[0m:[93m771[0m:[93m9[0m - [91merror[0m[90m TS2345: [0mArgument of type '{ name: string; chain: string; factoryAddress: string; routerAddress: string; fee: number; enabled: boolean; }' is not assignable to parameter of type 'Dex'.
      Property 'feeBps' is missing in type '{ name: string; chain: string; factoryAddress: string; routerAddress: string; fee: number; enabled: boolean; }' but required in type 'Dex'.

    [7m771[0m         testDexV2,
    [7m   [0m [91m        ~~~~~~~~~[0m

      [96mshared/types/dist/index.d.ts[0m:[93m42[0m:[93m5[0m
        [7m42[0m     feeBps: FeeBasisPoints;
        [7m  [0m [96m    ~~~~~~[0m
        'feeBps' is declared here.

PASS unit shared/core/__tests__/unit/partition-service-utils.test.ts
PASS unit shared/core/__tests__/unit/multi-leg-worker.test.ts
PASS unit shared/core/__tests__/unit/message-validators.test.ts
FAIL unit shared/core/__tests__/unit/gas-price-cache.test.ts
  ● Test suite failed to run

    TypeError: ethers_1.ethers.Interface is not a constructor

    [0m [90m 44 |[39m [90m */[39m
     [90m 45 |[39m [36mconst[39m [33mERC20_INTERFACE[39m [33m=[39m [33mObject[39m[33m.[39mfreeze(
    [31m[1m>[22m[39m[90m 46 |[39m   [36mnew[39m ethers[33m.[39m[33mInterface[39m([[32m'function balanceOf(address owner) view returns (uint256)'[39m])
     [90m    |[39m   [31m[1m^[22m[39m
     [90m 47 |[39m )[33m;[39m
     [90m 48 |[39m
     [90m 49 |[39m [90m/**[39m[0m

      at Object.<anonymous> (shared/core/src/flash-loan-aggregation/infrastructure/onchain-liquidity.validator.ts:46:3)
      at Object.<anonymous> (shared/core/src/flash-loan-aggregation/infrastructure/index.ts:25:1)
      at Object.<anonymous> (shared/core/src/index.ts:436:1)
      at Object.<anonymous> (shared/core/__tests__/unit/gas-price-cache.test.ts:87:1)

FAIL unit shared/core/__tests__/unit/hierarchical-cache.test.ts
  ● Test suite failed to run

    ReferenceError: Cannot access 'mockLogger' before initialization

    [0m [90m 42 |[39m [90m// Mock logger - use function that returns mockLogger[39m
     [90m 43 |[39m jest[33m.[39mmock([32m'../../src/logger'[39m[33m,[39m () [33m=>[39m ({
    [31m[1m>[22m[39m[90m 44 |[39m   createLogger[33m:[39m () [33m=>[39m mockLogger[33m,[39m
     [90m    |[39m                       [31m[1m^[22m[39m
     [90m 45 |[39m   getPerformanceLogger[33m:[39m () [33m=>[39m ({
     [90m 46 |[39m     startTimer[33m:[39m jest[33m.[39mfn()[33m,[39m
     [90m 47 |[39m     endTimer[33m:[39m jest[33m.[39mfn()[33m,[39m[0m

      at createLogger (shared/core/__tests__/unit/hierarchical-cache.test.ts:44:23)
      at Object.<anonymous> (shared/core/src/async/async-singleton.ts:22:28)
      at Object.<anonymous> (shared/core/src/index.ts:161:1)
      at Object.<anonymous> (shared/test-utils/src/harnesses/cache-test.harness.ts:18:1)
      at Object.<anonymous> (shared/test-utils/src/index.ts:110:1)
      at Object.<anonymous> (shared/core/__tests__/unit/hierarchical-cache.test.ts:11:1)

PASS unit shared/core/__tests__/unit/error-handling.test.ts
PASS unit shared/core/__tests__/unit/expert-self-healing.test.ts (7.634 s)
  ● Console

    console.log
      2026-02-09T10:19:13.173Z [partition-asia-fast] warn: Failure reported {"component":"websocket","severity":"medium","error":"Connection timeout"}

      at Console.log (node_modules/winston/lib/winston/transports/console.js:87:23)

    console.log
      2026-02-09T10:19:13.247Z [partition-asia-fast] warn: Failure reported {"component":"websocket","severity":"medium","error":"Connection failed"}

      at Console.log (node_modules/winston/lib/winston/transports/console.js:87:23)

    console.log
      2026-02-09T10:19:13.256Z [partition-asia-fast] warn: Too many active recovery actions, skipping {"activeCount":3}

      at Console.log (node_modules/winston/lib/winston/transports/console.js:87:23)

    console.log
      2026-02-09T10:19:16.326Z [expert-self-healing-manager] info: Starting Expert Self-Healing Manager

      at Console.log (node_modules/winston/lib/winston/transports/console.js:87:23)

    console.log
      2026-02-09T10:19:16.327Z [expert-self-healing-manager] warn: Streams client not initialized, skipping consumer group creation

      at Console.log (node_modules/winston/lib/winston/transports/console.js:87:23)

    console.log
      2026-02-09T10:19:16.331Z [expert-self-healing-manager] info: Expert Self-Healing Manager started successfully {"pubsubFallbackEnabled":true}

      at Console.log (node_modules/winston/lib/winston/transports/console.js:87:23)

    console.log
      2026-02-09T10:19:16.333Z [expert-self-healing-manager] info: Stopping Expert Self-Healing Manager

      at Console.log (node_modules/winston/lib/winston/transports/console.js:87:23)

    console.log
      2026-02-09T10:19:16.336Z [expert-self-healing-manager] info: Expert Self-Healing Manager stopped

      at Console.log (node_modules/winston/lib/winston/transports/console.js:87:23)

    console.log
      2026-02-09T10:19:16.338Z [expert-self-healing-manager] info: Starting Expert Self-Healing Manager

      at Console.log (node_modules/winston/lib/winston/transports/console.js:87:23)

    console.log
      2026-02-09T10:19:16.339Z [expert-self-healing-manager] warn: Streams client not initialized, skipping consumer group creation

      at Console.log (node_modules/winston/lib/winston/transports/console.js:87:23)

    console.log
      2026-02-09T10:19:16.343Z [expert-self-healing-manager] info: Expert Self-Healing Manager started successfully {"pubsubFallbackEnabled":true}

      at Console.log (node_modules/winston/lib/winston/transports/console.js:87:23)

    console.log
      2026-02-09T10:19:16.344Z [expert-self-healing-manager] info: Stopping Expert Self-Healing Manager

      at Console.log (node_modules/winston/lib/winston/transports/console.js:87:23)

    console.log
      2026-02-09T10:19:16.344Z [expert-self-healing-manager] info: Expert Self-Healing Manager stopped

      at Console.log (node_modules/winston/lib/winston/transports/console.js:87:23)

    console.log
      2026-02-09T10:19:16.345Z [expert-self-healing-manager] info: Starting Expert Self-Healing Manager

      at Console.log (node_modules/winston/lib/winston/transports/console.js:87:23)

    console.log
      2026-02-09T10:19:16.345Z [expert-self-healing-manager] warn: Streams client not initialized, skipping consumer group creation

      at Console.log (node_modules/winston/lib/winston/transports/console.js:87:23)

    console.log
      2026-02-09T10:19:16.350Z [expert-self-healing-manager] info: Expert Self-Healing Manager started successfully {"pubsubFallbackEnabled":true}

      at Console.log (node_modules/winston/lib/winston/transports/console.js:87:23)

    console.log
      2026-02-09T10:19:16.351Z [expert-self-healing-manager] info: Stopping Expert Self-Healing Manager

      at Console.log (node_modules/winston/lib/winston/transports/console.js:87:23)

    console.log
      2026-02-09T10:19:16.351Z [expert-self-healing-manager] info: Expert Self-Healing Manager stopped

      at Console.log (node_modules/winston/lib/winston/transports/console.js:87:23)

    console.log
      2026-02-09T10:19:16.355Z [expert-self-healing-manager] info: Starting Expert Self-Healing Manager

      at Console.log (node_modules/winston/lib/winston/transports/console.js:87:23)

    console.log
      2026-02-09T10:19:16.356Z [expert-self-healing-manager] warn: Streams client not initialized, skipping consumer group creation

      at Console.log (node_modules/winston/lib/winston/transports/console.js:87:23)

    console.log
      2026-02-09T10:19:16.359Z [expert-self-healing-manager] info: Expert Self-Healing Manager started successfully {"pubsubFallbackEnabled":true}

      at Console.log (node_modules/winston/lib/winston/transports/console.js:87:23)

    console.log
      2026-02-09T10:19:16.360Z [expert-self-healing-manager] info: Stopping Expert Self-Healing Manager

      at Console.log (node_modules/winston/lib/winston/transports/console.js:87:23)

    console.log
      2026-02-09T10:19:16.361Z [expert-self-healing-manager] info: Expert Self-Healing Manager stopped

      at Console.log (node_modules/winston/lib/winston/transports/console.js:87:23)

    console.log
      2026-02-09T10:19:16.364Z [expert-self-healing-manager] info: Starting Expert Self-Healing Manager

      at Console.log (node_modules/winston/lib/winston/transports/console.js:87:23)

    console.log
      2026-02-09T10:19:16.368Z [expert-self-healing-manager] warn: Streams client not initialized, skipping consumer group creation

      at Console.log (node_modules/winston/lib/winston/transports/console.js:87:23)

    console.log
      2026-02-09T10:19:16.369Z [expert-self-healing-manager] info: Expert Self-Healing Manager started successfully {"pubsubFallbackEnabled":true}

      at Console.log (node_modules/winston/lib/winston/transports/console.js:87:23)

    console.log
      2026-02-09T10:19:16.371Z [expert-self-healing-manager] info: Stopping Expert Self-Healing Manager

      at Console.log (node_modules/winston/lib/winston/transports/console.js:87:23)

    console.log
      2026-02-09T10:19:16.372Z [expert-self-healing-manager] info: Expert Self-Healing Manager stopped

      at Console.log (node_modules/winston/lib/winston/transports/console.js:87:23)

    console.log
      2026-02-09T10:19:16.375Z [expert-self-healing-manager] error: Failed to publish to pub/sub {"channel":"system:failures","error":"Redis down"}

      at Console.log (node_modules/winston/lib/winston/transports/console.js:87:23)

    console.log
      2026-02-09T10:19:16.375Z [test-service] warn: Failure reported {"component":"component","severity":"medium","error":"Test"}

      at Console.log (node_modules/winston/lib/winston/transports/console.js:87:23)

    console.log
      2026-02-09T10:19:16.382Z [test-service] error: Recovery action threw exception {"actionId":"recovery_1770632356382_jlt3wc99n","strategy":"restart_service","error":"Recovery failed"}

      at Console.log (node_modules/winston/lib/winston/transports/console.js:87:23)

PASS unit shared/core/__tests__/unit/base-detector.test.ts (5.356 s)
  ● Console

    console.log
      2026-02-09T10:19:14.944Z [event-batcher] info: EventBatcher initialized {"maxBatchSize":20,"maxWaitTime":30,"maxQueueSize":1000}

      at Console.log (node_modules/winston/lib/winston/transports/console.js:87:23)

    console.log
      2026-02-09T10:19:15.017Z [event-batcher] info: Destroying EventBatcher

      at Console.log (node_modules/winston/lib/winston/transports/console.js:87:23)

    console.log
      2026-02-09T10:19:15.021Z [event-batcher] info: EventBatcher destroyed successfully

      at Console.log (node_modules/winston/lib/winston/transports/console.js:87:23)

    console.log
      2026-02-09T10:19:15.025Z [event-batcher] info: EventBatcher initialized {"maxBatchSize":20,"maxWaitTime":30,"maxQueueSize":1000}

      at Console.log (node_modules/winston/lib/winston/transports/console.js:87:23)

    console.log
      2026-02-09T10:19:15.031Z [event-batcher] info: Destroying EventBatcher

      at Console.log (node_modules/winston/lib/winston/transports/console.js:87:23)

    console.log
      2026-02-09T10:19:15.032Z [event-batcher] info: EventBatcher destroyed successfully

      at Console.log (node_modules/winston/lib/winston/transports/console.js:87:23)

    console.log
      2026-02-09T10:19:15.035Z [event-batcher] info: EventBatcher initialized {"maxBatchSize":20,"maxWaitTime":30,"maxQueueSize":1000}

      at Console.log (node_modules/winston/lib/winston/transports/console.js:87:23)

    console.log
      2026-02-09T10:19:15.039Z [event-batcher] info: Destroying EventBatcher

      at Console.log (node_modules/winston/lib/winston/transports/console.js:87:23)

    console.log
      2026-02-09T10:19:15.042Z [event-batcher] info: EventBatcher destroyed successfully

      at Console.log (node_modules/winston/lib/winston/transports/console.js:87:23)

    console.log
      2026-02-09T10:19:15.048Z [event-batcher] info: EventBatcher initialized {"maxBatchSize":20,"maxWaitTime":30,"maxQueueSize":1000}

      at Console.log (node_modules/winston/lib/winston/transports/console.js:87:23)

    console.log
      2026-02-09T10:19:15.054Z [event-batcher] info: Destroying EventBatcher

      at Console.log (node_modules/winston/lib/winston/transports/console.js:87:23)

    console.log
      2026-02-09T10:19:15.055Z [event-batcher] info: EventBatcher destroyed successfully

      at Console.log (node_modules/winston/lib/winston/transports/console.js:87:23)

    console.log
      2026-02-09T10:19:15.057Z [event-batcher] info: EventBatcher initialized {"maxBatchSize":20,"maxWaitTime":30,"maxQueueSize":1000}

      at Console.log (node_modules/winston/lib/winston/transports/console.js:87:23)

    console.log
      2026-02-09T10:19:15.070Z [event-batcher] info: Destroying EventBatcher

      at Console.log (node_modules/winston/lib/winston/transports/console.js:87:23)

    console.log
      2026-02-09T10:19:15.075Z [event-batcher] info: EventBatcher destroyed successfully

      at Console.log (node_modules/winston/lib/winston/transports/console.js:87:23)

    console.log
      2026-02-09T10:19:15.087Z [event-batcher] info: EventBatcher initialized {"maxBatchSize":20,"maxWaitTime":30,"maxQueueSize":1000}

      at Console.log (node_modules/winston/lib/winston/transports/console.js:87:23)

    console.log
      2026-02-09T10:19:15.097Z [event-batcher] info: Destroying EventBatcher

      at Console.log (node_modules/winston/lib/winston/transports/console.js:87:23)

    console.log
      2026-02-09T10:19:15.098Z [event-batcher] info: EventBatcher destroyed successfully

      at Console.log (node_modules/winston/lib/winston/transports/console.js:87:23)

    console.log
      2026-02-09T10:19:15.106Z [event-batcher] info: EventBatcher initialized {"maxBatchSize":20,"maxWaitTime":30,"maxQueueSize":1000}

      at Console.log (node_modules/winston/lib/winston/transports/console.js:87:23)

    console.log
      2026-02-09T10:19:15.110Z [event-batcher] info: Destroying EventBatcher

      at Console.log (node_modules/winston/lib/winston/transports/console.js:87:23)

    console.log
      2026-02-09T10:19:15.118Z [event-batcher] info: EventBatcher destroyed successfully

      at Console.log (node_modules/winston/lib/winston/transports/console.js:87:23)

    console.log
      2026-02-09T10:19:15.138Z [event-batcher] info: EventBatcher initialized {"maxBatchSize":20,"maxWaitTime":30,"maxQueueSize":1000}

      at Console.log (node_modules/winston/lib/winston/transports/console.js:87:23)

    console.log
      2026-02-09T10:19:15.167Z [event-batcher] info: EventBatcher initialized {"maxBatchSize":20,"maxWaitTime":30,"maxQueueSize":1000}

      at Console.log (node_modules/winston/lib/winston/transports/console.js:87:23)

    console.log
      2026-02-09T10:19:15.189Z [event-batcher] info: Destroying EventBatcher

      at Console.log (node_modules/winston/lib/winston/transports/console.js:87:23)

    console.log
      2026-02-09T10:19:15.190Z [event-batcher] info: EventBatcher destroyed successfully

      at Console.log (node_modules/winston/lib/winston/transports/console.js:87:23)

    console.log
      2026-02-09T10:19:15.200Z [event-batcher] info: EventBatcher initialized {"maxBatchSize":20,"maxWaitTime":30,"maxQueueSize":1000}

      at Console.log (node_modules/winston/lib/winston/transports/console.js:87:23)

    console.log
      2026-02-09T10:19:15.219Z [event-batcher] info: EventBatcher initialized {"maxBatchSize":20,"maxWaitTime":30,"maxQueueSize":1000}

      at Console.log (node_modules/winston/lib/winston/transports/console.js:87:23)

    console.log
      2026-02-09T10:19:15.226Z [event-batcher] info: Destroying EventBatcher

      at Console.log (node_modules/winston/lib/winston/transports/console.js:87:23)

    console.log
      2026-02-09T10:19:15.245Z [event-batcher] info: EventBatcher destroyed successfully

      at Console.log (node_modules/winston/lib/winston/transports/console.js:87:23)

    console.log
      2026-02-09T10:19:15.258Z [event-batcher] info: EventBatcher initialized {"maxBatchSize":20,"maxWaitTime":30,"maxQueueSize":1000}

      at Console.log (node_modules/winston/lib/winston/transports/console.js:87:23)

    console.log
      2026-02-09T10:19:15.282Z [event-batcher] info: EventBatcher initialized {"maxBatchSize":20,"maxWaitTime":30,"maxQueueSize":1000}

      at Console.log (node_modules/winston/lib/winston/transports/console.js:87:23)

    console.log
      2026-02-09T10:19:15.303Z [event-batcher] info: Destroying EventBatcher

      at Console.log (node_modules/winston/lib/winston/transports/console.js:87:23)

    console.log
      2026-02-09T10:19:15.304Z [event-batcher] info: EventBatcher destroyed successfully

      at Console.log (node_modules/winston/lib/winston/transports/console.js:87:23)

    console.log
      2026-02-09T10:19:15.325Z [event-batcher] info: EventBatcher initialized {"maxBatchSize":20,"maxWaitTime":30,"maxQueueSize":1000}

      at Console.log (node_modules/winston/lib/winston/transports/console.js:87:23)

    console.log
      2026-02-09T10:19:15.328Z [event-batcher] info: Destroying EventBatcher

      at Console.log (node_modules/winston/lib/winston/transports/console.js:87:23)

    console.log
      2026-02-09T10:19:15.334Z [event-batcher] info: EventBatcher destroyed successfully

      at Console.log (node_modules/winston/lib/winston/transports/console.js:87:23)

    console.log
      2026-02-09T10:19:15.338Z [event-batcher] info: EventBatcher initialized {"maxBatchSize":20,"maxWaitTime":30,"maxQueueSize":1000}

      at Console.log (node_modules/winston/lib/winston/transports/console.js:87:23)

    console.log
      2026-02-09T10:19:15.350Z [event-batcher] info: Destroying EventBatcher

      at Console.log (node_modules/winston/lib/winston/transports/console.js:87:23)

    console.log
      2026-02-09T10:19:15.357Z [event-batcher] info: EventBatcher destroyed successfully

      at Console.log (node_modules/winston/lib/winston/transports/console.js:87:23)

    console.log
      2026-02-09T10:19:15.372Z [event-batcher] info: EventBatcher initialized {"maxBatchSize":20,"maxWaitTime":30,"maxQueueSize":1000}

      at Console.log (node_modules/winston/lib/winston/transports/console.js:87:23)

    console.log
      2026-02-09T10:19:15.408Z [event-batcher] info: EventBatcher initialized {"maxBatchSize":20,"maxWaitTime":30,"maxQueueSize":1000}

      at Console.log (node_modules/winston/lib/winston/transports/console.js:87:23)

    console.log
      2026-02-09T10:19:15.420Z [event-batcher] info: EventBatcher initialized {"maxBatchSize":20,"maxWaitTime":30,"maxQueueSize":1000}

      at Console.log (node_modules/winston/lib/winston/transports/console.js:87:23)

    console.log
      2026-02-09T10:19:15.446Z [event-batcher] info: EventBatcher initialized {"maxBatchSize":20,"maxWaitTime":30,"maxQueueSize":1000}

      at Console.log (node_modules/winston/lib/winston/transports/console.js:87:23)

    console.log
      2026-02-09T10:19:15.470Z [event-batcher] info: EventBatcher initialized {"maxBatchSize":20,"maxWaitTime":30,"maxQueueSize":1000}

      at Console.log (node_modules/winston/lib/winston/transports/console.js:87:23)

    console.log
      2026-02-09T10:19:15.491Z [event-batcher] info: EventBatcher initialized {"maxBatchSize":20,"maxWaitTime":30,"maxQueueSize":1000}

      at Console.log (node_modules/winston/lib/winston/transports/console.js:87:23)

    console.log
      2026-02-09T10:19:15.524Z [event-batcher] info: EventBatcher initialized {"maxBatchSize":20,"maxWaitTime":30,"maxQueueSize":1000}

      at Console.log (node_modules/winston/lib/winston/transports/console.js:87:23)

    console.log
      2026-02-09T10:19:15.590Z [event-batcher] info: EventBatcher initialized {"maxBatchSize":20,"maxWaitTime":30,"maxQueueSize":1000}

      at Console.log (node_modules/winston/lib/winston/transports/console.js:87:23)

    console.log
      2026-02-09T10:19:15.621Z [event-batcher] info: EventBatcher initialized {"maxBatchSize":20,"maxWaitTime":30,"maxQueueSize":1000}

      at Console.log (node_modules/winston/lib/winston/transports/console.js:87:23)

    console.log
      2026-02-09T10:19:15.650Z [event-batcher] info: EventBatcher initialized {"maxBatchSize":20,"maxWaitTime":30,"maxQueueSize":1000}

      at Console.log (node_modules/winston/lib/winston/transports/console.js:87:23)

    console.log
      2026-02-09T10:19:15.666Z [event-batcher] info: Destroying EventBatcher

      at Console.log (node_modules/winston/lib/winston/transports/console.js:87:23)

    console.log
      2026-02-09T10:19:15.673Z [event-batcher] info: EventBatcher destroyed successfully

      at Console.log (node_modules/winston/lib/winston/transports/console.js:87:23)

    console.log
      2026-02-09T10:19:15.708Z [event-batcher] info: EventBatcher initialized {"maxBatchSize":20,"maxWaitTime":30,"maxQueueSize":1000}

      at Console.log (node_modules/winston/lib/winston/transports/console.js:87:23)

    console.log
      2026-02-09T10:19:15.721Z [event-batcher] info: Destroying EventBatcher

      at Console.log (node_modules/winston/lib/winston/transports/console.js:87:23)

    console.log
      2026-02-09T10:19:15.721Z [event-batcher] info: EventBatcher destroyed successfully

      at Console.log (node_modules/winston/lib/winston/transports/console.js:87:23)

    console.log
      2026-02-09T10:19:15.782Z [event-batcher] info: EventBatcher initialized {"maxBatchSize":20,"maxWaitTime":30,"maxQueueSize":1000}

      at Console.log (node_modules/winston/lib/winston/transports/console.js:87:23)

    console.log
      2026-02-09T10:19:15.815Z [event-batcher] info: Destroying EventBatcher

      at Console.log (node_modules/winston/lib/winston/transports/console.js:87:23)

    console.log
      2026-02-09T10:19:15.818Z [event-batcher] info: EventBatcher destroyed successfully

      at Console.log (node_modules/winston/lib/winston/transports/console.js:87:23)

    console.log
      2026-02-09T10:19:15.840Z [event-batcher] info: EventBatcher initialized {"maxBatchSize":20,"maxWaitTime":30,"maxQueueSize":1000}

      at Console.log (node_modules/winston/lib/winston/transports/console.js:87:23)

    console.log
      2026-02-09T10:19:15.848Z [event-batcher] info: Destroying EventBatcher

      at Console.log (node_modules/winston/lib/winston/transports/console.js:87:23)

    console.log
      2026-02-09T10:19:15.849Z [event-batcher] info: EventBatcher destroyed successfully

      at Console.log (node_modules/winston/lib/winston/transports/console.js:87:23)

    console.log
      2026-02-09T10:19:15.853Z [event-batcher] info: EventBatcher initialized {"maxBatchSize":20,"maxWaitTime":30,"maxQueueSize":1000}

      at Console.log (node_modules/winston/lib/winston/transports/console.js:87:23)

    console.log
      2026-02-09T10:19:15.872Z [event-batcher] info: Destroying EventBatcher

      at Console.log (node_modules/winston/lib/winston/transports/console.js:87:23)

    console.log
      2026-02-09T10:19:15.890Z [event-batcher] info: EventBatcher destroyed successfully

      at Console.log (node_modules/winston/lib/winston/transports/console.js:87:23)

    console.log
      2026-02-09T10:19:15.899Z [event-batcher] info: EventBatcher initialized {"maxBatchSize":20,"maxWaitTime":30,"maxQueueSize":1000}

      at Console.log (node_modules/winston/lib/winston/transports/console.js:87:23)

    console.log
      2026-02-09T10:19:15.911Z [event-batcher] info: Destroying EventBatcher

      at Console.log (node_modules/winston/lib/winston/transports/console.js:87:23)

    console.log
      2026-02-09T10:19:15.915Z [event-batcher] info: EventBatcher destroyed successfully

      at Console.log (node_modules/winston/lib/winston/transports/console.js:87:23)

    console.log
      2026-02-09T10:19:15.921Z [event-batcher] info: EventBatcher initialized {"maxBatchSize":20,"maxWaitTime":30,"maxQueueSize":1000}

      at Console.log (node_modules/winston/lib/winston/transports/console.js:87:23)

    console.log
      2026-02-09T10:19:15.929Z [event-batcher] info: Destroying EventBatcher

      at Console.log (node_modules/winston/lib/winston/transports/console.js:87:23)

    console.log
      2026-02-09T10:19:15.958Z [event-batcher] info: EventBatcher destroyed successfully

      at Console.log (node_modules/winston/lib/winston/transports/console.js:87:23)

    console.log
      2026-02-09T10:19:15.976Z [event-batcher] info: EventBatcher initialized {"maxBatchSize":20,"maxWaitTime":30,"maxQueueSize":1000}

      at Console.log (node_modules/winston/lib/winston/transports/console.js:87:23)

    console.log
      2026-02-09T10:19:15.985Z [event-batcher] info: EventBatcher initialized {"maxBatchSize":20,"maxWaitTime":30,"maxQueueSize":1000}

      at Console.log (node_modules/winston/lib/winston/transports/console.js:87:23)

    console.log
      2026-02-09T10:19:15.995Z [event-batcher] info: Destroying EventBatcher

      at Console.log (node_modules/winston/lib/winston/transports/console.js:87:23)

    console.log
      2026-02-09T10:19:15.996Z [event-batcher] info: EventBatcher destroyed successfully

      at Console.log (node_modules/winston/lib/winston/transports/console.js:87:23)

    console.log
      2026-02-09T10:19:16.009Z [event-batcher] info: EventBatcher initialized {"maxBatchSize":20,"maxWaitTime":30,"maxQueueSize":1000}

      at Console.log (node_modules/winston/lib/winston/transports/console.js:87:23)

    console.log
      2026-02-09T10:19:16.017Z [event-batcher] info: Destroying EventBatcher

      at Console.log (node_modules/winston/lib/winston/transports/console.js:87:23)

    console.log
      2026-02-09T10:19:16.022Z [event-batcher] info: EventBatcher destroyed successfully

      at Console.log (node_modules/winston/lib/winston/transports/console.js:87:23)

    console.log
      2026-02-09T10:19:16.029Z [event-batcher] info: EventBatcher initialized {"maxBatchSize":20,"maxWaitTime":30,"maxQueueSize":1000}

      at Console.log (node_modules/winston/lib/winston/transports/console.js:87:23)

    console.log
      2026-02-09T10:19:16.038Z [event-batcher] info: Destroying EventBatcher

      at Console.log (node_modules/winston/lib/winston/transports/console.js:87:23)

    console.log
      2026-02-09T10:19:16.038Z [event-batcher] info: EventBatcher destroyed successfully

      at Console.log (node_modules/winston/lib/winston/transports/console.js:87:23)

    console.log
      2026-02-09T10:19:16.043Z [event-batcher] info: EventBatcher initialized {"maxBatchSize":20,"maxWaitTime":30,"maxQueueSize":1000}

      at Console.log (node_modules/winston/lib/winston/transports/console.js:87:23)

    console.log
      2026-02-09T10:19:16.052Z [event-batcher] info: Destroying EventBatcher

      at Console.log (node_modules/winston/lib/winston/transports/console.js:87:23)

    console.log
      2026-02-09T10:19:16.057Z [event-batcher] info: EventBatcher destroyed successfully

      at Console.log (node_modules/winston/lib/winston/transports/console.js:87:23)

    console.log
      2026-02-09T10:19:16.062Z [event-batcher] info: EventBatcher initialized {"maxBatchSize":20,"maxWaitTime":30,"maxQueueSize":1000}

      at Console.log (node_modules/winston/lib/winston/transports/console.js:87:23)

    console.log
      2026-02-09T10:19:16.075Z [event-batcher] info: EventBatcher initialized {"maxBatchSize":20,"maxWaitTime":30,"maxQueueSize":1000}

      at Console.log (node_modules/winston/lib/winston/transports/console.js:87:23)

    console.log
      2026-02-09T10:19:16.126Z [event-batcher] info: Destroying EventBatcher

      at Console.log (node_modules/winston/lib/winston/transports/console.js:87:23)
          at async Promise.allSettled (index 1)

    console.log
      2026-02-09T10:19:16.131Z [event-batcher] info: EventBatcher destroyed successfully

      at Console.log (node_modules/winston/lib/winston/transports/console.js:87:23)

    console.log
      2026-02-09T10:19:16.161Z [event-batcher] info: EventBatcher initialized {"maxBatchSize":20,"maxWaitTime":30,"maxQueueSize":1000}

      at Console.log (node_modules/winston/lib/winston/transports/console.js:87:23)

    console.log
      2026-02-09T10:19:16.166Z [event-batcher] info: Destroying EventBatcher

      at Console.log (node_modules/winston/lib/winston/transports/console.js:87:23)

    console.log
      2026-02-09T10:19:16.172Z [event-batcher] info: EventBatcher destroyed successfully

      at Console.log (node_modules/winston/lib/winston/transports/console.js:87:23)

    console.log
      2026-02-09T10:19:16.181Z [event-batcher] info: EventBatcher initialized {"maxBatchSize":20,"maxWaitTime":30,"maxQueueSize":1000}

      at Console.log (node_modules/winston/lib/winston/transports/console.js:87:23)

    console.log
      2026-02-09T10:19:16.187Z [event-batcher] info: Destroying EventBatcher

      at Console.log (node_modules/winston/lib/winston/transports/console.js:87:23)

    console.log
      2026-02-09T10:19:16.191Z [event-batcher] info: EventBatcher destroyed successfully

      at Console.log (node_modules/winston/lib/winston/transports/console.js:87:23)

    console.log
      2026-02-09T10:19:16.197Z [event-batcher] info: EventBatcher initialized {"maxBatchSize":20,"maxWaitTime":30,"maxQueueSize":1000}

      at Console.log (node_modules/winston/lib/winston/transports/console.js:87:23)

    console.log
      2026-02-09T10:19:16.220Z [event-batcher] info: Destroying EventBatcher

      at Console.log (node_modules/winston/lib/winston/transports/console.js:87:23)

    console.log
      2026-02-09T10:19:16.221Z [event-batcher] info: EventBatcher destroyed successfully

      at Console.log (node_modules/winston/lib/winston/transports/console.js:87:23)

    console.log
      2026-02-09T10:19:16.224Z [event-batcher] info: EventBatcher initialized {"maxBatchSize":20,"maxWaitTime":30,"maxQueueSize":1000}

      at Console.log (node_modules/winston/lib/winston/transports/console.js:87:23)

    console.log
      2026-02-09T10:19:16.232Z [event-batcher] info: Destroying EventBatcher

      at Console.log (node_modules/winston/lib/winston/transports/console.js:87:23)

    console.log
      2026-02-09T10:19:16.234Z [event-batcher] info: EventBatcher destroyed successfully

      at Console.log (node_modules/winston/lib/winston/transports/console.js:87:23)

    console.log
      2026-02-09T10:19:16.238Z [event-batcher] info: EventBatcher initialized {"maxBatchSize":20,"maxWaitTime":30,"maxQueueSize":1000}

      at Console.log (node_modules/winston/lib/winston/transports/console.js:87:23)

    console.log
      2026-02-09T10:19:16.242Z [event-batcher] info: Destroying EventBatcher

      at Console.log (node_modules/winston/lib/winston/transports/console.js:87:23)

    console.log
      2026-02-09T10:19:16.245Z [event-batcher] info: EventBatcher destroyed successfully

      at Console.log (node_modules/winston/lib/winston/transports/console.js:87:23)

    console.log
      2026-02-09T10:19:16.247Z [event-batcher] info: EventBatcher initialized {"maxBatchSize":20,"maxWaitTime":30,"maxQueueSize":1000}

      at Console.log (node_modules/winston/lib/winston/transports/console.js:87:23)

    console.log
      2026-02-09T10:19:16.255Z [event-batcher] info: Destroying EventBatcher

      at Console.log (node_modules/winston/lib/winston/transports/console.js:87:23)

    console.log
      2026-02-09T10:19:16.256Z [event-batcher] info: EventBatcher destroyed successfully

      at Console.log (node_modules/winston/lib/winston/transports/console.js:87:23)

    console.log
      2026-02-09T10:19:16.262Z [event-batcher] info: EventBatcher initialized {"maxBatchSize":20,"maxWaitTime":30,"maxQueueSize":1000}

      at Console.log (node_modules/winston/lib/winston/transports/console.js:87:23)

    console.log
      2026-02-09T10:19:16.269Z [event-batcher] info: Destroying EventBatcher

      at Console.log (node_modules/winston/lib/winston/transports/console.js:87:23)

    console.log
      2026-02-09T10:19:16.272Z [event-batcher] info: EventBatcher destroyed successfully

      at Console.log (node_modules/winston/lib/winston/transports/console.js:87:23)

    console.log
      2026-02-09T10:19:16.281Z [event-batcher] info: EventBatcher initialized {"maxBatchSize":20,"maxWaitTime":30,"maxQueueSize":1000}

      at Console.log (node_modules/winston/lib/winston/transports/console.js:87:23)

    console.log
      2026-02-09T10:19:16.301Z [event-batcher] info: Destroying EventBatcher

      at Console.log (node_modules/winston/lib/winston/transports/console.js:87:23)

    console.log
      2026-02-09T10:19:16.302Z [event-batcher] info: EventBatcher destroyed successfully

      at Console.log (node_modules/winston/lib/winston/transports/console.js:87:23)

    console.log
      2026-02-09T10:19:16.306Z [event-batcher] info: EventBatcher initialized {"maxBatchSize":20,"maxWaitTime":30,"maxQueueSize":1000}

      at Console.log (node_modules/winston/lib/winston/transports/console.js:87:23)

    console.log
      2026-02-09T10:19:16.313Z [event-batcher] info: Destroying EventBatcher

      at Console.log (node_modules/winston/lib/winston/transports/console.js:87:23)

    console.log
      2026-02-09T10:19:16.316Z [event-batcher] info: EventBatcher destroyed successfully

      at Console.log (node_modules/winston/lib/winston/transports/console.js:87:23)

    console.log
      2026-02-09T10:19:16.322Z [event-batcher] info: EventBatcher initialized {"maxBatchSize":20,"maxWaitTime":30,"maxQueueSize":1000}

      at Console.log (node_modules/winston/lib/winston/transports/console.js:87:23)

    console.log
      2026-02-09T10:19:16.329Z [event-batcher] info: Destroying EventBatcher

      at Console.log (node_modules/winston/lib/winston/transports/console.js:87:23)

    console.log
      2026-02-09T10:19:16.330Z [event-batcher] info: EventBatcher destroyed successfully

      at Console.log (node_modules/winston/lib/winston/transports/console.js:87:23)

    console.log
      2026-02-09T10:19:16.336Z [event-batcher] info: EventBatcher initialized {"maxBatchSize":20,"maxWaitTime":30,"maxQueueSize":1000}

      at Console.log (node_modules/winston/lib/winston/transports/console.js:87:23)

    console.log
      2026-02-09T10:19:16.344Z [event-batcher] info: EventBatcher initialized {"maxBatchSize":20,"maxWaitTime":30,"maxQueueSize":1000}

      at Console.log (node_modules/winston/lib/winston/transports/console.js:87:23)

    console.log
      2026-02-09T10:19:16.350Z [event-batcher] info: Destroying EventBatcher

      at Console.log (node_modules/winston/lib/winston/transports/console.js:87:23)

    console.log
      2026-02-09T10:19:16.353Z [event-batcher] info: EventBatcher destroyed successfully

      at Console.log (node_modules/winston/lib/winston/transports/console.js:87:23)

    console.log
      2026-02-09T10:19:16.354Z [event-batcher] info: Destroying EventBatcher

      at Console.log (node_modules/winston/lib/winston/transports/console.js:87:23)

    console.log
      2026-02-09T10:19:16.355Z [event-batcher] info: EventBatcher destroyed successfully

      at Console.log (node_modules/winston/lib/winston/transports/console.js:87:23)

    console.log
      2026-02-09T10:19:16.357Z [event-batcher] info: EventBatcher initialized {"maxBatchSize":20,"maxWaitTime":30,"maxQueueSize":1000}

      at Console.log (node_modules/winston/lib/winston/transports/console.js:87:23)

    console.log
      2026-02-09T10:19:16.373Z [event-batcher] info: EventBatcher initialized {"maxBatchSize":20,"maxWaitTime":30,"maxQueueSize":1000}

      at Console.log (node_modules/winston/lib/winston/transports/console.js:87:23)

    console.log
      2026-02-09T10:19:16.378Z [event-batcher] info: Destroying EventBatcher

      at Console.log (node_modules/winston/lib/winston/transports/console.js:87:23)

    console.log
      2026-02-09T10:19:16.386Z [event-batcher] info: EventBatcher destroyed successfully

      at Console.log (node_modules/winston/lib/winston/transports/console.js:87:23)

    console.log
      2026-02-09T10:19:16.386Z [event-batcher] info: Destroying EventBatcher

      at Console.log (node_modules/winston/lib/winston/transports/console.js:87:23)

    console.log
      2026-02-09T10:19:16.387Z [event-batcher] info: EventBatcher destroyed successfully

      at Console.log (node_modules/winston/lib/winston/transports/console.js:87:23)

    console.log
      2026-02-09T10:19:16.396Z [event-batcher] info: EventBatcher initialized {"maxBatchSize":20,"maxWaitTime":30,"maxQueueSize":1000}

      at Console.log (node_modules/winston/lib/winston/transports/console.js:87:23)

    console.log
      2026-02-09T10:19:16.410Z [event-batcher] info: EventBatcher initialized {"maxBatchSize":20,"maxWaitTime":30,"maxQueueSize":1000}

      at Console.log (node_modules/winston/lib/winston/transports/console.js:87:23)

    console.log
      2026-02-09T10:19:16.418Z [event-batcher] info: Destroying EventBatcher

      at Console.log (node_modules/winston/lib/winston/transports/console.js:87:23)

    console.log
      2026-02-09T10:19:16.419Z [event-batcher] info: EventBatcher destroyed successfully

      at Console.log (node_modules/winston/lib/winston/transports/console.js:87:23)

    console.log
      2026-02-09T10:19:16.419Z [event-batcher] info: Destroying EventBatcher

      at Console.log (node_modules/winston/lib/winston/transports/console.js:87:23)

    console.log
      2026-02-09T10:19:16.420Z [event-batcher] info: EventBatcher destroyed successfully

      at Console.log (node_modules/winston/lib/winston/transports/console.js:87:23)

    console.log
      2026-02-09T10:19:16.423Z [event-batcher] info: EventBatcher initialized {"maxBatchSize":20,"maxWaitTime":30,"maxQueueSize":1000}

      at Console.log (node_modules/winston/lib/winston/transports/console.js:87:23)

    console.log
      2026-02-09T10:19:16.440Z [event-batcher] info: EventBatcher initialized {"maxBatchSize":20,"maxWaitTime":30,"maxQueueSize":1000}

      at Console.log (node_modules/winston/lib/winston/transports/console.js:87:23)

    console.log
      2026-02-09T10:19:16.449Z [event-batcher] info: Destroying EventBatcher

      at Console.log (node_modules/winston/lib/winston/transports/console.js:87:23)

    console.log
      2026-02-09T10:19:16.457Z [event-batcher] info: EventBatcher destroyed successfully

      at Console.log (node_modules/winston/lib/winston/transports/console.js:87:23)

    console.log
      2026-02-09T10:19:16.466Z [event-batcher] info: Destroying EventBatcher

      at Console.log (node_modules/winston/lib/winston/transports/console.js:87:23)

    console.log
      2026-02-09T10:19:16.466Z [event-batcher] info: EventBatcher destroyed successfully

      at Console.log (node_modules/winston/lib/winston/transports/console.js:87:23)

    console.log
      2026-02-09T10:19:16.479Z [event-batcher] info: EventBatcher initialized {"maxBatchSize":20,"maxWaitTime":30,"maxQueueSize":1000}

      at Console.log (node_modules/winston/lib/winston/transports/console.js:87:23)

    console.log
      2026-02-09T10:19:16.499Z [event-batcher] info: EventBatcher initialized {"maxBatchSize":20,"maxWaitTime":30,"maxQueueSize":1000}

      at Console.log (node_modules/winston/lib/winston/transports/console.js:87:23)

    console.log
      2026-02-09T10:19:16.511Z [event-batcher] info: Destroying EventBatcher

      at Console.log (node_modules/winston/lib/winston/transports/console.js:87:23)

    console.log
      2026-02-09T10:19:16.518Z [event-batcher] info: EventBatcher destroyed successfully

      at Console.log (node_modules/winston/lib/winston/transports/console.js:87:23)

    console.log
      2026-02-09T10:19:16.519Z [event-batcher] info: Destroying EventBatcher

      at Console.log (node_modules/winston/lib/winston/transports/console.js:87:23)

    console.log
      2026-02-09T10:19:16.520Z [event-batcher] info: EventBatcher destroyed successfully

      at Console.log (node_modules/winston/lib/winston/transports/console.js:87:23)

    console.log
      2026-02-09T10:19:16.531Z [event-batcher] info: EventBatcher initialized {"maxBatchSize":20,"maxWaitTime":30,"maxQueueSize":1000}

      at Console.log (node_modules/winston/lib/winston/transports/console.js:87:23)

    console.log
      2026-02-09T10:19:16.546Z [event-batcher] info: EventBatcher initialized {"maxBatchSize":20,"maxWaitTime":30,"maxQueueSize":1000}

      at Console.log (node_modules/winston/lib/winston/transports/console.js:87:23)

    console.log
      2026-02-09T10:19:16.567Z [event-batcher] info: Destroying EventBatcher

      at Console.log (node_modules/winston/lib/winston/transports/console.js:87:23)

    console.log
      2026-02-09T10:19:16.568Z [event-batcher] info: EventBatcher destroyed successfully

      at Console.log (node_modules/winston/lib/winston/transports/console.js:87:23)

    console.log
      2026-02-09T10:19:16.576Z [event-batcher] info: Destroying EventBatcher

      at Console.log (node_modules/winston/lib/winston/transports/console.js:87:23)

    console.log
      2026-02-09T10:19:16.578Z [event-batcher] info: EventBatcher destroyed successfully

      at Console.log (node_modules/winston/lib/winston/transports/console.js:87:23)

    console.log
      2026-02-09T10:19:16.587Z [event-batcher] info: EventBatcher initialized {"maxBatchSize":20,"maxWaitTime":30,"maxQueueSize":1000}

      at Console.log (node_modules/winston/lib/winston/transports/console.js:87:23)

    console.log
      2026-02-09T10:19:16.606Z [event-batcher] info: EventBatcher initialized {"maxBatchSize":20,"maxWaitTime":30,"maxQueueSize":1000}

      at Console.log (node_modules/winston/lib/winston/transports/console.js:87:23)

    console.log
      2026-02-09T10:19:16.622Z [event-batcher] info: Destroying EventBatcher

      at Console.log (node_modules/winston/lib/winston/transports/console.js:87:23)

    console.log
      2026-02-09T10:19:16.631Z [event-batcher] info: EventBatcher destroyed successfully

      at Console.log (node_modules/winston/lib/winston/transports/console.js:87:23)

    console.log
      2026-02-09T10:19:16.632Z [event-batcher] info: Destroying EventBatcher

      at Console.log (node_modules/winston/lib/winston/transports/console.js:87:23)

    console.log
      2026-02-09T10:19:16.632Z [event-batcher] info: EventBatcher destroyed successfully

      at Console.log (node_modules/winston/lib/winston/transports/console.js:87:23)

    console.log
      2026-02-09T10:19:16.643Z [event-batcher] info: EventBatcher initialized {"maxBatchSize":20,"maxWaitTime":30,"maxQueueSize":1000}

      at Console.log (node_modules/winston/lib/winston/transports/console.js:87:23)

    console.log
      2026-02-09T10:19:16.660Z [event-batcher] info: EventBatcher initialized {"maxBatchSize":20,"maxWaitTime":30,"maxQueueSize":1000}

      at Console.log (node_modules/winston/lib/winston/transports/console.js:87:23)

    console.log
      2026-02-09T10:19:16.663Z [event-batcher] info: Destroying EventBatcher

      at Console.log (node_modules/winston/lib/winston/transports/console.js:87:23)

    console.log
      2026-02-09T10:19:16.664Z [event-batcher] info: EventBatcher destroyed successfully

      at Console.log (node_modules/winston/lib/winston/transports/console.js:87:23)

    console.log
      2026-02-09T10:19:16.670Z [event-batcher] info: Destroying EventBatcher

      at Console.log (node_modules/winston/lib/winston/transports/console.js:87:23)

    console.log
      2026-02-09T10:19:16.670Z [event-batcher] info: EventBatcher destroyed successfully

      at Console.log (node_modules/winston/lib/winston/transports/console.js:87:23)

    console.log
      2026-02-09T10:19:16.676Z [event-batcher] info: EventBatcher initialized {"maxBatchSize":20,"maxWaitTime":30,"maxQueueSize":1000}

      at Console.log (node_modules/winston/lib/winston/transports/console.js:87:23)

    console.log
      2026-02-09T10:19:16.698Z [event-batcher] info: EventBatcher initialized {"maxBatchSize":20,"maxWaitTime":30,"maxQueueSize":1000}

      at Console.log (node_modules/winston/lib/winston/transports/console.js:87:23)

    console.log
      2026-02-09T10:19:16.736Z [event-batcher] info: Destroying EventBatcher

      at Console.log (node_modules/winston/lib/winston/transports/console.js:87:23)

    console.log
      2026-02-09T10:19:16.742Z [event-batcher] info: EventBatcher destroyed successfully

      at Console.log (node_modules/winston/lib/winston/transports/console.js:87:23)

    console.log
      2026-02-09T10:19:16.743Z [event-batcher] info: Destroying EventBatcher

      at Console.log (node_modules/winston/lib/winston/transports/console.js:87:23)

    console.log
      2026-02-09T10:19:16.750Z [event-batcher] info: EventBatcher destroyed successfully

      at Console.log (node_modules/winston/lib/winston/transports/console.js:87:23)

    console.log
      2026-02-09T10:19:16.780Z [event-batcher] info: EventBatcher initialized {"maxBatchSize":20,"maxWaitTime":30,"maxQueueSize":1000}

      at Console.log (node_modules/winston/lib/winston/transports/console.js:87:23)

    console.log
      2026-02-09T10:19:16.784Z [event-batcher] info: Destroying EventBatcher

      at Console.log (node_modules/winston/lib/winston/transports/console.js:87:23)

    console.log
      2026-02-09T10:19:16.785Z [event-batcher] info: EventBatcher destroyed successfully

      at Console.log (node_modules/winston/lib/winston/transports/console.js:87:23)

    console.log
      2026-02-09T10:19:16.798Z [event-batcher] info: EventBatcher initialized {"maxBatchSize":20,"maxWaitTime":30,"maxQueueSize":1000}

      at Console.log (node_modules/winston/lib/winston/transports/console.js:87:23)

    console.log
      2026-02-09T10:19:16.832Z [event-batcher] info: Destroying EventBatcher

      at Console.log (node_modules/winston/lib/winston/transports/console.js:87:23)

    console.log
      2026-02-09T10:19:16.833Z [event-batcher] info: EventBatcher destroyed successfully

      at Console.log (node_modules/winston/lib/winston/transports/console.js:87:23)

    console.log
      2026-02-09T10:19:16.844Z [event-batcher] info: EventBatcher initialized {"maxBatchSize":20,"maxWaitTime":30,"maxQueueSize":1000}

      at Console.log (node_modules/winston/lib/winston/transports/console.js:87:23)

    console.log
      2026-02-09T10:19:16.852Z [event-batcher] info: Destroying EventBatcher

      at Console.log (node_modules/winston/lib/winston/transports/console.js:87:23)

    console.log
      2026-02-09T10:19:16.856Z [event-batcher] info: EventBatcher destroyed successfully

      at Console.log (node_modules/winston/lib/winston/transports/console.js:87:23)

    console.log
      2026-02-09T10:19:16.867Z [event-batcher] info: EventBatcher initialized {"maxBatchSize":20,"maxWaitTime":30,"maxQueueSize":1000}

      at Console.log (node_modules/winston/lib/winston/transports/console.js:87:23)

    console.log
      2026-02-09T10:19:16.874Z [event-batcher] info: Destroying EventBatcher

      at Console.log (node_modules/winston/lib/winston/transports/console.js:87:23)

    console.log
      2026-02-09T10:19:16.878Z [event-batcher] info: EventBatcher destroyed successfully

      at Console.log (node_modules/winston/lib/winston/transports/console.js:87:23)

    console.log
      2026-02-09T10:19:16.885Z [event-batcher] info: EventBatcher initialized {"maxBatchSize":20,"maxWaitTime":30,"maxQueueSize":1000}

      at Console.log (node_modules/winston/lib/winston/transports/console.js:87:23)

    console.log
      2026-02-09T10:19:16.891Z [event-batcher] info: Destroying EventBatcher

      at Console.log (node_modules/winston/lib/winston/transports/console.js:87:23)

    console.log
      2026-02-09T10:19:16.892Z [event-batcher] info: EventBatcher destroyed successfully

      at Console.log (node_modules/winston/lib/winston/transports/console.js:87:23)

    console.log
      2026-02-09T10:19:16.895Z [event-batcher] info: EventBatcher initialized {"maxBatchSize":20,"maxWaitTime":30,"maxQueueSize":1000}

      at Console.log (node_modules/winston/lib/winston/transports/console.js:87:23)

    console.log
      2026-02-09T10:19:16.905Z [event-batcher] info: Destroying EventBatcher

      at Console.log (node_modules/winston/lib/winston/transports/console.js:87:23)

    console.log
      2026-02-09T10:19:16.906Z [event-batcher] info: EventBatcher destroyed successfully

      at Console.log (node_modules/winston/lib/winston/transports/console.js:87:23)

    console.log
      2026-02-09T10:19:16.910Z [event-batcher] info: EventBatcher initialized {"maxBatchSize":20,"maxWaitTime":30,"maxQueueSize":1000}

      at Console.log (node_modules/winston/lib/winston/transports/console.js:87:23)

    console.log
      2026-02-09T10:19:16.919Z [event-batcher] info: Destroying EventBatcher

      at Console.log (node_modules/winston/lib/winston/transports/console.js:87:23)

    console.log
      2026-02-09T10:19:16.922Z [event-batcher] info: EventBatcher destroyed successfully

      at Console.log (node_modules/winston/lib/winston/transports/console.js:87:23)

FAIL unit shared/core/__tests__/unit/hierarchical-cache-pricematrix.test.ts
  ● Test suite failed to run

    ReferenceError: Cannot access 'mockLogger' before initialization

    [0m [90m 52 |[39m [90m// Mock logger[39m
     [90m 53 |[39m jest[33m.[39mmock([32m'../../src/logger'[39m[33m,[39m () [33m=>[39m ({
    [31m[1m>[22m[39m[90m 54 |[39m   createLogger[33m:[39m () [33m=>[39m mockLogger[33m,[39m
     [90m    |[39m                       [31m[1m^[22m[39m
     [90m 55 |[39m   getPerformanceLogger[33m:[39m () [33m=>[39m ({
     [90m 56 |[39m     startTimer[33m:[39m jest[33m.[39mfn()[33m,[39m
     [90m 57 |[39m     endTimer[33m:[39m jest[33m.[39mfn()[33m,[39m[0m

      at createLogger (shared/core/__tests__/unit/hierarchical-cache-pricematrix.test.ts:54:23)
      at Object.<anonymous> (shared/core/src/async/async-singleton.ts:22:28)
      at Object.<anonymous> (shared/core/src/index.ts:161:1)
      at Object.<anonymous> (shared/test-utils/src/harnesses/cache-test.harness.ts:18:1)
      at Object.<anonymous> (shared/test-utils/src/index.ts:110:1)
      at Object.<anonymous> (shared/core/__tests__/unit/hierarchical-cache-pricematrix.test.ts:9:1)

PASS unit shared/core/__tests__/unit/async-mutex.test.ts
PASS unit shared/core/__tests__/unit/nonce-manager.test.ts (18.241 s)
  ● Console

    console.log
      2026-02-09T10:19:21.174Z [nonce-manager] info: Wallet registered for nonce management {"chain":"ethereum","address":"0x12345678..."}

      at Console.log (node_modules/winston/lib/winston/transports/console.js:87:23)

    console.log
      2026-02-09T10:19:21.221Z [nonce-manager] info: NonceManager stopped

      at Console.log (node_modules/winston/lib/winston/transports/console.js:87:23)

    console.log
      2026-02-09T10:19:21.236Z [nonce-manager] info: Wallet registered for nonce management {"chain":"ethereum","address":"0x12345678..."}

      at Console.log (node_modules/winston/lib/winston/transports/console.js:87:23)

    console.log
      2026-02-09T10:19:21.238Z [nonce-manager] info: NonceManager stopped

      at Console.log (node_modules/winston/lib/winston/transports/console.js:87:23)

    console.log
      2026-02-09T10:19:21.243Z [nonce-manager] info: Wallet registered for nonce management {"chain":"ethereum","address":"0x12345678..."}

      at Console.log (node_modules/winston/lib/winston/transports/console.js:87:23)

    console.log
      2026-02-09T10:19:21.372Z [nonce-manager] info: NonceManager stopped

      at Console.log (node_modules/winston/lib/winston/transports/console.js:87:23)

    console.log
      2026-02-09T10:19:21.378Z [nonce-manager] info: Wallet registered for nonce management {"chain":"ethereum","address":"0x12345678..."}

      at Console.log (node_modules/winston/lib/winston/transports/console.js:87:23)

    console.log
      2026-02-09T10:19:21.381Z [nonce-manager] info: NonceManager stopped

      at Console.log (node_modules/winston/lib/winston/transports/console.js:87:23)

    console.log
      2026-02-09T10:19:21.386Z [nonce-manager] info: Wallet registered for nonce management {"chain":"ethereum","address":"0x12345678..."}

      at Console.log (node_modules/winston/lib/winston/transports/console.js:87:23)

    console.log
      2026-02-09T10:19:21.389Z [nonce-manager] info: NonceManager stopped

      at Console.log (node_modules/winston/lib/winston/transports/console.js:87:23)

    console.log
      2026-02-09T10:19:21.394Z [nonce-manager] info: Wallet registered for nonce management {"chain":"ethereum","address":"0x12345678..."}

      at Console.log (node_modules/winston/lib/winston/transports/console.js:87:23)

    console.log
      2026-02-09T10:19:21.399Z [nonce-manager] warn: Transaction failed {"chain":"ethereum","nonce":0,"error":"Transaction reverted"}

      at Console.log (node_modules/winston/lib/winston/transports/console.js:87:23)

    console.log
      2026-02-09T10:19:21.399Z [nonce-manager] info: Nonce state reset due to failed transaction {"chain":"ethereum","nonce":0}

      at Console.log (node_modules/winston/lib/winston/transports/console.js:87:23)

    console.log
      2026-02-09T10:19:21.401Z [nonce-manager] info: NonceManager stopped

      at Console.log (node_modules/winston/lib/winston/transports/console.js:87:23)

    console.log
      2026-02-09T10:19:21.407Z [nonce-manager] info: Wallet registered for nonce management {"chain":"ethereum","address":"0x12345678..."}

      at Console.log (node_modules/winston/lib/winston/transports/console.js:87:23)

    console.log
      2026-02-09T10:19:21.408Z [nonce-manager] warn: Transaction failed {"chain":"ethereum","nonce":0,"error":"Transaction reverted"}

      at Console.log (node_modules/winston/lib/winston/transports/console.js:87:23)

    console.log
      2026-02-09T10:19:21.409Z [nonce-manager] info: Nonce state reset due to failed transaction {"chain":"ethereum","nonce":0}

      at Console.log (node_modules/winston/lib/winston/transports/console.js:87:23)

    console.log
      2026-02-09T10:19:21.410Z [nonce-manager] info: NonceManager stopped

      at Console.log (node_modules/winston/lib/winston/transports/console.js:87:23)

    console.log
      2026-02-09T10:19:21.419Z [nonce-manager] info: Wallet registered for nonce management {"chain":"ethereum","address":"0x12345678..."}

      at Console.log (node_modules/winston/lib/winston/transports/console.js:87:23)

    console.log
      2026-02-09T10:19:21.458Z [nonce-manager] info: NonceManager stopped

      at Console.log (node_modules/winston/lib/winston/transports/console.js:87:23)

    console.log
      2026-02-09T10:19:21.464Z [nonce-manager] info: Wallet registered for nonce management {"chain":"ethereum","address":"0x12345678..."}

      at Console.log (node_modules/winston/lib/winston/transports/console.js:87:23)

    console.log
      2026-02-09T10:19:21.466Z [nonce-manager] info: NonceManager stopped

      at Console.log (node_modules/winston/lib/winston/transports/console.js:87:23)

    console.log
      2026-02-09T10:19:21.469Z [nonce-manager] info: Wallet registered for nonce management {"chain":"ethereum","address":"0x12345678..."}

      at Console.log (node_modules/winston/lib/winston/transports/console.js:87:23)

    console.log
      2026-02-09T10:19:21.471Z [nonce-manager] info: NonceManager stopped

      at Console.log (node_modules/winston/lib/winston/transports/console.js:87:23)

    console.log
      2026-02-09T10:19:21.475Z [nonce-manager] info: Wallet registered for nonce management {"chain":"ethereum","address":"0x12345678..."}

      at Console.log (node_modules/winston/lib/winston/transports/console.js:87:23)

    console.log
      2026-02-09T10:19:21.476Z [nonce-manager] info: Chain nonce state reset {"chain":"ethereum","newNonce":10}

      at Console.log (node_modules/winston/lib/winston/transports/console.js:87:23)

    console.log
      2026-02-09T10:19:21.477Z [nonce-manager] info: NonceManager stopped

      at Console.log (node_modules/winston/lib/winston/transports/console.js:87:23)

    console.log
      2026-02-09T10:19:21.479Z [nonce-manager] info: Wallet registered for nonce management {"chain":"ethereum","address":"0x12345678..."}

      at Console.log (node_modules/winston/lib/winston/transports/console.js:87:23)

    console.log
      2026-02-09T10:19:21.480Z [nonce-manager] info: Chain nonce state reset {"chain":"ethereum","newNonce":0}

      at Console.log (node_modules/winston/lib/winston/transports/console.js:87:23)

    console.log
      2026-02-09T10:19:21.481Z [nonce-manager] info: NonceManager stopped

      at Console.log (node_modules/winston/lib/winston/transports/console.js:87:23)

    console.log
      2026-02-09T10:19:21.485Z [nonce-manager] info: Wallet registered for nonce management {"chain":"ethereum","address":"0x12345678..."}

      at Console.log (node_modules/winston/lib/winston/transports/console.js:87:23)

    console.log
      2026-02-09T10:19:21.487Z [nonce-manager] info: Chain nonce state reset {"chain":"ethereum","newNonce":10}

      at Console.log (node_modules/winston/lib/winston/transports/console.js:87:23)

    console.log
      2026-02-09T10:19:21.489Z [nonce-manager] info: NonceManager stopped

      at Console.log (node_modules/winston/lib/winston/transports/console.js:87:23)

    console.log
      2026-02-09T10:19:21.493Z [nonce-manager] info: Wallet registered for nonce management {"chain":"ethereum","address":"0x12345678..."}

      at Console.log (node_modules/winston/lib/winston/transports/console.js:87:23)

    console.log
      2026-02-09T10:19:21.494Z [nonce-manager] info: NonceManager stopped

      at Console.log (node_modules/winston/lib/winston/transports/console.js:87:23)

    console.log
      2026-02-09T10:19:21.495Z [nonce-manager] info: NonceManager stopped

      at Console.log (node_modules/winston/lib/winston/transports/console.js:87:23)

    console.log
      2026-02-09T10:19:21.515Z [nonce-manager] info: Wallet registered for nonce management {"chain":"ethereum","address":"0x12345678..."}

      at Console.log (node_modules/winston/lib/winston/transports/console.js:87:23)

    console.log
      2026-02-09T10:19:21.520Z [nonce-manager] info: NonceManager stopped

      at Console.log (node_modules/winston/lib/winston/transports/console.js:87:23)

    console.log
      2026-02-09T10:19:21.521Z [nonce-manager] info: NonceManager stopped

      at Console.log (node_modules/winston/lib/winston/transports/console.js:87:23)

    console.log
      2026-02-09T10:19:21.523Z [nonce-manager] info: NonceManager stopped

      at Console.log (node_modules/winston/lib/winston/transports/console.js:87:23)

    console.log
      2026-02-09T10:19:21.526Z [nonce-manager] info: Wallet registered for nonce management {"chain":"ethereum","address":"0x12345678..."}

      at Console.log (node_modules/winston/lib/winston/transports/console.js:87:23)

    console.log
      2026-02-09T10:19:21.528Z [nonce-manager] info: NonceManager started

      at Console.log (node_modules/winston/lib/winston/transports/console.js:87:23)

    console.log
      2026-02-09T10:19:21.530Z [nonce-manager] info: NonceManager stopped

      at Console.log (node_modules/winston/lib/winston/transports/console.js:87:23)

    console.log
      2026-02-09T10:19:21.531Z [nonce-manager] info: NonceManager stopped

      at Console.log (node_modules/winston/lib/winston/transports/console.js:87:23)

    console.log
      2026-02-09T10:19:21.531Z [nonce-manager] info: NonceManager stopped

      at Console.log (node_modules/winston/lib/winston/transports/console.js:87:23)

    console.log
      2026-02-09T10:19:21.537Z [nonce-manager] info: Wallet registered for nonce management {"chain":"ethereum","address":"0x12345678..."}

      at Console.log (node_modules/winston/lib/winston/transports/console.js:87:23)

    console.log
      2026-02-09T10:19:21.540Z [nonce-manager] info: NonceManager stopped

      at Console.log (node_modules/winston/lib/winston/transports/console.js:87:23)

    console.log
      2026-02-09T10:19:21.543Z [nonce-manager] info: Wallet registered for nonce management {"chain":"ethereum","address":"0x12345678..."}

      at Console.log (node_modules/winston/lib/winston/transports/console.js:87:23)

    console.log
      2026-02-09T10:19:21.545Z [nonce-manager] info: NonceManager stopped

      at Console.log (node_modules/winston/lib/winston/transports/console.js:87:23)

    console.log
      2026-02-09T10:19:21.549Z [nonce-manager] info: Wallet registered for nonce management {"chain":"ethereum","address":"0x12345678..."}

      at Console.log (node_modules/winston/lib/winston/transports/console.js:87:23)

    console.log
      2026-02-09T10:19:21.553Z [nonce-manager] info: NonceManager stopped

      at Console.log (node_modules/winston/lib/winston/transports/console.js:87:23)

    console.log
      2026-02-09T10:19:21.556Z [nonce-manager] info: Wallet registered for nonce management {"chain":"ethereum","address":"0x12345678..."}

      at Console.log (node_modules/winston/lib/winston/transports/console.js:87:23)

    console.log
      2026-02-09T10:19:21.558Z [nonce-manager] info: NonceManager stopped

      at Console.log (node_modules/winston/lib/winston/transports/console.js:87:23)

    console.log
      2026-02-09T10:19:21.563Z [nonce-manager] info: Wallet registered for nonce management {"chain":"ethereum","address":"0x12345678..."}

      at Console.log (node_modules/winston/lib/winston/transports/console.js:87:23)

    console.log
      2026-02-09T10:19:21.567Z [nonce-manager] info: NonceManager stopped

      at Console.log (node_modules/winston/lib/winston/transports/console.js:87:23)

    console.log
      2026-02-09T10:19:21.570Z [nonce-manager] info: Wallet registered for nonce management {"chain":"ethereum","address":"0x12345678..."}

      at Console.log (node_modules/winston/lib/winston/transports/console.js:87:23)

    console.log
      2026-02-09T10:19:21.572Z [nonce-manager] info: Wallet registered for nonce management {"chain":"ethereum","address":"0x12345678..."}

      at Console.log (node_modules/winston/lib/winston/transports/console.js:87:23)

    console.log
      2026-02-09T10:19:21.598Z [nonce-manager] info: NonceManager stopped

      at Console.log (node_modules/winston/lib/winston/transports/console.js:87:23)

    console.log
      2026-02-09T10:19:21.599Z [nonce-manager] info: NonceManager stopped

      at Console.log (node_modules/winston/lib/winston/transports/console.js:87:23)

    console.log
      2026-02-09T10:19:21.602Z [nonce-manager] info: Wallet registered for nonce management {"chain":"ethereum","address":"0x12345678..."}

      at Console.log (node_modules/winston/lib/winston/transports/console.js:87:23)

    console.log
      2026-02-09T10:19:21.623Z [nonce-manager] info: NonceManager stopped

      at Console.log (node_modules/winston/lib/winston/transports/console.js:87:23)

    console.log
      2026-02-09T10:19:21.628Z [nonce-manager] info: Wallet registered for nonce management {"chain":"ethereum","address":"0x12345678..."}

      at Console.log (node_modules/winston/lib/winston/transports/console.js:87:23)

    console.log
      2026-02-09T10:19:21.632Z [nonce-manager] info: Wallet registered for nonce management {"chain":"ethereum","address":"0x12345678..."}

      at Console.log (node_modules/winston/lib/winston/transports/console.js:87:23)

    console.log
      2026-02-09T10:19:21.657Z [nonce-manager] info: NonceManager stopped

      at Console.log (node_modules/winston/lib/winston/transports/console.js:87:23)

    console.log
      2026-02-09T10:19:21.658Z [nonce-manager] info: NonceManager stopped

      at Console.log (node_modules/winston/lib/winston/transports/console.js:87:23)

    console.log
      2026-02-09T10:19:21.662Z [nonce-manager] info: Wallet registered for nonce management {"chain":"ethereum","address":"0x12345678..."}

      at Console.log (node_modules/winston/lib/winston/transports/console.js:87:23)

    console.log
      2026-02-09T10:19:21.663Z [nonce-manager] info: Wallet registered for nonce management {"chain":"ethereum","address":"0x12345678..."}

      at Console.log (node_modules/winston/lib/winston/transports/console.js:87:23)

    console.log
      2026-02-09T10:19:21.664Z [nonce-manager] info: NonceManager stopped

      at Console.log (node_modules/winston/lib/winston/transports/console.js:87:23)

    console.log
      2026-02-09T10:19:21.665Z [nonce-manager] info: NonceManager stopped

      at Console.log (node_modules/winston/lib/winston/transports/console.js:87:23)

    console.log
      2026-02-09T10:19:21.668Z [nonce-manager] info: Wallet registered for nonce management {"chain":"ethereum","address":"0x12345678..."}

      at Console.log (node_modules/winston/lib/winston/transports/console.js:87:23)

    console.log
      2026-02-09T10:19:21.672Z [nonce-manager] info: Wallet registered for nonce management {"chain":"ethereum","address":"0x22345678..."}

      at Console.log (node_modules/winston/lib/winston/transports/console.js:87:23)

    console.log
      2026-02-09T10:19:21.673Z [nonce-manager] info: Nonce pool replenished {"chain":"ethereum","added":5,"poolSize":5,"nextNonce":5}

      at Console.log (node_modules/winston/lib/winston/transports/console.js:87:23)

    console.log
      2026-02-09T10:19:21.675Z [nonce-manager] info: NonceManager stopped

      at Console.log (node_modules/winston/lib/winston/transports/console.js:87:23)

    console.log
      2026-02-09T10:19:21.676Z [nonce-manager] info: NonceManager stopped

      at Console.log (node_modules/winston/lib/winston/transports/console.js:87:23)

    console.log
      2026-02-09T10:19:21.678Z [nonce-manager] info: Wallet registered for nonce management {"chain":"ethereum","address":"0x12345678..."}

      at Console.log (node_modules/winston/lib/winston/transports/console.js:87:23)

    console.log
      2026-02-09T10:19:21.680Z [nonce-manager] info: Wallet registered for nonce management {"chain":"ethereum","address":"0x22345678..."}

      at Console.log (node_modules/winston/lib/winston/transports/console.js:87:23)

    console.log
      2026-02-09T10:19:21.681Z [nonce-manager] info: Nonce pool replenished {"chain":"ethereum","added":5,"poolSize":5,"nextNonce":5}

      at Console.log (node_modules/winston/lib/winston/transports/console.js:87:23)

    console.log
      2026-02-09T10:19:21.682Z [nonce-manager] info: NonceManager stopped

      at Console.log (node_modules/winston/lib/winston/transports/console.js:87:23)

    console.log
      2026-02-09T10:19:21.683Z [nonce-manager] info: NonceManager stopped

      at Console.log (node_modules/winston/lib/winston/transports/console.js:87:23)

    console.log
      2026-02-09T10:19:21.685Z [nonce-manager] info: Wallet registered for nonce management {"chain":"ethereum","address":"0x12345678..."}

      at Console.log (node_modules/winston/lib/winston/transports/console.js:87:23)

    console.log
      2026-02-09T10:19:21.687Z [nonce-manager] info: Wallet registered for nonce management {"chain":"ethereum","address":"0x22345678..."}

      at Console.log (node_modules/winston/lib/winston/transports/console.js:87:23)

    console.log
      2026-02-09T10:19:21.688Z [nonce-manager] info: Nonce pool replenished {"chain":"ethereum","added":5,"poolSize":5,"nextNonce":5}

      at Console.log (node_modules/winston/lib/winston/transports/console.js:87:23)

    console.log
      2026-02-09T10:19:21.689Z [nonce-manager] info: Nonce pool replenished {"chain":"ethereum","added":3,"poolSize":5,"nextNonce":8}

      at Console.log (node_modules/winston/lib/winston/transports/console.js:87:23)

    console.log
      2026-02-09T10:19:21.690Z [nonce-manager] info: Nonce pool replenished {"chain":"ethereum","added":3,"poolSize":4,"nextNonce":8}

      at Console.log (node_modules/winston/lib/winston/transports/console.js:87:23)

    console.log
      2026-02-09T10:19:21.691Z [nonce-manager] info: NonceManager stopped

      at Console.log (node_modules/winston/lib/winston/transports/console.js:87:23)

    console.log
      2026-02-09T10:19:21.692Z [nonce-manager] info: NonceManager stopped

      at Console.log (node_modules/winston/lib/winston/transports/console.js:87:23)

    console.log
      2026-02-09T10:19:21.694Z [nonce-manager] info: Wallet registered for nonce management {"chain":"ethereum","address":"0x12345678..."}

      at Console.log (node_modules/winston/lib/winston/transports/console.js:87:23)

    console.log
      2026-02-09T10:19:21.696Z [nonce-manager] info: Wallet registered for nonce management {"chain":"ethereum","address":"0x22345678..."}

      at Console.log (node_modules/winston/lib/winston/transports/console.js:87:23)

    console.log
      2026-02-09T10:19:21.697Z [nonce-manager] info: Nonce pool replenished {"chain":"ethereum","added":10,"poolSize":10,"nextNonce":10}

      at Console.log (node_modules/winston/lib/winston/transports/console.js:87:23)

    console.log
      2026-02-09T10:19:21.699Z [nonce-manager] info: NonceManager stopped

      at Console.log (node_modules/winston/lib/winston/transports/console.js:87:23)

    console.log
      2026-02-09T10:19:21.699Z [nonce-manager] info: NonceManager stopped

      at Console.log (node_modules/winston/lib/winston/transports/console.js:87:23)

    console.log
      2026-02-09T10:19:21.702Z [nonce-manager] info: Wallet registered for nonce management {"chain":"ethereum","address":"0x12345678..."}

      at Console.log (node_modules/winston/lib/winston/transports/console.js:87:23)

    console.log
      2026-02-09T10:19:21.704Z [nonce-manager] info: Wallet registered for nonce management {"chain":"ethereum","address":"0x22345678..."}

      at Console.log (node_modules/winston/lib/winston/transports/console.js:87:23)

    console.log
      2026-02-09T10:19:21.705Z [nonce-manager] info: Nonce pool replenished {"chain":"ethereum","added":5,"poolSize":5,"nextNonce":5}

      at Console.log (node_modules/winston/lib/winston/transports/console.js:87:23)

    console.log
      2026-02-09T10:19:21.706Z [nonce-manager] info: Nonce pool replenished {"chain":"ethereum","added":10,"poolSize":10,"nextNonce":20}

      at Console.log (node_modules/winston/lib/winston/transports/console.js:87:23)

    console.log
      2026-02-09T10:19:21.706Z [nonce-manager] info: Nonce pool replenished {"chain":"ethereum","added":3,"poolSize":4,"nextNonce":8}

      at Console.log (node_modules/winston/lib/winston/transports/console.js:87:23)

    console.log
      2026-02-09T10:19:21.707Z [nonce-manager] info: Nonce pool replenished {"chain":"ethereum","added":2,"poolSize":5,"nextNonce":10}

      at Console.log (node_modules/winston/lib/winston/transports/console.js:87:23)

    console.log
      2026-02-09T10:19:21.708Z [nonce-manager] info: NonceManager stopped

      at Console.log (node_modules/winston/lib/winston/transports/console.js:87:23)

    console.log
      2026-02-09T10:19:21.709Z [nonce-manager] info: NonceManager stopped

      at Console.log (node_modules/winston/lib/winston/transports/console.js:87:23)

    console.log
      2026-02-09T10:19:21.712Z [nonce-manager] info: Wallet registered for nonce management {"chain":"ethereum","address":"0x12345678..."}

      at Console.log (node_modules/winston/lib/winston/transports/console.js:87:23)

    console.log
      2026-02-09T10:19:21.715Z [nonce-manager] info: NonceManager stopped

      at Console.log (node_modules/winston/lib/winston/transports/console.js:87:23)

    console.log
      2026-02-09T10:19:21.715Z [nonce-manager] info: NonceManager stopped

      at Console.log (node_modules/winston/lib/winston/transports/console.js:87:23)

    console.log
      2026-02-09T10:19:21.722Z [nonce-manager] info: Wallet registered for nonce management {"chain":"ethereum","address":"0x12345678..."}

      at Console.log (node_modules/winston/lib/winston/transports/console.js:87:23)

    console.log
      2026-02-09T10:19:21.724Z [nonce-manager] info: Wallet registered for nonce management {"chain":"ethereum","address":"0x22345678..."}

      at Console.log (node_modules/winston/lib/winston/transports/console.js:87:23)

    console.log
      2026-02-09T10:19:21.725Z [nonce-manager] info: Nonce pool replenished {"chain":"ethereum","added":5,"poolSize":5,"nextNonce":5}

      at Console.log (node_modules/winston/lib/winston/transports/console.js:87:23)

    console.log
      2026-02-09T10:19:21.726Z [nonce-manager] info: NonceManager stopped

      at Console.log (node_modules/winston/lib/winston/transports/console.js:87:23)

    console.log
      2026-02-09T10:19:21.727Z [nonce-manager] info: NonceManager stopped

      at Console.log (node_modules/winston/lib/winston/transports/console.js:87:23)

    console.log
      2026-02-09T10:19:21.729Z [nonce-manager] info: Wallet registered for nonce management {"chain":"ethereum","address":"0x12345678..."}

      at Console.log (node_modules/winston/lib/winston/transports/console.js:87:23)

    console.log
      2026-02-09T10:19:21.735Z [nonce-manager] info: Wallet registered for nonce management {"chain":"ethereum","address":"0x22345678..."}

      at Console.log (node_modules/winston/lib/winston/transports/console.js:87:23)

    console.log
      2026-02-09T10:19:21.736Z [nonce-manager] info: Nonce pool replenished {"chain":"ethereum","added":5,"poolSize":5,"nextNonce":5}

      at Console.log (node_modules/winston/lib/winston/transports/console.js:87:23)

    console.log
      2026-02-09T10:19:21.738Z [nonce-manager] info: Nonce pool replenished {"chain":"ethereum","added":5,"poolSize":5,"nextNonce":5}

      at Console.log (node_modules/winston/lib/winston/transports/console.js:87:23)

    console.log
      2026-02-09T10:19:21.739Z [nonce-manager] info: Chain nonce state reset {"chain":"ethereum","newNonce":0}

      at Console.log (node_modules/winston/lib/winston/transports/console.js:87:23)

    console.log
      2026-02-09T10:19:21.739Z [nonce-manager] info: NonceManager stopped

      at Console.log (node_modules/winston/lib/winston/transports/console.js:87:23)

    console.log
      2026-02-09T10:19:21.744Z [nonce-manager] info: NonceManager stopped

      at Console.log (node_modules/winston/lib/winston/transports/console.js:87:23)

PASS unit shared/core/__tests__/unit/async-utils.test.ts (6.946 s)
PASS unit shared/ml/__tests__/unit/orderflow-predictor.test.ts (217.627 s)
  ● Console

    console.warn
      
      ============================
      Hi, looks like you are running TensorFlow.js in Node.js. To speed things up dramatically, install our node backend, visit https://github.com/tensorflow/tfjs-node for more details. 
      ============================

      at Object.warn (tfjs-core/src/log.ts:22:17)
      at MathBackendCPU.Object.<anonymous>.MathBackendCPU.write (tfjs-backend-cpu/src/backend_cpu.ts:58:22)
      at Engine.Object.<anonymous>.Engine.makeTensor (tfjs-core/src/engine.ts:815:28)
      at TensorBuffer.Object.<anonymous>.TensorBuffer.toTensor (tfjs-core/src/tensor.ts:158:24)
      at truncatedNormal_ (tfjs-core/src/ops/truncated_normal.ts:59:14)
      at Object.truncatedNormal__op [as truncatedNormal] (tfjs-core/src/ops/operation.ts:51:28)
      at HeNormal.truncatedNormal [as apply] (tfjs-layers/src/initializers.ts:352:14)
      at Dense.Object.<anonymous>.Layer.addWeight (tfjs-layers/src/engine/topology.ts:1288:35)
      at Dense.Object.<anonymous>.Dense.build (tfjs-layers/src/layers/core.ts:244:26)
      at tfjs-layers/src/engine/topology.ts:981:14
      at nameScope (tfjs-layers/src/common.ts:48:20)
      at Dense.Object.<anonymous>.Layer.apply (tfjs-layers/src/engine/topology.ts:967:12)
      at Sequential.Object.<anonymous>.Sequential.add (tfjs-layers/src/models.ts:491:15)
      at OrderflowPredictor.initializeModel (shared/ml/src/orderflow-predictor.ts:313:13)
      at new OrderflowPredictor (shared/ml/src/orderflow-predictor.ts:285:28)
      at Object.<anonymous> (shared/ml/__tests__/unit/orderflow-predictor.test.ts:254:25)

PASS unit shared/ml/__tests__/unit/predictor.test.ts (3027.126 s)
  ● Console

    console.warn
      
      ============================
      Hi, looks like you are running TensorFlow.js in Node.js. To speed things up dramatically, install our node backend, visit https://github.com/tensorflow/tfjs-node for more details. 
      ============================

      at Object.warn (tfjs-core/src/log.ts:22:17)
      at MathBackendCPU.Object.<anonymous>.MathBackendCPU.write (tfjs-backend-cpu/src/backend_cpu.ts:58:22)
      at Engine.Object.<anonymous>.Engine.makeTensor (tfjs-core/src/engine.ts:815:28)
      at TensorBuffer.Object.<anonymous>.TensorBuffer.toTensor (tfjs-core/src/tensor.ts:158:24)
      at truncatedNormal_ (tfjs-core/src/ops/truncated_normal.ts:59:14)
      at Object.truncatedNormal__op [as truncatedNormal] (tfjs-core/src/ops/operation.ts:51:28)
      at GlorotNormal.truncatedNormal [as apply] (tfjs-layers/src/initializers.ts:352:14)
      at LSTMCell.Object.<anonymous>.Layer.addWeight (tfjs-layers/src/engine/topology.ts:1288:35)
      at LSTMCell.Object.<anonymous>.LSTMCell.build (tfjs-layers/src/layers/recurrent.ts:1703:24)
      at LSTM.Object.<anonymous>.RNN.build (tfjs-layers/src/layers/recurrent.ts:516:17)
      at tfjs-layers/src/engine/topology.ts:981:14
      at nameScope (tfjs-layers/src/common.ts:48:20)
      at LSTM.Object.<anonymous>.Layer.apply (tfjs-layers/src/engine/topology.ts:967:12)
      at LSTM.Object.<anonymous>.RNN.apply (tfjs-layers/src/layers/recurrent.ts:697:25)
      at Sequential.Object.<anonymous>.Sequential.add (tfjs-layers/src/models.ts:491:15)
      at LSTMPredictor.initializeModel (shared/ml/src/predictor.ts:234:13)
      at LSTMPredictor.waitForReady (shared/ml/src/predictor.ts:201:5)
      at Object.<anonymous> (shared/ml/__tests__/unit/predictor.test.ts:106:7)

    console.warn
      Orthogonal initializer is being called on a matrix with more than 2000 (65536) elements: Slowness may result.

      at tfjs-layers/src/initializers.ts:558:17
      at tfjs-core/src/engine.ts:469:20
      at Engine.Object.<anonymous>.Engine.scopedRun (tfjs-core/src/engine.ts:480:19)
      at Engine.Object.<anonymous>.Engine.tidy (tfjs-core/src/engine.ts:467:17)
      at Object.tidy (tfjs-core/src/globals.ts:192:17)
      at Orthogonal.tidy [as apply] (tfjs-layers/src/initializers.ts:543:12)
      at LSTMCell.Object.<anonymous>.Layer.addWeight (tfjs-layers/src/engine/topology.ts:1288:35)
      at LSTMCell.Object.<anonymous>.LSTMCell.build (tfjs-layers/src/layers/recurrent.ts:1706:33)
      at LSTM.Object.<anonymous>.RNN.build (tfjs-layers/src/layers/recurrent.ts:516:17)
      at tfjs-layers/src/engine/topology.ts:981:14
      at nameScope (tfjs-layers/src/common.ts:48:20)
      at LSTM.Object.<anonymous>.Layer.apply (tfjs-layers/src/engine/topology.ts:967:12)
      at LSTM.Object.<anonymous>.RNN.apply (tfjs-layers/src/layers/recurrent.ts:697:25)
      at Sequential.Object.<anonymous>.Sequential.add (tfjs-layers/src/models.ts:491:15)
      at LSTMPredictor.initializeModel (shared/ml/src/predictor.ts:234:13)
      at LSTMPredictor.waitForReady (shared/ml/src/predictor.ts:201:5)
      at Object.<anonymous> (shared/ml/__tests__/unit/predictor.test.ts:106:7)

    console.warn
      Orthogonal initializer is being called on a matrix with more than 2000 (16384) elements: Slowness may result.

      at tfjs-layers/src/initializers.ts:558:17
      at tfjs-core/src/engine.ts:469:20
      at Engine.Object.<anonymous>.Engine.scopedRun (tfjs-core/src/engine.ts:480:19)
      at Engine.Object.<anonymous>.Engine.tidy (tfjs-core/src/engine.ts:467:17)
      at Object.tidy (tfjs-core/src/globals.ts:192:17)
      at Orthogonal.tidy [as apply] (tfjs-layers/src/initializers.ts:543:12)
      at LSTMCell.Object.<anonymous>.Layer.addWeight (tfjs-layers/src/engine/topology.ts:1288:35)
      at LSTMCell.Object.<anonymous>.LSTMCell.build (tfjs-layers/src/layers/recurrent.ts:1706:33)
      at LSTM.Object.<anonymous>.RNN.build (tfjs-layers/src/layers/recurrent.ts:516:17)
      at tfjs-layers/src/engine/topology.ts:981:14
      at nameScope (tfjs-layers/src/common.ts:48:20)
      at LSTM.Object.<anonymous>.Layer.apply (tfjs-layers/src/engine/topology.ts:967:12)
      at LSTM.Object.<anonymous>.RNN.apply (tfjs-layers/src/layers/recurrent.ts:697:25)
      at Sequential.Object.<anonymous>.Sequential.add (tfjs-layers/src/models.ts:538:34)
      at LSTMPredictor.initializeModel (shared/ml/src/predictor.ts:243:13)
      at LSTMPredictor.waitForReady (shared/ml/src/predictor.ts:201:5)
      at Object.<anonymous> (shared/ml/__tests__/unit/predictor.test.ts:106:7)

    console.warn
      Orthogonal initializer is being called on a matrix with more than 2000 (65536) elements: Slowness may result.

      at tfjs-layers/src/initializers.ts:558:17
      at tfjs-core/src/engine.ts:469:20
      at Engine.Object.<anonymous>.Engine.scopedRun (tfjs-core/src/engine.ts:480:19)
      at Engine.Object.<anonymous>.Engine.tidy (tfjs-core/src/engine.ts:467:17)
      at Object.tidy (tfjs-core/src/globals.ts:192:17)
      at Orthogonal.tidy [as apply] (tfjs-layers/src/initializers.ts:543:12)
      at LSTMCell.Object.<anonymous>.Layer.addWeight (tfjs-layers/src/engine/topology.ts:1288:35)
      at LSTMCell.Object.<anonymous>.LSTMCell.build (tfjs-layers/src/layers/recurrent.ts:1706:33)
      at LSTM.Object.<anonymous>.RNN.build (tfjs-layers/src/layers/recurrent.ts:516:17)
      at tfjs-layers/src/engine/topology.ts:981:14
      at nameScope (tfjs-layers/src/common.ts:48:20)
      at LSTM.Object.<anonymous>.Layer.apply (tfjs-layers/src/engine/topology.ts:967:12)
      at LSTM.Object.<anonymous>.RNN.apply (tfjs-layers/src/layers/recurrent.ts:697:25)
      at Sequential.Object.<anonymous>.Sequential.add (tfjs-layers/src/models.ts:491:15)
      at LSTMPredictor.initializeModel (shared/ml/src/predictor.ts:234:13)
      at LSTMPredictor.waitForReady (shared/ml/src/predictor.ts:201:5)
      at Object.<anonymous> (shared/ml/__tests__/unit/predictor.test.ts:120:7)

    console.warn
      Orthogonal initializer is being called on a matrix with more than 2000 (16384) elements: Slowness may result.

      at tfjs-layers/src/initializers.ts:558:17
      at tfjs-core/src/engine.ts:469:20
      at Engine.Object.<anonymous>.Engine.scopedRun (tfjs-core/src/engine.ts:480:19)
      at Engine.Object.<anonymous>.Engine.tidy (tfjs-core/src/engine.ts:467:17)
      at Object.tidy (tfjs-core/src/globals.ts:192:17)
      at Orthogonal.tidy [as apply] (tfjs-layers/src/initializers.ts:543:12)
      at LSTMCell.Object.<anonymous>.Layer.addWeight (tfjs-layers/src/engine/topology.ts:1288:35)
      at LSTMCell.Object.<anonymous>.LSTMCell.build (tfjs-layers/src/layers/recurrent.ts:1706:33)
      at LSTM.Object.<anonymous>.RNN.build (tfjs-layers/src/layers/recurrent.ts:516:17)
      at tfjs-layers/src/engine/topology.ts:981:14
      at nameScope (tfjs-layers/src/common.ts:48:20)
      at LSTM.Object.<anonymous>.Layer.apply (tfjs-layers/src/engine/topology.ts:967:12)
      at LSTM.Object.<anonymous>.RNN.apply (tfjs-layers/src/layers/recurrent.ts:697:25)
      at Sequential.Object.<anonymous>.Sequential.add (tfjs-layers/src/models.ts:538:34)
      at LSTMPredictor.initializeModel (shared/ml/src/predictor.ts:243:13)
      at LSTMPredictor.waitForReady (shared/ml/src/predictor.ts:201:5)
      at Object.<anonymous> (shared/ml/__tests__/unit/predictor.test.ts:120:7)

    console.warn
      Orthogonal initializer is being called on a matrix with more than 2000 (65536) elements: Slowness may result.

      at tfjs-layers/src/initializers.ts:558:17
      at tfjs-core/src/engine.ts:469:20
      at Engine.Object.<anonymous>.Engine.scopedRun (tfjs-core/src/engine.ts:480:19)
      at Engine.Object.<anonymous>.Engine.tidy (tfjs-core/src/engine.ts:467:17)
      at Object.tidy (tfjs-core/src/globals.ts:192:17)
      at Orthogonal.tidy [as apply] (tfjs-layers/src/initializers.ts:543:12)
      at LSTMCell.Object.<anonymous>.Layer.addWeight (tfjs-layers/src/engine/topology.ts:1288:35)
      at LSTMCell.Object.<anonymous>.LSTMCell.build (tfjs-layers/src/layers/recurrent.ts:1706:33)
      at LSTM.Object.<anonymous>.RNN.build (tfjs-layers/src/layers/recurrent.ts:516:17)
      at tfjs-layers/src/engine/topology.ts:981:14
      at nameScope (tfjs-layers/src/common.ts:48:20)
      at LSTM.Object.<anonymous>.Layer.apply (tfjs-layers/src/engine/topology.ts:967:12)
      at LSTM.Object.<anonymous>.RNN.apply (tfjs-layers/src/layers/recurrent.ts:697:25)
      at Sequential.Object.<anonymous>.Sequential.add (tfjs-layers/src/models.ts:491:15)
      at LSTMPredictor.initializeModel (shared/ml/src/predictor.ts:234:13)
      at LSTMPredictor.predictPrice (shared/ml/src/predictor.ts:401:5)
      at Object.<anonymous> (shared/ml/__tests__/unit/predictor.test.ts:130:22)

    console.warn
      Orthogonal initializer is being called on a matrix with more than 2000 (16384) elements: Slowness may result.

      at tfjs-layers/src/initializers.ts:558:17
      at tfjs-core/src/engine.ts:469:20
      at Engine.Object.<anonymous>.Engine.scopedRun (tfjs-core/src/engine.ts:480:19)
      at Engine.Object.<anonymous>.Engine.tidy (tfjs-core/src/engine.ts:467:17)
      at Object.tidy (tfjs-core/src/globals.ts:192:17)
      at Orthogonal.tidy [as apply] (tfjs-layers/src/initializers.ts:543:12)
      at LSTMCell.Object.<anonymous>.Layer.addWeight (tfjs-layers/src/engine/topology.ts:1288:35)
      at LSTMCell.Object.<anonymous>.LSTMCell.build (tfjs-layers/src/layers/recurrent.ts:1706:33)
      at LSTM.Object.<anonymous>.RNN.build (tfjs-layers/src/layers/recurrent.ts:516:17)
      at tfjs-layers/src/engine/topology.ts:981:14
      at nameScope (tfjs-layers/src/common.ts:48:20)
      at LSTM.Object.<anonymous>.Layer.apply (tfjs-layers/src/engine/topology.ts:967:12)
      at LSTM.Object.<anonymous>.RNN.apply (tfjs-layers/src/layers/recurrent.ts:697:25)
      at Sequential.Object.<anonymous>.Sequential.add (tfjs-layers/src/models.ts:538:34)
      at LSTMPredictor.initializeModel (shared/ml/src/predictor.ts:243:13)
      at LSTMPredictor.predictPrice (shared/ml/src/predictor.ts:401:5)
      at Object.<anonymous> (shared/ml/__tests__/unit/predictor.test.ts:130:22)

    console.warn
      Orthogonal initializer is being called on a matrix with more than 2000 (65536) elements: Slowness may result.

      at tfjs-layers/src/initializers.ts:558:17
      at tfjs-core/src/engine.ts:469:20
      at Engine.Object.<anonymous>.Engine.scopedRun (tfjs-core/src/engine.ts:480:19)
      at Engine.Object.<anonymous>.Engine.tidy (tfjs-core/src/engine.ts:467:17)
      at Object.tidy (tfjs-core/src/globals.ts:192:17)
      at Orthogonal.tidy [as apply] (tfjs-layers/src/initializers.ts:543:12)
      at LSTMCell.Object.<anonymous>.Layer.addWeight (tfjs-layers/src/engine/topology.ts:1288:35)
      at LSTMCell.Object.<anonymous>.LSTMCell.build (tfjs-layers/src/layers/recurrent.ts:1706:33)
      at LSTM.Object.<anonymous>.RNN.build (tfjs-layers/src/layers/recurrent.ts:516:17)
      at tfjs-layers/src/engine/topology.ts:981:14
      at nameScope (tfjs-layers/src/common.ts:48:20)
      at LSTM.Object.<anonymous>.Layer.apply (tfjs-layers/src/engine/topology.ts:967:12)
      at LSTM.Object.<anonymous>.RNN.apply (tfjs-layers/src/layers/recurrent.ts:697:25)
      at Sequential.Object.<anonymous>.Sequential.add (tfjs-layers/src/models.ts:491:15)
      at LSTMPredictor.initializeModel (shared/ml/src/predictor.ts:234:13)
      at LSTMPredictor.waitForReady (shared/ml/src/predictor.ts:201:5)
      at Object.<anonymous> (shared/ml/__tests__/unit/predictor.test.ts:148:7)

    console.warn
      Orthogonal initializer is being called on a matrix with more than 2000 (16384) elements: Slowness may result.

      at tfjs-layers/src/initializers.ts:558:17
      at tfjs-core/src/engine.ts:469:20
      at Engine.Object.<anonymous>.Engine.scopedRun (tfjs-core/src/engine.ts:480:19)
      at Engine.Object.<anonymous>.Engine.tidy (tfjs-core/src/engine.ts:467:17)
      at Object.tidy (tfjs-core/src/globals.ts:192:17)
      at Orthogonal.tidy [as apply] (tfjs-layers/src/initializers.ts:543:12)
      at LSTMCell.Object.<anonymous>.Layer.addWeight (tfjs-layers/src/engine/topology.ts:1288:35)
      at LSTMCell.Object.<anonymous>.LSTMCell.build (tfjs-layers/src/layers/recurrent.ts:1706:33)
      at LSTM.Object.<anonymous>.RNN.build (tfjs-layers/src/layers/recurrent.ts:516:17)
      at tfjs-layers/src/engine/topology.ts:981:14
      at nameScope (tfjs-layers/src/common.ts:48:20)
      at LSTM.Object.<anonymous>.Layer.apply (tfjs-layers/src/engine/topology.ts:967:12)
      at LSTM.Object.<anonymous>.RNN.apply (tfjs-layers/src/layers/recurrent.ts:697:25)
      at Sequential.Object.<anonymous>.Sequential.add (tfjs-layers/src/models.ts:538:34)
      at LSTMPredictor.initializeModel (shared/ml/src/predictor.ts:243:13)
      at LSTMPredictor.waitForReady (shared/ml/src/predictor.ts:201:5)
      at Object.<anonymous> (shared/ml/__tests__/unit/predictor.test.ts:148:7)

    console.warn
      Orthogonal initializer is being called on a matrix with more than 2000 (65536) elements: Slowness may result.

      at tfjs-layers/src/initializers.ts:558:17
      at tfjs-core/src/engine.ts:469:20
      at Engine.Object.<anonymous>.Engine.scopedRun (tfjs-core/src/engine.ts:480:19)
      at Engine.Object.<anonymous>.Engine.tidy (tfjs-core/src/engine.ts:467:17)
      at Object.tidy (tfjs-core/src/globals.ts:192:17)
      at Orthogonal.tidy [as apply] (tfjs-layers/src/initializers.ts:543:12)
      at LSTMCell.Object.<anonymous>.Layer.addWeight (tfjs-layers/src/engine/topology.ts:1288:35)
      at LSTMCell.Object.<anonymous>.LSTMCell.build (tfjs-layers/src/layers/recurrent.ts:1706:33)
      at LSTM.Object.<anonymous>.RNN.build (tfjs-layers/src/layers/recurrent.ts:516:17)
      at tfjs-layers/src/engine/topology.ts:981:14
      at nameScope (tfjs-layers/src/common.ts:48:20)
      at LSTM.Object.<anonymous>.Layer.apply (tfjs-layers/src/engine/topology.ts:967:12)
      at LSTM.Object.<anonymous>.RNN.apply (tfjs-layers/src/layers/recurrent.ts:697:25)
      at Sequential.Object.<anonymous>.Sequential.add (tfjs-layers/src/models.ts:491:15)
      at LSTMPredictor.initializeModel (shared/ml/src/predictor.ts:234:13)
      at LSTMPredictor.waitForReady (shared/ml/src/predictor.ts:201:5)
      at Object.<anonymous> (shared/ml/__tests__/unit/predictor.test.ts:225:7)

    console.warn
      Orthogonal initializer is being called on a matrix with more than 2000 (16384) elements: Slowness may result.

      at tfjs-layers/src/initializers.ts:558:17
      at tfjs-core/src/engine.ts:469:20
      at Engine.Object.<anonymous>.Engine.scopedRun (tfjs-core/src/engine.ts:480:19)
      at Engine.Object.<anonymous>.Engine.tidy (tfjs-core/src/engine.ts:467:17)
      at Object.tidy (tfjs-core/src/globals.ts:192:17)
      at Orthogonal.tidy [as apply] (tfjs-layers/src/initializers.ts:543:12)
      at LSTMCell.Object.<anonymous>.Layer.addWeight (tfjs-layers/src/engine/topology.ts:1288:35)
      at LSTMCell.Object.<anonymous>.LSTMCell.build (tfjs-layers/src/layers/recurrent.ts:1706:33)
      at LSTM.Object.<anonymous>.RNN.build (tfjs-layers/src/layers/recurrent.ts:516:17)
      at tfjs-layers/src/engine/topology.ts:981:14
      at nameScope (tfjs-layers/src/common.ts:48:20)
      at LSTM.Object.<anonymous>.Layer.apply (tfjs-layers/src/engine/topology.ts:967:12)
      at LSTM.Object.<anonymous>.RNN.apply (tfjs-layers/src/layers/recurrent.ts:697:25)
      at Sequential.Object.<anonymous>.Sequential.add (tfjs-layers/src/models.ts:538:34)
      at LSTMPredictor.initializeModel (shared/ml/src/predictor.ts:243:13)
      at LSTMPredictor.waitForReady (shared/ml/src/predictor.ts:201:5)
      at Object.<anonymous> (shared/ml/__tests__/unit/predictor.test.ts:225:7)

    console.warn
      Orthogonal initializer is being called on a matrix with more than 2000 (65536) elements: Slowness may result.

      at tfjs-layers/src/initializers.ts:558:17
      at tfjs-core/src/engine.ts:469:20
      at Engine.Object.<anonymous>.Engine.scopedRun (tfjs-core/src/engine.ts:480:19)
      at Engine.Object.<anonymous>.Engine.tidy (tfjs-core/src/engine.ts:467:17)
      at Object.tidy (tfjs-core/src/globals.ts:192:17)
      at Orthogonal.tidy [as apply] (tfjs-layers/src/initializers.ts:543:12)
      at LSTMCell.Object.<anonymous>.Layer.addWeight (tfjs-layers/src/engine/topology.ts:1288:35)
      at LSTMCell.Object.<anonymous>.LSTMCell.build (tfjs-layers/src/layers/recurrent.ts:1706:33)
      at LSTM.Object.<anonymous>.RNN.build (tfjs-layers/src/layers/recurrent.ts:516:17)
      at tfjs-layers/src/engine/topology.ts:981:14
      at nameScope (tfjs-layers/src/common.ts:48:20)
      at LSTM.Object.<anonymous>.Layer.apply (tfjs-layers/src/engine/topology.ts:967:12)
      at LSTM.Object.<anonymous>.RNN.apply (tfjs-layers/src/layers/recurrent.ts:697:25)
      at Sequential.Object.<anonymous>.Sequential.add (tfjs-layers/src/models.ts:491:15)
      at LSTMPredictor.initializeModel (shared/ml/src/predictor.ts:234:13)
      at LSTMPredictor.waitForReady (shared/ml/src/predictor.ts:201:5)
      at Object.<anonymous> (shared/ml/__tests__/unit/predictor.test.ts:225:7)

    console.warn
      Orthogonal initializer is being called on a matrix with more than 2000 (16384) elements: Slowness may result.

      at tfjs-layers/src/initializers.ts:558:17
      at tfjs-core/src/engine.ts:469:20
      at Engine.Object.<anonymous>.Engine.scopedRun (tfjs-core/src/engine.ts:480:19)
      at Engine.Object.<anonymous>.Engine.tidy (tfjs-core/src/engine.ts:467:17)
      at Object.tidy (tfjs-core/src/globals.ts:192:17)
      at Orthogonal.tidy [as apply] (tfjs-layers/src/initializers.ts:543:12)
      at LSTMCell.Object.<anonymous>.Layer.addWeight (tfjs-layers/src/engine/topology.ts:1288:35)
      at LSTMCell.Object.<anonymous>.LSTMCell.build (tfjs-layers/src/layers/recurrent.ts:1706:33)
      at LSTM.Object.<anonymous>.RNN.build (tfjs-layers/src/layers/recurrent.ts:516:17)
      at tfjs-layers/src/engine/topology.ts:981:14
      at nameScope (tfjs-layers/src/common.ts:48:20)
      at LSTM.Object.<anonymous>.Layer.apply (tfjs-layers/src/engine/topology.ts:967:12)
      at LSTM.Object.<anonymous>.RNN.apply (tfjs-layers/src/layers/recurrent.ts:697:25)
      at Sequential.Object.<anonymous>.Sequential.add (tfjs-layers/src/models.ts:538:34)
      at LSTMPredictor.initializeModel (shared/ml/src/predictor.ts:243:13)
      at LSTMPredictor.waitForReady (shared/ml/src/predictor.ts:201:5)
      at Object.<anonymous> (shared/ml/__tests__/unit/predictor.test.ts:225:7)

    console.warn
      Orthogonal initializer is being called on a matrix with more than 2000 (65536) elements: Slowness may result.

      at tfjs-layers/src/initializers.ts:558:17
      at tfjs-core/src/engine.ts:469:20
      at Engine.Object.<anonymous>.Engine.scopedRun (tfjs-core/src/engine.ts:480:19)
      at Engine.Object.<anonymous>.Engine.tidy (tfjs-core/src/engine.ts:467:17)
      at Object.tidy (tfjs-core/src/globals.ts:192:17)
      at Orthogonal.tidy [as apply] (tfjs-layers/src/initializers.ts:543:12)
      at LSTMCell.Object.<anonymous>.Layer.addWeight (tfjs-layers/src/engine/topology.ts:1288:35)
      at LSTMCell.Object.<anonymous>.LSTMCell.build (tfjs-layers/src/layers/recurrent.ts:1706:33)
      at LSTM.Object.<anonymous>.RNN.build (tfjs-layers/src/layers/recurrent.ts:516:17)
      at tfjs-layers/src/engine/topology.ts:981:14
      at nameScope (tfjs-layers/src/common.ts:48:20)
      at LSTM.Object.<anonymous>.Layer.apply (tfjs-layers/src/engine/topology.ts:967:12)
      at LSTM.Object.<anonymous>.RNN.apply (tfjs-layers/src/layers/recurrent.ts:697:25)
      at Sequential.Object.<anonymous>.Sequential.add (tfjs-layers/src/models.ts:491:15)
      at LSTMPredictor.initializeModel (shared/ml/src/predictor.ts:234:13)
      at LSTMPredictor.waitForReady (shared/ml/src/predictor.ts:201:5)
      at Object.<anonymous> (shared/ml/__tests__/unit/predictor.test.ts:258:7)

    console.warn
      Orthogonal initializer is being called on a matrix with more than 2000 (16384) elements: Slowness may result.

      at tfjs-layers/src/initializers.ts:558:17
      at tfjs-core/src/engine.ts:469:20
      at Engine.Object.<anonymous>.Engine.scopedRun (tfjs-core/src/engine.ts:480:19)
      at Engine.Object.<anonymous>.Engine.tidy (tfjs-core/src/engine.ts:467:17)
      at Object.tidy (tfjs-core/src/globals.ts:192:17)
      at Orthogonal.tidy [as apply] (tfjs-layers/src/initializers.ts:543:12)
      at LSTMCell.Object.<anonymous>.Layer.addWeight (tfjs-layers/src/engine/topology.ts:1288:35)
      at LSTMCell.Object.<anonymous>.LSTMCell.build (tfjs-layers/src/layers/recurrent.ts:1706:33)
      at LSTM.Object.<anonymous>.RNN.build (tfjs-layers/src/layers/recurrent.ts:516:17)
      at tfjs-layers/src/engine/topology.ts:981:14
      at nameScope (tfjs-layers/src/common.ts:48:20)
      at LSTM.Object.<anonymous>.Layer.apply (tfjs-layers/src/engine/topology.ts:967:12)
      at LSTM.Object.<anonymous>.RNN.apply (tfjs-layers/src/layers/recurrent.ts:697:25)
      at Sequential.Object.<anonymous>.Sequential.add (tfjs-layers/src/models.ts:538:34)
      at LSTMPredictor.initializeModel (shared/ml/src/predictor.ts:243:13)
      at LSTMPredictor.waitForReady (shared/ml/src/predictor.ts:201:5)
      at Object.<anonymous> (shared/ml/__tests__/unit/predictor.test.ts:258:7)

    console.warn
      Orthogonal initializer is being called on a matrix with more than 2000 (65536) elements: Slowness may result.

      at tfjs-layers/src/initializers.ts:558:17
      at tfjs-core/src/engine.ts:469:20
      at Engine.Object.<anonymous>.Engine.scopedRun (tfjs-core/src/engine.ts:480:19)
      at Engine.Object.<anonymous>.Engine.tidy (tfjs-core/src/engine.ts:467:17)
      at Object.tidy (tfjs-core/src/globals.ts:192:17)
      at Orthogonal.tidy [as apply] (tfjs-layers/src/initializers.ts:543:12)
      at LSTMCell.Object.<anonymous>.Layer.addWeight (tfjs-layers/src/engine/topology.ts:1288:35)
      at LSTMCell.Object.<anonymous>.LSTMCell.build (tfjs-layers/src/layers/recurrent.ts:1706:33)
      at LSTM.Object.<anonymous>.RNN.build (tfjs-layers/src/layers/recurrent.ts:516:17)
      at tfjs-layers/src/engine/topology.ts:981:14
      at nameScope (tfjs-layers/src/common.ts:48:20)
      at LSTM.Object.<anonymous>.Layer.apply (tfjs-layers/src/engine/topology.ts:967:12)
      at LSTM.Object.<anonymous>.RNN.apply (tfjs-layers/src/layers/recurrent.ts:697:25)
      at Sequential.Object.<anonymous>.Sequential.add (tfjs-layers/src/models.ts:491:15)
      at LSTMPredictor.initializeModel (shared/ml/src/predictor.ts:234:13)
      at LSTMPredictor.waitForReady (shared/ml/src/predictor.ts:201:5)
      at Object.<anonymous> (shared/ml/__tests__/unit/predictor.test.ts:258:7)

    console.warn
      Orthogonal initializer is being called on a matrix with more than 2000 (16384) elements: Slowness may result.

      at tfjs-layers/src/initializers.ts:558:17
      at tfjs-core/src/engine.ts:469:20
      at Engine.Object.<anonymous>.Engine.scopedRun (tfjs-core/src/engine.ts:480:19)
      at Engine.Object.<anonymous>.Engine.tidy (tfjs-core/src/engine.ts:467:17)
      at Object.tidy (tfjs-core/src/globals.ts:192:17)
      at Orthogonal.tidy [as apply] (tfjs-layers/src/initializers.ts:543:12)
      at LSTMCell.Object.<anonymous>.Layer.addWeight (tfjs-layers/src/engine/topology.ts:1288:35)
      at LSTMCell.Object.<anonymous>.LSTMCell.build (tfjs-layers/src/layers/recurrent.ts:1706:33)
      at LSTM.Object.<anonymous>.RNN.build (tfjs-layers/src/layers/recurrent.ts:516:17)
      at tfjs-layers/src/engine/topology.ts:981:14
      at nameScope (tfjs-layers/src/common.ts:48:20)
      at LSTM.Object.<anonymous>.Layer.apply (tfjs-layers/src/engine/topology.ts:967:12)
      at LSTM.Object.<anonymous>.RNN.apply (tfjs-layers/src/layers/recurrent.ts:697:25)
      at Sequential.Object.<anonymous>.Sequential.add (tfjs-layers/src/models.ts:538:34)
      at LSTMPredictor.initializeModel (shared/ml/src/predictor.ts:243:13)
      at LSTMPredictor.waitForReady (shared/ml/src/predictor.ts:201:5)
      at Object.<anonymous> (shared/ml/__tests__/unit/predictor.test.ts:258:7)

    console.warn
      Orthogonal initializer is being called on a matrix with more than 2000 (65536) elements: Slowness may result.

      at tfjs-layers/src/initializers.ts:558:17
      at tfjs-core/src/engine.ts:469:20
      at Engine.Object.<anonymous>.Engine.scopedRun (tfjs-core/src/engine.ts:480:19)
      at Engine.Object.<anonymous>.Engine.tidy (tfjs-core/src/engine.ts:467:17)
      at Object.tidy (tfjs-core/src/globals.ts:192:17)
      at Orthogonal.tidy [as apply] (tfjs-layers/src/initializers.ts:543:12)
      at LSTMCell.Object.<anonymous>.Layer.addWeight (tfjs-layers/src/engine/topology.ts:1288:35)
      at LSTMCell.Object.<anonymous>.LSTMCell.build (tfjs-layers/src/layers/recurrent.ts:1706:33)
      at LSTM.Object.<anonymous>.RNN.build (tfjs-layers/src/layers/recurrent.ts:516:17)
      at tfjs-layers/src/engine/topology.ts:981:14
      at nameScope (tfjs-layers/src/common.ts:48:20)
      at LSTM.Object.<anonymous>.Layer.apply (tfjs-layers/src/engine/topology.ts:967:12)
      at LSTM.Object.<anonymous>.RNN.apply (tfjs-layers/src/layers/recurrent.ts:697:25)
      at Sequential.Object.<anonymous>.Sequential.add (tfjs-layers/src/models.ts:491:15)
      at LSTMPredictor.initializeModel (shared/ml/src/predictor.ts:234:13)
      at LSTMPredictor.waitForReady (shared/ml/src/predictor.ts:201:5)
      at Object.<anonymous> (shared/ml/__tests__/unit/predictor.test.ts:258:7)

    console.warn
      Orthogonal initializer is being called on a matrix with more than 2000 (16384) elements: Slowness may result.

      at tfjs-layers/src/initializers.ts:558:17
      at tfjs-core/src/engine.ts:469:20
      at Engine.Object.<anonymous>.Engine.scopedRun (tfjs-core/src/engine.ts:480:19)
      at Engine.Object.<anonymous>.Engine.tidy (tfjs-core/src/engine.ts:467:17)
      at Object.tidy (tfjs-core/src/globals.ts:192:17)
      at Orthogonal.tidy [as apply] (tfjs-layers/src/initializers.ts:543:12)
      at LSTMCell.Object.<anonymous>.Layer.addWeight (tfjs-layers/src/engine/topology.ts:1288:35)
      at LSTMCell.Object.<anonymous>.LSTMCell.build (tfjs-layers/src/layers/recurrent.ts:1706:33)
      at LSTM.Object.<anonymous>.RNN.build (tfjs-layers/src/layers/recurrent.ts:516:17)
      at tfjs-layers/src/engine/topology.ts:981:14
      at nameScope (tfjs-layers/src/common.ts:48:20)
      at LSTM.Object.<anonymous>.Layer.apply (tfjs-layers/src/engine/topology.ts:967:12)
      at LSTM.Object.<anonymous>.RNN.apply (tfjs-layers/src/layers/recurrent.ts:697:25)
      at Sequential.Object.<anonymous>.Sequential.add (tfjs-layers/src/models.ts:538:34)
      at LSTMPredictor.initializeModel (shared/ml/src/predictor.ts:243:13)
      at LSTMPredictor.waitForReady (shared/ml/src/predictor.ts:201:5)
      at Object.<anonymous> (shared/ml/__tests__/unit/predictor.test.ts:258:7)

    console.warn
      Orthogonal initializer is being called on a matrix with more than 2000 (65536) elements: Slowness may result.

      at tfjs-layers/src/initializers.ts:558:17
      at tfjs-core/src/engine.ts:469:20
      at Engine.Object.<anonymous>.Engine.scopedRun (tfjs-core/src/engine.ts:480:19)
      at Engine.Object.<anonymous>.Engine.tidy (tfjs-core/src/engine.ts:467:17)
      at Object.tidy (tfjs-core/src/globals.ts:192:17)
      at Orthogonal.tidy [as apply] (tfjs-layers/src/initializers.ts:543:12)
      at LSTMCell.Object.<anonymous>.Layer.addWeight (tfjs-layers/src/engine/topology.ts:1288:35)
      at LSTMCell.Object.<anonymous>.LSTMCell.build (tfjs-layers/src/layers/recurrent.ts:1706:33)
      at LSTM.Object.<anonymous>.RNN.build (tfjs-layers/src/layers/recurrent.ts:516:17)
      at tfjs-layers/src/engine/topology.ts:981:14
      at nameScope (tfjs-layers/src/common.ts:48:20)
      at LSTM.Object.<anonymous>.Layer.apply (tfjs-layers/src/engine/topology.ts:967:12)
      at LSTM.Object.<anonymous>.RNN.apply (tfjs-layers/src/layers/recurrent.ts:697:25)
      at Sequential.Object.<anonymous>.Sequential.add (tfjs-layers/src/models.ts:491:15)
      at LSTMPredictor.initializeModel (shared/ml/src/predictor.ts:234:13)
      at LSTMPredictor.waitForReady (shared/ml/src/predictor.ts:201:5)
      at Object.<anonymous> (shared/ml/__tests__/unit/predictor.test.ts:301:7)

    console.warn
      Orthogonal initializer is being called on a matrix with more than 2000 (16384) elements: Slowness may result.

      at tfjs-layers/src/initializers.ts:558:17
      at tfjs-core/src/engine.ts:469:20
      at Engine.Object.<anonymous>.Engine.scopedRun (tfjs-core/src/engine.ts:480:19)
      at Engine.Object.<anonymous>.Engine.tidy (tfjs-core/src/engine.ts:467:17)
      at Object.tidy (tfjs-core/src/globals.ts:192:17)
      at Orthogonal.tidy [as apply] (tfjs-layers/src/initializers.ts:543:12)
      at LSTMCell.Object.<anonymous>.Layer.addWeight (tfjs-layers/src/engine/topology.ts:1288:35)
      at LSTMCell.Object.<anonymous>.LSTMCell.build (tfjs-layers/src/layers/recurrent.ts:1706:33)
      at LSTM.Object.<anonymous>.RNN.build (tfjs-layers/src/layers/recurrent.ts:516:17)
      at tfjs-layers/src/engine/topology.ts:981:14
      at nameScope (tfjs-layers/src/common.ts:48:20)
      at LSTM.Object.<anonymous>.Layer.apply (tfjs-layers/src/engine/topology.ts:967:12)
      at LSTM.Object.<anonymous>.RNN.apply (tfjs-layers/src/layers/recurrent.ts:697:25)
      at Sequential.Object.<anonymous>.Sequential.add (tfjs-layers/src/models.ts:538:34)
      at LSTMPredictor.initializeModel (shared/ml/src/predictor.ts:243:13)
      at LSTMPredictor.waitForReady (shared/ml/src/predictor.ts:201:5)
      at Object.<anonymous> (shared/ml/__tests__/unit/predictor.test.ts:301:7)

    console.warn
      Orthogonal initializer is being called on a matrix with more than 2000 (65536) elements: Slowness may result.

      at tfjs-layers/src/initializers.ts:558:17
      at tfjs-core/src/engine.ts:469:20
      at Engine.Object.<anonymous>.Engine.scopedRun (tfjs-core/src/engine.ts:480:19)
      at Engine.Object.<anonymous>.Engine.tidy (tfjs-core/src/engine.ts:467:17)
      at Object.tidy (tfjs-core/src/globals.ts:192:17)
      at Orthogonal.tidy [as apply] (tfjs-layers/src/initializers.ts:543:12)
      at LSTMCell.Object.<anonymous>.Layer.addWeight (tfjs-layers/src/engine/topology.ts:1288:35)
      at LSTMCell.Object.<anonymous>.LSTMCell.build (tfjs-layers/src/layers/recurrent.ts:1706:33)
      at LSTM.Object.<anonymous>.RNN.build (tfjs-layers/src/layers/recurrent.ts:516:17)
      at tfjs-layers/src/engine/topology.ts:981:14
      at nameScope (tfjs-layers/src/common.ts:48:20)
      at LSTM.Object.<anonymous>.Layer.apply (tfjs-layers/src/engine/topology.ts:967:12)
      at LSTM.Object.<anonymous>.RNN.apply (tfjs-layers/src/layers/recurrent.ts:697:25)
      at Sequential.Object.<anonymous>.Sequential.add (tfjs-layers/src/models.ts:491:15)
      at LSTMPredictor.initializeModel (shared/ml/src/predictor.ts:234:13)
      at LSTMPredictor.waitForReady (shared/ml/src/predictor.ts:201:5)
      at Object.<anonymous> (shared/ml/__tests__/unit/predictor.test.ts:319:7)

    console.warn
      Orthogonal initializer is being called on a matrix with more than 2000 (16384) elements: Slowness may result.

      at tfjs-layers/src/initializers.ts:558:17
      at tfjs-core/src/engine.ts:469:20
      at Engine.Object.<anonymous>.Engine.scopedRun (tfjs-core/src/engine.ts:480:19)
      at Engine.Object.<anonymous>.Engine.tidy (tfjs-core/src/engine.ts:467:17)
      at Object.tidy (tfjs-core/src/globals.ts:192:17)
      at Orthogonal.tidy [as apply] (tfjs-layers/src/initializers.ts:543:12)
      at LSTMCell.Object.<anonymous>.Layer.addWeight (tfjs-layers/src/engine/topology.ts:1288:35)
      at LSTMCell.Object.<anonymous>.LSTMCell.build (tfjs-layers/src/layers/recurrent.ts:1706:33)
      at LSTM.Object.<anonymous>.RNN.build (tfjs-layers/src/layers/recurrent.ts:516:17)
      at tfjs-layers/src/engine/topology.ts:981:14
      at nameScope (tfjs-layers/src/common.ts:48:20)
      at LSTM.Object.<anonymous>.Layer.apply (tfjs-layers/src/engine/topology.ts:967:12)
      at LSTM.Object.<anonymous>.RNN.apply (tfjs-layers/src/layers/recurrent.ts:697:25)
      at Sequential.Object.<anonymous>.Sequential.add (tfjs-layers/src/models.ts:538:34)
      at LSTMPredictor.initializeModel (shared/ml/src/predictor.ts:243:13)
      at LSTMPredictor.waitForReady (shared/ml/src/predictor.ts:201:5)
      at Object.<anonymous> (shared/ml/__tests__/unit/predictor.test.ts:319:7)

    console.warn
      Orthogonal initializer is being called on a matrix with more than 2000 (65536) elements: Slowness may result.

      at tfjs-layers/src/initializers.ts:558:17
      at tfjs-core/src/engine.ts:469:20
      at Engine.Object.<anonymous>.Engine.scopedRun (tfjs-core/src/engine.ts:480:19)
      at Engine.Object.<anonymous>.Engine.tidy (tfjs-core/src/engine.ts:467:17)
      at Object.tidy (tfjs-core/src/globals.ts:192:17)
      at Orthogonal.tidy [as apply] (tfjs-layers/src/initializers.ts:543:12)
      at LSTMCell.Object.<anonymous>.Layer.addWeight (tfjs-layers/src/engine/topology.ts:1288:35)
      at LSTMCell.Object.<anonymous>.LSTMCell.build (tfjs-layers/src/layers/recurrent.ts:1706:33)
      at LSTM.Object.<anonymous>.RNN.build (tfjs-layers/src/layers/recurrent.ts:516:17)
      at tfjs-layers/src/engine/topology.ts:981:14
      at nameScope (tfjs-layers/src/common.ts:48:20)
      at LSTM.Object.<anonymous>.Layer.apply (tfjs-layers/src/engine/topology.ts:967:12)
      at LSTM.Object.<anonymous>.RNN.apply (tfjs-layers/src/layers/recurrent.ts:697:25)
      at Sequential.Object.<anonymous>.Sequential.add (tfjs-layers/src/models.ts:491:15)
      at LSTMPredictor.initializeModel (shared/ml/src/predictor.ts:234:13)

    console.warn
      Orthogonal initializer is being called on a matrix with more than 2000 (16384) elements: Slowness may result.

      at tfjs-layers/src/initializers.ts:558:17
      at tfjs-core/src/engine.ts:469:20
      at Engine.Object.<anonymous>.Engine.scopedRun (tfjs-core/src/engine.ts:480:19)
      at Engine.Object.<anonymous>.Engine.tidy (tfjs-core/src/engine.ts:467:17)
      at Object.tidy (tfjs-core/src/globals.ts:192:17)
      at Orthogonal.tidy [as apply] (tfjs-layers/src/initializers.ts:543:12)
      at LSTMCell.Object.<anonymous>.Layer.addWeight (tfjs-layers/src/engine/topology.ts:1288:35)
      at LSTMCell.Object.<anonymous>.LSTMCell.build (tfjs-layers/src/layers/recurrent.ts:1706:33)
      at LSTM.Object.<anonymous>.RNN.build (tfjs-layers/src/layers/recurrent.ts:516:17)
      at tfjs-layers/src/engine/topology.ts:981:14
      at nameScope (tfjs-layers/src/common.ts:48:20)
      at LSTM.Object.<anonymous>.Layer.apply (tfjs-layers/src/engine/topology.ts:967:12)
      at LSTM.Object.<anonymous>.RNN.apply (tfjs-layers/src/layers/recurrent.ts:697:25)
      at Sequential.Object.<anonymous>.Sequential.add (tfjs-layers/src/models.ts:538:34)
      at LSTMPredictor.initializeModel (shared/ml/src/predictor.ts:243:13)

    console.warn
      Orthogonal initializer is being called on a matrix with more than 2000 (65536) elements: Slowness may result.

      at tfjs-layers/src/initializers.ts:558:17
      at tfjs-core/src/engine.ts:469:20
      at Engine.Object.<anonymous>.Engine.scopedRun (tfjs-core/src/engine.ts:480:19)
      at Engine.Object.<anonymous>.Engine.tidy (tfjs-core/src/engine.ts:467:17)
      at Object.tidy (tfjs-core/src/globals.ts:192:17)
      at Orthogonal.tidy [as apply] (tfjs-layers/src/initializers.ts:543:12)
      at LSTMCell.Object.<anonymous>.Layer.addWeight (tfjs-layers/src/engine/topology.ts:1288:35)
      at LSTMCell.Object.<anonymous>.LSTMCell.build (tfjs-layers/src/layers/recurrent.ts:1706:33)
      at LSTM.Object.<anonymous>.RNN.build (tfjs-layers/src/layers/recurrent.ts:516:17)
      at tfjs-layers/src/engine/topology.ts:981:14
      at nameScope (tfjs-layers/src/common.ts:48:20)
      at LSTM.Object.<anonymous>.Layer.apply (tfjs-layers/src/engine/topology.ts:967:12)
      at LSTM.Object.<anonymous>.RNN.apply (tfjs-layers/src/layers/recurrent.ts:697:25)
      at Sequential.Object.<anonymous>.Sequential.add (tfjs-layers/src/models.ts:491:15)
      at LSTMPredictor.initializeModel (shared/ml/src/predictor.ts:234:13)
      at LSTMPredictor.waitForReady (shared/ml/src/predictor.ts:201:5)
      at Object.<anonymous> (shared/ml/__tests__/unit/predictor.test.ts:533:7)

    console.warn
      Orthogonal initializer is being called on a matrix with more than 2000 (16384) elements: Slowness may result.

      at tfjs-layers/src/initializers.ts:558:17
      at tfjs-core/src/engine.ts:469:20
      at Engine.Object.<anonymous>.Engine.scopedRun (tfjs-core/src/engine.ts:480:19)
      at Engine.Object.<anonymous>.Engine.tidy (tfjs-core/src/engine.ts:467:17)
      at Object.tidy (tfjs-core/src/globals.ts:192:17)
      at Orthogonal.tidy [as apply] (tfjs-layers/src/initializers.ts:543:12)
      at LSTMCell.Object.<anonymous>.Layer.addWeight (tfjs-layers/src/engine/topology.ts:1288:35)
      at LSTMCell.Object.<anonymous>.LSTMCell.build (tfjs-layers/src/layers/recurrent.ts:1706:33)
      at LSTM.Object.<anonymous>.RNN.build (tfjs-layers/src/layers/recurrent.ts:516:17)
      at tfjs-layers/src/engine/topology.ts:981:14
      at nameScope (tfjs-layers/src/common.ts:48:20)
      at LSTM.Object.<anonymous>.Layer.apply (tfjs-layers/src/engine/topology.ts:967:12)
      at LSTM.Object.<anonymous>.RNN.apply (tfjs-layers/src/layers/recurrent.ts:697:25)
      at Sequential.Object.<anonymous>.Sequential.add (tfjs-layers/src/models.ts:538:34)
      at LSTMPredictor.initializeModel (shared/ml/src/predictor.ts:243:13)
      at LSTMPredictor.waitForReady (shared/ml/src/predictor.ts:201:5)
      at Object.<anonymous> (shared/ml/__tests__/unit/predictor.test.ts:533:7)

    console.warn
      Orthogonal initializer is being called on a matrix with more than 2000 (65536) elements: Slowness may result.

      at tfjs-layers/src/initializers.ts:558:17
      at tfjs-core/src/engine.ts:469:20
      at Engine.Object.<anonymous>.Engine.scopedRun (tfjs-core/src/engine.ts:480:19)
      at Engine.Object.<anonymous>.Engine.tidy (tfjs-core/src/engine.ts:467:17)
      at Object.tidy (tfjs-core/src/globals.ts:192:17)
      at Orthogonal.tidy [as apply] (tfjs-layers/src/initializers.ts:543:12)
      at LSTMCell.Object.<anonymous>.Layer.addWeight (tfjs-layers/src/engine/topology.ts:1288:35)
      at LSTMCell.Object.<anonymous>.LSTMCell.build (tfjs-layers/src/layers/recurrent.ts:1706:33)
      at LSTM.Object.<anonymous>.RNN.build (tfjs-layers/src/layers/recurrent.ts:516:17)
      at tfjs-layers/src/engine/topology.ts:981:14
      at nameScope (tfjs-layers/src/common.ts:48:20)
      at LSTM.Object.<anonymous>.Layer.apply (tfjs-layers/src/engine/topology.ts:967:12)
      at LSTM.Object.<anonymous>.RNN.apply (tfjs-layers/src/layers/recurrent.ts:697:25)
      at Sequential.Object.<anonymous>.Sequential.add (tfjs-layers/src/models.ts:491:15)
      at LSTMPredictor.initializeModel (shared/ml/src/predictor.ts:234:13)

    console.warn
      Orthogonal initializer is being called on a matrix with more than 2000 (16384) elements: Slowness may result.

      at tfjs-layers/src/initializers.ts:558:17
      at tfjs-core/src/engine.ts:469:20
      at Engine.Object.<anonymous>.Engine.scopedRun (tfjs-core/src/engine.ts:480:19)
      at Engine.Object.<anonymous>.Engine.tidy (tfjs-core/src/engine.ts:467:17)
      at Object.tidy (tfjs-core/src/globals.ts:192:17)
      at Orthogonal.tidy [as apply] (tfjs-layers/src/initializers.ts:543:12)
      at LSTMCell.Object.<anonymous>.Layer.addWeight (tfjs-layers/src/engine/topology.ts:1288:35)
      at LSTMCell.Object.<anonymous>.LSTMCell.build (tfjs-layers/src/layers/recurrent.ts:1706:33)
      at LSTM.Object.<anonymous>.RNN.build (tfjs-layers/src/layers/recurrent.ts:516:17)
      at tfjs-layers/src/engine/topology.ts:981:14
      at nameScope (tfjs-layers/src/common.ts:48:20)
      at LSTM.Object.<anonymous>.Layer.apply (tfjs-layers/src/engine/topology.ts:967:12)
      at LSTM.Object.<anonymous>.RNN.apply (tfjs-layers/src/layers/recurrent.ts:697:25)
      at Sequential.Object.<anonymous>.Sequential.add (tfjs-layers/src/models.ts:538:34)
      at LSTMPredictor.initializeModel (shared/ml/src/predictor.ts:243:13)

    console.warn
      Orthogonal initializer is being called on a matrix with more than 2000 (65536) elements: Slowness may result.

      at tfjs-layers/src/initializers.ts:558:17
      at tfjs-core/src/engine.ts:469:20
      at Engine.Object.<anonymous>.Engine.scopedRun (tfjs-core/src/engine.ts:480:19)
      at Engine.Object.<anonymous>.Engine.tidy (tfjs-core/src/engine.ts:467:17)
      at Object.tidy (tfjs-core/src/globals.ts:192:17)
      at Orthogonal.tidy [as apply] (tfjs-layers/src/initializers.ts:543:12)
      at LSTMCell.Object.<anonymous>.Layer.addWeight (tfjs-layers/src/engine/topology.ts:1288:35)
      at LSTMCell.Object.<anonymous>.LSTMCell.build (tfjs-layers/src/layers/recurrent.ts:1706:33)
      at LSTM.Object.<anonymous>.RNN.build (tfjs-layers/src/layers/recurrent.ts:516:17)
      at tfjs-layers/src/engine/topology.ts:981:14
      at nameScope (tfjs-layers/src/common.ts:48:20)
      at LSTM.Object.<anonymous>.Layer.apply (tfjs-layers/src/engine/topology.ts:967:12)
      at LSTM.Object.<anonymous>.RNN.apply (tfjs-layers/src/layers/recurrent.ts:697:25)
      at Sequential.Object.<anonymous>.Sequential.add (tfjs-layers/src/models.ts:491:15)
      at LSTMPredictor.initializeModel (shared/ml/src/predictor.ts:234:13)
      at LSTMPredictor.waitForReady (shared/ml/src/predictor.ts:201:5)
      at Object.<anonymous> (shared/ml/__tests__/unit/predictor.test.ts:565:7)

    console.warn
      Orthogonal initializer is being called on a matrix with more than 2000 (16384) elements: Slowness may result.

      at tfjs-layers/src/initializers.ts:558:17
      at tfjs-core/src/engine.ts:469:20
      at Engine.Object.<anonymous>.Engine.scopedRun (tfjs-core/src/engine.ts:480:19)
      at Engine.Object.<anonymous>.Engine.tidy (tfjs-core/src/engine.ts:467:17)
      at Object.tidy (tfjs-core/src/globals.ts:192:17)
      at Orthogonal.tidy [as apply] (tfjs-layers/src/initializers.ts:543:12)
      at LSTMCell.Object.<anonymous>.Layer.addWeight (tfjs-layers/src/engine/topology.ts:1288:35)
      at LSTMCell.Object.<anonymous>.LSTMCell.build (tfjs-layers/src/layers/recurrent.ts:1706:33)
      at LSTM.Object.<anonymous>.RNN.build (tfjs-layers/src/layers/recurrent.ts:516:17)
      at tfjs-layers/src/engine/topology.ts:981:14
      at nameScope (tfjs-layers/src/common.ts:48:20)
      at LSTM.Object.<anonymous>.Layer.apply (tfjs-layers/src/engine/topology.ts:967:12)
      at LSTM.Object.<anonymous>.RNN.apply (tfjs-layers/src/layers/recurrent.ts:697:25)
      at Sequential.Object.<anonymous>.Sequential.add (tfjs-layers/src/models.ts:538:34)
      at LSTMPredictor.initializeModel (shared/ml/src/predictor.ts:243:13)
      at LSTMPredictor.waitForReady (shared/ml/src/predictor.ts:201:5)
      at Object.<anonymous> (shared/ml/__tests__/unit/predictor.test.ts:565:7)

    console.warn
      Orthogonal initializer is being called on a matrix with more than 2000 (65536) elements: Slowness may result.

      at tfjs-layers/src/initializers.ts:558:17
      at tfjs-core/src/engine.ts:469:20
      at Engine.Object.<anonymous>.Engine.scopedRun (tfjs-core/src/engine.ts:480:19)
      at Engine.Object.<anonymous>.Engine.tidy (tfjs-core/src/engine.ts:467:17)
      at Object.tidy (tfjs-core/src/globals.ts:192:17)
      at Orthogonal.tidy [as apply] (tfjs-layers/src/initializers.ts:543:12)
      at LSTMCell.Object.<anonymous>.Layer.addWeight (tfjs-layers/src/engine/topology.ts:1288:35)
      at LSTMCell.Object.<anonymous>.LSTMCell.build (tfjs-layers/src/layers/recurrent.ts:1706:33)
      at LSTM.Object.<anonymous>.RNN.build (tfjs-layers/src/layers/recurrent.ts:516:17)
      at tfjs-layers/src/engine/topology.ts:981:14
      at nameScope (tfjs-layers/src/common.ts:48:20)
      at LSTM.Object.<anonymous>.Layer.apply (tfjs-layers/src/engine/topology.ts:967:12)
      at LSTM.Object.<anonymous>.RNN.apply (tfjs-layers/src/layers/recurrent.ts:697:25)
      at Sequential.Object.<anonymous>.Sequential.add (tfjs-layers/src/models.ts:491:15)
      at LSTMPredictor.initializeModel (shared/ml/src/predictor.ts:234:13)

    console.warn
      Orthogonal initializer is being called on a matrix with more than 2000 (16384) elements: Slowness may result.

      at tfjs-layers/src/initializers.ts:558:17
      at tfjs-core/src/engine.ts:469:20
      at Engine.Object.<anonymous>.Engine.scopedRun (tfjs-core/src/engine.ts:480:19)
      at Engine.Object.<anonymous>.Engine.tidy (tfjs-core/src/engine.ts:467:17)
      at Object.tidy (tfjs-core/src/globals.ts:192:17)
      at Orthogonal.tidy [as apply] (tfjs-layers/src/initializers.ts:543:12)
      at LSTMCell.Object.<anonymous>.Layer.addWeight (tfjs-layers/src/engine/topology.ts:1288:35)
      at LSTMCell.Object.<anonymous>.LSTMCell.build (tfjs-layers/src/layers/recurrent.ts:1706:33)
      at LSTM.Object.<anonymous>.RNN.build (tfjs-layers/src/layers/recurrent.ts:516:17)
      at tfjs-layers/src/engine/topology.ts:981:14
      at nameScope (tfjs-layers/src/common.ts:48:20)
      at LSTM.Object.<anonymous>.Layer.apply (tfjs-layers/src/engine/topology.ts:967:12)
      at LSTM.Object.<anonymous>.RNN.apply (tfjs-layers/src/layers/recurrent.ts:697:25)
      at Sequential.Object.<anonymous>.Sequential.add (tfjs-layers/src/models.ts:538:34)
      at LSTMPredictor.initializeModel (shared/ml/src/predictor.ts:243:13)

    console.warn
      Orthogonal initializer is being called on a matrix with more than 2000 (65536) elements: Slowness may result.

      at tfjs-layers/src/initializers.ts:558:17
      at tfjs-core/src/engine.ts:469:20
      at Engine.Object.<anonymous>.Engine.scopedRun (tfjs-core/src/engine.ts:480:19)
      at Engine.Object.<anonymous>.Engine.tidy (tfjs-core/src/engine.ts:467:17)
      at Object.tidy (tfjs-core/src/globals.ts:192:17)
      at Orthogonal.tidy [as apply] (tfjs-layers/src/initializers.ts:543:12)
      at LSTMCell.Object.<anonymous>.Layer.addWeight (tfjs-layers/src/engine/topology.ts:1288:35)
      at LSTMCell.Object.<anonymous>.LSTMCell.build (tfjs-layers/src/layers/recurrent.ts:1706:33)
      at LSTM.Object.<anonymous>.RNN.build (tfjs-layers/src/layers/recurrent.ts:516:17)
      at tfjs-layers/src/engine/topology.ts:981:14
      at nameScope (tfjs-layers/src/common.ts:48:20)
      at LSTM.Object.<anonymous>.Layer.apply (tfjs-layers/src/engine/topology.ts:967:12)
      at LSTM.Object.<anonymous>.RNN.apply (tfjs-layers/src/layers/recurrent.ts:697:25)
      at Sequential.Object.<anonymous>.Sequential.add (tfjs-layers/src/models.ts:491:15)
      at LSTMPredictor.initializeModel (shared/ml/src/predictor.ts:234:13)
      at LSTMPredictor.waitForReady (shared/ml/src/predictor.ts:201:5)
      at Object.<anonymous> (shared/ml/__tests__/unit/predictor.test.ts:591:7)

    console.warn
      Orthogonal initializer is being called on a matrix with more than 2000 (16384) elements: Slowness may result.

      at tfjs-layers/src/initializers.ts:558:17
      at tfjs-core/src/engine.ts:469:20
      at Engine.Object.<anonymous>.Engine.scopedRun (tfjs-core/src/engine.ts:480:19)
      at Engine.Object.<anonymous>.Engine.tidy (tfjs-core/src/engine.ts:467:17)
      at Object.tidy (tfjs-core/src/globals.ts:192:17)
      at Orthogonal.tidy [as apply] (tfjs-layers/src/initializers.ts:543:12)
      at LSTMCell.Object.<anonymous>.Layer.addWeight (tfjs-layers/src/engine/topology.ts:1288:35)
      at LSTMCell.Object.<anonymous>.LSTMCell.build (tfjs-layers/src/layers/recurrent.ts:1706:33)
      at LSTM.Object.<anonymous>.RNN.build (tfjs-layers/src/layers/recurrent.ts:516:17)
      at tfjs-layers/src/engine/topology.ts:981:14
      at nameScope (tfjs-layers/src/common.ts:48:20)
      at LSTM.Object.<anonymous>.Layer.apply (tfjs-layers/src/engine/topology.ts:967:12)
      at LSTM.Object.<anonymous>.RNN.apply (tfjs-layers/src/layers/recurrent.ts:697:25)
      at Sequential.Object.<anonymous>.Sequential.add (tfjs-layers/src/models.ts:538:34)
      at LSTMPredictor.initializeModel (shared/ml/src/predictor.ts:243:13)
      at LSTMPredictor.waitForReady (shared/ml/src/predictor.ts:201:5)
      at Object.<anonymous> (shared/ml/__tests__/unit/predictor.test.ts:591:7)

    console.warn
      Orthogonal initializer is being called on a matrix with more than 2000 (65536) elements: Slowness may result.

      at tfjs-layers/src/initializers.ts:558:17
      at tfjs-core/src/engine.ts:469:20
      at Engine.Object.<anonymous>.Engine.scopedRun (tfjs-core/src/engine.ts:480:19)
      at Engine.Object.<anonymous>.Engine.tidy (tfjs-core/src/engine.ts:467:17)
      at Object.tidy (tfjs-core/src/globals.ts:192:17)
      at Orthogonal.tidy [as apply] (tfjs-layers/src/initializers.ts:543:12)
      at LSTMCell.Object.<anonymous>.Layer.addWeight (tfjs-layers/src/engine/topology.ts:1288:35)
      at LSTMCell.Object.<anonymous>.LSTMCell.build (tfjs-layers/src/layers/recurrent.ts:1706:33)
      at LSTM.Object.<anonymous>.RNN.build (tfjs-layers/src/layers/recurrent.ts:516:17)
      at tfjs-layers/src/engine/topology.ts:981:14
      at nameScope (tfjs-layers/src/common.ts:48:20)
      at LSTM.Object.<anonymous>.Layer.apply (tfjs-layers/src/engine/topology.ts:967:12)
      at LSTM.Object.<anonymous>.RNN.apply (tfjs-layers/src/layers/recurrent.ts:697:25)
      at Sequential.Object.<anonymous>.Sequential.add (tfjs-layers/src/models.ts:491:15)
      at LSTMPredictor.initializeModel (shared/ml/src/predictor.ts:234:13)
      at LSTMPredictor.waitForReady (shared/ml/src/predictor.ts:201:5)
      at Object.<anonymous> (shared/ml/__tests__/unit/predictor.test.ts:623:7)

    console.warn
      Orthogonal initializer is being called on a matrix with more than 2000 (16384) elements: Slowness may result.

      at tfjs-layers/src/initializers.ts:558:17
      at tfjs-core/src/engine.ts:469:20
      at Engine.Object.<anonymous>.Engine.scopedRun (tfjs-core/src/engine.ts:480:19)
      at Engine.Object.<anonymous>.Engine.tidy (tfjs-core/src/engine.ts:467:17)
      at Object.tidy (tfjs-core/src/globals.ts:192:17)
      at Orthogonal.tidy [as apply] (tfjs-layers/src/initializers.ts:543:12)
      at LSTMCell.Object.<anonymous>.Layer.addWeight (tfjs-layers/src/engine/topology.ts:1288:35)
      at LSTMCell.Object.<anonymous>.LSTMCell.build (tfjs-layers/src/layers/recurrent.ts:1706:33)
      at LSTM.Object.<anonymous>.RNN.build (tfjs-layers/src/layers/recurrent.ts:516:17)
      at tfjs-layers/src/engine/topology.ts:981:14
      at nameScope (tfjs-layers/src/common.ts:48:20)
      at LSTM.Object.<anonymous>.Layer.apply (tfjs-layers/src/engine/topology.ts:967:12)
      at LSTM.Object.<anonymous>.RNN.apply (tfjs-layers/src/layers/recurrent.ts:697:25)
      at Sequential.Object.<anonymous>.Sequential.add (tfjs-layers/src/models.ts:538:34)
      at LSTMPredictor.initializeModel (shared/ml/src/predictor.ts:243:13)
      at LSTMPredictor.waitForReady (shared/ml/src/predictor.ts:201:5)
      at Object.<anonymous> (shared/ml/__tests__/unit/predictor.test.ts:623:7)

    console.warn
      Orthogonal initializer is being called on a matrix with more than 2000 (65536) elements: Slowness may result.

      at tfjs-layers/src/initializers.ts:558:17
      at tfjs-core/src/engine.ts:469:20
      at Engine.Object.<anonymous>.Engine.scopedRun (tfjs-core/src/engine.ts:480:19)
      at Engine.Object.<anonymous>.Engine.tidy (tfjs-core/src/engine.ts:467:17)
      at Object.tidy (tfjs-core/src/globals.ts:192:17)
      at Orthogonal.tidy [as apply] (tfjs-layers/src/initializers.ts:543:12)
      at LSTMCell.Object.<anonymous>.Layer.addWeight (tfjs-layers/src/engine/topology.ts:1288:35)
      at LSTMCell.Object.<anonymous>.LSTMCell.build (tfjs-layers/src/layers/recurrent.ts:1706:33)
      at LSTM.Object.<anonymous>.RNN.build (tfjs-layers/src/layers/recurrent.ts:516:17)
      at tfjs-layers/src/engine/topology.ts:981:14
      at nameScope (tfjs-layers/src/common.ts:48:20)
      at LSTM.Object.<anonymous>.Layer.apply (tfjs-layers/src/engine/topology.ts:967:12)
      at LSTM.Object.<anonymous>.RNN.apply (tfjs-layers/src/layers/recurrent.ts:697:25)
      at Sequential.Object.<anonymous>.Sequential.add (tfjs-layers/src/models.ts:491:15)
      at LSTMPredictor.initializeModel (shared/ml/src/predictor.ts:234:13)
      at LSTMPredictor.waitForReady (shared/ml/src/predictor.ts:201:5)
      at Object.<anonymous> (shared/ml/__tests__/unit/predictor.test.ts:655:7)

    console.warn
      Orthogonal initializer is being called on a matrix with more than 2000 (16384) elements: Slowness may result.

      at tfjs-layers/src/initializers.ts:558:17
      at tfjs-core/src/engine.ts:469:20
      at Engine.Object.<anonymous>.Engine.scopedRun (tfjs-core/src/engine.ts:480:19)
      at Engine.Object.<anonymous>.Engine.tidy (tfjs-core/src/engine.ts:467:17)
      at Object.tidy (tfjs-core/src/globals.ts:192:17)
      at Orthogonal.tidy [as apply] (tfjs-layers/src/initializers.ts:543:12)
      at LSTMCell.Object.<anonymous>.Layer.addWeight (tfjs-layers/src/engine/topology.ts:1288:35)
      at LSTMCell.Object.<anonymous>.LSTMCell.build (tfjs-layers/src/layers/recurrent.ts:1706:33)
      at LSTM.Object.<anonymous>.RNN.build (tfjs-layers/src/layers/recurrent.ts:516:17)
      at tfjs-layers/src/engine/topology.ts:981:14
      at nameScope (tfjs-layers/src/common.ts:48:20)
      at LSTM.Object.<anonymous>.Layer.apply (tfjs-layers/src/engine/topology.ts:967:12)
      at LSTM.Object.<anonymous>.RNN.apply (tfjs-layers/src/layers/recurrent.ts:697:25)
      at Sequential.Object.<anonymous>.Sequential.add (tfjs-layers/src/models.ts:538:34)
      at LSTMPredictor.initializeModel (shared/ml/src/predictor.ts:243:13)
      at LSTMPredictor.waitForReady (shared/ml/src/predictor.ts:201:5)
      at Object.<anonymous> (shared/ml/__tests__/unit/predictor.test.ts:655:7)

    console.warn
      Orthogonal initializer is being called on a matrix with more than 2000 (65536) elements: Slowness may result.

      at tfjs-layers/src/initializers.ts:558:17
      at tfjs-core/src/engine.ts:469:20
      at Engine.Object.<anonymous>.Engine.scopedRun (tfjs-core/src/engine.ts:480:19)
      at Engine.Object.<anonymous>.Engine.tidy (tfjs-core/src/engine.ts:467:17)
      at Object.tidy (tfjs-core/src/globals.ts:192:17)
      at Orthogonal.tidy [as apply] (tfjs-layers/src/initializers.ts:543:12)
      at LSTMCell.Object.<anonymous>.Layer.addWeight (tfjs-layers/src/engine/topology.ts:1288:35)
      at LSTMCell.Object.<anonymous>.LSTMCell.build (tfjs-layers/src/layers/recurrent.ts:1706:33)
      at LSTM.Object.<anonymous>.RNN.build (tfjs-layers/src/layers/recurrent.ts:516:17)
      at tfjs-layers/src/engine/topology.ts:981:14
      at nameScope (tfjs-layers/src/common.ts:48:20)
      at LSTM.Object.<anonymous>.Layer.apply (tfjs-layers/src/engine/topology.ts:967:12)
      at LSTM.Object.<anonymous>.RNN.apply (tfjs-layers/src/layers/recurrent.ts:697:25)
      at Sequential.Object.<anonymous>.Sequential.add (tfjs-layers/src/models.ts:491:15)
      at LSTMPredictor.initializeModel (shared/ml/src/predictor.ts:234:13)
      at LSTMPredictor.waitForReady (shared/ml/src/predictor.ts:201:5)
      at Object.<anonymous> (shared/ml/__tests__/unit/predictor.test.ts:686:7)

    console.warn
      Orthogonal initializer is being called on a matrix with more than 2000 (16384) elements: Slowness may result.

      at tfjs-layers/src/initializers.ts:558:17
      at tfjs-core/src/engine.ts:469:20
      at Engine.Object.<anonymous>.Engine.scopedRun (tfjs-core/src/engine.ts:480:19)
      at Engine.Object.<anonymous>.Engine.tidy (tfjs-core/src/engine.ts:467:17)
      at Object.tidy (tfjs-core/src/globals.ts:192:17)
      at Orthogonal.tidy [as apply] (tfjs-layers/src/initializers.ts:543:12)
      at LSTMCell.Object.<anonymous>.Layer.addWeight (tfjs-layers/src/engine/topology.ts:1288:35)
      at LSTMCell.Object.<anonymous>.LSTMCell.build (tfjs-layers/src/layers/recurrent.ts:1706:33)
      at LSTM.Object.<anonymous>.RNN.build (tfjs-layers/src/layers/recurrent.ts:516:17)
      at tfjs-layers/src/engine/topology.ts:981:14
      at nameScope (tfjs-layers/src/common.ts:48:20)
      at LSTM.Object.<anonymous>.Layer.apply (tfjs-layers/src/engine/topology.ts:967:12)
      at LSTM.Object.<anonymous>.RNN.apply (tfjs-layers/src/layers/recurrent.ts:697:25)
      at Sequential.Object.<anonymous>.Sequential.add (tfjs-layers/src/models.ts:538:34)
      at LSTMPredictor.initializeModel (shared/ml/src/predictor.ts:243:13)
      at LSTMPredictor.waitForReady (shared/ml/src/predictor.ts:201:5)
      at Object.<anonymous> (shared/ml/__tests__/unit/predictor.test.ts:686:7)

A worker process has failed to exit gracefully and has been force exited. This is likely caused by tests leaking due to improper teardown. Try running with --detectOpenHandles to find leaks. Active timers can also cause this, ensure that .unref() was called on them.

⚠️  Slow Tests Detected:

━━━━━━━━━━━━━━━━━━━━━━━━━━━━━━━━━━━━━━━━━━━━━━━━━━━━━━━━━━━━━━━━━━━━━━━━━━━━━━━━
1. [unknown] 304543ms (5991% over 5000ms threshold)
   LSTMPredictor initialization should initialize model asynchronously
   C:\Users\kj2bn8f\arbitrage_new\shared\ml\__tests__\unit\predictor.test.ts

2. [unknown] 253245ms (4965% over 5000ms threshold)
   Singleton Factory Functions resetAllMLSingletons should reset all singletons
   C:\Users\kj2bn8f\arbitrage_new\shared\ml\__tests__\unit\predictor.test.ts

3. [unknown] 223528ms (4371% over 5000ms threshold)
   LSTMPredictor trainModel should throw error with invalid input size
   C:\Users\kj2bn8f\arbitrage_new\shared\ml\__tests__\unit\predictor.test.ts

4. [unknown] 219097ms (4282% over 5000ms threshold)
   LSTMPredictor trainModel should train model with valid data
   C:\Users\kj2bn8f\arbitrage_new\shared\ml\__tests__\unit\predictor.test.ts

5. [unknown] 208013ms (4060% over 5000ms threshold)
   Singleton Factory Functions getLSTMPredictor should create new instance after reset
   C:\Users\kj2bn8f\arbitrage_new\shared\ml\__tests__\unit\predictor.test.ts

6. [unknown] 187089ms (3642% over 5000ms threshold)
   LSTMPredictor updateModel should accumulate prediction history
   C:\Users\kj2bn8f\arbitrage_new\shared\ml\__tests__\unit\predictor.test.ts

7. [unknown] 167800ms (3256% over 5000ms threshold)
   LSTMPredictor initialization should accept custom configuration
   C:\Users\kj2bn8f\arbitrage_new\shared\ml\__tests__\unit\predictor.test.ts

8. [unknown] 163199ms (3164% over 5000ms threshold)
   LSTMPredictor getModelStats should return correct initial stats
   C:\Users\kj2bn8f\arbitrage_new\shared\ml\__tests__\unit\predictor.test.ts

9. [unknown] 146903ms (2838% over 5000ms threshold)
   LSTMPredictor updateModel should calculate recent accuracy
   C:\Users\kj2bn8f\arbitrage_new\shared\ml\__tests__\unit\predictor.test.ts

10. [unknown] 139498ms (2690% over 5000ms threshold)
   LSTMPredictor initialization should be ready before prediction can succeed
   C:\Users\kj2bn8f\arbitrage_new\shared\ml\__tests__\unit\predictor.test.ts

11. [unknown] 137539ms (2651% over 5000ms threshold)
   LSTMPredictor updateModel should not trigger retraining when accuracy is good
   C:\Users\kj2bn8f\arbitrage_new\shared\ml\__tests__\unit\predictor.test.ts

12. [unknown] 135218ms (2604% over 5000ms threshold)
   Edge Cases and Error Handling division by zero protection (Bug 4.3 fix) should handle zero volumes without NaN
   C:\Users\kj2bn8f\arbitrage_new\shared\ml\__tests__\unit\predictor.test.ts

13. [unknown] 133595ms (2572% over 5000ms threshold)
   Edge Cases and Error Handling negative price handling should handle negative prices gracefully
   C:\Users\kj2bn8f\arbitrage_new\shared\ml\__tests__\unit\predictor.test.ts

14. [unknown] 127110ms (2442% over 5000ms threshold)
   Edge Cases and Error Handling concurrent access should handle multiple concurrent predictions
   C:\Users\kj2bn8f\arbitrage_new\shared\ml\__tests__\unit\predictor.test.ts

15. [unknown] 120124ms (2302% over 5000ms threshold)
   LSTMPredictor dispose should clean up resources
   C:\Users\kj2bn8f\arbitrage_new\shared\ml\__tests__\unit\predictor.test.ts

16. [unknown] 118040ms (2261% over 5000ms threshold)
   Edge Cases and Error Handling very large values should handle very large price values
   C:\Users\kj2bn8f\arbitrage_new\shared\ml\__tests__\unit\predictor.test.ts

17. [unknown] 108373ms (2067% over 5000ms threshold)
   Singleton Factory Functions getLSTMPredictor should return same instance on multiple calls
   C:\Users\kj2bn8f\arbitrage_new\shared\ml\__tests__\unit\predictor.test.ts

18. [unknown] 46186ms (824% over 5000ms threshold)
   OrderflowPredictor Prediction - Trained Model should return ML prediction when trained
   C:\Users\kj2bn8f\arbitrage_new\shared\ml\__tests__\unit\orderflow-predictor.test.ts

19. [unknown] 18685ms (274% over 5000ms threshold)
   OrderflowPredictor Prediction - Trained Model should return bounded whale impact (0 to 1)
   C:\Users\kj2bn8f\arbitrage_new\shared\ml\__tests__\unit\orderflow-predictor.test.ts

20. [unknown] 18516ms (270% over 5000ms threshold)
   OrderflowPredictor Online Learning should retrain when history reaches minimum samples
   C:\Users\kj2bn8f\arbitrage_new\shared\ml\__tests__\unit\orderflow-predictor.test.ts

21. [unknown] 17589ms (252% over 5000ms threshold)
   OrderflowPredictor Prediction - Trained Model should increment prediction counter
   C:\Users\kj2bn8f\arbitrage_new\shared\ml\__tests__\unit\orderflow-predictor.test.ts

22. [unknown] 14519ms (190% over 5000ms threshold)
   OrderflowPredictor Prediction - Trained Model should return bounded orderflow pressure (-1 to 1)
   C:\Users\kj2bn8f\arbitrage_new\shared\ml\__tests__\unit\orderflow-predictor.test.ts

23. [unknown] 13634ms (173% over 5000ms threshold)
   OrderflowPredictor Prediction - Trained Model should return bounded volatility (0 to 1)
   C:\Users\kj2bn8f\arbitrage_new\shared\ml\__tests__\unit\orderflow-predictor.test.ts

24. [unknown] 13135ms (163% over 5000ms threshold)
   OrderflowPredictor Accuracy Tracking should validate accuracy when training sample matches prediction
   C:\Users\kj2bn8f\arbitrage_new\shared\ml\__tests__\unit\orderflow-predictor.test.ts

25. [unknown] 13050ms (161% over 5000ms threshold)
   OrderflowPredictor Race Condition Protection should prevent concurrent training with isTraining mutex
   C:\Users\kj2bn8f\arbitrage_new\shared\ml\__tests__\unit\orderflow-predictor.test.ts

26. [unknown] 11580ms (132% over 5000ms threshold)
   OrderflowPredictor Race Condition Protection should show isTraining flag during training
   C:\Users\kj2bn8f\arbitrage_new\shared\ml\__tests__\unit\orderflow-predictor.test.ts

27. [unknown] 10568ms (111% over 5000ms threshold)
   OrderflowPredictor Accuracy Tracking should track pending predictions for accuracy validation
   C:\Users\kj2bn8f\arbitrage_new\shared\ml\__tests__\unit\orderflow-predictor.test.ts

28. [unknown] 10013ms (100% over 5000ms threshold)
   BatchProvider auto-flush behavior should flush on batch size limit
   C:\Users\kj2bn8f\arbitrage_new\shared\core\__tests__\unit\batch-provider.test.ts

29. [unknown] 10010ms (100% over 5000ms threshold)
   BatchProvider auto-flush behavior should flush on timeout
   C:\Users\kj2bn8f\arbitrage_new\shared\core\__tests__\unit\batch-provider.test.ts

30. [unknown] 9895ms (98% over 5000ms threshold)
   T2.6: Quadrilateral Arbitrage Quadrilateral Path Detection should find quadrilateral arbitrage opportunities
   C:\Users\kj2bn8f\arbitrage_new\shared\core\__tests__\unit\tier2-optimizations.test.ts

31. [unknown] 8740ms (75% over 5000ms threshold)
   OrderflowPredictor Training should update lastTrainingTime after training
   C:\Users\kj2bn8f\arbitrage_new\shared\ml\__tests__\unit\orderflow-predictor.test.ts

32. [unknown] 8343ms (67% over 5000ms threshold)
   T3.11: Multi-Leg Path Finding (5+ tokens) Integration with Existing Detection should work alongside triangular and quadrilateral detection
   C:\Users\kj2bn8f\arbitrage_new\shared\core\__tests__\unit\tier3-optimizations.test.ts

33. [unknown] 7562ms (51% over 5000ms threshold)
   MevShareProvider Edge Cases should handle bundle not included in target block
   C:\Users\kj2bn8f\arbitrage_new\shared\core\__tests__\unit\mev-share-provider.test.ts

34. [unknown] 6981ms (40% over 5000ms threshold)
   OrderflowPredictor Training should train model with sufficient samples
   C:\Users\kj2bn8f\arbitrage_new\shared\ml\__tests__\unit\orderflow-predictor.test.ts

35. [unknown] 5984ms (20% over 5000ms threshold)
   PHASE3-TASK41: Worker Thread SharedArrayBuffer Access Data integrity across threads should preserve data written to SharedArrayBuffer
   C:\Users\kj2bn8f\arbitrage_new\shared\core\__tests__\unit\worker-sharedbuffer.test.ts

36. [unknown] 5826ms (17% over 5000ms threshold)
   Training Data Preparation should handle samples with extreme values
   C:\Users\kj2bn8f\arbitrage_new\shared\ml\__tests__\unit\orderflow-predictor.test.ts

37. [unknown] 5802ms (16% over 5000ms threshold)
   Training Data Preparation should handle samples with all zeros
   C:\Users\kj2bn8f\arbitrage_new\shared\ml\__tests__\unit\orderflow-predictor.test.ts

38. [unknown] 5654ms (13% over 5000ms threshold)
   Training Data Preparation should handle samples with all bullish outcomes
   C:\Users\kj2bn8f\arbitrage_new\shared\ml\__tests__\unit\orderflow-predictor.test.ts

39. [unknown] 5550ms (11% over 5000ms threshold)
   PHASE3-TASK41: Worker Thread SharedArrayBuffer Access EventProcessingWorkerPool with SharedArrayBuffer should initialize with HierarchicalCache SharedArrayBuffer
   C:\Users\kj2bn8f\arbitrage_new\shared\core\__tests__\unit\worker-sharedbuffer.test.ts

40. [unknown] 5366ms (7% over 5000ms threshold)
   PHASE3-TASK41: Integration readiness should have all components ready for worker integration
   C:\Users\kj2bn8f\arbitrage_new\shared\core\__tests__\unit\worker-sharedbuffer.test.ts

41. [unknown] 5315ms (6% over 5000ms threshold)
   T1.2: Dynamic Slippage Calculation calculateDynamicSlippage should return base slippage for small trades with high liquidity
   C:\Users\kj2bn8f\arbitrage_new\shared\core\__tests__\unit\tier1-optimizations.test.ts

42. [unknown] 5315ms (6% over 5000ms threshold)
   Training Data Preparation should handle samples with mixed outcomes
   C:\Users\kj2bn8f\arbitrage_new\shared\ml\__tests__\unit\orderflow-predictor.test.ts

43. [unknown] 5010ms (0% over 5000ms threshold)
   CrossChainSimulator Profit Calculation should calculate net profit after bridge fees and gas
   C:\Users\kj2bn8f\arbitrage_new\shared\core\__tests__\unit\cross-chain-simulator.test.ts

━━━━━━━━━━━━━━━━━━━━━━━━━━━━━━━━━━━━━━━━━━━━━━━━━━━━━━━━━━━━━━━━━━━━━━━━━━━━━━━━
Total slow tests: 43

Slow test report written to: C:\Users\kj2bn8f\arbitrage_new\slow-tests.json


Summary of all failing tests
FAIL services/execution-engine/__tests__/unit/strategies/flash-loan-providers/provider-factory.test.ts
  ● Test suite failed to run

    TypeError: abi is not iterable

    [0m [90m 37 |[39m [90m * Creating Interface objects is expensive - cache at module level.[39m
     [90m 38 |[39m [90m */[39m
    [31m[1m>[22m[39m[90m 39 |[39m [36mconst[39m [33mBALANCER_V2_INTERFACE[39m [33m=[39m [36mnew[39m ethers[33m.[39m[33mInterface[39m([33mBALANCER_V2_FLASH_ARBITRAGE_ABI[39m)[33m;[39m
     [90m    |[39m                               [31m[1m^[22m[39m
     [90m 40 |[39m
     [90m 41 |[39m [90m/**[39m
     [90m 42 |[39m [90m * Default deadline for flash loan execution (5 minutes from now).[39m[0m

      at new Interface (node_modules/ethers/src.ts/abi/interface.ts:342:25)
      at Object.<anonymous> (services/execution-engine/src/strategies/flash-loan-providers/balancer-v2.provider.ts:39:31)
      at Object.<anonymous> (services/execution-engine/src/strategies/flash-loan-providers/provider-factory.ts:23:1)
      at Object.<anonymous> (services/execution-engine/__tests__/unit/strategies/flash-loan-providers/provider-factory.test.ts:13:1)

FAIL shared/config/src/__tests__/unit/schemas.test.ts (20.322 s)
  ● BridgeCostConfigSchema › should accept valid bridge cost config

    expect(received).toBe(expected) // Object.is equality

    Expected: true
    Received: false

    [0m [90m 372 |[39m   it([32m'should accept valid bridge cost config'[39m[33m,[39m () [33m=>[39m {
     [90m 373 |[39m     [36mconst[39m result [33m=[39m [33mBridgeCostConfigSchema[39m[33m.[39msafeParse(validBridgeCost)[33m;[39m
    [31m[1m>[22m[39m[90m 374 |[39m     expect(result[33m.[39msuccess)[33m.[39mtoBe([36mtrue[39m)[33m;[39m
     [90m     |[39m                            [31m[1m^[22m[39m
     [90m 375 |[39m   })[33m;[39m
     [90m 376 |[39m
     [90m 377 |[39m   it([32m'should reject reliability over 1'[39m[33m,[39m () [33m=>[39m {[0m

      at Object.<anonymous> (shared/config/src/__tests__/unit/schemas.test.ts:374:28)

FAIL shared/test-utils/__tests__/unit/helpers/timer-helpers.test.ts (20.372 s)
  ● TimerHelpers › waitForCondition › should throw on timeout

    expect(received).rejects.toThrow(expected)

    Expected substring: "Condition not met within 100ms"
    Received message:   "Timeout waiting for condition after 100ms"

        [0m [90m 439 |[39m
         [90m 440 |[39m     [36mif[39m ([33mDate[39m[33m.[39mnow() [33m-[39m startTime [33m>[39m timeout) {
        [31m[1m>[22m[39m[90m 441 |[39m       [36mthrow[39m [36mnew[39m [33mError[39m([32m`Timeout waiting for ${description} after ${timeout}ms`[39m)[33m;[39m
         [90m     |[39m             [31m[1m^[22m[39m
         [90m 442 |[39m     }
         [90m 443 |[39m
         [90m 444 |[39m     [36mif[39m (advanceTimers [33m&&[39m _fakeTimersActive) {[0m

      at waitForCondition (shared/test-utils/src/helpers/timer-helpers.ts:441:13)
      at shared/test-utils/__tests__/unit/helpers/timer-helpers.test.ts:274:9
      at withFakeTimers (shared/test-utils/src/helpers/timer-helpers.ts:131:5)
      at Object.<anonymous> (shared/test-utils/__tests__/unit/helpers/timer-helpers.test.ts:263:7)
      at Object.toThrow (node_modules/expect/build/index.js:218:22)
      at shared/test-utils/__tests__/unit/helpers/timer-helpers.test.ts:274:39
      at withFakeTimers (shared/test-utils/src/helpers/timer-helpers.ts:131:11)
      at Object.<anonymous> (shared/test-utils/__tests__/unit/helpers/timer-helpers.test.ts:263:27)

FAIL shared/config/__tests__/unit/dex-expansion.test.ts (20.634 s)
  ● S2.2.1: Arbitrum DEX Expansion (6 → 9) › DEX Configuration Validation › should have all DEXs with fee property defined

    expect(received).toBe(expected) // Object.is equality

    Expected: "number"
    Received: "undefined"

    [0m [90m 140 |[39m     it([32m'should have all DEXs with fee property defined'[39m[33m,[39m () [33m=>[39m {
     [90m 141 |[39m       arbitrumDexes[33m.[39mforEach(dex [33m=>[39m {
    [31m[1m>[22m[39m[90m 142 |[39m         expect([36mtypeof[39m dex[33m.[39mfee)[33m.[39mtoBe([32m'number'[39m)[33m;[39m
     [90m     |[39m                                [31m[1m^[22m[39m
     [90m 143 |[39m         expect(dex[33m.[39mfee)[33m.[39mtoBeGreaterThanOrEqual([35m0[39m)[33m;[39m
     [90m 144 |[39m       })[33m;[39m
     [90m 145 |[39m     })[33m;[39m[0m

      at shared/config/__tests__/unit/dex-expansion.test.ts:142:32
          at Array.forEach (<anonymous>)
      at Object.<anonymous> (shared/config/__tests__/unit/dex-expansion.test.ts:141:21)

FAIL services/execution-engine/__tests__/unit/strategies/flash-loan.strategy.test.ts (21.328 s)
  ● FlashLoanStrategy › buildExecuteArbitrageCalldata › should encode calldata correctly for executeArbitrage

    missing argument: types/values length mismatch (count=4, expectedCount=5, code=MISSING_ARGUMENT, version=6.16.0)

    [0m [90m 1422 |[39m     } [36melse[39m {
     [90m 1423 |[39m       [90m// Aave V3: Standard flash loan[39m
    [31m[1m>[22m[39m[90m 1424 |[39m       [36mreturn[39m [33mFLASH_LOAN_INTERFACE[39m[33m.[39mencodeFunctionData([32m'executeArbitrage'[39m[33m,[39m [
     [90m      |[39m                                   [31m[1m^[22m[39m
     [90m 1425 |[39m         asset[33m,[39m
     [90m 1426 |[39m         amount[33m,[39m
     [90m 1427 |[39m         swapPathTuples[33m,[39m[0m

      at makeError (node_modules/ethers/src.ts/utils/errors.ts:698:21)
      at assert (node_modules/ethers/src.ts/utils/errors.ts:719:25)
      at assertArgumentCount (node_modules/ethers/src.ts/utils/errors.ts:738:5)
      at AbiCoder.encode (node_modules/ethers/src.ts/abi/abi-coder.ts:189:28)
      at Interface._encodeParams (node_modules/ethers/src.ts/abi/interface.ts:795:31)
      at Interface.encodeFunctionData (node_modules/ethers/src.ts/abi/interface.ts:884:18)
      at FlashLoanStrategy.buildExecuteArbitrageCalldata (services/execution-engine/src/strategies/flash-loan.strategy.ts:1424:35)
      at Object.<anonymous> (services/execution-engine/__tests__/unit/strategies/flash-loan.strategy.test.ts:369:33)

  ● FlashLoanStrategy › buildExecuteArbitrageCalldata › should include correct function signature

    missing argument: types/values length mismatch (count=4, expectedCount=5, code=MISSING_ARGUMENT, version=6.16.0)

    [0m [90m 1422 |[39m     } [36melse[39m {
     [90m 1423 |[39m       [90m// Aave V3: Standard flash loan[39m
    [31m[1m>[22m[39m[90m 1424 |[39m       [36mreturn[39m [33mFLASH_LOAN_INTERFACE[39m[33m.[39mencodeFunctionData([32m'executeArbitrage'[39m[33m,[39m [
     [90m      |[39m                                   [31m[1m^[22m[39m
     [90m 1425 |[39m         asset[33m,[39m
     [90m 1426 |[39m         amount[33m,[39m
     [90m 1427 |[39m         swapPathTuples[33m,[39m[0m

      at makeError (node_modules/ethers/src.ts/utils/errors.ts:698:21)
      at assert (node_modules/ethers/src.ts/utils/errors.ts:719:25)
      at assertArgumentCount (node_modules/ethers/src.ts/utils/errors.ts:738:5)
      at AbiCoder.encode (node_modules/ethers/src.ts/abi/abi-coder.ts:189:28)
      at Interface._encodeParams (node_modules/ethers/src.ts/abi/interface.ts:795:31)
      at Interface.encodeFunctionData (node_modules/ethers/src.ts/abi/interface.ts:884:18)
      at FlashLoanStrategy.buildExecuteArbitrageCalldata (services/execution-engine/src/strategies/flash-loan.strategy.ts:1424:35)
      at Object.<anonymous> (services/execution-engine/__tests__/unit/strategies/flash-loan.strategy.test.ts:393:33)

  ● FlashLoanStrategy › prepareFlashLoanContractTransaction › should prepare transaction with correct parameters

    missing argument: types/values length mismatch (count=4, expectedCount=5, code=MISSING_ARGUMENT, version=6.16.0)

    [0m [90m 1422 |[39m     } [36melse[39m {
     [90m 1423 |[39m       [90m// Aave V3: Standard flash loan[39m
    [31m[1m>[22m[39m[90m 1424 |[39m       [36mreturn[39m [33mFLASH_LOAN_INTERFACE[39m[33m.[39mencodeFunctionData([32m'executeArbitrage'[39m[33m,[39m [
     [90m      |[39m                                   [31m[1m^[22m[39m
     [90m 1425 |[39m         asset[33m,[39m
     [90m 1426 |[39m         amount[33m,[39m
     [90m 1427 |[39m         swapPathTuples[33m,[39m[0m

      at makeError (node_modules/ethers/src.ts/utils/errors.ts:698:21)
      at assert (node_modules/ethers/src.ts/utils/errors.ts:719:25)
      at assertArgumentCount (node_modules/ethers/src.ts/utils/errors.ts:738:5)
      at AbiCoder.encode (node_modules/ethers/src.ts/abi/abi-coder.ts:189:28)
      at Interface._encodeParams (node_modules/ethers/src.ts/abi/interface.ts:795:31)
      at Interface.encodeFunctionData (node_modules/ethers/src.ts/abi/interface.ts:884:18)
      at FlashLoanStrategy.buildExecuteArbitrageCalldata (services/execution-engine/src/strategies/flash-loan.strategy.ts:1424:35)
      at FlashLoanStrategy.prepareFlashLoanContractTransaction (services/execution-engine/src/strategies/flash-loan.strategy.ts:1572:27)
      at Object.<anonymous> (services/execution-engine/__tests__/unit/strategies/flash-loan.strategy.test.ts:419:33)

  ● FlashLoanStrategy › execute › should execute flash loan arbitrage successfully

    expect(received).toBe(expected) // Object.is equality

    Expected: true
    Received: false

    [0m [90m 460 |[39m       [36mconst[39m result [33m=[39m [36mawait[39m strategy[33m.[39mexecute(opportunity[33m,[39m ctx)[33m;[39m
     [90m 461 |[39m
    [31m[1m>[22m[39m[90m 462 |[39m       expect(result[33m.[39msuccess)[33m.[39mtoBe([36mtrue[39m)[33m;[39m
     [90m     |[39m                              [31m[1m^[22m[39m
     [90m 463 |[39m       expect(result[33m.[39mtransactionHash)[33m.[39mtoBeDefined()[33m;[39m
     [90m 464 |[39m       expect(result[33m.[39mopportunityId)[33m.[39mtoBe(opportunity[33m.[39mid)[33m;[39m
     [90m 465 |[39m       expect(result[33m.[39mchain)[33m.[39mtoBe([32m'ethereum'[39m)[33m;[39m[0m

      at Object.<anonymous> (services/execution-engine/__tests__/unit/strategies/flash-loan.strategy.test.ts:462:30)

  ● FlashLoanStrategy › execute › should apply MEV protection before submission

    expect(jest.fn()).toHaveBeenCalled()

    Expected number of calls: >= 1
    Received number of calls:    0

    [0m [90m 524 |[39m       [36mawait[39m strategy[33m.[39mexecute(opportunity[33m,[39m ctx)[33m;[39m
     [90m 525 |[39m
    [31m[1m>[22m[39m[90m 526 |[39m       expect(mockMevProvider[33m.[39msendProtectedTransaction)[33m.[39mtoHaveBeenCalled()[33m;[39m
     [90m     |[39m                                                        [31m[1m^[22m[39m
     [90m 527 |[39m     })[33m;[39m
     [90m 528 |[39m
     [90m 529 |[39m     it([32m'should skip unprofitable opportunities after fee calculation'[39m[33m,[39m [36masync[39m () [33m=>[39m {[0m

      at Object.<anonymous> (services/execution-engine/__tests__/unit/strategies/flash-loan.strategy.test.ts:526:56)

  ● FlashLoanStrategy › execute › should skip unprofitable opportunities after fee calculation

    expect(received).toContain(expected) // indexOf

    Expected substring: "unprofitable"
    Received string:    "[ERR_FLASH_LOAN] Flash loan error: missing argument: types/values length mismatch (count=4, expectedCount=5, code=MISSING_ARGUMENT, version=6.16.0)"

    [0m [90m 550 |[39m
     [90m 551 |[39m       expect(result[33m.[39msuccess)[33m.[39mtoBe([36mfalse[39m)[33m;[39m
    [31m[1m>[22m[39m[90m 552 |[39m       expect(result[33m.[39merror)[33m.[39mtoContain([32m'unprofitable'[39m)[33m;[39m
     [90m     |[39m                            [31m[1m^[22m[39m
     [90m 553 |[39m     })[33m;[39m
     [90m 554 |[39m
     [90m 555 |[39m     it([32m'should use simulation when available'[39m[33m,[39m [36masync[39m () [33m=>[39m {[0m

      at Object.<anonymous> (services/execution-engine/__tests__/unit/strategies/flash-loan.strategy.test.ts:552:28)

  ● FlashLoanStrategy › execute › should use simulation when available

    expect(jest.fn()).toHaveBeenCalled()

    Expected number of calls: >= 1
    Received number of calls:    0

    [0m [90m 575 |[39m       [36mawait[39m strategy[33m.[39mexecute(opportunity[33m,[39m ctx)[33m;[39m
     [90m 576 |[39m
    [31m[1m>[22m[39m[90m 577 |[39m       expect(mockSimulationService[33m.[39msimulate)[33m.[39mtoHaveBeenCalled()[33m;[39m
     [90m     |[39m                                              [31m[1m^[22m[39m
     [90m 578 |[39m     })[33m;[39m
     [90m 579 |[39m
     [90m 580 |[39m     it([32m'should abort if simulation predicts revert'[39m[33m,[39m [36masync[39m () [33m=>[39m {[0m

      at Object.<anonymous> (services/execution-engine/__tests__/unit/strategies/flash-loan.strategy.test.ts:577:46)

  ● FlashLoanStrategy › execute › should abort if simulation predicts revert

    expect(received).toContain(expected) // indexOf

    Expected substring: "ERR_SIMULATION_REVERT"
    Received string:    "[ERR_FLASH_LOAN] Flash loan error: missing argument: types/values length mismatch (count=4, expectedCount=5, code=MISSING_ARGUMENT, version=6.16.0)"

    [0m [90m 602 |[39m       expect(result[33m.[39msuccess)[33m.[39mtoBe([36mfalse[39m)[33m;[39m
     [90m 603 |[39m       [90m// Fix 6.1: Error format changed to use ExecutionErrorCode[39m
    [31m[1m>[22m[39m[90m 604 |[39m       expect(result[33m.[39merror)[33m.[39mtoContain([32m'ERR_SIMULATION_REVERT'[39m)[33m;[39m
     [90m     |[39m                            [31m[1m^[22m[39m
     [90m 605 |[39m       expect(ctx[33m.[39mstats[33m.[39msimulationPredictedReverts)[33m.[39mtoBe([35m1[39m)[33m;[39m
     [90m 606 |[39m     })[33m;[39m
     [90m 607 |[39m[0m

      at Object.<anonymous> (services/execution-engine/__tests__/unit/strategies/flash-loan.strategy.test.ts:604:28)

  ● FlashLoanStrategy › execute › should track nonce via NonceManager

    expect(jest.fn()).toHaveBeenCalledWith(...expected)

    Expected: "ethereum"

    Number of calls: 0

    [0m [90m 619 |[39m       [36mawait[39m strategy[33m.[39mexecute(opportunity[33m,[39m ctx)[33m;[39m
     [90m 620 |[39m
    [31m[1m>[22m[39m[90m 621 |[39m       expect(mockNonceManager[33m.[39mgetNextNonce)[33m.[39mtoHaveBeenCalledWith([32m'ethereum'[39m)[33m;[39m
     [90m     |[39m                                             [31m[1m^[22m[39m
     [90m 622 |[39m       expect(mockNonceManager[33m.[39mconfirmTransaction)[33m.[39mtoHaveBeenCalled()[33m;[39m
     [90m 623 |[39m     })[33m;[39m
     [90m 624 |[39m[0m

      at Object.<anonymous> (services/execution-engine/__tests__/unit/strategies/flash-loan.strategy.test.ts:621:45)

  ● FlashLoanStrategy › execute › should fail nonce on error

    expect(jest.fn()).toHaveBeenCalled()

    Expected number of calls: >= 1
    Received number of calls:    0

    [0m [90m 641 |[39m
     [90m 642 |[39m       expect(result[33m.[39msuccess)[33m.[39mtoBe([36mfalse[39m)[33m;[39m
    [31m[1m>[22m[39m[90m 643 |[39m       expect(mockNonceManager[33m.[39mfailTransaction)[33m.[39mtoHaveBeenCalled()[33m;[39m
     [90m     |[39m                                                [31m[1m^[22m[39m
     [90m 644 |[39m     })[33m;[39m
     [90m 645 |[39m   })[33m;[39m
     [90m 646 |[39m[0m

      at Object.<anonymous> (services/execution-engine/__tests__/unit/strategies/flash-loan.strategy.test.ts:643:48)

  ● FlashLoanStrategy › estimateGasFromTransaction › should estimate gas for prepared transaction

    missing argument: types/values length mismatch (count=4, expectedCount=5, code=MISSING_ARGUMENT, version=6.16.0)

    [0m [90m 1422 |[39m     } [36melse[39m {
     [90m 1423 |[39m       [90m// Aave V3: Standard flash loan[39m
    [31m[1m>[22m[39m[90m 1424 |[39m       [36mreturn[39m [33mFLASH_LOAN_INTERFACE[39m[33m.[39mencodeFunctionData([32m'executeArbitrage'[39m[33m,[39m [
     [90m      |[39m                                   [31m[1m^[22m[39m
     [90m 1425 |[39m         asset[33m,[39m
     [90m 1426 |[39m         amount[33m,[39m
     [90m 1427 |[39m         swapPathTuples[33m,[39m[0m

      at makeError (node_modules/ethers/src.ts/utils/errors.ts:698:21)
      at assert (node_modules/ethers/src.ts/utils/errors.ts:719:25)
      at assertArgumentCount (node_modules/ethers/src.ts/utils/errors.ts:738:5)
      at AbiCoder.encode (node_modules/ethers/src.ts/abi/abi-coder.ts:189:28)
      at Interface._encodeParams (node_modules/ethers/src.ts/abi/interface.ts:795:31)
      at Interface.encodeFunctionData (node_modules/ethers/src.ts/abi/interface.ts:884:18)
      at FlashLoanStrategy.buildExecuteArbitrageCalldata (services/execution-engine/src/strategies/flash-loan.strategy.ts:1424:35)
      at FlashLoanStrategy.prepareFlashLoanContractTransaction (services/execution-engine/src/strategies/flash-loan.strategy.ts:1572:27)
      at Object.<anonymous> (services/execution-engine/__tests__/unit/strategies/flash-loan.strategy.test.ts:659:33)

  ● FlashLoanStrategy › estimateGasFromTransaction › should return default estimate on error

    missing argument: types/values length mismatch (count=4, expectedCount=5, code=MISSING_ARGUMENT, version=6.16.0)

    [0m [90m 1422 |[39m     } [36melse[39m {
     [90m 1423 |[39m       [90m// Aave V3: Standard flash loan[39m
    [31m[1m>[22m[39m[90m 1424 |[39m       [36mreturn[39m [33mFLASH_LOAN_INTERFACE[39m[33m.[39mencodeFunctionData([32m'executeArbitrage'[39m[33m,[39m [
     [90m      |[39m                                   [31m[1m^[22m[39m
     [90m 1425 |[39m         asset[33m,[39m
     [90m 1426 |[39m         amount[33m,[39m
     [90m 1427 |[39m         swapPathTuples[33m,[39m[0m

      at makeError (node_modules/ethers/src.ts/utils/errors.ts:698:21)
      at assert (node_modules/ethers/src.ts/utils/errors.ts:719:25)
      at assertArgumentCount (node_modules/ethers/src.ts/utils/errors.ts:738:5)
      at AbiCoder.encode (node_modules/ethers/src.ts/abi/abi-coder.ts:189:28)
      at Interface._encodeParams (node_modules/ethers/src.ts/abi/interface.ts:795:31)
      at Interface.encodeFunctionData (node_modules/ethers/src.ts/abi/interface.ts:884:18)
      at FlashLoanStrategy.buildExecuteArbitrageCalldata (services/execution-engine/src/strategies/flash-loan.strategy.ts:1424:35)
      at FlashLoanStrategy.prepareFlashLoanContractTransaction (services/execution-engine/src/strategies/flash-loan.strategy.ts:1572:27)
      at Object.<anonymous> (services/execution-engine/__tests__/unit/strategies/flash-loan.strategy.test.ts:673:33)

  ● FlashLoanStrategy › protocol support › should not support non-Aave V3 chains

    expect(received).toBe(expected) // Object.is equality

    Expected: false
    Received: true

    [0m [90m 732 |[39m     it([32m'should not support non-Aave V3 chains'[39m[33m,[39m () [33m=>[39m {
     [90m 733 |[39m       [90m// These chains use different flash loan protocols[39m
    [31m[1m>[22m[39m[90m 734 |[39m       expect(strategy[33m.[39misProtocolSupported([32m'bsc'[39m))[33m.[39mtoBe([36mfalse[39m)[33m;[39m [90m// PancakeSwap[39m
     [90m     |[39m                                                   [31m[1m^[22m[39m
     [90m 735 |[39m       expect(strategy[33m.[39misProtocolSupported([32m'fantom'[39m))[33m.[39mtoBe([36mfalse[39m)[33m;[39m [90m// SpookySwap[39m
     [90m 736 |[39m       expect(strategy[33m.[39misProtocolSupported([32m'zksync'[39m))[33m.[39mtoBe([36mfalse[39m)[33m;[39m [90m// SyncSwap[39m
     [90m 737 |[39m       expect(strategy[33m.[39misProtocolSupported([32m'linea'[39m))[33m.[39mtoBe([36mfalse[39m)[33m;[39m [90m// SyncSwap[39m[0m

      at Object.<anonymous> (services/execution-engine/__tests__/unit/strategies/flash-loan.strategy.test.ts:734:51)

  ● FlashLoanStrategy › protocol support › should return error for unsupported protocol chain execution

    expect(received).toContain(expected) // indexOf

    Expected substring: "not supported"
    Received string:    "[ERR_FLASH_LOAN] Flash loan error: No FlashLoanArbitrage contract configured for chain: bsc"

    [0m [90m 751 |[39m
     [90m 752 |[39m       expect(result[33m.[39msuccess)[33m.[39mtoBe([36mfalse[39m)[33m;[39m
    [31m[1m>[22m[39m[90m 753 |[39m       expect(result[33m.[39merror)[33m.[39mtoContain([32m'not supported'[39m)[33m;[39m
     [90m     |[39m                            [31m[1m^[22m[39m
     [90m 754 |[39m       expect(result[33m.[39merror)[33m.[39mtoContain([32m'pancakeswap_v3'[39m)[33m;[39m
     [90m 755 |[39m     })[33m;[39m
     [90m 756 |[39m[0m

      at Object.<anonymous> (services/execution-engine/__tests__/unit/strategies/flash-loan.strategy.test.ts:753:28)

  ● FlashLoanStrategy › protocol support › should get protocol for chain

    expect(received).toBe(expected) // Object.is equality

    Expected: "spookyswap"
    Received: "balancer_v2"

    [0m [90m 758 |[39m       expect(strategy[33m.[39mgetProtocolForChain([32m'ethereum'[39m))[33m.[39mtoBe([32m'aave_v3'[39m)[33m;[39m
     [90m 759 |[39m       expect(strategy[33m.[39mgetProtocolForChain([32m'bsc'[39m))[33m.[39mtoBe([32m'pancakeswap_v3'[39m)[33m;[39m
    [31m[1m>[22m[39m[90m 760 |[39m       expect(strategy[33m.[39mgetProtocolForChain([32m'fantom'[39m))[33m.[39mtoBe([32m'spookyswap'[39m)[33m;[39m
     [90m     |[39m                                                      [31m[1m^[22m[39m
     [90m 761 |[39m       expect(strategy[33m.[39mgetProtocolForChain([32m'zksync'[39m))[33m.[39mtoBe([32m'syncswap'[39m)[33m;[39m
     [90m 762 |[39m     })[33m;[39m
     [90m 763 |[39m[0m

      at Object.<anonymous> (services/execution-engine/__tests__/unit/strategies/flash-loan.strategy.test.ts:760:54)

  ● FlashLoanStrategy › protocol support › should get supported protocol chains

    expect(received).not.toContain(expected) // indexOf

    Expected value: not "bsc"
    Received array:     ["ethereum", "polygon", "arbitrum", "base", "optimism", "avalanche", "bsc"]

    [0m [90m 766 |[39m       expect(supported)[33m.[39mtoContain([32m'ethereum'[39m)[33m;[39m
     [90m 767 |[39m       expect(supported)[33m.[39mtoContain([32m'polygon'[39m)[33m;[39m
    [31m[1m>[22m[39m[90m 768 |[39m       expect(supported)[33m.[39mnot[33m.[39mtoContain([32m'bsc'[39m)[33m;[39m
     [90m     |[39m                             [31m[1m^[22m[39m
     [90m 769 |[39m       expect(supported)[33m.[39mnot[33m.[39mtoContain([32m'fantom'[39m)[33m;[39m
     [90m 770 |[39m     })[33m;[39m
     [90m 771 |[39m   })[33m;[39m[0m

      at Object.<anonymous> (services/execution-engine/__tests__/unit/strategies/flash-loan.strategy.test.ts:768:29)

  ● FlashLoanStrategy › edge cases › should handle gas spike by aborting

    expect(received).toMatch(expected)

    Expected pattern: /HIGH_FEES|unprofitable|Gas price spike/
    Received string:  "[ERR_FLASH_LOAN] Flash loan error: missing argument: types/values length mismatch (count=4, expectedCount=5, code=MISSING_ARGUMENT, version=6.16.0)"

    [0m [90m 962 |[39m       expect(result[33m.[39msuccess)[33m.[39mtoBe([36mfalse[39m)[33m;[39m
     [90m 963 |[39m       [90m// High gas causes opportunity to become unprofitable after fees[39m
    [31m[1m>[22m[39m[90m 964 |[39m       expect(result[33m.[39merror)[33m.[39mtoMatch([35m/HIGH_FEES|unprofitable|Gas price spike/[39m)[33m;[39m
     [90m     |[39m                            [31m[1m^[22m[39m
     [90m 965 |[39m     })[33m;[39m
     [90m 966 |[39m   })[33m;[39m
     [90m 967 |[39m })[33m;[39m[0m

      at Object.<anonymous> (services/execution-engine/__tests__/unit/strategies/flash-loan.strategy.test.ts:964:28)

FAIL shared/core/__tests__/unit/cross-chain-simulator.test.ts (31.165 s)
  ● CrossChainSimulator › Profit Calculation › should calculate net profit after bridge fees and gas

    No cross-chain opportunity detected within timeout

    [0m [90m 112 |[39m       setTimeout(() [33m=>[39m {
     [90m 113 |[39m         simulator[33m.[39mstop()[33m;[39m
    [31m[1m>[22m[39m[90m 114 |[39m         done([36mnew[39m [33mError[39m([32m'No cross-chain opportunity detected within timeout'[39m))[33m;[39m
     [90m     |[39m              [31m[1m^[22m[39m
     [90m 115 |[39m       }[33m,[39m [35m5000[39m)[33m;[39m
     [90m 116 |[39m     })[33m;[39m
     [90m 117 |[39m[0m

      at Timeout._onTimeout (shared/core/__tests__/unit/cross-chain-simulator.test.ts:114:14)

  ● CrossChainSimulator › Profit Calculation › should calculate net profit after bridge fees and gas

    No opportunity detected

    [0m [90m 204 |[39m       setTimeout(() [33m=>[39m {
     [90m 205 |[39m         simulator[33m.[39mstop()[33m;[39m
    [31m[1m>[22m[39m[90m 206 |[39m         done([36mnew[39m [33mError[39m([32m'No opportunity detected'[39m))[33m;[39m
     [90m     |[39m              [31m[1m^[22m[39m
     [90m 207 |[39m       }[33m,[39m [35m5000[39m)[33m;[39m
     [90m 208 |[39m     })[33m;[39m
     [90m 209 |[39m[0m

      at Timeout._onTimeout (shared/core/__tests__/unit/cross-chain-simulator.test.ts:206:14)

  ● CrossChainSimulator › Profit Calculation › should calculate net profit after bridge fees and gas

    No opportunity detected

    [0m [90m 234 |[39m       setTimeout(() [33m=>[39m {
     [90m 235 |[39m         simulator[33m.[39mstop()[33m;[39m
    [31m[1m>[22m[39m[90m 236 |[39m         done([36mnew[39m [33mError[39m([32m'No opportunity detected'[39m))[33m;[39m
     [90m     |[39m              [31m[1m^[22m[39m
     [90m 237 |[39m       }[33m,[39m [35m5000[39m)[33m;[39m
     [90m 238 |[39m     })[33m;[39m
     [90m 239 |[39m   })[33m;[39m[0m

      at Timeout._onTimeout (shared/core/__tests__/unit/cross-chain-simulator.test.ts:236:14)

  ● CrossChainSimulator › Profit Calculation › should calculate net profit after bridge fees and gas

    No opportunity detected

    [0m [90m 274 |[39m       setTimeout(() [33m=>[39m {
     [90m 275 |[39m         simulator[33m.[39mstop()[33m;[39m
    [31m[1m>[22m[39m[90m 276 |[39m         done([36mnew[39m [33mError[39m([32m'No opportunity detected'[39m))[33m;[39m
     [90m     |[39m              [31m[1m^[22m[39m
     [90m 277 |[39m       }[33m,[39m [35m5000[39m)[33m;[39m
     [90m 278 |[39m     })[33m;[39m
     [90m 279 |[39m   })[33m;[39m[0m

      at Timeout._onTimeout (shared/core/__tests__/unit/cross-chain-simulator.test.ts:276:14)

  ● CrossChainSimulator › Profit Calculation › should calculate net profit after bridge fees and gas

    No opportunity detected

    [0m [90m 317 |[39m       setTimeout(() [33m=>[39m {
     [90m 318 |[39m         simulator[33m.[39mstop()[33m;[39m
    [31m[1m>[22m[39m[90m 319 |[39m         done([36mnew[39m [33mError[39m([32m'No opportunity detected'[39m))[33m;[39m
     [90m     |[39m              [31m[1m^[22m[39m
     [90m 320 |[39m       }[33m,[39m [35m5000[39m)[33m;[39m
     [90m 321 |[39m     })[33m;[39m
     [90m 322 |[39m   })[33m;[39m[0m

      at Timeout._onTimeout (shared/core/__tests__/unit/cross-chain-simulator.test.ts:319:14)

FAIL shared/core/__tests__/unit/batch-provider.test.ts (40.459 s)
  ● BatchProvider › auto-flush behavior › should flush on batch size limit

    thrown: "Exceeded timeout of 10000 ms for a test.
    Add a timeout value to this test to increase the timeout, if this is a long-running test. See https://jestjs.io/docs/api#testname-fn-timeout."

    [0m [90m 162 |[39m
     [90m 163 |[39m   describe([32m'auto-flush behavior'[39m[33m,[39m () [33m=>[39m {
    [31m[1m>[22m[39m[90m 164 |[39m     it([32m'should flush on batch size limit'[39m[33m,[39m [36masync[39m () [33m=>[39m {
     [90m     |[39m       [31m[1m^[22m[39m
     [90m 165 |[39m       [90m// Setup mock responses[39m
     [90m 166 |[39m       [36mconst[39m responses [33m=[39m [
     [90m 167 |[39m         { jsonrpc[33m:[39m [32m'2.0'[39m[33m,[39m id[33m:[39m [35m1[39m[33m,[39m result[33m:[39m [32m'r1'[39m }[33m,[39m[0m

      at shared/core/__tests__/unit/batch-provider.test.ts:164:7
      at shared/core/__tests__/unit/batch-provider.test.ts:163:11
      at Object.<anonymous> (shared/core/__tests__/unit/batch-provider.test.ts:46:9)

  ● BatchProvider › auto-flush behavior › should flush on timeout

    thrown: "Exceeded timeout of 10000 ms for a test.
    Add a timeout value to this test to increase the timeout, if this is a long-running test. See https://jestjs.io/docs/api#testname-fn-timeout."

    [0m [90m 192 |[39m     })[33m;[39m
     [90m 193 |[39m
    [31m[1m>[22m[39m[90m 194 |[39m     it([32m'should flush on timeout'[39m[33m,[39m [36masync[39m () [33m=>[39m {
     [90m     |[39m       [31m[1m^[22m[39m
     [90m 195 |[39m       mockFetch[33m.[39mmockResolvedValueOnce(createMockFetchResponse([
     [90m 196 |[39m         { jsonrpc[33m:[39m [32m'2.0'[39m[33m,[39m id[33m:[39m [35m1[39m[33m,[39m result[33m:[39m [32m'r1'[39m }[33m,[39m
     [90m 197 |[39m         { jsonrpc[33m:[39m [32m'2.0'[39m[33m,[39m id[33m:[39m [35m2[39m[33m,[39m result[33m:[39m [32m'r2'[39m }[33m,[39m[0m

      at shared/core/__tests__/unit/batch-provider.test.ts:194:7
      at shared/core/__tests__/unit/batch-provider.test.ts:163:11
      at Object.<anonymous> (shared/core/__tests__/unit/batch-provider.test.ts:46:9)

FAIL shared/config/__tests__/unit/config-modules.test.ts
  ● Service Config Module › FLASH_LOAN_PROVIDERS › should have provider for new chains

    expect(received).toBeDefined()

    Received: undefined

    [0m [90m 239 |[39m       expect([33mFLASH_LOAN_PROVIDERS[39m[[32m'fantom'[39m])[33m.[39mtoBeDefined()[33m;[39m
     [90m 240 |[39m       expect([33mFLASH_LOAN_PROVIDERS[39m[[32m'zksync'[39m])[33m.[39mtoBeDefined()[33m;[39m
    [31m[1m>[22m[39m[90m 241 |[39m       expect([33mFLASH_LOAN_PROVIDERS[39m[[32m'linea'[39m])[33m.[39mtoBeDefined()[33m;[39m
     [90m     |[39m                                             [31m[1m^[22m[39m
     [90m 242 |[39m     })[33m;[39m
     [90m 243 |[39m
     [90m 244 |[39m     it([32m'should have explicit Solana entry with Jupiter protocol (different model)'[39m[33m,[39m () [33m=>[39m {[0m

      at Object.<anonymous> (shared/config/__tests__/unit/config-modules.test.ts:241:45)

FAIL services/execution-engine/__tests__/unit/strategies/flash-loan-edge-cases.test.ts
  ● Test suite failed to run

    [96mservices/execution-engine/__tests__/unit/strategies/flash-loan-edge-cases.test.ts[0m:[93m88[0m:[93m9[0m - [91merror[0m[90m TS2322: [0mType 'bigint' is not assignable to type 'string'.

    [7m88[0m         gasEstimate: 600000n,
    [7m  [0m [91m        ~~~~~~~~~~~[0m

      [96mshared/types/dist/index.d.ts[0m:[93m143[0m:[93m5[0m
        [7m143[0m     gasEstimate?: string;
        [7m   [0m [96m    ~~~~~~~~~~~[0m
        The expected type comes from property 'gasEstimate' which is declared here on type 'NHopArbitrageOpportunity'
    [96mservices/execution-engine/__tests__/unit/strategies/flash-loan-edge-cases.test.ts[0m:[93m156[0m:[93m9[0m - [91merror[0m[90m TS2322: [0mType 'bigint' is not assignable to type 'string'.

    [7m156[0m         gasEstimate: 600000n,
    [7m   [0m [91m        ~~~~~~~~~~~[0m

      [96mshared/types/dist/index.d.ts[0m:[93m143[0m:[93m5[0m
        [7m143[0m     gasEstimate?: string;
        [7m   [0m [96m    ~~~~~~~~~~~[0m
        The expected type comes from property 'gasEstimate' which is declared here on type 'NHopArbitrageOpportunity'
    [96mservices/execution-engine/__tests__/unit/strategies/flash-loan-edge-cases.test.ts[0m:[93m183[0m:[93m9[0m - [91merror[0m[90m TS2322: [0mType 'bigint' is not assignable to type 'string'.

    [7m183[0m         gasEstimate: 600000n,
    [7m   [0m [91m        ~~~~~~~~~~~[0m

      [96mshared/types/dist/index.d.ts[0m:[93m143[0m:[93m5[0m
        [7m143[0m     gasEstimate?: string;
        [7m   [0m [96m    ~~~~~~~~~~~[0m
        The expected type comes from property 'gasEstimate' which is declared here on type 'NHopArbitrageOpportunity'
    [96mservices/execution-engine/__tests__/unit/strategies/flash-loan-edge-cases.test.ts[0m:[93m224[0m:[93m31[0m - [91merror[0m[90m TS2352: [0mConversion of type '{ id: string; buyChain: string; buyDex: string; sellDex: string; tokenIn: string; tokenIntermediate: string; tokenOut: string; amountIn: string; buyPrice: number; profit: number; gasEstimate: bigint; timestamp: number; }' to type 'ArbitrageOpportunity' may be a mistake because neither type sufficiently overlaps with the other. If this was intentional, convert the expression to 'unknown' first.
      Property 'confidence' is missing in type '{ id: string; buyChain: string; buyDex: string; sellDex: string; tokenIn: string; tokenIntermediate: string; tokenOut: string; amountIn: string; buyPrice: number; profit: number; gasEstimate: bigint; timestamp: number; }' but required in type 'ArbitrageOpportunity'.

    [7m224[0m       const mockOpportunity = {
    [7m   [0m [91m                              ~[0m
    [7m225[0m         id: 'test-network-error',
    [7m   [0m [91m~~~~~~~~~~~~~~~~~~~~~~~~~~~~~~~~~[0m
    [7m...[0m 
    [7m236[0m         timestamp: Date.now(),
    [7m   [0m [91m~~~~~~~~~~~~~~~~~~~~~~~~~~~~~~[0m
    [7m237[0m       } as ArbitrageOpportunity;
    [7m   [0m [91m~~~~~~~~~~~~~~~~~~~~~~~~~~~~~~~[0m

      [96mshared/types/dist/index.d.ts[0m:[93m144[0m:[93m5[0m
        [7m144[0m     confidence: number;
        [7m   [0m [96m    ~~~~~~~~~~[0m
        'confidence' is declared here.
    [96mservices/execution-engine/__tests__/unit/strategies/flash-loan-edge-cases.test.ts[0m:[93m351[0m:[93m37[0m - [91merror[0m[90m TS2352: [0mConversion of type '{ id: string; buyChain: string; buyDex: string; sellDex: string; tokenIn: string; tokenOut: string; amountIn: string; buyPrice: number; profit: number; gasEstimate: bigint; timestamp: number; }' to type 'ArbitrageOpportunity' may be a mistake because neither type sufficiently overlaps with the other. If this was intentional, convert the expression to 'unknown' first.
      Property 'confidence' is missing in type '{ id: string; buyChain: string; buyDex: string; sellDex: string; tokenIn: string; tokenOut: string; amountIn: string; buyPrice: number; profit: number; gasEstimate: bigint; timestamp: number; }' but required in type 'ArbitrageOpportunity'.

    [7m351[0m       const opportunityWithBadDex = {
    [7m   [0m [91m                                    ~[0m
    [7m352[0m         id: 'test-bad-dex',
    [7m   [0m [91m~~~~~~~~~~~~~~~~~~~~~~~~~~~[0m
    [7m...[0m 
    [7m362[0m         timestamp: Date.now(),
    [7m   [0m [91m~~~~~~~~~~~~~~~~~~~~~~~~~~~~~~[0m
    [7m363[0m       } as ArbitrageOpportunity;
    [7m   [0m [91m~~~~~~~~~~~~~~~~~~~~~~~~~~~~~~~[0m

      [96mshared/types/dist/index.d.ts[0m:[93m144[0m:[93m5[0m
        [7m144[0m     confidence: number;
        [7m   [0m [96m    ~~~~~~~~~~[0m
        'confidence' is declared here.
    [96mservices/execution-engine/__tests__/unit/strategies/flash-loan-edge-cases.test.ts[0m:[93m374[0m:[93m41[0m - [91merror[0m[90m TS2352: [0mConversion of type '{ id: string; buyChain: string; buyDex: string; sellDex: string; tokenIn: string; tokenOut: string; amountIn: string; buyPrice: number; profit: number; gasEstimate: bigint; timestamp: number; }' to type 'ArbitrageOpportunity' may be a mistake because neither type sufficiently overlaps with the other. If this was intentional, convert the expression to 'unknown' first.
      Property 'confidence' is missing in type '{ id: string; buyChain: string; buyDex: string; sellDex: string; tokenIn: string; tokenOut: string; amountIn: string; buyPrice: number; profit: number; gasEstimate: bigint; timestamp: number; }' but required in type 'ArbitrageOpportunity'.

    [7m374[0m       const opportunityWithBadSellDex = {
    [7m   [0m [91m                                        ~[0m
    [7m375[0m         id: 'test-bad-sell-dex',
    [7m   [0m [91m~~~~~~~~~~~~~~~~~~~~~~~~~~~~~~~~[0m
    [7m...[0m 
    [7m385[0m         timestamp: Date.now(),
    [7m   [0m [91m~~~~~~~~~~~~~~~~~~~~~~~~~~~~~~[0m
    [7m386[0m       } as ArbitrageOpportunity;
    [7m   [0m [91m~~~~~~~~~~~~~~~~~~~~~~~~~~~~~~~[0m

      [96mshared/types/dist/index.d.ts[0m:[93m144[0m:[93m5[0m
        [7m144[0m     confidence: number;
        [7m   [0m [96m    ~~~~~~~~~~[0m
        'confidence' is declared here.

FAIL services/execution-engine/__tests__/unit/strategies/flash-loan-batched-quotes.test.ts
  ● Test suite failed to run

    [96mservices/execution-engine/__tests__/unit/strategies/flash-loan-batched-quotes.test.ts[0m:[93m62[0m:[93m23[0m - [91merror[0m[90m TS2352: [0mConversion of type '{ id: string; buyChain: string; buyDex: string; sellDex: string; tokenIn: string; tokenIntermediate: string; tokenOut: string; amountIn: string; buyPrice: number; sellPrice: number; profit: number; gasEstimate: bigint; timestamp: number; }' to type 'ArbitrageOpportunity' may be a mistake because neither type sufficiently overlaps with the other. If this was intentional, convert the expression to 'unknown' first.
      Property 'confidence' is missing in type '{ id: string; buyChain: string; buyDex: string; sellDex: string; tokenIn: string; tokenIntermediate: string; tokenOut: string; amountIn: string; buyPrice: number; sellPrice: number; profit: number; gasEstimate: bigint; timestamp: number; }' but required in type 'ArbitrageOpportunity'.

    [7m 62[0m     mockOpportunity = {
    [7m   [0m [91m                      ~[0m
    [7m 63[0m       id: 'test-opportunity-1',
    [7m   [0m [91m~~~~~~~~~~~~~~~~~~~~~~~~~~~~~~~[0m
    [7m...[0m 
    [7m 75[0m       timestamp: Date.now(),
    [7m   [0m [91m~~~~~~~~~~~~~~~~~~~~~~~~~~~~[0m
    [7m 76[0m     } as ArbitrageOpportunity;
    [7m   [0m [91m~~~~~~~~~~~~~~~~~~~~~~~~~~~~~[0m

      [96mshared/types/dist/index.d.ts[0m:[93m144[0m:[93m5[0m
        [7m144[0m     confidence: number;
        [7m   [0m [96m    ~~~~~~~~~~[0m
        'confidence' is declared here.
    [96mservices/execution-engine/__tests__/unit/strategies/flash-loan-batched-quotes.test.ts[0m:[93m355[0m:[93m35[0m - [91merror[0m[90m TS2339: [0mProperty 'tokenIntermediate' does not exist on type 'ArbitrageOpportunity'.

    [7m355[0m         tokenOut: mockOpportunity.tokenIntermediate,
    [7m   [0m [91m                                  ~~~~~~~~~~~~~~~~~[0m
    [96mservices/execution-engine/__tests__/unit/strategies/flash-loan-batched-quotes.test.ts[0m:[93m360[0m:[93m34[0m - [91merror[0m[90m TS2339: [0mProperty 'tokenIntermediate' does not exist on type 'ArbitrageOpportunity'.

    [7m360[0m         tokenIn: mockOpportunity.tokenIntermediate,
    [7m   [0m [91m                                 ~~~~~~~~~~~~~~~~~[0m

FAIL shared/core/__tests__/unit/worker-pricematrix-init.test.ts
  ● PHASE3-TASK42: PriceMatrix.fromSharedBuffer() › Zero-copy performance › should access shared memory without copying

    expect(received).toBeLessThan(expected)

    Expected: < 5
    Received:   5.93236

    [0m [90m 169 |[39m
     [90m 170 |[39m       [90m// Should achieve sub-microsecond latency with key registry[39m
    [31m[1m>[22m[39m[90m 171 |[39m       expect(avgLatencyUs)[33m.[39mtoBeLessThan([35m5[39m)[33m;[39m [90m// Relaxed from <1μs due to linear scan overhead[39m
     [90m     |[39m                            [31m[1m^[22m[39m
     [90m 172 |[39m     })[33m;[39m
     [90m 173 |[39m   })[33m;[39m
     [90m 174 |[39m[0m

      at Object.<anonymous> (shared/core/__tests__/unit/worker-pricematrix-init.test.ts:171:28)

FAIL shared/core/__tests__/unit/shared-key-registry-concurrency.test.ts
  ● SharedKeyRegistry: Concurrent Registration (P0 Fix) › Race condition prevention › should handle rapid sequential registrations

    expect(received).toBeLessThan(expected)

    Expected: < 100
    Received:   477.541

    [0m [90m  99 |[39m       [90m// Should be fast (< 100μs per registration with CAS loop overhead)[39m
     [90m 100 |[39m       [90m// Note: CAS loop adds thread-safety overhead vs simple increment[39m
    [31m[1m>[22m[39m[90m 101 |[39m       expect(avgLatencyUs)[33m.[39mtoBeLessThan([35m100[39m)[33m;[39m
     [90m     |[39m                            [31m[1m^[22m[39m
     [90m 102 |[39m
     [90m 103 |[39m       [90m// Verify all registered correctly[39m
     [90m 104 |[39m       [36mconst[39m stats [33m=[39m registry[33m.[39mgetStats()[33m;[39m[0m

      at Object.<anonymous> (shared/core/__tests__/unit/shared-key-registry-concurrency.test.ts:101:28)

FAIL shared/core/__tests__/unit/professional-quality.test.ts
  ● Test suite failed to run

    [96mshared/core/__tests__/unit/professional-quality.test.ts[0m:[93m33[0m:[93m3[0m - [91merror[0m[90m TS2322: [0mType '{ storage: Map<string, string>; clear: () => void; getStorageSize: () => number; setex: Mock<(key: string, _seconds: number, value: string) => Promise<string>>; get: Mock<...>; keys: Mock<...>; }' is not assignable to type 'QualityMonitorRedis & { storage: Map<string, string>; clear: () => void; getStorageSize: () => number; }'.
      Property 'scan' is missing in type '{ storage: Map<string, string>; clear: () => void; getStorageSize: () => number; setex: Mock<(key: string, _seconds: number, value: string) => Promise<string>>; get: Mock<...>; keys: Mock<...>; }' but required in type 'QualityMonitorRedis'.

    [7m33[0m   return {
    [7m  [0m [91m  ~~~~~~[0m

      [96mshared/core/src/analytics/professional-quality-monitor.ts[0m:[93m33[0m:[93m3[0m
        [7m33[0m   scan(cursor: string, pattern: string, count: number): Promise<[string, string[]]>;
        [7m  [0m [96m  ~~~~~~~~~~~~~~~~~~~~~~~~~~~~~~~~~~~~~~~~~~~~~~~~~~~~~~~~~~~~~~~~~~~~~~~~~~~~~~~~~~[0m
        'scan' is declared here.

FAIL shared/core/__tests__/unit/professional-quality-monitor.test.ts
  ● Test suite failed to run

    [96mshared/core/__tests__/unit/professional-quality-monitor.test.ts[0m:[93m36[0m:[93m3[0m - [91merror[0m[90m TS2322: [0mType '{ storage: Map<string, string>; clear: () => void; setex: Mock<(key: string, _seconds: number, value: string) => Promise<string>>; get: Mock<(key: string) => Promise<string | null>>; keys: Mock<...>; }' is not assignable to type 'QualityMonitorRedis & { storage: Map<string, string>; clear: () => void; }'.
      Property 'scan' is missing in type '{ storage: Map<string, string>; clear: () => void; setex: Mock<(key: string, _seconds: number, value: string) => Promise<string>>; get: Mock<(key: string) => Promise<string | null>>; keys: Mock<...>; }' but required in type 'QualityMonitorRedis'.

    [7m36[0m   return {
    [7m  [0m [91m  ~~~~~~[0m

      [96mshared/core/src/analytics/professional-quality-monitor.ts[0m:[93m33[0m:[93m3[0m
        [7m33[0m   scan(cursor: string, pattern: string, count: number): Promise<[string, string[]]>;
        [7m  [0m [96m  ~~~~~~~~~~~~~~~~~~~~~~~~~~~~~~~~~~~~~~~~~~~~~~~~~~~~~~~~~~~~~~~~~~~~~~~~~~~~~~~~~~[0m
        'scan' is declared here.

FAIL shared/core/__tests__/unit/swap-event-filter-extended.test.ts (20.881 s)
  ● S1.2 Smart Swap Event Filter Extended Unit Tests › Performance Benchmarks › should maintain consistent performance under load

    expect(received).toBeLessThan(expected)

    Expected: < 10
    Received:   14.28100000001723

    [0m [90m 946 |[39m
     [90m 947 |[39m       expect(averageTime)[33m.[39mtoBeLessThan([35m1[39m)[33m;[39m
    [31m[1m>[22m[39m[90m 948 |[39m       expect(maxTime)[33m.[39mtoBeLessThan([35m10[39m)[33m;[39m [90m// No major spikes[39m
     [90m     |[39m                       [31m[1m^[22m[39m
     [90m 949 |[39m     })[33m;[39m
     [90m 950 |[39m   })[33m;[39m
     [90m 951 |[39m[0m

      at Object.<anonymous> (shared/core/__tests__/unit/swap-event-filter-extended.test.ts:948:23)

FAIL shared/core/__tests__/unit/predictive-warming.test.ts
  ● Test suite failed to run

    ReferenceError: Cannot access 'mockLogger' before initialization

    [0m [90m 52 |[39m [90m// Mock logger[39m
     [90m 53 |[39m jest[33m.[39mmock([32m'../../src/logger'[39m[33m,[39m () [33m=>[39m ({
    [31m[1m>[22m[39m[90m 54 |[39m   createLogger[33m:[39m () [33m=>[39m mockLogger
     [90m    |[39m                       [31m[1m^[22m[39m
     [90m 55 |[39m }))[33m;[39m
     [90m 56 |[39m
     [90m 57 |[39m [90m// Mock redis[39m[0m

      at createLogger (shared/core/__tests__/unit/predictive-warming.test.ts:54:23)
      at Object.<anonymous> (shared/core/src/async/async-singleton.ts:22:28)
      at Object.<anonymous> (shared/core/src/index.ts:161:1)
      at Object.<anonymous> (shared/test-utils/src/harnesses/cache-test.harness.ts:18:1)
      at Object.<anonymous> (shared/test-utils/src/index.ts:110:1)
      at Object.<anonymous> (shared/core/__tests__/unit/predictive-warming.test.ts:11:1)

FAIL shared/core/__tests__/unit/pair-discovery.test.ts
  ● Test suite failed to run

    [96mshared/core/__tests__/unit/pair-discovery.test.ts[0m:[93m193[0m:[93m9[0m - [91merror[0m[90m TS2345: [0mArgument of type '{ name: string; chain: string; factoryAddress: string; routerAddress: string; fee: number; enabled: boolean; }' is not assignable to parameter of type 'Dex'.
      Property 'feeBps' is missing in type '{ name: string; chain: string; factoryAddress: string; routerAddress: string; fee: number; enabled: boolean; }' but required in type 'Dex'.

    [7m193[0m         testDexV2,
    [7m   [0m [91m        ~~~~~~~~~[0m

      [96mshared/types/dist/index.d.ts[0m:[93m42[0m:[93m5[0m
        [7m42[0m     feeBps: FeeBasisPoints;
        [7m  [0m [96m    ~~~~~~[0m
        'feeBps' is declared here.
    [96mshared/core/__tests__/unit/pair-discovery.test.ts[0m:[93m208[0m:[93m9[0m - [91merror[0m[90m TS2345: [0mArgument of type '{ name: string; chain: string; factoryAddress: string; routerAddress: string; fee: number; enabled: boolean; }' is not assignable to parameter of type 'Dex'.
      Property 'feeBps' is missing in type '{ name: string; chain: string; factoryAddress: string; routerAddress: string; fee: number; enabled: boolean; }' but required in type 'Dex'.

    [7m208[0m         testDexV2,
    [7m   [0m [91m        ~~~~~~~~~[0m

      [96mshared/types/dist/index.d.ts[0m:[93m42[0m:[93m5[0m
        [7m42[0m     feeBps: FeeBasisPoints;
        [7m  [0m [96m    ~~~~~~[0m
        'feeBps' is declared here.
    [96mshared/core/__tests__/unit/pair-discovery.test.ts[0m:[93m215[0m:[93m9[0m - [91merror[0m[90m TS2345: [0mArgument of type '{ name: string; chain: string; factoryAddress: string; routerAddress: string; fee: number; enabled: boolean; }' is not assignable to parameter of type 'Dex'.
      Property 'feeBps' is missing in type '{ name: string; chain: string; factoryAddress: string; routerAddress: string; fee: number; enabled: boolean; }' but required in type 'Dex'.

    [7m215[0m         testDexV2,
    [7m   [0m [91m        ~~~~~~~~~[0m

      [96mshared/types/dist/index.d.ts[0m:[93m42[0m:[93m5[0m
        [7m42[0m     feeBps: FeeBasisPoints;
        [7m  [0m [96m    ~~~~~~[0m
        'feeBps' is declared here.
    [96mshared/core/__tests__/unit/pair-discovery.test.ts[0m:[93m233[0m:[93m9[0m - [91merror[0m[90m TS2345: [0mArgument of type '{ name: string; chain: string; factoryAddress: string; routerAddress: string; fee: number; enabled: boolean; }' is not assignable to parameter of type 'Dex'.
      Property 'feeBps' is missing in type '{ name: string; chain: string; factoryAddress: string; routerAddress: string; fee: number; enabled: boolean; }' but required in type 'Dex'.

    [7m233[0m         unknownDex,
    [7m   [0m [91m        ~~~~~~~~~~[0m

      [96mshared/types/dist/index.d.ts[0m:[93m42[0m:[93m5[0m
        [7m42[0m     feeBps: FeeBasisPoints;
        [7m  [0m [96m    ~~~~~~[0m
        'feeBps' is declared here.
    [96mshared/core/__tests__/unit/pair-discovery.test.ts[0m:[93m247[0m:[93m46[0m - [91merror[0m[90m TS2345: [0mArgument of type '{ name: string; chain: string; factoryAddress: string; routerAddress: string; fee: number; enabled: boolean; }' is not assignable to parameter of type 'Dex'.
      Property 'feeBps' is missing in type '{ name: string; chain: string; factoryAddress: string; routerAddress: string; fee: number; enabled: boolean; }' but required in type 'Dex'.

    [7m247[0m       service.computePairAddress('ethereum', testDexV2, testToken0, testToken1);
    [7m   [0m [91m                                             ~~~~~~~~~[0m

      [96mshared/types/dist/index.d.ts[0m:[93m42[0m:[93m5[0m
        [7m42[0m     feeBps: FeeBasisPoints;
        [7m  [0m [96m    ~~~~~~[0m
        'feeBps' is declared here.
    [96mshared/core/__tests__/unit/pair-discovery.test.ts[0m:[93m257[0m:[93m46[0m - [91merror[0m[90m TS2345: [0mArgument of type '{ name: string; chain: string; factoryAddress: string; routerAddress: string; fee: number; enabled: boolean; }' is not assignable to parameter of type 'Dex'.
      Property 'feeBps' is missing in type '{ name: string; chain: string; factoryAddress: string; routerAddress: string; fee: number; enabled: boolean; }' but required in type 'Dex'.

    [7m257[0m       service.computePairAddress('ethereum', testDexV2, testToken0, testToken1);
    [7m   [0m [91m                                             ~~~~~~~~~[0m

      [96mshared/types/dist/index.d.ts[0m:[93m42[0m:[93m5[0m
        [7m42[0m     feeBps: FeeBasisPoints;
        [7m  [0m [96m    ~~~~~~[0m
        'feeBps' is declared here.
    [96mshared/core/__tests__/unit/pair-discovery.test.ts[0m:[93m304[0m:[93m9[0m - [91merror[0m[90m TS2345: [0mArgument of type '{ name: string; chain: string; factoryAddress: string; routerAddress: string; fee: number; enabled: boolean; }' is not assignable to parameter of type 'Dex'.
      Property 'feeBps' is missing in type '{ name: string; chain: string; factoryAddress: string; routerAddress: string; fee: number; enabled: boolean; }' but required in type 'Dex'.

    [7m304[0m         testDexV2,
    [7m   [0m [91m        ~~~~~~~~~[0m

      [96mshared/types/dist/index.d.ts[0m:[93m42[0m:[93m5[0m
        [7m42[0m     feeBps: FeeBasisPoints;
        [7m  [0m [96m    ~~~~~~[0m
        'feeBps' is declared here.
    [96mshared/core/__tests__/unit/pair-discovery.test.ts[0m:[93m350[0m:[93m46[0m - [91merror[0m[90m TS2345: [0mArgument of type '{ name: string; chain: string; factoryAddress: string; routerAddress: string; fee: number; enabled: boolean; }' is not assignable to parameter of type 'Dex'.
      Property 'feeBps' is missing in type '{ name: string; chain: string; factoryAddress: string; routerAddress: string; fee: number; enabled: boolean; }' but required in type 'Dex'.

    [7m350[0m       service.computePairAddress('ethereum', testDexV2, testToken0, testToken1);
    [7m   [0m [91m                                             ~~~~~~~~~[0m

      [96mshared/types/dist/index.d.ts[0m:[93m42[0m:[93m5[0m
        [7m42[0m     feeBps: FeeBasisPoints;
        [7m  [0m [96m    ~~~~~~[0m
        'feeBps' is declared here.
    [96mshared/core/__tests__/unit/pair-discovery.test.ts[0m:[93m363[0m:[93m46[0m - [91merror[0m[90m TS2345: [0mArgument of type '{ name: string; chain: string; factoryAddress: string; routerAddress: string; fee: number; enabled: boolean; }' is not assignable to parameter of type 'Dex'.
      Property 'feeBps' is missing in type '{ name: string; chain: string; factoryAddress: string; routerAddress: string; fee: number; enabled: boolean; }' but required in type 'Dex'.

    [7m363[0m       service.computePairAddress('ethereum', testDexV2, testToken0, testToken1);
    [7m   [0m [91m                                             ~~~~~~~~~[0m

      [96mshared/types/dist/index.d.ts[0m:[93m42[0m:[93m5[0m
        [7m42[0m     feeBps: FeeBasisPoints;
        [7m  [0m [96m    ~~~~~~[0m
        'feeBps' is declared here.
    [96mshared/core/__tests__/unit/pair-discovery.test.ts[0m:[93m558[0m:[93m9[0m - [91merror[0m[90m TS2345: [0mArgument of type '{ name: string; chain: string; factoryAddress: string; routerAddress: string; fee: number; enabled: boolean; }' is not assignable to parameter of type 'Dex'.
      Property 'feeBps' is missing in type '{ name: string; chain: string; factoryAddress: string; routerAddress: string; fee: number; enabled: boolean; }' but required in type 'Dex'.

    [7m558[0m         avalancheDexTraderJoe,
    [7m   [0m [91m        ~~~~~~~~~~~~~~~~~~~~~[0m

      [96mshared/types/dist/index.d.ts[0m:[93m42[0m:[93m5[0m
        [7m42[0m     feeBps: FeeBasisPoints;
        [7m  [0m [96m    ~~~~~~[0m
        'feeBps' is declared here.
    [96mshared/core/__tests__/unit/pair-discovery.test.ts[0m:[93m573[0m:[93m9[0m - [91merror[0m[90m TS2345: [0mArgument of type '{ name: string; chain: string; factoryAddress: string; routerAddress: string; fee: number; enabled: boolean; }' is not assignable to parameter of type 'Dex'.
      Property 'feeBps' is missing in type '{ name: string; chain: string; factoryAddress: string; routerAddress: string; fee: number; enabled: boolean; }' but required in type 'Dex'.

    [7m573[0m         avalancheDexPangolin,
    [7m   [0m [91m        ~~~~~~~~~~~~~~~~~~~~[0m

      [96mshared/types/dist/index.d.ts[0m:[93m42[0m:[93m5[0m
        [7m42[0m     feeBps: FeeBasisPoints;
        [7m  [0m [96m    ~~~~~~[0m
        'feeBps' is declared here.
    [96mshared/core/__tests__/unit/pair-discovery.test.ts[0m:[93m587[0m:[93m9[0m - [91merror[0m[90m TS2345: [0mArgument of type '{ name: string; chain: string; factoryAddress: string; routerAddress: string; fee: number; enabled: boolean; }' is not assignable to parameter of type 'Dex'.
      Property 'feeBps' is missing in type '{ name: string; chain: string; factoryAddress: string; routerAddress: string; fee: number; enabled: boolean; }' but required in type 'Dex'.

    [7m587[0m         avalancheDexTraderJoe,
    [7m   [0m [91m        ~~~~~~~~~~~~~~~~~~~~~[0m

      [96mshared/types/dist/index.d.ts[0m:[93m42[0m:[93m5[0m
        [7m42[0m     feeBps: FeeBasisPoints;
        [7m  [0m [96m    ~~~~~~[0m
        'feeBps' is declared here.
    [96mshared/core/__tests__/unit/pair-discovery.test.ts[0m:[93m594[0m:[93m9[0m - [91merror[0m[90m TS2345: [0mArgument of type '{ name: string; chain: string; factoryAddress: string; routerAddress: string; fee: number; enabled: boolean; }' is not assignable to parameter of type 'Dex'.
      Property 'feeBps' is missing in type '{ name: string; chain: string; factoryAddress: string; routerAddress: string; fee: number; enabled: boolean; }' but required in type 'Dex'.

    [7m594[0m         avalancheDexTraderJoe,
    [7m   [0m [91m        ~~~~~~~~~~~~~~~~~~~~~[0m

      [96mshared/types/dist/index.d.ts[0m:[93m42[0m:[93m5[0m
        [7m42[0m     feeBps: FeeBasisPoints;
        [7m  [0m [96m    ~~~~~~[0m
        'feeBps' is declared here.
    [96mshared/core/__tests__/unit/pair-discovery.test.ts[0m:[93m605[0m:[93m9[0m - [91merror[0m[90m TS2345: [0mArgument of type '{ name: string; chain: string; factoryAddress: string; routerAddress: string; fee: number; enabled: boolean; }' is not assignable to parameter of type 'Dex'.
      Property 'feeBps' is missing in type '{ name: string; chain: string; factoryAddress: string; routerAddress: string; fee: number; enabled: boolean; }' but required in type 'Dex'.

    [7m605[0m         avalancheDexPangolin,
    [7m   [0m [91m        ~~~~~~~~~~~~~~~~~~~~[0m

      [96mshared/types/dist/index.d.ts[0m:[93m42[0m:[93m5[0m
        [7m42[0m     feeBps: FeeBasisPoints;
        [7m  [0m [96m    ~~~~~~[0m
        'feeBps' is declared here.
    [96mshared/core/__tests__/unit/pair-discovery.test.ts[0m:[93m612[0m:[93m9[0m - [91merror[0m[90m TS2345: [0mArgument of type '{ name: string; chain: string; factoryAddress: string; routerAddress: string; fee: number; enabled: boolean; }' is not assignable to parameter of type 'Dex'.
      Property 'feeBps' is missing in type '{ name: string; chain: string; factoryAddress: string; routerAddress: string; fee: number; enabled: boolean; }' but required in type 'Dex'.

    [7m612[0m         avalancheDexPangolin,
    [7m   [0m [91m        ~~~~~~~~~~~~~~~~~~~~[0m

      [96mshared/types/dist/index.d.ts[0m:[93m42[0m:[93m5[0m
        [7m42[0m     feeBps: FeeBasisPoints;
        [7m  [0m [96m    ~~~~~~[0m
        'feeBps' is declared here.
    [96mshared/core/__tests__/unit/pair-discovery.test.ts[0m:[93m624[0m:[93m9[0m - [91merror[0m[90m TS2345: [0mArgument of type '{ name: string; chain: string; factoryAddress: string; routerAddress: string; fee: number; enabled: boolean; }' is not assignable to parameter of type 'Dex'.
      Property 'feeBps' is missing in type '{ name: string; chain: string; factoryAddress: string; routerAddress: string; fee: number; enabled: boolean; }' but required in type 'Dex'.

    [7m624[0m         avalancheDexTraderJoe,
    [7m   [0m [91m        ~~~~~~~~~~~~~~~~~~~~~[0m

      [96mshared/types/dist/index.d.ts[0m:[93m42[0m:[93m5[0m
        [7m42[0m     feeBps: FeeBasisPoints;
        [7m  [0m [96m    ~~~~~~[0m
        'feeBps' is declared here.
    [96mshared/core/__tests__/unit/pair-discovery.test.ts[0m:[93m751[0m:[93m9[0m - [91merror[0m[90m TS2345: [0mArgument of type '{ name: string; chain: string; factoryAddress: string; routerAddress: string; fee: number; enabled: boolean; }' is not assignable to parameter of type 'Dex'.
      Property 'feeBps' is missing in type '{ name: string; chain: string; factoryAddress: string; routerAddress: string; fee: number; enabled: boolean; }' but required in type 'Dex'.

    [7m751[0m         testDexV2,
    [7m   [0m [91m        ~~~~~~~~~[0m

      [96mshared/types/dist/index.d.ts[0m:[93m42[0m:[93m5[0m
        [7m42[0m     feeBps: FeeBasisPoints;
        [7m  [0m [96m    ~~~~~~[0m
        'feeBps' is declared here.
    [96mshared/core/__tests__/unit/pair-discovery.test.ts[0m:[93m771[0m:[93m9[0m - [91merror[0m[90m TS2345: [0mArgument of type '{ name: string; chain: string; factoryAddress: string; routerAddress: string; fee: number; enabled: boolean; }' is not assignable to parameter of type 'Dex'.
      Property 'feeBps' is missing in type '{ name: string; chain: string; factoryAddress: string; routerAddress: string; fee: number; enabled: boolean; }' but required in type 'Dex'.

    [7m771[0m         testDexV2,
    [7m   [0m [91m        ~~~~~~~~~[0m

      [96mshared/types/dist/index.d.ts[0m:[93m42[0m:[93m5[0m
        [7m42[0m     feeBps: FeeBasisPoints;
        [7m  [0m [96m    ~~~~~~[0m
        'feeBps' is declared here.

FAIL shared/core/__tests__/unit/gas-price-cache.test.ts
  ● Test suite failed to run

    TypeError: ethers_1.ethers.Interface is not a constructor

    [0m [90m 44 |[39m [90m */[39m
     [90m 45 |[39m [36mconst[39m [33mERC20_INTERFACE[39m [33m=[39m [33mObject[39m[33m.[39mfreeze(
    [31m[1m>[22m[39m[90m 46 |[39m   [36mnew[39m ethers[33m.[39m[33mInterface[39m([[32m'function balanceOf(address owner) view returns (uint256)'[39m])
     [90m    |[39m   [31m[1m^[22m[39m
     [90m 47 |[39m )[33m;[39m
     [90m 48 |[39m
     [90m 49 |[39m [90m/**[39m[0m

      at Object.<anonymous> (shared/core/src/flash-loan-aggregation/infrastructure/onchain-liquidity.validator.ts:46:3)
      at Object.<anonymous> (shared/core/src/flash-loan-aggregation/infrastructure/index.ts:25:1)
      at Object.<anonymous> (shared/core/src/index.ts:436:1)
      at Object.<anonymous> (shared/core/__tests__/unit/gas-price-cache.test.ts:87:1)

FAIL shared/core/__tests__/unit/hierarchical-cache.test.ts
  ● Test suite failed to run

    ReferenceError: Cannot access 'mockLogger' before initialization

    [0m [90m 42 |[39m [90m// Mock logger - use function that returns mockLogger[39m
     [90m 43 |[39m jest[33m.[39mmock([32m'../../src/logger'[39m[33m,[39m () [33m=>[39m ({
    [31m[1m>[22m[39m[90m 44 |[39m   createLogger[33m:[39m () [33m=>[39m mockLogger[33m,[39m
     [90m    |[39m                       [31m[1m^[22m[39m
     [90m 45 |[39m   getPerformanceLogger[33m:[39m () [33m=>[39m ({
     [90m 46 |[39m     startTimer[33m:[39m jest[33m.[39mfn()[33m,[39m
     [90m 47 |[39m     endTimer[33m:[39m jest[33m.[39mfn()[33m,[39m[0m

      at createLogger (shared/core/__tests__/unit/hierarchical-cache.test.ts:44:23)
      at Object.<anonymous> (shared/core/src/async/async-singleton.ts:22:28)
      at Object.<anonymous> (shared/core/src/index.ts:161:1)
      at Object.<anonymous> (shared/test-utils/src/harnesses/cache-test.harness.ts:18:1)
      at Object.<anonymous> (shared/test-utils/src/index.ts:110:1)
      at Object.<anonymous> (shared/core/__tests__/unit/hierarchical-cache.test.ts:11:1)

FAIL shared/core/__tests__/unit/hierarchical-cache-pricematrix.test.ts
  ● Test suite failed to run

    ReferenceError: Cannot access 'mockLogger' before initialization

    [0m [90m 52 |[39m [90m// Mock logger[39m
     [90m 53 |[39m jest[33m.[39mmock([32m'../../src/logger'[39m[33m,[39m () [33m=>[39m ({
    [31m[1m>[22m[39m[90m 54 |[39m   createLogger[33m:[39m () [33m=>[39m mockLogger[33m,[39m
     [90m    |[39m                       [31m[1m^[22m[39m
     [90m 55 |[39m   getPerformanceLogger[33m:[39m () [33m=>[39m ({
     [90m 56 |[39m     startTimer[33m:[39m jest[33m.[39mfn()[33m,[39m
     [90m 57 |[39m     endTimer[33m:[39m jest[33m.[39mfn()[33m,[39m[0m

      at createLogger (shared/core/__tests__/unit/hierarchical-cache-pricematrix.test.ts:54:23)
      at Object.<anonymous> (shared/core/src/async/async-singleton.ts:22:28)
      at Object.<anonymous> (shared/core/src/index.ts:161:1)
      at Object.<anonymous> (shared/test-utils/src/harnesses/cache-test.harness.ts:18:1)
      at Object.<anonymous> (shared/test-utils/src/index.ts:110:1)
      at Object.<anonymous> (shared/core/__tests__/unit/hierarchical-cache-pricematrix.test.ts:9:1)


Test Suites: 20 failed, 1 skipped, 155 passed, 175 of 176 total
Tests:       27 failed, 48 skipped, 5233 passed, 5308 total
Snapshots:   0 total
Time:        3047.835 s
Ran all test suites.

[Jest Global Teardown] Stopping Redis test server...
[Jest Global Teardown] Redis test server stopped

